BL51 BANKED LINKER/LOCATER V6.22                                                        06/30/2010  15:15:50  PAGE 1


BL51 BANKED LINKER/LOCATER V6.22, INVOKED BY:
C:\KEIL4\C51\BIN\BL51.EXE Main_bkcd.obj, Setup_ADC.obj, setup_bkcd.obj, task3_bkcd.obj, START_AD.obj TO 4-42_BKCD RAMSIZ
>> E (256) XDATA (0X0000-0X07FF)


MEMORY MODEL: LARGE WITH FLOATING POINT ARITHMETIC


INPUT MODULES INCLUDED:
  Main_bkcd.obj (MAIN_BKCD)
  Setup_ADC.obj (SETUP_ADC)
  setup_bkcd.obj (SETUP_BKCD)
  task3_bkcd.obj (TASK3_BKCD)
  START_AD.obj (?C_STARTUP)
  C:\KEIL4\C51\LIB\C51FPL.LIB (?C?FPADD)
  C:\KEIL4\C51\LIB\C51FPL.LIB (?C?FPMUL)
  C:\KEIL4\C51\LIB\C51FPL.LIB (?C?FPDIV)
  C:\KEIL4\C51\LIB\C51FPL.LIB (?C?FPCMP)
  C:\KEIL4\C51\LIB\C51FPL.LIB (?C?FCAST)
  C:\KEIL4\C51\LIB\C51FPL.LIB (?C?CASTF)
  C:\KEIL4\C51\LIB\C51FPL.LIB (?C?FPGETOPN)
  C:\KEIL4\C51\LIB\C51L.LIB (?C_INIT)
  C:\KEIL4\C51\LIB\C51L.LIB (?C?LMUL)
  C:\KEIL4\C51\LIB\C51L.LIB (?C?ULDIV)
  C:\KEIL4\C51\LIB\C51L.LIB (?C?LNEG)
  C:\KEIL4\C51\LIB\C51L.LIB (?C?ULCMP)
  C:\KEIL4\C51\LIB\C51L.LIB (?C?ULSHR)
  C:\KEIL4\C51\LIB\C51L.LIB (?C?LSHL)
  C:\KEIL4\C51\LIB\C51L.LIB (?C?LLDIDATA)
  C:\KEIL4\C51\LIB\C51L.LIB (?C?LLDIDATA0)
  C:\KEIL4\C51\LIB\C51L.LIB (?C?LSTIDATA)
  C:\KEIL4\C51\LIB\C51L.LIB (?C?LSTXDATA)
  C:\KEIL4\C51\LIB\C51L.LIB (?C?LSTKIDATA)
  C:\KEIL4\C51\LIB\C51L.LIB (?C?LSTKXDATA)
  C:\KEIL4\C51\LIB\C51L.LIB (?C?OFFXADD)
  C:\KEIL4\C51\LIB\C51L.LIB (?C?CCASE)


LINK MAP OF MODULE:  4-42_BKCD (MAIN_BKCD)


            TYPE    BASE      LENGTH    RELOCATION   SEGMENT NAME
            -----------------------------------------------------

            * * * * * * *   D A T A   M E M O R Y   * * * * * * *
            REG     0000H     0008H     ABSOLUTE     "REG BANK 0"
            REG     0008H     0008H     ABSOLUTE     "REG BANK 1"
            REG     0010H     0008H     ABSOLUTE     "REG BANK 2"
            DATA    0018H     0008H     UNIT         ?DT?SETUP_BKCD
            BIT     0020H.0   0002H.0   UNIT         ?BI?MAIN_BKCD
            BIT     0022H.0   0000H.2   UNIT         ?BI?TASK3_BKCD
                    0022H.2   0000H.6                *** GAP ***
            DATA    0023H     002AH     UNIT         ?DT?MAIN_BKCD
            DATA    004DH     0021H     UNIT         ?DT?TASK3_BKCD
            DATA    006EH     0002H     UNIT         ?DT?SETUP_ADC
            IDATA   0070H     0032H     UNIT         ?ID?_TASK_3?TASK3_BKCD
            IDATA   00A2H     0030H     UNIT         ?ID?MAIN_BKCD
            IDATA   00D2H     0014H     UNIT         ?ID?TASK3_BKCD
BL51 BANKED LINKER/LOCATER V6.22                                                      06/30/2010  15:15:50  PAGE 2


            IDATA   00E6H     0005H     UNIT         ?ID?MAIN?MAIN_BKCD
            IDATA   00EBH     0001H     UNIT         ?ID?SETUP_ADC?SETUP_ADC

            * * * * * * *  X D A T A   M E M O R Y  * * * * * * *
            XDATA   0000H     001CH     ABSOLUTE     
            XDATA   001CH     0020H     UNIT         ?XD?SETUP_ADC?SETUP_ADC
            XDATA   003CH     0002H     UNIT         ?XD?MAIN?MAIN_BKCD
            XDATA   003EH     0001H     UNIT         ?XD?KMD?MAIN_BKCD
            XDATA   003FH     0001H     UNIT         ?XD?SETUP?SETUP_BKCD
            XDATA   0040H     0022H     ABSOLUTE     
            XDATA   0062H     000DH     UNIT         ?XD?_TASK_3?TASK3_BKCD
                    006FH     0011H                  *** GAP ***
            XDATA   0080H     0022H     ABSOLUTE     
                    00A2H     001EH                  *** GAP ***
            XDATA   00C0H     001CH     ABSOLUTE     
                    00DCH     0024H                  *** GAP ***
            XDATA   0100H     003CH     ABSOLUTE     
                    013CH     0004H                  *** GAP ***
            XDATA   0140H     003CH     ABSOLUTE     
                    017CH     0004H                  *** GAP ***
            XDATA   0180H     003CH     ABSOLUTE     
                    01BCH     0004H                  *** GAP ***
            XDATA   01C0H     003CH     ABSOLUTE     
                    01FCH     0004H                  *** GAP ***
            XDATA   0200H     001EH     ABSOLUTE     
            XDATA   021EH     006EH     UNIT         ?XD?TASK3_BKCD
            XDATA   028CH     0031H     UNIT         ?XD?MAIN_BKCD
                    02BDH     0063H                  *** GAP ***
            XDATA   0320H     00C0H     ABSOLUTE     
                    03E0H     0020H                  *** GAP ***
            XDATA   0400H     0180H     ABSOLUTE     
                    0580H     0060H                  *** GAP ***
            XDATA   05E0H     0080H     ABSOLUTE     
                    0660H     0020H                  *** GAP ***
            XDATA   0680H     00D0H     ABSOLUTE     
                    0750H     0060H                  *** GAP ***
            XDATA   07B0H     0004H     ABSOLUTE     
            XDATA   07B4H     0028H     ABSOLUTE     

            * * * * * * *   C O D E   M E M O R Y   * * * * * * *
            CODE    0000H     0003H     ABSOLUTE     
                    0003H     0018H                  *** GAP ***
            CODE    001BH     0003H     ABSOLUTE     
                    001EH     0005H                  *** GAP ***
            CODE    0023H     0003H     ABSOLUTE     
            CODE    0026H     5E8FH     UNIT         ?PR?_TASK_3?TASK3_BKCD
            CODE    5EB5H     0C10H     UNIT         ?PR?SETUP_ADC?SETUP_ADC
            CODE    6AC5H     09EFH     UNIT         ?PR?MAIN?MAIN_BKCD
            CODE    74B4H     08A0H     UNIT         ?PR?KMD?MAIN_BKCD
            CODE    7D54H     065DH     UNIT         ?PR?SER_INT?MAIN_BKCD
            CODE    83B1H     05D9H     UNIT         ?C?LIB_CODE
            CODE    898AH     0532H     UNIT         ?PR?TIMER1INT?MAIN_BKCD
            CODE    8EBCH     0335H     UNIT         ?PR?SETUP?SETUP_BKCD
            CODE    91F1H     02C2H     UNIT         ?CO?MAIN_BKCD
            CODE    94B3H     0154H     UNIT         ?C_INITSEG
            CODE    9607H     00A3H     UNIT         ?C_C51STARTUP
            CODE    96AAH     0048H     UNIT         ?CO?TASK3_BKCD
BL51 BANKED LINKER/LOCATER V6.22                                                      06/30/2010  15:15:50  PAGE 3





OVERLAY MAP OF MODULE:   4-42_BKCD (MAIN_BKCD)


SEGMENT
  +--> CALLED SEGMENT
---------------------
?PR?SER_INT?MAIN_BKCD
  +--> ?CO?MAIN_BKCD
  +--> ?PR?KMD?MAIN_BKCD

?PR?KMD?MAIN_BKCD
  +--> ?CO?MAIN_BKCD

*** NEW ROOT ***************************************************

?C_C51STARTUP
  +--> ?PR?MAIN?MAIN_BKCD
  +--> ?C_INITSEG

?PR?MAIN?MAIN_BKCD
  +--> ?PR?SETUP?SETUP_BKCD
  +--> ?PR?SETUP_ADC?SETUP_ADC
  +--> ?PR?_TASK_3?TASK3_BKCD

?PR?_TASK_3?TASK3_BKCD
  +--> ?CO?TASK3_BKCD
  +--> ?CO?MAIN_BKCD



SYMBOL TABLE OF MODULE:  4-42_BKCD (MAIN_BKCD)

  VALUE           TYPE          NAME
  ----------------------------------

  -------         MODULE        MAIN_BKCD
  C:0000H         SYMBOL        _ICE_DUMMY_
  D:0080H         PUBLIC        P0
  D:0090H         PUBLIC        P1
  B:0020H.0       PUBLIC        FL_BLOK_EPROM
  D:00A0H         PUBLIC        P2
  D:00B0H         PUBLIC        P3
  B:00A8H.7       PUBLIC        EA
  D:00D8H         PUBLIC        ADCSTAT
  B:0020H.1       PUBLIC        ep2
  B:0020H.2       PUBLIC        fl_r11
  X:028CH         PUBLIC        mi1
  I:00A2H         PUBLIC        ED
  B:0020H.3       PUBLIC        fl_r22
  I:00A4H         PUBLIC        CNT_SEC_V1
  D:0027H         PUBLIC        kol_c
  I:00A6H         PUBLIC        CNT_SEC_V2
  D:0029H         PUBLIC        r_crc
  D:00A8H         PUBLIC        IE
BL51 BANKED LINKER/LOCATER V6.22                                                      06/30/2010  15:15:50  PAGE 4


  D:002AH         PUBLIC        copy_p
  D:002CH         PUBLIC        len_o
  X:028EH         PUBLIC        DL
  X:0080H         PUBLIC        xbufin
  X:028FH         PUBLIC        POR_R1_OFF
  D:00BCH         PUBLIC        EDATA1
  X:0290H         PUBLIC        POR_R2_OFF
  D:00BDH         PUBLIC        EDATA2
  I:00A8H         PUBLIC        CNT_SEC_DL
  D:002DH         PUBLIC        st_ser
  D:00BEH         PUBLIC        EDATA3
  D:00BFH         PUBLIC        EDATA4
  B:00A8H.4       PUBLIC        ES
  D:00B8H         PUBLIC        IP
  X:0040H         PUBLIC        bufout
  I:00ACH         PUBLIC        MM
  D:002EH         PUBLIC        i1
  I:00B3H         PUBLIC        j1
  B:0098H.0       PUBLIC        RI
  I:00B4H         PUBLIC        j2
  B:0020H.4       PUBLIC        fl_sv
  B:0098H.1       PUBLIC        TI
  D:002FH         PUBLIC        cop_imp1
  D:0031H         PUBLIC        cop_imp2
  B:00D8H.7       PUBLIC        RDY0
  D:00E8H         PUBLIC        I2CCON
  D:0033H         PUBLIC        priem
  I:00B5H         PUBLIC        CNT_SEC
  C:898AH         PUBLIC        timer1int
  D:0081H         PUBLIC        SP
  D:00B9H         PUBLIC        ECON
  C:6AC5H         PUBLIC        main
  D:0034H         PUBLIC        status
  I:00B7H         PUBLIC        crco
  B:00B0H.6       PUBLIC        WR
  B:0020H.5       PUBLIC        FL_BLOK_EEPR
  I:00B9H         PUBLIC        TM_LINE
  X:0000H         PUBLIC        lbuf
  B:0020H.6       PUBLIC        fcnt
  D:0099H         PUBLIC        SBUF
  D:0035H         PUBLIC        bufcht1
  B:0020H.7       PUBLIC        Eprom_ch
  B:0021H.0       PUBLIC        Eprom_zap
  D:0098H         PUBLIC        SCON
  D:0088H         PUBLIC        TCON
  D:0039H         PUBLIC        cmd
  D:003AH         PUBLIC        crc
  X:0291H         PUBLIC        mi11
  X:0292H         PUBLIC        zbuf
  C:74B4H         PUBLIC        kmd
  X:02B4H         PUBLIC        b_err_cl
  D:00A5H         PUBLIC        HOUR
  D:003CH         PUBLIC        copy_p1
  D:003EH         PUBLIC        zad
  X:02B5H         PUBLIC        par
  B:00A0H.4       PUBLIC        svet
  B:00C0H.0       PUBLIC        WDWR
BL51 BANKED LINKER/LOCATER V6.22                                                      06/30/2010  15:15:50  PAGE 5


  D:003FH         PUBLIC        lineaddo
  I:00BAH         PUBLIC        rasx1_t
  I:00BEH         PUBLIC        rasx2_t
  B:00A8H.3       PUBLIC        ET1
  D:00D7H         PUBLIC        PLLCON
  B:0088H.7       PUBLIC        TF1
  D:008DH         PUBLIC        TH1
  D:00F8H         PUBLIC        SPICON
  I:00C2H         PUBLIC        nro
  B:0021H.1       PUBLIC        FCNT_SEC_V1
  I:00C3H         PUBLIC        tmo
  B:0021H.2       PUBLIC        FCNT_SEC_V2
  D:0040H         PUBLIC        fk
  D:008BH         PUBLIC        TL1
  B:0021H.3       PUBLIC        fl_m1
  I:00C4H         PUBLIC        tmp
  B:0021H.4       PUBLIC        rez
  B:0021H.5       PUBLIC        fl_m2
  X:02B6H         PUBLIC        POR_R1_ON
  X:02B7H         PUBLIC        POR_R2_ON
  D:0041H         PUBLIC        lineadd
  B:00E8H.6       PUBLIC        MDE
  D:0042H         PUBLIC        mi
  B:0088H.6       PUBLIC        TR1
  B:00E8H.4       PUBLIC        MDI
  D:00A3H         PUBLIC        SEC
  X:02B8H         PUBLIC        b_err_p
  X:00C0H         PUBLIC        lbuf_dn
  B:00E8H.5       PUBLIC        MCO
  B:00E8H.7       PUBLIC        MDO
  D:0044H         PUBLIC        nr
  D:00A4H         PUBLIC        MIN
  D:00C7H         PUBLIC        EADRH
  D:00C8H         PUBLIC        T2CON
  I:00C5H         PUBLIC        cnt_dol
  I:00C7H         PUBLIC        i
  I:00C8H         PUBLIC        j
  D:00C6H         PUBLIC        EADRL
  D:00B7H         PUBLIC        SPH
  C:92B1H         PUBLIC        Crc16Table
  D:00D1H         PUBLIC        ADCMODE
  C:94B1H         PUBLIC        VER_PR
  I:00C9H         PUBLIC        Len_p
  X:02B9H         PUBLIC        OGR_UR
  C:91F1H         PUBLIC        TAB_NO_LINE_1
  B:0021H.6       PUBLIC        fl_buf
  I:00CAH         PUBLIC        rasx1
  C:9231H         PUBLIC        TAB_NO_LINE_2
  I:00CEH         PUBLIC        rasx2
  C:9271H         PUBLIC        TAB_NO_LINE_3
  B:0021H.7       PUBLIC        fl_rest
  D:00AFH         PUBLIC        CFG848
  X:02BBH         PUBLIC        ob_par
  C:7D54H         PUBLIC        ser_int
  D:0045H         PUBLIC        H1
  D:0049H         PUBLIC        H2
  D:00D0H         PUBLIC        PSW
BL51 BANKED LINKER/LOCATER V6.22                                                      06/30/2010  15:15:50  PAGE 6


  B:00B0H.2       PUBLIC        int0
  D:00C0H         PUBLIC        WDCON
  -------         PROC          TIMER1INT
  C:898AH         LINE#         271
  C:8997H         LINE#         285
  C:8999H         LINE#         286
  C:899CH         LINE#         287
  C:899FH         LINE#         288
  C:89A5H         LINE#         289
  C:89ADH         LINE#         290
  C:89CBH         LINE#         291
  C:89E9H         LINE#         293
  C:89F4H         LINE#         294
  C:89FCH         LINE#         295
  C:8A08H         LINE#         296
  C:8A08H         LINE#         297
  C:8A0BH         LINE#         298
  C:8A0DH         LINE#         299
  C:8A0DH         LINE#         302
  C:8A15H         LINE#         303
  C:8A25H         LINE#         304
  C:8A2CH         LINE#         305
  C:8A2EH         LINE#         306
  C:8A2EH         LINE#         308
  C:8A36H         LINE#         309
  C:8A46H         LINE#         310
  C:8A4DH         LINE#         311
  C:8A4FH         LINE#         312
  C:8A4FH         LINE#         324
  C:8A59H         LINE#         325
  C:8A59H         LINE#         329
  C:8AAAH         LINE#         330
  C:8AAAH         LINE#         338
  C:8AB2H         LINE#         339
  C:8AB5H         LINE#         340
  C:8AB5H         LINE#         343
  C:8AB7H         LINE#         346
  C:8AD1H         LINE#         347
  C:8AD1H         LINE#         364
  C:8AE7H         LINE#         365
  C:8AFAH         LINE#         366
  C:8AFAH         LINE#         367
  C:8AFCH         LINE#         368
  C:8B02H         LINE#         369
  C:8B0CH         LINE#         370
  C:8B15H         LINE#         371
  C:8B1BH         LINE#         372
  C:8B1DH         LINE#         374
  C:8B20H         LINE#         375
  C:8B20H         LINE#         376
  C:8B26H         LINE#         377
  C:8B30H         LINE#         378
  C:8B30H         LINE#         380
  C:8B32H         LINE#         382
  C:8B32H         LINE#         383
  C:8B38H         LINE#         384
  C:8B42H         LINE#         385
BL51 BANKED LINKER/LOCATER V6.22                                                      06/30/2010  15:15:50  PAGE 7


  C:8B4BH         LINE#         386
  C:8B51H         LINE#         388
  C:8B51H         LINE#         389
  C:8B51H         LINE#         406
  C:8B98H         LINE#         407
  C:8B98H         LINE#         409
  C:8BA2H         LINE#         410
  C:8BA2H         LINE#         412
  C:8BB5H         LINE#         413
  C:8BB5H         LINE#         414
  C:8BBBH         LINE#         415
  C:8BC1H         LINE#         416
  C:8BCAH         LINE#         417
  C:8BD3H         LINE#         418
  C:8BD5H         LINE#         419
  C:8BD5H         LINE#         420
  C:8BD5H         LINE#         423
  C:8BDFH         LINE#         424
  C:8BDFH         LINE#         427
  C:8C30H         LINE#         428
  C:8C30H         LINE#         433
  C:8C38H         LINE#         434
  C:8C3BH         LINE#         435
  C:8C3BH         LINE#         438
  C:8C3DH         LINE#         441
  C:8C57H         LINE#         442
  C:8C57H         LINE#         458
  C:8C6DH         LINE#         459
  C:8C6DH         LINE#         460
  C:8C80H         LINE#         461
  C:8C80H         LINE#         462
  C:8C82H         LINE#         463
  C:8C88H         LINE#         464
  C:8C92H         LINE#         465
  C:8C9BH         LINE#         466
  C:8CA1H         LINE#         467
  C:8CA3H         LINE#         469
  C:8CA6H         LINE#         470
  C:8CACH         LINE#         471
  C:8CB6H         LINE#         472
  C:8CB6H         LINE#         473
  C:8CB8H         LINE#         475
  C:8CB8H         LINE#         476
  C:8CBEH         LINE#         477
  C:8CC8H         LINE#         478
  C:8CD1H         LINE#         479
  C:8CD7H         LINE#         480
  C:8CD7H         LINE#         495
  C:8CD7H         LINE#         496
  C:8D1EH         LINE#         497
  C:8D1EH         LINE#         499
  C:8D28H         LINE#         500
  C:8D28H         LINE#         502
  C:8D3BH         LINE#         503
  C:8D3BH         LINE#         504
  C:8D41H         LINE#         505
  C:8D47H         LINE#         506
BL51 BANKED LINKER/LOCATER V6.22                                                      06/30/2010  15:15:50  PAGE 8


  C:8D50H         LINE#         507
  C:8D59H         LINE#         508
  C:8D5BH         LINE#         509
  C:8D5BH         LINE#         511
  C:8D5BH         LINE#         517
  C:8D65H         LINE#         518
  C:8D65H         LINE#         519
  C:8D83H         LINE#         586
  C:8D9FH         LINE#         587
  C:8D9FH         LINE#         588
  C:8DA8H         LINE#         589
  C:8DAAH         LINE#         591
  C:8DAAH         LINE#         592
  C:8DAEH         LINE#         593
  C:8DAEH         LINE#         594
  C:8DB0H         LINE#         595
  C:8DB4H         LINE#         596
  C:8DB4H         LINE#         597
  C:8DD0H         LINE#         598
  C:8DD0H         LINE#         599
  C:8DDBH         LINE#         601
  C:8DE3H         LINE#         602
  C:8DE5H         LINE#         605
  C:8DEDH         LINE#         606
  C:8DEDH         LINE#         607
  C:8DEDH         LINE#         608
  C:8DEDH         LINE#         618
  C:8DEDH         LINE#         620
  C:8DF5H         LINE#         621
  C:8E05H         LINE#         622
  C:8E0CH         LINE#         623
  C:8E0EH         LINE#         624
  C:8E0EH         LINE#         625
  C:8E1AH         LINE#         626
  C:8E28H         LINE#         629
  C:8E2AH         LINE#         630
  C:8E56H         LINE#         631
  C:8E56H         LINE#         632
  C:8E60H         LINE#         634
  C:8E60H         LINE#         636
  C:8E68H         LINE#         657
  C:8E73H         LINE#         658
  C:8E73H         LINE#         659
  C:8E79H         LINE#         661
  C:8E7EH         LINE#         662
  C:8E81H         LINE#         663
  C:8E84H         LINE#         664
  C:8E88H         LINE#         666
  C:8E8AH         LINE#         667
  C:8E8AH         LINE#         670
  C:8E8EH         LINE#         671
  C:8E90H         LINE#         674
  C:8E98H         LINE#         675
  C:8E98H         LINE#         676
  C:8E9DH         LINE#         677
  C:8E9DH         LINE#         679
  C:8EA0H         LINE#         680
BL51 BANKED LINKER/LOCATER V6.22                                                      06/30/2010  15:15:50  PAGE 9


  C:8EA4H         LINE#         681
  C:8EA7H         LINE#         682
  C:8EA7H         LINE#         683
  C:8EA9H         LINE#         685
  C:8EA9H         LINE#         687
  C:8EAEH         LINE#         688
  C:8EB1H         LINE#         689
  C:8EB1H         LINE#         697
  -------         ENDPROC       TIMER1INT
  -------         PROC          SER_INT
  -------         DO            
  D:0023H         SYMBOL        i
  C:83A6H         SYMBOL        kon
  -------         ENDDO         
  C:7D54H         LINE#         700
  C:7D61H         LINE#         723
  C:7D67H         LINE#         724
  C:7D67H         LINE#         725
  C:7D69H         LINE#         726
  C:7D6FH         LINE#         727
  C:7D6FH         LINE#         729
  C:7D6FH         LINE#         730
  C:7D6FH         LINE#         731
  C:7D78H         LINE#         732
  C:7D78H         LINE#         735
  C:7D7CH         LINE#         736
  C:7D7EH         LINE#         737
  C:7D85H         LINE#         738
  C:7D85H         LINE#         739
  C:7D88H         LINE#         741
  C:7D8BH         LINE#         742
  C:7D8BH         LINE#         743
  C:7D8EH         LINE#         751
  C:7D94H         LINE#         752
  C:7D94H         LINE#         753
  C:7DBAH         LINE#         754
  C:7DBAH         LINE#         755
  C:7DC2H         LINE#         756
  C:7DC4H         LINE#         758
  C:7DC4H         LINE#         759
  C:7DC7H         LINE#         760
  C:7DCAH         LINE#         761
  C:7DCAH         LINE#         762
  C:7DCAH         LINE#         765
  C:7DCEH         LINE#         766
  C:7DCEH         LINE#         767
  C:7DD7H         LINE#         768
  C:7DD7H         LINE#         769
  C:7DDAH         LINE#         770
  C:7DDDH         LINE#         771
  C:7DDDH         LINE#         773
  C:7DDDH         LINE#         775
  C:7DDDH         LINE#         776
  C:7DDDH         LINE#         778
  C:7DE3H         LINE#         779
  C:7DE3H         LINE#         780
  C:7E07H         LINE#         781
BL51 BANKED LINKER/LOCATER V6.22                                                      06/30/2010  15:15:50  PAGE 10


  C:7E07H         LINE#         782
  C:7E0AH         LINE#         783
  C:7E0DH         LINE#         784
  C:7E0DH         LINE#         785
  C:7E0DH         LINE#         787
  C:7E1FH         LINE#         793
  C:7E44H         LINE#         794
  C:7E44H         LINE#         795
  C:7E47H         LINE#         796
  C:7E6FH         LINE#         797
  C:7E6FH         LINE#         798
  C:7E75H         LINE#         799
  C:7E7BH         LINE#         800
  C:7E7BH         LINE#         801
  C:7E8BH         LINE#         802
  C:7E8BH         LINE#         803
  C:7E96H         LINE#         804
  C:7EB0H         LINE#         805
  C:7EB4H         LINE#         806
  C:7EB6H         LINE#         808
  C:7EC6H         LINE#         809
  C:7EC6H         LINE#         811
  C:7F07H         LINE#         812
  C:7F16H         LINE#         813
  C:7F1AH         LINE#         815
  C:7F6EH         LINE#         816
  C:7F6EH         LINE#         819
  C:7F75H         LINE#         820
  C:7F7CH         LINE#         821
  C:7F82H         LINE#         822
  C:7F8FH         LINE#         823
  C:7F8FH         LINE#         824
  C:7FABH         LINE#         825
  C:7FAFH         LINE#         827
  C:7FBDH         LINE#         828
  C:7FC7H         LINE#         831
  C:7FD6H         LINE#         832
  C:7FD6H         LINE#         833
  C:7FDCH         LINE#         834
  C:7FE3H         LINE#         835
  C:7FE9H         LINE#         836
  C:7FF5H         LINE#         837
  C:7FFBH         LINE#         838
  C:8007H         LINE#         839
  C:8007H         LINE#         840
  C:800DH         LINE#         841
  C:800DH         LINE#         843
  C:801FH         LINE#         844
  C:8038H         LINE#         846
  C:805BH         LINE#         848
  C:8077H         LINE#         849
  C:8077H         LINE#         850
  C:8099H         LINE#         851
  C:809FH         LINE#         852
  C:80A1H         LINE#         853
  C:80A1H         LINE#         856
  C:80A6H         LINE#         857
BL51 BANKED LINKER/LOCATER V6.22                                                      06/30/2010  15:15:50  PAGE 11


  C:80A6H         LINE#         858
  C:80A8H         LINE#         859
  C:80A8H         LINE#         861
  C:80A8H         LINE#         864
  C:80B7H         LINE#         865
  C:80B7H         LINE#         866
  C:80C2H         LINE#         867
  C:80C2H         LINE#         868
  C:80D8H         LINE#         869
  C:80E2H         LINE#         870
  C:80E2H         LINE#         871
  C:80EDH         LINE#         872
  C:8109H         LINE#         873
  C:810DH         LINE#         875
  C:8121H         LINE#         876
  C:8121H         LINE#         877
  C:812AH         LINE#         878
  C:813BH         LINE#         881
  C:814AH         LINE#         882
  C:814AH         LINE#         884
  C:8192H         LINE#         885
  C:8192H         LINE#         886
  C:819FH         LINE#         887
  C:819FH         LINE#         888
  C:81A2H         LINE#         889
  C:81A2H         LINE#         890
  C:81A2H         LINE#         891
  C:81A2H         LINE#         893
  C:81E5H         LINE#         894
  C:81E5H         LINE#         895
  C:81E7H         LINE#         896
  C:81E9H         LINE#         897
  C:81EEH         LINE#         898
  C:81F0H         LINE#         901
  C:81F0H         LINE#         903
  C:820AH         LINE#         904
  C:8210H         LINE#         905
  C:8212H         LINE#         907
  C:8212H         LINE#         908
  C:8215H         LINE#         909
  C:8218H         LINE#         910
  C:8218H         LINE#         911
  C:821AH         LINE#         913
  C:821AH         LINE#         914
  C:821DH         LINE#         915
  C:8220H         LINE#         916
  C:8220H         LINE#         917
  C:8220H         LINE#         919
  C:8220H         LINE#         921
  C:8226H         LINE#         922
  C:8228H         LINE#         923
  C:822BH         LINE#         924
  C:822BH         LINE#         925
  C:8231H         LINE#         926
  C:8231H         LINE#         929
  C:823AH         LINE#         930
  C:823AH         LINE#         931
BL51 BANKED LINKER/LOCATER V6.22                                                      06/30/2010  15:15:50  PAGE 12


  C:8244H         LINE#         932
  C:824CH         LINE#         933
  C:8258H         LINE#         935
  C:8260H         LINE#         936
  C:8274H         LINE#         937
  C:827BH         LINE#         938
  C:8284H         LINE#         939
  C:828BH         LINE#         940
  C:828EH         LINE#         942
  C:82A2H         LINE#         943
  C:82A5H         LINE#         945
  C:82AEH         LINE#         946
  C:82AEH         LINE#         947
  C:82B3H         LINE#         948
  C:82B7H         LINE#         949
  C:82B9H         LINE#         951
  C:82C8H         LINE#         952
  C:82CAH         LINE#         954
  C:82E4H         LINE#         955
  C:82F1H         LINE#         957
  C:8310H         LINE#         958
  C:8310H         LINE#         959
  C:8317H         LINE#         960
  C:831AH         LINE#         961
  C:831DH         LINE#         962
  C:831FH         LINE#         964
  C:8333H         LINE#         965
  C:8339H         LINE#         966
  C:833EH         LINE#         967
  C:834FH         LINE#         969
  C:8358H         LINE#         970
  C:839EH         LINE#         972
  C:83A1H         LINE#         973
  C:83A3H         LINE#         975
  C:83A6H         LINE#         978
  C:83A6H         LINE#         980
  C:83A6H         LINE#         986
  -------         ENDPROC       SER_INT
  -------         PROC          KMD
  -------         DO            
  X:003EH         SYMBOL        tmp_rw
  -------         DO            
  D:0024H         SYMBOL        t
  -------         ENDDO         
  -------         ENDDO         
  C:74B4H         LINE#         990
  C:74B4H         LINE#         991
  C:74B4H         LINE#         1006
  C:74FCH         LINE#         1007
  C:74FCH         LINE#         1009
  C:74FEH         LINE#         1010
  C:7512H         LINE#         1011
  C:7521H         LINE#         1013
  C:7523H         LINE#         1014
  C:7526H         LINE#         1015
  C:7526H         LINE#         1017
  C:755FH         LINE#         1018
BL51 BANKED LINKER/LOCATER V6.22                                                      06/30/2010  15:15:50  PAGE 13


  C:755FH         LINE#         1019
  C:7562H         LINE#         1030
  C:7569H         LINE#         1102
  C:756FH         LINE#         1103
  C:756FH         LINE#         1104
  C:757DH         LINE#         1105
  C:757DH         LINE#         1106
  C:7591H         LINE#         1107
  C:759EH         LINE#         1108
  C:75AFH         LINE#         1109
  C:75AFH         LINE#         1110
  C:75AFH         LINE#         1112
  C:75B5H         LINE#         1113
  C:75B5H         LINE#         1114
  C:75C3H         LINE#         1115
  C:75C3H         LINE#         1116
  C:75D7H         LINE#         1117
  C:75E4H         LINE#         1118
  C:75F5H         LINE#         1119
  C:75F5H         LINE#         1120
  C:75F5H         LINE#         1156
  C:75F5H         LINE#         1172
  C:7619H         LINE#         1173
  C:7619H         LINE#         1175
  C:762DH         LINE#         1176
  C:7655H         LINE#         1177
  C:7661H         LINE#         1178
  C:7670H         LINE#         1179
  C:7676H         LINE#         1180
  C:767BH         LINE#         1181
  C:767BH         LINE#         1184
  C:76B2H         LINE#         1185
  C:76B2H         LINE#         1186
  C:76BBH         LINE#         1187
  C:76C9H         LINE#         1189
  C:76D2H         LINE#         1190
  C:76E0H         LINE#         1191
  C:76E0H         LINE#         1193
  C:76E9H         LINE#         1194
  C:76F7H         LINE#         1213
  C:76F7H         LINE#         1231
  C:7704H         LINE#         1232
  C:7704H         LINE#         1233
  C:7739H         LINE#         1234
  C:7739H         LINE#         1249
  C:7740H         LINE#         1250
  C:7747H         LINE#         1251
  C:774EH         LINE#         1253
  C:7754H         LINE#         1254
  C:7759H         LINE#         1255
  C:775BH         LINE#         1256
  C:7773H         LINE#         1257
  C:7775H         LINE#         1258
  C:7786H         LINE#         1259
  C:7786H         LINE#         1260
  C:7790H         LINE#         1261
  C:7790H         LINE#         1262
BL51 BANKED LINKER/LOCATER V6.22                                                      06/30/2010  15:15:50  PAGE 14


  C:77A4H         LINE#         1263
  C:77A4H         LINE#         1264
  C:77A6H         LINE#         1265
  C:77A8H         LINE#         1267
  C:77A8H         LINE#         1268
  C:77AAH         LINE#         1269
  C:77AAH         LINE#         1270
  C:77C2H         LINE#         1271
  C:77CBH         LINE#         1272
  C:77E3H         LINE#         1273
  C:77E5H         LINE#         1274
  C:7801H         LINE#         1275
  C:7803H         LINE#         1276
  C:7807H         LINE#         1277
  C:781FH         LINE#         1278
  C:782CH         LINE#         1279
  C:7859H         LINE#         1280
  C:7867H         LINE#         1281
  C:786BH         LINE#         1282
  C:7871H         LINE#         1283
  C:7889H         LINE#         1284
  C:7892H         LINE#         1285
  C:78AAH         LINE#         1286
  C:78ACH         LINE#         1346
  C:78B2H         LINE#         1347
  C:78B5H         LINE#         1348
  C:78BBH         LINE#         1351
  C:78BBH         LINE#         1353
  C:78F0H         LINE#         1354
  C:78F0H         LINE#         1355
  C:7912H         LINE#         1356
  C:7923H         LINE#         1357
  C:792DH         LINE#         1358
  C:7936H         LINE#         1359
  C:793CH         LINE#         1360
  C:7956H         LINE#         1361
  C:795DH         LINE#         1362
  C:7979H         LINE#         1363
  C:798BH         LINE#         1364
  C:79A3H         LINE#         1365
  C:79B0H         LINE#         1366
  C:79DDH         LINE#         1367
  C:79EBH         LINE#         1370
  C:79EFH         LINE#         1371
  C:79FAH         LINE#         1372
  C:7A14H         LINE#         1373
  C:7A1BH         LINE#         1374
  C:7A33H         LINE#         1375
  C:7A4DH         LINE#         1376
  C:7A6BH         LINE#         1377
  C:7A85H         LINE#         1378
  C:7A9FH         LINE#         1379
  C:7AA9H         LINE#         1380
  C:7AB8H         LINE#         1381
  C:7AD0H         LINE#         1382
  C:7AF5H         LINE#         1383
  C:7B07H         LINE#         1384
BL51 BANKED LINKER/LOCATER V6.22                                                      06/30/2010  15:15:50  PAGE 15


  C:7B1FH         LINE#         1385
  C:7B44H         LINE#         1386
  C:7B71H         LINE#         1387
  C:7B7FH         LINE#         1390
  C:7B9BH         LINE#         1391
  C:7BACH         LINE#         1392
  C:7BDEH         LINE#         1393
  C:7BE1H         LINE#         1394
  C:7C0FH         LINE#         1396
  C:7C25H         LINE#         1397
  C:7C3BH         LINE#         1398
  C:7C5AH         LINE#         1399
  C:7C5CH         LINE#         1400
  C:7C66H         LINE#         1401
  C:7C68H         LINE#         1402
  C:7C71H         LINE#         1403
  C:7C89H         LINE#         1404
  C:7CABH         LINE#         1405
  C:7CC5H         LINE#         1406
  C:7CDFH         LINE#         1407
  C:7D02H         LINE#         1416
  C:7D0CH         LINE#         1417
  C:7D2CH         LINE#         1423
  C:7D2EH         LINE#         1424
  C:7D3DH         LINE#         1425
  C:7D40H         LINE#         1426
  C:7D40H         LINE#         1428
  C:7D40H         LINE#         1568
  C:7D4AH         LINE#         1569
  C:7D53H         LINE#         1584
  -------         ENDPROC       KMD
  -------         PROC          MAIN
  -------         DO            
  X:003CH         SYMBOL        fl_kal
  X:003DH         SYMBOL        kol_cik
  C:6DB1H         SYMBOL        zz1
  C:6DB4H         SYMBOL        pit
  C:73CDH         SYMBOL        kon1
  -------         DO            
  D:0025H         SYMBOL        j4
  D:0026H         SYMBOL        i1
  -------         ENDDO         
  -------         DO            
  D:0026H         SYMBOL        i1
  -------         ENDDO         
  -------         DO            
  I:00EAH         SYMBOL        j3
  -------         DO            
  I:00E6H         SYMBOL        tmp_ln
  -------         ENDDO         
  -------         ENDDO         
  -------         ENDDO         
  C:6AC5H         LINE#         1590
  C:6ACAH         LINE#         1592
  C:6AD4H         LINE#         1594
  C:6AD7H         LINE#         1600
  C:6ADAH         LINE#         1601
BL51 BANKED LINKER/LOCATER V6.22                                                      06/30/2010  15:15:50  PAGE 16


  C:6ADDH         LINE#         1602
  C:6AE5H         LINE#         1605
  C:6AE8H         LINE#         1606
  C:6AEAH         LINE#         1615
  C:6AECH         LINE#         1618
  C:6AF0H         LINE#         1619
  C:6AF2H         LINE#         1633
  C:6AF5H         LINE#         1635
  C:6B01H         LINE#         1637
  C:6B05H         LINE#         1638
  C:6B26H         LINE#         1639
  C:6B2AH         LINE#         1646
  C:6B2FH         LINE#         1647
  C:6B34H         LINE#         1649
  C:6B37H         LINE#         1653
  C:6B43H         LINE#         1654
  C:6B46H         LINE#         1655
  C:6B4BH         LINE#         1656
  C:6B4EH         LINE#         1657
  C:6B51H         LINE#         1658
  C:6B56H         LINE#         1659
  C:6B59H         LINE#         1685
  C:6B65H         LINE#         1687
  C:6B6BH         LINE#         1688
  C:6B71H         LINE#         1689
  C:6B80H         LINE#         1690
  C:6B8CH         LINE#         1693
  C:6B92H         LINE#         1694
  C:6B98H         LINE#         1695
  C:6BA7H         LINE#         1696
  C:6BB3H         LINE#         1706
  C:6BBBH         LINE#         1710
  C:6BBEH         LINE#         1711
  C:6BC1H         LINE#         1713
  C:6BC9H         LINE#         1714
  C:6BD6H         LINE#         1715
  C:6BD6H         LINE#         1716
  C:6BEFH         LINE#         1717
  C:6BEFH         LINE#         1718
  C:6BEFH         LINE#         1720
  C:6C04H         LINE#         1721
  C:6C21H         LINE#         1722
  C:6C3CH         LINE#         1727
  C:6C3CH         LINE#         1729
  C:6C51H         LINE#         1730
  C:6C6EH         LINE#         1731
  C:6C89H         LINE#         1736
  C:6C89H         LINE#         1738
  C:6C9EH         LINE#         1739
  C:6C9EH         LINE#         1740
  C:6CB9H         LINE#         1741
  C:6CB9H         LINE#         1742
  C:6CBEH         LINE#         1746
  C:6CC8H         LINE#         1747
  C:6CDAH         LINE#         1748
  C:6CDEH         LINE#         1750
  C:6CE2H         LINE#         1752
BL51 BANKED LINKER/LOCATER V6.22                                                      06/30/2010  15:15:50  PAGE 17


  C:6CEFH         LINE#         1753
  C:6D08H         LINE#         1754
  C:6D08H         LINE#         1757
  C:6D1AH         LINE#         1764
  C:6D28H         LINE#         1765
  C:6D28H         LINE#         1766
  C:6D3FH         LINE#         1767
  C:6D66H         LINE#         1768
  C:6D66H         LINE#         1769
  C:6D89H         LINE#         1770
  C:6D8BH         LINE#         1771
  C:6D8BH         LINE#         1772
  C:6D90H         LINE#         1773
  C:6D90H         LINE#         1774
  C:6D95H         LINE#         1925
  C:6D98H         LINE#         1926
  C:6D9AH         LINE#         1927
  C:6D9FH         LINE#         1928
  C:6DA1H         LINE#         1930
  C:6DA3H         LINE#         1931
  C:6DA6H         LINE#         1932
  C:6DA9H         LINE#         1933
  C:6DABH         LINE#         1934
  C:6DADH         LINE#         1935
  C:6DAFH         LINE#         1945
  C:6DB1H         LINE#         1951
  C:6DB1H         LINE#         1956
  C:6DB4H         LINE#         1957
  C:6DB4H         LINE#         1958
  C:6DB4H         LINE#         1959
  C:6DC2H         LINE#         1960
  C:6DC8H         LINE#         1961
  C:6DCAH         LINE#         1962
  C:6DCFH         LINE#         1963
  C:6DD1H         LINE#         1964
  C:6DD4H         LINE#         1965
  C:6DD6H         LINE#         1966
  C:6DDCH         LINE#         1967
  C:6DE2H         LINE#         1968
  C:6DE7H         LINE#         1971
  C:6DE9H         LINE#         1972
  C:6DE9H         LINE#         1974
  C:6DE9H         LINE#         1981
  C:6DF4H         LINE#         1982
  C:6DFAH         LINE#         1984
  C:6E05H         LINE#         1985
  C:6E0BH         LINE#         1988
  C:6E19H         LINE#         1989
  C:6E2FH         LINE#         1990
  C:6E32H         LINE#         1991
  C:6E35H         LINE#         1992
  C:6E3AH         LINE#         1996
  C:6E42H         LINE#         1999
  C:6E42H         LINE#         2001
  C:6E4BH         LINE#         2002
  C:6E50H         LINE#         2004
  C:6E53H         LINE#         2005
BL51 BANKED LINKER/LOCATER V6.22                                                      06/30/2010  15:15:50  PAGE 18


  C:6E56H         LINE#         2007
  C:6E5EH         LINE#         2008
  C:6E64H         LINE#         2012
  C:6E6AH         LINE#         2013
  C:6E6AH         LINE#         2015
  C:6E6CH         LINE#         2016
  C:6E89H         LINE#         2017
  C:6E89H         LINE#         2018
  C:6E96H         LINE#         2019
  C:6E96H         LINE#         2020
  C:6EA7H         LINE#         2021
  C:6EBBH         LINE#         2023
  C:6EBEH         LINE#         2026
  C:6EE8H         LINE#         2027
  C:6F01H         LINE#         2029
  C:6F2DH         LINE#         2030
  C:6F46H         LINE#         2032
  C:6F72H         LINE#         2033
  C:6F8BH         LINE#         2035
  C:6FB7H         LINE#         2036
  C:6FD0H         LINE#         2037
  C:6FD2H         LINE#         2038
  C:6FD7H         LINE#         2039
  C:6FDDH         LINE#         2040
  C:6FECH         LINE#         2041
  C:6FEEH         LINE#         2042
  C:6FF1H         LINE#         2043
  C:6FFAH         LINE#         2044
  C:6FFCH         LINE#         2046
  C:6FFFH         LINE#         2047
  C:7001H         LINE#         2048
  C:7003H         LINE#         2051
  C:7003H         LINE#         2053
  C:7009H         LINE#         2054
  C:7009H         LINE#         2056
  C:700BH         LINE#         2057
  C:7028H         LINE#         2058
  C:7028H         LINE#         2059
  C:7035H         LINE#         2060
  C:703BH         LINE#         2064
  C:7048H         LINE#         2065
  C:7048H         LINE#         2066
  C:7059H         LINE#         2067
  C:706DH         LINE#         2069
  C:7070H         LINE#         2071
  C:709AH         LINE#         2072
  C:70B4H         LINE#         2073
  C:70B4H         LINE#         2075
  C:70E0H         LINE#         2076
  C:70FAH         LINE#         2077
  C:70FAH         LINE#         2079
  C:7126H         LINE#         2080
  C:7140H         LINE#         2081
  C:7140H         LINE#         2083
  C:716CH         LINE#         2084
  C:7186H         LINE#         2085
  C:7186H         LINE#         2086
BL51 BANKED LINKER/LOCATER V6.22                                                      06/30/2010  15:15:50  PAGE 19


  C:7188H         LINE#         2092
  C:718AH         LINE#         2093
  C:718DH         LINE#         2094
  C:718FH         LINE#         2100
  C:7191H         LINE#         2101
  C:7194H         LINE#         2102
  C:7196H         LINE#         2103
  C:719BH         LINE#         2104
  C:719EH         LINE#         2105
  C:719EH         LINE#         2107
  C:71BBH         LINE#         2108
  C:71BBH         LINE#         2110
  C:71C8H         LINE#         2111
  C:71CEH         LINE#         2113
  C:71DBH         LINE#         2114
  C:71DBH         LINE#         2115
  C:71ECH         LINE#         2116
  C:7200H         LINE#         2122
  C:7203H         LINE#         2123
  C:722DH         LINE#         2124
  C:7263H         LINE#         2126
  C:728FH         LINE#         2127
  C:72C5H         LINE#         2129
  C:72F1H         LINE#         2130
  C:7327H         LINE#         2132
  C:7353H         LINE#         2133
  C:7389H         LINE#         2134
  C:738BH         LINE#         2141
  C:738DH         LINE#         2142
  C:7390H         LINE#         2143
  C:7392H         LINE#         2149
  C:7394H         LINE#         2150
  C:7397H         LINE#         2151
  C:7399H         LINE#         2156
  C:739EH         LINE#         2199
  C:73A1H         LINE#         2201
  C:73A5H         LINE#         2202
  C:73A5H         LINE#         2203
  C:73ABH         LINE#         2204
  C:73BAH         LINE#         2205
  C:73BCH         LINE#         2206
  C:73BFH         LINE#         2207
  C:73C8H         LINE#         2208
  C:73CAH         LINE#         2210
  C:73CDH         LINE#         2211
  C:73CDH         LINE#         2212
  C:73CDH         LINE#         2213
  C:73CFH         LINE#         2214
  C:73D1H         LINE#         2216
  C:73D1H         LINE#         2220
  C:73DEH         LINE#         2221
  C:73DEH         LINE#         2224
  C:73E3H         LINE#         2226
  C:73EEH         LINE#         2227
  C:73EEH         LINE#         2228
  C:73F7H         LINE#         2229
  C:73FDH         LINE#         2230
BL51 BANKED LINKER/LOCATER V6.22                                                      06/30/2010  15:15:50  PAGE 20


  C:73FDH         LINE#         2231
  C:7409H         LINE#         2232
  C:7409H         LINE#         2233
  C:7411H         LINE#         2234
  C:7417H         LINE#         2235
  C:7417H         LINE#         2237
  C:7421H         LINE#         2238
  C:7421H         LINE#         2241
  C:7426H         LINE#         2242
  C:7429H         LINE#         2243
  C:7433H         LINE#         2244
  C:7435H         LINE#         2245
  C:7438H         LINE#         2246
  C:743BH         LINE#         2247
  C:743DH         LINE#         2248
  C:7440H         LINE#         2249
  C:7443H         LINE#         2251
  C:744DH         LINE#         2252
  C:744DH         LINE#         2253
  C:744FH         LINE#         2254
  C:745DH         LINE#         2255
  C:745DH         LINE#         2256
  C:747DH         LINE#         2258
  C:7482H         LINE#         2259
  C:7484H         LINE#         2260
  C:7487H         LINE#         2262
  C:7492H         LINE#         2263
  C:7498H         LINE#         2265
  C:74A3H         LINE#         2266
  C:74A5H         LINE#         2268
  C:74A5H         LINE#         2269
  C:74A5H         LINE#         2271
  C:74ACH         LINE#         2272
  C:74ACH         LINE#         2273
  C:74AEH         LINE#         2278
  C:74B1H         LINE#         2279
  -------         ENDPROC       MAIN
  -------         ENDMOD        MAIN_BKCD

  -------         MODULE        SETUP_ADC
  C:0000H         SYMBOL        _ICE_DUMMY_
  D:0080H         PUBLIC        P0
  D:0090H         PUBLIC        P1
  D:00B0H         PUBLIC        P3
  D:00D8H         PUBLIC        ADCSTAT
  D:00A8H         PUBLIC        IE
  D:00A1H         PUBLIC        TIMECON
  D:00B8H         PUBLIC        IP
  D:00E8H         PUBLIC        I2CCON
  D:0098H         PUBLIC        SCON
  D:0088H         PUBLIC        TCON
  D:00A5H         PUBLIC        HOUR
  D:00F8H         PUBLIC        SPICON
  B:00E8H.6       PUBLIC        MDE
  B:00E8H.4       PUBLIC        MDI
  D:00A3H         PUBLIC        SEC
  C:5EB5H         PUBLIC        setup_ADC
BL51 BANKED LINKER/LOCATER V6.22                                                      06/30/2010  15:15:50  PAGE 21


  B:00E8H.5       PUBLIC        MCO
  B:00E8H.7       PUBLIC        MDO
  D:00A4H         PUBLIC        MIN
  D:00C8H         PUBLIC        T2CON
  D:00D0H         PUBLIC        PSW
  D:00C0H         PUBLIC        WDCON
  -------         PROC          SETUP_ADC
  -------         DO            
  X:001CH         SYMBOL        DL
  X:001DH         SYMBOL        tmp_rw
  X:001EH         SYMBOL        is
  X:001FH         SYMBOL        js
  X:0020H         SYMBOL        buf_ch
  X:0028H         SYMBOL        adcbuf
  D:006EH         SYMBOL        wadc
  I:00EBH         SYMBOL        zadc
  D:006FH         SYMBOL        N_CH
  -------         ENDDO         
  C:5EB5H         LINE#         71
  C:5EB5H         LINE#         72
  C:5EB5H         LINE#         103
  C:5EB9H         LINE#         108
  C:5EC1H         LINE#         109
  C:5EC9H         LINE#         110
  C:5EDFH         LINE#         111
  C:5EDFH         LINE#         113
  C:5EE6H         LINE#         114
  C:5EF9H         LINE#         118
  C:5F0EH         LINE#         119
  C:5F0EH         LINE#         120
  C:5F17H         LINE#         121
  C:5F20H         LINE#         122
  C:5F29H         LINE#         123
  C:5F32H         LINE#         126
  C:5F32H         LINE#         129
  C:5F47H         LINE#         130
  C:5F47H         LINE#         131
  C:5F50H         LINE#         132
  C:5F59H         LINE#         133
  C:5F62H         LINE#         134
  C:5F6BH         LINE#         137
  C:5F6BH         LINE#         139
  C:5F80H         LINE#         140
  C:5F80H         LINE#         141
  C:5F8DH         LINE#         142
  C:5F9AH         LINE#         147
  C:5F9AH         LINE#         149
  C:5FA3H         LINE#         225
  C:5FC5H         LINE#         226
  C:5FD8H         LINE#         227
  C:5FE8H         LINE#         228
  C:5FF1H         LINE#         229
  C:5FF7H         LINE#         230
  C:6011H         LINE#         231
  C:6018H         LINE#         232
  C:6034H         LINE#         233
  C:604AH         LINE#         234
BL51 BANKED LINKER/LOCATER V6.22                                                      06/30/2010  15:15:50  PAGE 22


  C:6062H         LINE#         235
  C:606FH         LINE#         236
  C:609CH         LINE#         237
  C:60AAH         LINE#         240
  C:60AEH         LINE#         241
  C:60BDH         LINE#         242
  C:60D7H         LINE#         243
  C:60DEH         LINE#         244
  C:60F6H         LINE#         245
  C:6110H         LINE#         246
  C:612EH         LINE#         247
  C:6148H         LINE#         248
  C:6162H         LINE#         249
  C:6172H         LINE#         250
  C:6181H         LINE#         251
  C:6199H         LINE#         252
  C:61BEH         LINE#         253
  C:61D4H         LINE#         254
  C:61ECH         LINE#         255
  C:6211H         LINE#         256
  C:623EH         LINE#         257
  C:624CH         LINE#         259
  C:6268H         LINE#         260
  C:627BH         LINE#         261
  C:62B3H         LINE#         262
  C:62B6H         LINE#         263
  C:62E6H         LINE#         265
  C:62FDH         LINE#         266
  C:6314H         LINE#         267
  C:6337H         LINE#         268
  C:6339H         LINE#         269
  C:6344H         LINE#         270
  C:6346H         LINE#         271
  C:634FH         LINE#         272
  C:6367H         LINE#         273
  C:638CH         LINE#         274
  C:63A6H         LINE#         275
  C:63C0H         LINE#         276
  C:63E3H         LINE#         278
  C:6402H         LINE#         280
  C:6410H         LINE#         281
  C:641FH         LINE#         282
  C:643EH         LINE#         283
  C:644DH         LINE#         284
  C:646CH         LINE#         285
  C:647BH         LINE#         286
  C:649AH         LINE#         290
  C:64A8H         LINE#         291
  C:64B7H         LINE#         292
  C:64D6H         LINE#         293
  C:64E5H         LINE#         294
  C:6504H         LINE#         295
  C:6513H         LINE#         296
  C:6532H         LINE#         297
  C:6552H         LINE#         298
  C:6572H         LINE#         300
  C:6580H         LINE#         301
BL51 BANKED LINKER/LOCATER V6.22                                                      06/30/2010  15:15:50  PAGE 23


  C:658FH         LINE#         302
  C:65AEH         LINE#         303
  C:65BDH         LINE#         304
  C:65DCH         LINE#         305
  C:65EBH         LINE#         306
  C:660AH         LINE#         310
  C:662CH         LINE#         311
  C:663FH         LINE#         312
  C:664FH         LINE#         313
  C:6658H         LINE#         314
  C:665EH         LINE#         315
  C:6678H         LINE#         316
  C:667FH         LINE#         317
  C:669BH         LINE#         318
  C:66B1H         LINE#         319
  C:66C9H         LINE#         320
  C:66D6H         LINE#         321
  C:6703H         LINE#         322
  C:6711H         LINE#         324
  C:6715H         LINE#         325
  C:6723H         LINE#         326
  C:673DH         LINE#         327
  C:6744H         LINE#         328
  C:675CH         LINE#         329
  C:6776H         LINE#         330
  C:6794H         LINE#         331
  C:67AEH         LINE#         332
  C:67C8H         LINE#         333
  C:67D8H         LINE#         334
  C:67E7H         LINE#         335
  C:67FFH         LINE#         336
  C:6824H         LINE#         337
  C:683AH         LINE#         338
  C:6852H         LINE#         339
  C:6877H         LINE#         340
  C:68A4H         LINE#         341
  C:68B2H         LINE#         343
  C:68CEH         LINE#         344
  C:68E1H         LINE#         345
  C:6919H         LINE#         346
  C:691CH         LINE#         347
  C:694CH         LINE#         349
  C:6963H         LINE#         350
  C:697AH         LINE#         351
  C:699DH         LINE#         352
  C:699FH         LINE#         353
  C:69AAH         LINE#         354
  C:69ACH         LINE#         355
  C:69B5H         LINE#         356
  C:69CDH         LINE#         357
  C:69F2H         LINE#         358
  C:6A0CH         LINE#         359
  C:6A26H         LINE#         360
  C:6A49H         LINE#         361
  C:6A6AH         LINE#         362
  C:6A71H         LINE#         363
  C:6A92H         LINE#         364
BL51 BANKED LINKER/LOCATER V6.22                                                      06/30/2010  15:15:50  PAGE 24


  C:6A99H         LINE#         365
  C:6ABAH         LINE#         366
  C:6AC1H         LINE#         367
  C:6AC4H         LINE#         370
  -------         ENDPROC       SETUP_ADC
  -------         ENDMOD        SETUP_ADC

  -------         MODULE        SETUP_BKCD
  C:0000H         SYMBOL        _ICE_DUMMY_
  D:0080H         PUBLIC        P0
  D:0090H         PUBLIC        P1
  D:00B0H         PUBLIC        P3
  B:00A8H.7       PUBLIC        EA
  D:00D8H         PUBLIC        ADCSTAT
  B:00E8H.3       PUBLIC        I2CM
  D:00D2H         PUBLIC        ADC0CON1
  D:00E6H         PUBLIC        ADC0CON2
  B:00A8H.6       PUBLIC        EADC
  D:00A8H         PUBLIC        IE
  D:00BCH         PUBLIC        EDATA1
  D:009DH         PUBLIC        T3FD
  D:00BDH         PUBLIC        EDATA2
  D:00BEH         PUBLIC        EDATA3
  D:00BFH         PUBLIC        EDATA4
  B:00A8H.4       PUBLIC        ES
  D:00D4H         PUBLIC        SF
  D:00B8H         PUBLIC        IP
  B:00D8H.7       PUBLIC        RDY0
  D:00E8H         PUBLIC        I2CCON
  D:00B9H         PUBLIC        ECON
  D:00FDH         PUBLIC        DACCON
  D:0087H         PUBLIC        PCON
  C:8EBCH         PUBLIC        setup
  D:0098H         PUBLIC        SCON
  D:0089H         PUBLIC        TMOD
  D:0088H         PUBLIC        TCON
  B:00C0H.0       PUBLIC        WDWR
  D:00D7H         PUBLIC        PLLCON
  B:00A8H.5       PUBLIC        ET2
  D:00F8H         PUBLIC        SPICON
  B:00E8H.6       PUBLIC        MDE
  B:00C8H.2       PUBLIC        TR2
  B:00E8H.5       PUBLIC        MCO
  B:00E8H.7       PUBLIC        MDO
  D:00C7H         PUBLIC        EADRH
  D:00C8H         PUBLIC        T2CON
  D:009EH         PUBLIC        T3CON
  D:00C6H         PUBLIC        EADRL
  D:00D1H         PUBLIC        ADCMODE
  D:00D0H         PUBLIC        PSW
  D:00C0H         PUBLIC        WDCON
  -------         PROC          SETUP
  -------         DO            
  X:003FH         SYMBOL        i1
  D:0018H         SYMBOL        tmpadc
  D:001AH         SYMBOL        ADR_E
  D:001CH         SYMBOL        CM1
BL51 BANKED LINKER/LOCATER V6.22                                                      06/30/2010  15:15:50  PAGE 25


  D:001EH         SYMBOL        CM2
  -------         ENDDO         
  C:8EBCH         LINE#         38
  C:8EBCH         LINE#         39
  C:8EBCH         LINE#         71
  C:8EBFH         LINE#         72
  C:8EC2H         LINE#         73
  C:8EC4H         LINE#         74
  C:8EC9H         LINE#         75
  C:8ECBH         LINE#         77
  C:8ED0H         LINE#         79
  C:8ED5H         LINE#         82
  C:8ED8H         LINE#         85
  C:8EE0H         LINE#         86
  C:8EE3H         LINE#         87
  C:8EE5H         LINE#         88
  C:8EE7H         LINE#         89
  C:8EE9H         LINE#         90
  C:8EEBH         LINE#         91
  C:8EEEH         LINE#         92
  C:8EF1H         LINE#         100
  C:8EF4H         LINE#         101
  C:8EF7H         LINE#         123
  C:8FAFH         LINE#         124
  C:9067H         LINE#         125
  C:911FH         LINE#         126
  C:91D7H         LINE#         134
  C:91DAH         LINE#         136
  C:91DDH         LINE#         137
  C:91E0H         LINE#         138
  C:91E3H         LINE#         139
  C:91E6H         LINE#         140
  C:91E8H         LINE#         141
  C:91EBH         LINE#         142
  C:91F0H         LINE#         155
  -------         ENDPROC       SETUP
  -------         ENDMOD        SETUP_BKCD

  -------         MODULE        TASK3_BKCD
  C:0000H         SYMBOL        _ICE_DUMMY_
  D:0080H         PUBLIC        P0
  C:96AAH         PUBLIC        TAB_ADC
  D:0090H         PUBLIC        P1
  D:00A0H         PUBLIC        P2
  D:00B0H         PUBLIC        P3
  D:00D8H         PUBLIC        ADCSTAT
  X:0400H         PUBLIC        Str_BX1_A
  X:0100H         PUBLIC        BUF_N
  D:00D2H         PUBLIC        ADC0CON1
  D:00E6H         PUBLIC        ADC0CON2
  D:00A8H         PUBLIC        IE
  X:0200H         PUBLIC        BUF_S
  D:00FCH         PUBLIC        DACH
  X:01C0H         PUBLIC        BUF_T
  X:021EH         PUBLIC        REL1_ON
  X:0140H         PUBLIC        BUF_U
  X:0220H         PUBLIC        REL2_ON
BL51 BANKED LINKER/LOCATER V6.22                                                      06/30/2010  15:15:50  PAGE 26


  D:006CH         PUBLIC        new_zn
  D:00FBH         PUBLIC        DACL
  B:00B0H.7       PUBLIC        RD
  D:00D4H         PUBLIC        SF
  D:00B8H         PUBLIC        IP
  B:00D8H.7       PUBLIC        RDY0
  D:00E8H         PUBLIC        I2CCON
  B:0022H.0       PUBLIC        fl_n
  I:00D2H         PUBLIC        PNT_BUF_TD
  X:0222H         PUBLIC        z1
  X:0223H         PUBLIC        z2
  X:0224H         PUBLIC        z3
  X:0225H         PUBLIC        z4
  D:0098H         PUBLIC        SCON
  D:0088H         PUBLIC        TCON
  X:0226H         PUBLIC        BX_A
  X:0236H         PUBLIC        TABX_CH_A
  D:00A5H         PUBLIC        HOUR
  D:00DBH         PUBLIC        ADC0H
  D:00A2H         PUBLIC        HTHSEC
  I:00D6H         PUBLIC        cmr
  D:00DAH         PUBLIC        ADC0M
  X:0680H         PUBLIC        Str_CH_A
  C:0026H         PUBLIC        _task_3
  I:00DAH         PUBLIC        CMRX1_K1
  X:07B4H         PUBLIC        Str_TDAT
  I:00DEH         PUBLIC        CMRX1_K2
  I:00E2H         PUBLIC        CMRX2_K1
  B:0022H.1       PUBLIC        fl_v_dol
  I:00E4H         PUBLIC        CMRX2_K2
  D:00F8H         PUBLIC        SPICON
  X:0246H         PUBLIC        REL1_OFF
  X:0248H         PUBLIC        REL2_OFF
  X:0180H         PUBLIC        BUF_FP
  X:05E0H         PUBLIC        Str_BX_A
  B:00E8H.6       PUBLIC        MDE
  X:024AH         PUBLIC        Ves_kol
  B:00E8H.4       PUBLIC        MDI
  B:0080H.3       PUBLIC        RELE1
  D:00A3H         PUBLIC        SEC
  X:024CH         PUBLIC        copy_dol
  B:00E8H.5       PUBLIC        MCO
  B:00E8H.7       PUBLIC        MDO
  D:00A4H         PUBLIC        MIN
  D:00C8H         PUBLIC        T2CON
  X:0250H         PUBLIC        vel_dol
  X:0254H         PUBLIC        TABX_DAT
  X:07B0H         PUBLIC        ZG_TABX_DAT
  X:0256H         PUBLIC        BX1_A
  X:0286H         PUBLIC        cnt_kol
  D:00D1H         PUBLIC        ADCMODE
  X:0288H         PUBLIC        Mom_tr
  X:028AH         PUBLIC        cnt_ves
  D:00D0H         PUBLIC        PSW
  D:00C0H         PUBLIC        WDCON
  -------         PROC          _TASK_3
  X:0062H         SYMBOL        kan
BL51 BANKED LINKER/LOCATER V6.22                                                      06/30/2010  15:15:50  PAGE 27


  -------         DO            
  X:0063H         SYMBOL        pods
  I:008DH         SYMBOL        kan_sl
  I:008EH         SYMBOL        BX_KPH
  I:0092H         SYMBOL        BX_KOD
  D:0066H         SYMBOL        tmp2
  I:0094H         SYMBOL        zadc
  D:006AH         SYMBOL        tmpadc
  I:0095H         SYMBOL        TEMP_1
  X:0065H         SYMBOL        tmp_int
  I:0099H         SYMBOL        i11
  X:0067H         SYMBOL        tmp_ch
  X:0068H         SYMBOL        tmp_ch2
  I:009AH         SYMBOL        per
  I:009CH         SYMBOL        wadc
  I:009DH         SYMBOL        N_CH
  I:009EH         SYMBOL        tm
  C:5EB4H         SYMBOL        PPK
  C:3D7FH         SYMBOL        PR
  -------         DO            
  X:0069H         SYMBOL        a1
  -------         ENDDO         
  -------         DO            
  D:0057H         SYMBOL        g
  D:0058H         SYMBOL        g1
  X:0069H         SYMBOL        adcbuf
  -------         DO            
  D:004DH         SYMBOL        k
  D:004EH         SYMBOL        k1
  D:004FH         SYMBOL        P1
  D:0053H         SYMBOL        P2
  -------         DO            
  I:0070H         SYMBOL        tmpadc_t
  -------         ENDDO         
  -------         ENDDO         
  -------         ENDDO         
  -------         DO            
  D:005DH         SYMBOL        g
  D:005EH         SYMBOL        g1
  D:005FH         SYMBOL        adcbuf
  I:0078H         SYMBOL        WK_1
  -------         DO            
  X:0069H         SYMBOL        c_P0
  -------         ENDDO         
  -------         DO            
  X:0069H         SYMBOL        c_P0
  -------         ENDDO         
  -------         DO            
  D:0059H         SYMBOL        TEMP_l
  I:0074H         SYMBOL        tmp_p
  -------         ENDDO         
  -------         ENDDO         
  -------         DO            
  X:0069H         SYMBOL        c_P2
  X:006AH         SYMBOL        cik
  -------         ENDDO         
  -------         DO            
BL51 BANKED LINKER/LOCATER V6.22                                                      06/30/2010  15:15:50  PAGE 28


  I:0079H         SYMBOL        tmpadc_t
  -------         ENDDO         
  -------         DO            
  X:0069H         SYMBOL        c_P0
  I:007DH         SYMBOL        A1
  I:0081H         SYMBOL        A1
  I:0085H         SYMBOL        A1
  -------         ENDDO         
  -------         DO            
  I:007DH         SYMBOL        A1
  I:0081H         SYMBOL        A1
  I:0085H         SYMBOL        A1
  -------         ENDDO         
  -------         DO            
  I:0081H         SYMBOL        A1
  I:0085H         SYMBOL        A1
  -------         ENDDO         
  -------         DO            
  I:0085H         SYMBOL        A1
  -------         ENDDO         
  -------         DO            
  I:0089H         SYMBOL        tmpadc_t
  -------         ENDDO         
  -------         DO            
  D:0065H         SYMBOL        ind
  -------         ENDDO         
  -------         ENDDO         
  C:0026H         LINE#         85
  C:002BH         LINE#         86
  C:002BH         LINE#         88
  C:0033H         LINE#         90
  C:0037H         LINE#         91
  C:0040H         LINE#         92
  C:0047H         LINE#         93
  C:0053H         LINE#         94
  C:0057H         LINE#         95
  C:005DH         LINE#         100
  C:0066H         LINE#         101
  C:006EH         LINE#         103
  C:0073H         LINE#         104
  C:0078H         LINE#         105
  C:007FH         LINE#         107
  C:0083H         LINE#         108
  C:0087H         LINE#         109
  C:0090H         LINE#         135
  C:0096H         LINE#         136
  C:0096H         LINE#         152
  C:00A9H         LINE#         153
  C:00A9H         LINE#         154
  C:00C1H         LINE#         156
  C:013DH         LINE#         157
  C:013DH         LINE#         158
  C:013DH         LINE#         159
  C:013DH         LINE#         160
  C:0146H         LINE#         162
  C:0149H         LINE#         163
  C:014CH         LINE#         164
BL51 BANKED LINKER/LOCATER V6.22                                                      06/30/2010  15:15:50  PAGE 29


  C:0164H         LINE#         165
  C:019CH         LINE#         166
  C:01ABH         LINE#         167
  C:01B5H         LINE#         168
  C:01B8H         LINE#         172
  C:01CBH         LINE#         173
  C:01CBH         LINE#         174
  C:0212H         LINE#         175
  C:0212H         LINE#         176
  C:025EH         LINE#         177
  C:029BH         LINE#         179
  C:02BEH         LINE#         180
  C:02CCH         LINE#         182
  C:0307H         LINE#         191
  C:0325H         LINE#         193
  C:0325H         LINE#         194
  C:032EH         LINE#         195
  C:032FH         LINE#         196
  C:032FH         LINE#         211
  C:033EH         LINE#         212
  C:033EH         LINE#         252
  C:034DH         LINE#         253
  C:034DH         LINE#         254
  C:0364H         LINE#         255
  C:036AH         LINE#         256
  C:0370H         LINE#         257
  C:038EH         LINE#         258
  C:03A7H         LINE#         259
  C:04F5H         LINE#         260
  C:04F5H         LINE#         261
  C:0504H         LINE#         262
  C:0504H         LINE#         263
  C:0522H         LINE#         264
  C:0528H         LINE#         265
  C:052EH         LINE#         266
  C:054CH         LINE#         267
  C:0565H         LINE#         268
  C:06B3H         LINE#         269
  C:06B3H         LINE#         270
  C:06C2H         LINE#         271
  C:06C2H         LINE#         272
  C:06E0H         LINE#         273
  C:06E6H         LINE#         274
  C:06ECH         LINE#         275
  C:070AH         LINE#         276
  C:0723H         LINE#         277
  C:0871H         LINE#         278
  C:0871H         LINE#         310
  C:0880H         LINE#         311
  C:0886H         LINE#         312
  C:089EH         LINE#         313
  C:08A8H         LINE#         314
  C:08BEH         LINE#         315
  C:08BEH         LINE#         316
  C:08C2H         LINE#         318
  C:08CCH         LINE#         319
  C:08FFH         LINE#         320
BL51 BANKED LINKER/LOCATER V6.22                                                      06/30/2010  15:15:50  PAGE 30


  C:0908H         LINE#         322
  C:091FH         LINE#         323
  C:096BH         LINE#         324
  C:096BH         LINE#         325
  C:096FH         LINE#         326
  C:0971H         LINE#         328
  C:097BH         LINE#         329
  C:09AEH         LINE#         331
  C:09AEH         LINE#         332
  C:09E2H         LINE#         333
  C:09E2H         LINE#         334
  C:0A42H         LINE#         335
  C:0A7DH         LINE#         336
  C:0A98H         LINE#         337
  C:0AF5H         LINE#         338
  C:0B39H         LINE#         339
  C:0B57H         LINE#         340
  C:0B8FH         LINE#         341
  C:0B91H         LINE#         343
  C:0BBFH         LINE#         344
  C:0BBFH         LINE#         345
  C:0BC1H         LINE#         347
  C:0BC1H         LINE#         348
  C:0BEFH         LINE#         349
  C:0BEFH         LINE#         351
  C:0BFDH         LINE#         352
  C:0C03H         LINE#         353
  C:0C09H         LINE#         354
  C:0C25H         LINE#         355
  C:0D73H         LINE#         356
  C:0D73H         LINE#         358
  C:0D82H         LINE#         359
  C:0D82H         LINE#         360
  C:0D9AH         LINE#         361
  C:0DA0H         LINE#         362
  C:0DA6H         LINE#         363
  C:0DC4H         LINE#         364
  C:0F12H         LINE#         365
  C:0F12H         LINE#         378
  C:0F12H         LINE#         381
  C:0F1FH         LINE#         382
  C:0F1FH         LINE#         384
  C:0F23H         LINE#         385
  C:0F28H         LINE#         387
  C:0F2BH         LINE#         388
  C:0F2FH         LINE#         389
  C:0F40H         LINE#         390
  C:0F40H         LINE#         391
  C:0F4CH         LINE#         392
  C:0F4FH         LINE#         393
  C:0F6EH         LINE#         394
  C:0F93H         LINE#         395
  C:0F99H         LINE#         396
  C:0FB3H         LINE#         397
  C:0FBCH         LINE#         398
  C:0FC7H         LINE#         401
  C:0FD2H         LINE#         402
BL51 BANKED LINKER/LOCATER V6.22                                                      06/30/2010  15:15:50  PAGE 31


  C:0FD2H         LINE#         405
  C:0FD2H         LINE#         406
  C:0FD6H         LINE#         407
  C:0FD6H         LINE#         408
  C:0FDEH         LINE#         409
  C:0FF4H         LINE#         410
  C:0FF4H         LINE#         411
  C:100CH         LINE#         412
  C:1018H         LINE#         413
  C:103EH         LINE#         415
  C:1041H         LINE#         416
  C:1044H         LINE#         417
  C:105CH         LINE#         418
  C:11A5H         LINE#         419
  C:11A5H         LINE#         421
  C:11B1H         LINE#         422
  C:11D7H         LINE#         423
  C:11DAH         LINE#         424
  C:11DDH         LINE#         425
  C:11F5H         LINE#         426
  C:133EH         LINE#         427
  C:133EH         LINE#         428
  C:1347H         LINE#         429
  C:1347H         LINE#         431
  C:134FH         LINE#         432
  C:134FH         LINE#         433
  C:1356H         LINE#         434
  C:1356H         LINE#         463
  C:1371H         LINE#         464
  C:1371H         LINE#         465
  C:138FH         LINE#         466
  C:139CH         LINE#         467
  C:139CH         LINE#         468
  C:13B5H         LINE#         469
  C:13D2H         LINE#         470
  C:13D2H         LINE#         472
  C:13EAH         LINE#         473
  C:141EH         LINE#         474
  C:141EH         LINE#         482
  C:142FH         LINE#         483
  C:1440H         LINE#         484
  C:1451H         LINE#         485
  C:1462H         LINE#         487
  C:1462H         LINE#         489
  C:146BH         LINE#         490
  C:146BH         LINE#         492
  C:1476H         LINE#         493
  C:147FH         LINE#         496
  C:1494H         LINE#         497
  C:14A9H         LINE#         499
  C:14A9H         LINE#         501
  C:14BAH         LINE#         502
  C:14BAH         LINE#         506
  C:14BEH         LINE#         508
  C:14C6H         LINE#         509
  C:14DCH         LINE#         510
  C:14DCH         LINE#         511
BL51 BANKED LINKER/LOCATER V6.22                                                      06/30/2010  15:15:50  PAGE 32


  C:1548H         LINE#         512
  C:1553H         LINE#         513
  C:1553H         LINE#         514
  C:155CH         LINE#         516
  C:1568H         LINE#         517
  C:1568H         LINE#         519
  C:1581H         LINE#         520
  C:15AAH         LINE#         521
  C:15BFH         LINE#         522
  C:15BFH         LINE#         523
  C:15BFH         LINE#         580
  C:15D0H         LINE#         581
  C:15D0H         LINE#         585
  C:15D4H         LINE#         587
  C:15DCH         LINE#         588
  C:15EFH         LINE#         589
  C:15EFH         LINE#         590
  C:160CH         LINE#         591
  C:1617H         LINE#         592
  C:1617H         LINE#         593
  C:161FH         LINE#         595
  C:162EH         LINE#         596
  C:162EH         LINE#         599
  C:1647H         LINE#         600
  C:1672H         LINE#         603
  C:1687H         LINE#         608
  C:168AH         LINE#         610
  C:16A1H         LINE#         611
  C:16D9H         LINE#         612
  C:16E8H         LINE#         616
  C:1701H         LINE#         627
  C:1707H         LINE#         628
  C:1722H         LINE#         632
  C:1737H         LINE#         636
  C:1750H         LINE#         638
  C:177DH         LINE#         641
  C:177DH         LINE#         642
  C:17B9H         LINE#         643
  C:17CAH         LINE#         645
  C:1806H         LINE#         646
  C:1816H         LINE#         648
  C:1852H         LINE#         649
  C:1860H         LINE#         650
  C:1860H         LINE#         651
  C:1860H         LINE#         656
  C:1875H         LINE#         658
  C:1875H         LINE#         659
  C:1875H         LINE#         661
  C:1886H         LINE#         662
  C:1886H         LINE#         666
  C:188AH         LINE#         668
  C:1892H         LINE#         669
  C:18A5H         LINE#         670
  C:18A5H         LINE#         671
  C:18C6H         LINE#         672
  C:18D1H         LINE#         673
  C:18D1H         LINE#         674
BL51 BANKED LINKER/LOCATER V6.22                                                      06/30/2010  15:15:50  PAGE 33


  C:18D9H         LINE#         676
  C:18E5H         LINE#         677
  C:18E5H         LINE#         680
  C:18FEH         LINE#         681
  C:1928H         LINE#         684
  C:193DH         LINE#         686
  C:193DH         LINE#         689
  C:193DH         LINE#         691
  C:194EH         LINE#         692
  C:194EH         LINE#         696
  C:1952H         LINE#         698
  C:195AH         LINE#         699
  C:196DH         LINE#         700
  C:196DH         LINE#         701
  C:198EH         LINE#         702
  C:1999H         LINE#         703
  C:1999H         LINE#         704
  C:19A1H         LINE#         706
  C:19B0H         LINE#         707
  C:19B0H         LINE#         708
  C:19B6H         LINE#         709
  C:19B6H         LINE#         710
  C:19B8H         LINE#         711
  C:19E6H         LINE#         712
  C:19E6H         LINE#         713
  C:1A00H         LINE#         714
  C:1A00H         LINE#         715
  C:1A09H         LINE#         716
  C:1A23H         LINE#         717
  C:1A23H         LINE#         718
  C:1A57H         LINE#         719
  C:1A72H         LINE#         720
  C:1A8DH         LINE#         721
  C:1A9DH         LINE#         722
  C:1A9DH         LINE#         723
  C:1AB9H         LINE#         724
  C:1AB9H         LINE#         725
  C:1AEDH         LINE#         726
  C:1B08H         LINE#         727
  C:1B23H         LINE#         728
  C:1B33H         LINE#         729
  C:1B33H         LINE#         730
  C:1B4FH         LINE#         731
  C:1B4FH         LINE#         732
  C:1B78H         LINE#         733
  C:1B93H         LINE#         734
  C:1BAEH         LINE#         735
  C:1BBEH         LINE#         736
  C:1BBEH         LINE#         737
  C:1BDAH         LINE#         738
  C:1BDAH         LINE#         739
  C:1C0EH         LINE#         740
  C:1C29H         LINE#         741
  C:1C44H         LINE#         742
  C:1C54H         LINE#         743
  C:1C54H         LINE#         744
  C:1C6FH         LINE#         745
BL51 BANKED LINKER/LOCATER V6.22                                                      06/30/2010  15:15:50  PAGE 34


  C:1C72H         LINE#         747
  C:1C72H         LINE#         748
  C:1C8CH         LINE#         749
  C:1CEEH         LINE#         750
  C:1D09H         LINE#         751
  C:1D6BH         LINE#         752
  C:1D86H         LINE#         753
  C:1DB9H         LINE#         754
  C:1DD4H         LINE#         755
  C:1E36H         LINE#         756
  C:1E36H         LINE#         757
  C:1E36H         LINE#         759
  C:1E39H         LINE#         760
  C:1E3CH         LINE#         761
  C:1E54H         LINE#         762
  C:1E67H         LINE#         763
  C:1FB0H         LINE#         765
  C:1FB0H         LINE#         767
  C:1FC3H         LINE#         768
  C:1FCCH         LINE#         770
  C:1FE6H         LINE#         771
  C:1FE6H         LINE#         772
  C:1FFFH         LINE#         773
  C:2012H         LINE#         774
  C:205EH         LINE#         776
  C:2071H         LINE#         777
  C:20BDH         LINE#         779
  C:20D0H         LINE#         780
  C:211CH         LINE#         782
  C:2132H         LINE#         783
  C:2162H         LINE#         784
  C:2165H         LINE#         786
  C:2165H         LINE#         788
  C:217FH         LINE#         789
  C:21AFH         LINE#         790
  C:21CAH         LINE#         791
  C:21DDH         LINE#         792
  C:21E9H         LINE#         794
  C:2219H         LINE#         795
  C:2234H         LINE#         796
  C:2247H         LINE#         797
  C:2253H         LINE#         799
  C:2283H         LINE#         800
  C:229EH         LINE#         801
  C:22B1H         LINE#         802
  C:22BDH         LINE#         804
  C:22EDH         LINE#         805
  C:22EDH         LINE#         807
  C:22FEH         LINE#         808
  C:230BH         LINE#         811
  C:2320H         LINE#         812
  C:2335H         LINE#         815
  C:2335H         LINE#         816
  C:2335H         LINE#         821
  C:2346H         LINE#         822
  C:2346H         LINE#         826
  C:234AH         LINE#         828
BL51 BANKED LINKER/LOCATER V6.22                                                      06/30/2010  15:15:50  PAGE 35


  C:2352H         LINE#         829
  C:2365H         LINE#         830
  C:2365H         LINE#         831
  C:2382H         LINE#         832
  C:238DH         LINE#         833
  C:238DH         LINE#         834
  C:2395H         LINE#         836
  C:23B9H         LINE#         837
  C:23BBH         LINE#         838
  C:23E9H         LINE#         839
  C:23E9H         LINE#         842
  C:2403H         LINE#         843
  C:2403H         LINE#         844
  C:240CH         LINE#         845
  C:2426H         LINE#         846
  C:2426H         LINE#         847
  C:245AH         LINE#         848
  C:2475H         LINE#         849
  C:2490H         LINE#         850
  C:24A0H         LINE#         851
  C:24A0H         LINE#         852
  C:24BCH         LINE#         853
  C:24BCH         LINE#         854
  C:24F0H         LINE#         855
  C:250BH         LINE#         856
  C:2526H         LINE#         857
  C:2536H         LINE#         858
  C:2536H         LINE#         859
  C:2552H         LINE#         860
  C:2552H         LINE#         861
  C:257BH         LINE#         862
  C:2596H         LINE#         863
  C:25B1H         LINE#         864
  C:25C1H         LINE#         865
  C:25C1H         LINE#         866
  C:25DDH         LINE#         867
  C:25DDH         LINE#         868
  C:2611H         LINE#         869
  C:262CH         LINE#         870
  C:2647H         LINE#         871
  C:2657H         LINE#         872
  C:2657H         LINE#         873
  C:2672H         LINE#         874
  C:2675H         LINE#         876
  C:2675H         LINE#         877
  C:268FH         LINE#         878
  C:26F1H         LINE#         879
  C:270CH         LINE#         880
  C:276EH         LINE#         881
  C:2789H         LINE#         882
  C:27BCH         LINE#         883
  C:27D7H         LINE#         884
  C:2839H         LINE#         885
  C:2839H         LINE#         898
  C:283CH         LINE#         899
  C:283FH         LINE#         900
  C:2857H         LINE#         901
BL51 BANKED LINKER/LOCATER V6.22                                                      06/30/2010  15:15:50  PAGE 36


  C:286AH         LINE#         902
  C:29B3H         LINE#         904
  C:29B3H         LINE#         905
  C:29B3H         LINE#         916
  C:29C6H         LINE#         917
  C:29CFH         LINE#         918
  C:29E9H         LINE#         919
  C:29E9H         LINE#         920
  C:2A02H         LINE#         921
  C:2A15H         LINE#         922
  C:2A60H         LINE#         924
  C:2A73H         LINE#         925
  C:2ABEH         LINE#         927
  C:2AD1H         LINE#         928
  C:2B1CH         LINE#         930
  C:2B32H         LINE#         931
  C:2B61H         LINE#         932
  C:2B64H         LINE#         934
  C:2B64H         LINE#         935
  C:2B7EH         LINE#         936
  C:2BADH         LINE#         937
  C:2BC8H         LINE#         938
  C:2BDBH         LINE#         939
  C:2BE4H         LINE#         941
  C:2C13H         LINE#         942
  C:2C2EH         LINE#         943
  C:2C41H         LINE#         944
  C:2C4AH         LINE#         946
  C:2C79H         LINE#         947
  C:2C94H         LINE#         948
  C:2CA7H         LINE#         949
  C:2CB0H         LINE#         951
  C:2CDFH         LINE#         952
  C:2CDFH         LINE#         954
  C:2CECH         LINE#         955
  C:2CECH         LINE#         956
  C:2D13H         LINE#         957
  C:2D35H         LINE#         961
  C:2D45H         LINE#         962
  C:2D51H         LINE#         971
  C:2D66H         LINE#         972
  C:2D7BH         LINE#         973
  C:2D90H         LINE#         974
  C:2DA5H         LINE#         978
  C:2DA5H         LINE#         980
  C:2DA5H         LINE#         982
  C:2DB6H         LINE#         983
  C:2DB6H         LINE#         987
  C:2DBAH         LINE#         989
  C:2DC2H         LINE#         990
  C:2DD5H         LINE#         991
  C:2DD5H         LINE#         992
  C:2DF2H         LINE#         993
[...]
  C:3FDAH         LINE#         1314
  C:4017H         LINE#         1315
  C:4025H         LINE#         1316
  C:4025H         LINE#         1317
  C:4040H         LINE#         1318
  C:4040H         LINE#         1319
  C:407DH         LINE#         1320
  C:408BH         LINE#         1321
  C:40C8H         LINE#         1322
  C:40D6H         LINE#         1323
  C:40D6H         LINE#         1325
  C:40F1H         LINE#         1326
  C:40F1H         LINE#         1327
  C:412EH         LINE#         1328
  C:413CH         LINE#         1329
  C:4179H         LINE#         1330
  C:4187H         LINE#         1331
  C:4187H         LINE#         1333
  C:41A2H         LINE#         1334
  C:41A2H         LINE#         1335
  C:41DFH         LINE#         1336
  C:41EDH         LINE#         1337
  C:422AH         LINE#         1338
BL51 BANKED LINKER/LOCATER V6.22                                                      06/30/2010  15:15:50  PAGE 41


  C:4238H         LINE#         1339
  C:4238H         LINE#         1340
  C:4253H         LINE#         1341
  C:4253H         LINE#         1342
  C:4290H         LINE#         1343
  C:429EH         LINE#         1344
  C:42DBH         LINE#         1345
  C:42E9H         LINE#         1346
  C:42E9H         LINE#         1348
  C:4304H         LINE#         1349
  C:4304H         LINE#         1350
  C:4341H         LINE#         1351
  C:434FH         LINE#         1352
  C:438CH         LINE#         1353
  C:439AH         LINE#         1354
  C:439AH         LINE#         1356
  C:43B0H         LINE#         1357
  C:43B0H         LINE#         1359
  C:43B2H         LINE#         1360
  C:43C2H         LINE#         1362
  C:43D8H         LINE#         1363
  C:43D8H         LINE#         1365
  C:43DAH         LINE#         1366
  C:43EAH         LINE#         1368
  C:4402H         LINE#         1369
  C:4412H         LINE#         1371
  C:442AH         LINE#         1372
  C:443AH         LINE#         1373
  C:443AH         LINE#         1374
  C:443AH         LINE#         1375
  C:4440H         LINE#         1378
  C:4441H         LINE#         1380
  C:4441H         LINE#         1382
  C:444AH         LINE#         1384
  C:4481H         LINE#         1385
  C:4481H         LINE#         1386
  C:4499H         LINE#         1387
  C:450EH         LINE#         1388
  C:4513H         LINE#         1391
  C:4516H         LINE#         1392
  C:4518H         LINE#         1393
  C:4532H         LINE#         1396
  C:454CH         LINE#         1403
  C:4554H         LINE#         1404
  C:455CH         LINE#         1405
  C:4560H         LINE#         1407
  C:4560H         LINE#         1408
  C:456DH         LINE#         1409
  C:4573H         LINE#         1411
  C:4576H         LINE#         1412
  C:458DH         LINE#         1413
  C:45A5H         LINE#         1414
  C:4614H         LINE#         1415
  C:461CH         LINE#         1416
  C:461EH         LINE#         1417
  C:461EH         LINE#         1418
  C:4621H         LINE#         1420
BL51 BANKED LINKER/LOCATER V6.22                                                      06/30/2010  15:15:50  PAGE 42


  C:4638H         LINE#         1421
  C:4670H         LINE#         1423
  C:4683H         LINE#         1424
  C:468AH         LINE#         1428
  C:468DH         LINE#         1429
  C:4697H         LINE#         1430
  C:469AH         LINE#         1433
  C:469AH         LINE#         1446
  C:46B1H         LINE#         1447
  C:46B1H         LINE#         1448
  C:46C0H         LINE#         1449
  C:46DAH         LINE#         1450
  C:46DAH         LINE#         1453
  C:46F5H         LINE#         1454
  C:46F5H         LINE#         1456
  C:4708H         LINE#         1457
  C:4714H         LINE#         1458
  C:4716H         LINE#         1460
  C:4734H         LINE#         1461
  C:4774H         LINE#         1462
  C:4774H         LINE#         1465
  C:47BBH         LINE#         1466
  C:47C7H         LINE#         1467
  C:47E2H         LINE#         1468
  C:47FDH         LINE#         1469
  C:4818H         LINE#         1470
  C:4833H         LINE#         1471
  C:484EH         LINE#         1472
  C:4869H         LINE#         1474
  C:4881H         LINE#         1475
  C:4887H         LINE#         1476
  C:4887H         LINE#         1477
  C:488DH         LINE#         1478
  C:488DH         LINE#         1480
  C:48B3H         LINE#         1482
  C:48CBH         LINE#         1483
  C:48D1H         LINE#         1484
  C:48D1H         LINE#         1485
  C:48D7H         LINE#         1486
  C:48D7H         LINE#         1487
  C:4916H         LINE#         1488
  C:4931H         LINE#         1490
  C:494CH         LINE#         1493
  C:4956H         LINE#         1495
  C:4970H         LINE#         1496
  C:4970H         LINE#         1498
  C:498BH         LINE#         1499
  C:498BH         LINE#         1504
  C:499EH         LINE#         1505
  C:499EH         LINE#         1507
  C:49AAH         LINE#         1508
  C:49ACH         LINE#         1510
  C:49ACH         LINE#         1511
  C:49CAH         LINE#         1512
  C:4A0AH         LINE#         1513
  C:4A0AH         LINE#         1516
  C:4A1FH         LINE#         1517
BL51 BANKED LINKER/LOCATER V6.22                                                      06/30/2010  15:15:50  PAGE 43


  C:4A2BH         LINE#         1518
  C:4A40H         LINE#         1519
  C:4A4CH         LINE#         1521
  C:4A67H         LINE#         1522
  C:4A82H         LINE#         1523
  C:4A9DH         LINE#         1524
  C:4AB8H         LINE#         1525
  C:4AD3H         LINE#         1526
  C:4AEEH         LINE#         1532
  C:4B06H         LINE#         1533
  C:4B0CH         LINE#         1534
  C:4B0CH         LINE#         1535
  C:4B12H         LINE#         1536
  C:4B12H         LINE#         1538
  C:4B38H         LINE#         1541
  C:4B50H         LINE#         1542
  C:4B56H         LINE#         1543
  C:4B56H         LINE#         1544
  C:4B5CH         LINE#         1545
  C:4B5CH         LINE#         1546
  C:4B9BH         LINE#         1547
  C:4BB6H         LINE#         1549
  C:4BD1H         LINE#         1552
  C:4BDBH         LINE#         1553
  C:4BF5H         LINE#         1554
  C:4BF5H         LINE#         1557
  C:4C10H         LINE#         1558
  C:4C10H         LINE#         1559
  C:4C27H         LINE#         1560
  C:4C34H         LINE#         1561
  C:4C47H         LINE#         1562
  C:4C47H         LINE#         1563
  C:4C63H         LINE#         1564
  C:4C6BH         LINE#         1566
  C:4C79H         LINE#         1567
  C:4C79H         LINE#         1568
  C:4C9CH         LINE#         1569
  C:4CB6H         LINE#         1570
  C:4CB6H         LINE#         1571
  C:4CB6H         LINE#         1581
  C:4CD2H         LINE#         1582
  C:4CF4H         LINE#         1586
  C:4D11H         LINE#         1595
  C:4D25H         LINE#         1596
  C:4D25H         LINE#         1597
  C:4D3EH         LINE#         1598
  C:4D77H         LINE#         1599
  C:4D77H         LINE#         1600
  C:4DAAH         LINE#         1601
  C:4DB2H         LINE#         1603
  C:4DB5H         LINE#         1604
  C:4DCFH         LINE#         1605
  C:4DD2H         LINE#         1607
  C:4DDBH         LINE#         1608
  C:4E50H         LINE#         1611
  C:4E5AH         LINE#         1620
  C:4E5AH         LINE#         1621
BL51 BANKED LINKER/LOCATER V6.22                                                      06/30/2010  15:15:50  PAGE 44


  C:4E9DH         LINE#         1622
  C:4EB8H         LINE#         1623
  C:4EC8H         LINE#         1624
  C:4EDBH         LINE#         1625
  C:4EE4H         LINE#         1626
  C:4EF0H         LINE#         1627
  C:4F0FH         LINE#         1628
  C:4F29H         LINE#         1629
  C:4F45H         LINE#         1631
  C:4F47H         LINE#         1633
  C:4F47H         LINE#         1635
  C:4F72H         LINE#         1636
  C:4F8BH         LINE#         1637
  C:4FAFH         LINE#         1639
  C:4FAFH         LINE#         1645
  C:4FCAH         LINE#         1646
  C:4FCAH         LINE#         1647
  C:4FE1H         LINE#         1649
  C:4FEEH         LINE#         1650
  C:5001H         LINE#         1651
  C:5001H         LINE#         1652
  C:501DH         LINE#         1653
  C:5025H         LINE#         1655
  C:5036H         LINE#         1656
  C:5036H         LINE#         1657
  C:5058H         LINE#         1658
  C:5069H         LINE#         1659
  C:5069H         LINE#         1661
  C:5073H         LINE#         1662
  C:5073H         LINE#         1664
  C:50C5H         LINE#         1665
  C:511EH         LINE#         1667
  C:5131H         LINE#         1668
  C:5170H         LINE#         1669
  C:518BH         LINE#         1670
  C:51A6H         LINE#         1671
  C:51BDH         LINE#         1672
  C:51D8H         LINE#         1673
  C:51EFH         LINE#         1674
  C:520AH         LINE#         1675
  C:5225H         LINE#         1676
  C:5235H         LINE#         1677
  C:5248H         LINE#         1678
  C:5251H         LINE#         1679
  C:525DH         LINE#         1681
  C:525DH         LINE#         1683
  C:525DH         LINE#         1686
  C:5278H         LINE#         1687
  C:5278H         LINE#         1688
  C:528FH         LINE#         1689
  C:52ABH         LINE#         1690
  C:52ABH         LINE#         1691
  C:52ABH         LINE#         1692
  C:52CBH         LINE#         1693
  C:52CDH         LINE#         1694
  C:52CDH         LINE#         1695
  C:52CDH         LINE#         1696
BL51 BANKED LINKER/LOCATER V6.22                                                      06/30/2010  15:15:50  PAGE 45


  C:52ECH         LINE#         1697
  C:52EEH         LINE#         1698
  C:52EEH         LINE#         1699
  C:52EEH         LINE#         1700
  C:530CH         LINE#         1701
  C:530EH         LINE#         1702
  C:530EH         LINE#         1703
  C:530EH         LINE#         1704
  C:532BH         LINE#         1705
  C:532BH         LINE#         1706
  C:532BH         LINE#         1707
  C:532BH         LINE#         1714
  C:532BH         LINE#         1719
  C:5346H         LINE#         1720
  C:5346H         LINE#         1721
  C:5370H         LINE#         1722
  C:5379H         LINE#         1723
  C:5392H         LINE#         1724
  C:53A5H         LINE#         1725
  C:53F0H         LINE#         1726
  C:540BH         LINE#         1727
  C:541BH         LINE#         1728
  C:545AH         LINE#         1729
  C:549AH         LINE#         1731
  C:549AH         LINE#         1732
  C:54B9H         LINE#         1733
  C:54B9H         LINE#         1734
  C:54E3H         LINE#         1735
  C:54ECH         LINE#         1736
  C:5505H         LINE#         1737
  C:5518H         LINE#         1738
  C:5563H         LINE#         1739
  C:557EH         LINE#         1740
  C:558EH         LINE#         1741
  C:55CDH         LINE#         1742
  C:560DH         LINE#         1744
  C:560DH         LINE#         1746
  C:562CH         LINE#         1747
  C:562CH         LINE#         1748
  C:5656H         LINE#         1749
  C:565FH         LINE#         1750
  C:5678H         LINE#         1751
  C:568BH         LINE#         1752
  C:56D6H         LINE#         1753
  C:56F1H         LINE#         1754
  C:5701H         LINE#         1755
  C:5740H         LINE#         1756
  C:5750H         LINE#         1757
  C:5769H         LINE#         1759
  C:5780H         LINE#         1761
  C:5780H         LINE#         1770
  C:5799H         LINE#         1771
  C:57A9H         LINE#         1772
  C:57B0H         LINE#         1773
  C:57F2H         LINE#         1774
  C:57F2H         LINE#         1775
  C:57F6H         LINE#         1776
BL51 BANKED LINKER/LOCATER V6.22                                                      06/30/2010  15:15:50  PAGE 46


  C:5832H         LINE#         1777
  C:583BH         LINE#         1778
  C:589BH         LINE#         1779
  C:589BH         LINE#         1780
  C:589FH         LINE#         1781
  C:58A1H         LINE#         1782
  C:58B6H         LINE#         1783
  C:58ECH         LINE#         1785
  C:58ECH         LINE#         1786
  C:5929H         LINE#         1787
  C:5929H         LINE#         1788
  C:598EH         LINE#         1789
  C:59CEH         LINE#         1790
  C:59E5H         LINE#         1791
  C:5A4AH         LINE#         1792
  C:5A8BH         LINE#         1793
  C:5AA6H         LINE#         1794
  C:5AEAH         LINE#         1795
  C:5AECH         LINE#         1797
  C:5B1FH         LINE#         1798
  C:5B1FH         LINE#         1799
  C:5B21H         LINE#         1801
  C:5B21H         LINE#         1802
  C:5B54H         LINE#         1803
  C:5B54H         LINE#         1804
  C:5B56H         LINE#         1806
  C:5B65H         LINE#         1842
  C:5BAAH         LINE#         1843
  C:5BAAH         LINE#         1844
  C:5BC2H         LINE#         1845
  C:5BC8H         LINE#         1846
  C:5BC8H         LINE#         1847
  C:5BCEH         LINE#         1848
  C:5BCEH         LINE#         1850
  C:5C19H         LINE#         1852
  C:5C31H         LINE#         1853
  C:5C37H         LINE#         1854
  C:5C37H         LINE#         1855
  C:5C3DH         LINE#         1856
  C:5C3DH         LINE#         1857
  C:5C7CH         LINE#         1858
  C:5C97H         LINE#         1860
  C:5CB2H         LINE#         1861
  C:5CBCH         LINE#         1862
  C:5CBCH         LINE#         1864
  C:5CD6H         LINE#         1865
  C:5D01H         LINE#         1866
  C:5D1AH         LINE#         1870
  C:5D31H         LINE#         1871
  C:5D53H         LINE#         1872
  C:5D6AH         LINE#         1873
  C:5D8CH         LINE#         1875
  C:5D9FH         LINE#         1876
  C:5DA8H         LINE#         1883
  C:5DC3H         LINE#         1884
  C:5DC3H         LINE#         1885
  C:5DDFH         LINE#         1886
BL51 BANKED LINKER/LOCATER V6.22                                                      06/30/2010  15:15:50  PAGE 47


  C:5DFAH         LINE#         1887
  C:5E0AH         LINE#         1888
  C:5E1DH         LINE#         1889
  C:5E26H         LINE#         1890
  C:5E32H         LINE#         1891
  C:5E39H         LINE#         1892
  C:5E4CH         LINE#         1893
  C:5E55H         LINE#         1894
  C:5E55H         LINE#         1897
  C:5E6EH         LINE#         1898
  C:5E6EH         LINE#         1900
  C:5E89H         LINE#         1901
  C:5EA1H         LINE#         1902
  C:5EB4H         LINE#         1905
  C:5EB4H         LINE#         1906
  C:5EB4H         LINE#         1907
  C:5EB4H         LINE#         1908
  C:5EB4H         LINE#         1923
  -------         ENDPROC       _TASK_3
  -------         ENDMOD        TASK3_BKCD

  -------         MODULE        ?C_STARTUP
  C:9607H         SEGMENT       ?C_C51STARTUP
  C:0000H         PUBLIC        ?C_STARTUP
  D:00AFH         SYMBOL        CFG8XX
  N:0001H         SYMBOL        EXSP
  N:0000H         SYMBOL        IBPSTACK
  N:0100H         SYMBOL        IBPSTACKTOP
  N:0080H         SYMBOL        IDATALEN
  C:960DH         SYMBOL        IDATALOOP
  D:00A0H         SYMBOL        P2
  N:0000H         SYMBOL        PBPSTACK
  N:0000H         SYMBOL        PBPSTACKTOP
  N:0000H         SYMBOL        PDATALEN
  N:0000H         SYMBOL        PDATASTART
  N:0000H         SYMBOL        PPAGE
  N:0001H         SYMBOL        PPAGEENABLE
  D:0081H         SYMBOL        SP
  D:00B7H         SYMBOL        SPH
  N:00C0H         SYMBOL        STACKSIZE
  C:9607H         SYMBOL        STARTUP1
  N:0000H         SYMBOL        XBPSTACK
  N:0000H         SYMBOL        XBPSTACKTOP
  N:0800H         SYMBOL        XDATALEN
  C:9618H         SYMBOL        XDATALOOP
  N:0000H         SYMBOL        XDATASTART
  N:0001H         SYMBOL        XRAMEN
  N:0320H         SYMBOL        XSTACKSTART
  N:0081H         SYMBOL        _CFG8XX
  C:0000H         LINE#         167
  C:9607H         LINE#         176
  C:960AH         LINE#         180
  C:960CH         LINE#         181
  C:960DH         LINE#         182
  C:960EH         LINE#         183
  C:9610H         LINE#         187
  C:9613H         LINE#         188
BL51 BANKED LINKER/LOCATER V6.22                                                      06/30/2010  15:15:50  PAGE 48


  C:9615H         LINE#         192
  C:9617H         LINE#         194
  C:9618H         LINE#         195
  C:9619H         LINE#         196
  C:961AH         LINE#         197
  C:961CH         LINE#         198
  C:961EH         LINE#         202
  C:9621H         LINE#         233
  C:9624H         LINE#         234
  C:9627H         LINE#         248
  -------         ENDMOD        ?C_STARTUP

  -------         MODULE        ?C?FPADD
  C:83B8H         PUBLIC        ?C?FPADD
  C:83B4H         PUBLIC        ?C?FPSUB
  -------         ENDMOD        ?C?FPADD

  -------         MODULE        ?C?FPMUL
  C:84A9H         PUBLIC        ?C?FPMUL
  -------         ENDMOD        ?C?FPMUL

  -------         MODULE        ?C?FPDIV
  C:85B2H         PUBLIC        ?C?FPDIV
  -------         ENDMOD        ?C?FPDIV

  -------         MODULE        ?C?FPCMP
  C:8651H         PUBLIC        ?C?FPCMP
  C:864FH         PUBLIC        ?C?FPCMP3
  -------         ENDMOD        ?C?FPCMP

  -------         MODULE        ?C?FCAST
  C:86C6H         PUBLIC        ?C?FCASTC
  C:86C1H         PUBLIC        ?C?FCASTI
  C:86BCH         PUBLIC        ?C?FCASTL
  -------         ENDMOD        ?C?FCAST

  -------         MODULE        ?C?CASTF
  C:86FAH         PUBLIC        ?C?CASTF
  -------         ENDMOD        ?C?CASTF

  -------         MODULE        ?C?LMUL
  C:877BH         PUBLIC        ?C?LMUL
  -------         ENDMOD        ?C?LMUL

  -------         MODULE        ?C?ULDIV
  C:8806H         PUBLIC        ?C?ULDIV
  -------         ENDMOD        ?C?ULDIV

  -------         MODULE        ?C?LNEG
  C:8898H         PUBLIC        ?C?LNEG
  -------         ENDMOD        ?C?LNEG

  -------         MODULE        ?C?ULCMP
  C:88A6H         PUBLIC        ?C?ULCMP
  -------         ENDMOD        ?C?ULCMP

  -------         MODULE        ?C?ULSHR
BL51 BANKED LINKER/LOCATER V6.22                                                      06/30/2010  15:15:50  PAGE 49


  C:88B7H         PUBLIC        ?C?ULSHR
  -------         ENDMOD        ?C?ULSHR

  -------         MODULE        ?C?LSHL
  C:88CAH         PUBLIC        ?C?LSHL
  -------         ENDMOD        ?C?LSHL

  -------         MODULE        ?C?LLDIDATA
  C:88DDH         PUBLIC        ?C?LLDIDATA
  -------         ENDMOD        ?C?LLDIDATA

  -------         MODULE        ?C?LLDIDATA0
  C:88E9H         PUBLIC        ?C?LLDIDATA0
  -------         ENDMOD        ?C?LLDIDATA0

  -------         MODULE        ?C?LSTIDATA
  C:88F6H         PUBLIC        ?C?LSTIDATA
  -------         ENDMOD        ?C?LSTIDATA

  -------         MODULE        ?C?LSTXDATA
  C:8902H         PUBLIC        ?C?LSTXDATA
  -------         ENDMOD        ?C?LSTXDATA

  -------         MODULE        ?C?LSTKIDATA
  C:890EH         PUBLIC        ?C?LSTKIDATA
  -------         ENDMOD        ?C?LSTKIDATA

  -------         MODULE        ?C?LSTKXDATA
  C:8927H         PUBLIC        ?C?LSTKXDATA
  -------         ENDMOD        ?C?LSTKXDATA

  -------         MODULE        ?C?OFFXADD
  C:8958H         PUBLIC        ?C?OFFXADD
  -------         ENDMOD        ?C?OFFXADD

  -------         MODULE        ?C?CCASE
  C:8964H         PUBLIC        ?C?CCASE
  -------         ENDMOD        ?C?CCASE

Program Size: data=235.2 xdata=1558 code=38613
LINK/LOCATE RUN COMPLETE.  0 WARNING(S),  0 ERROR(S)
