BL51 BANKED LINKER/LOCATER V6.22                                                        07/26/2010  12:54:22  PAGE 1


BL51 BANKED LINKER/LOCATER V6.22, INVOKED BY:
C:\KEIL4\C51\BIN\BL51.EXE Main_bkcd.obj, Setup_ADC.obj, setup_bkcd.obj, task3_bkcd.obj, START_AD.obj TO 4-43_BKCD RAMSIZ
>> E (256) XDATA (0X0000-0X07FF)


MEMORY MODEL: LARGE WITH FLOATING POINT ARITHMETIC


INPUT MODULES INCLUDED:
  Main_bkcd.obj (MAIN_BKCD)
  Setup_ADC.obj (SETUP_ADC)
  setup_bkcd.obj (SETUP_BKCD)
  task3_bkcd.obj (TASK3_BKCD)
  START_AD.obj (?C_STARTUP)
  C:\KEIL4\C51\LIB\C51FPL.LIB (?C?FPADD)
  C:\KEIL4\C51\LIB\C51FPL.LIB (?C?FPMUL)
  C:\KEIL4\C51\LIB\C51FPL.LIB (?C?FPDIV)
  C:\KEIL4\C51\LIB\C51FPL.LIB (?C?FPCMP)
  C:\KEIL4\C51\LIB\C51FPL.LIB (?C?FCAST)
  C:\KEIL4\C51\LIB\C51FPL.LIB (?C?CASTF)
  C:\KEIL4\C51\LIB\C51FPL.LIB (?C?FPGETOPN)
  C:\KEIL4\C51\LIB\C51L.LIB (?C_INIT)
  C:\KEIL4\C51\LIB\C51L.LIB (?C?LMUL)
  C:\KEIL4\C51\LIB\C51L.LIB (?C?ULDIV)
  C:\KEIL4\C51\LIB\C51L.LIB (?C?LNEG)
  C:\KEIL4\C51\LIB\C51L.LIB (?C?ULCMP)
  C:\KEIL4\C51\LIB\C51L.LIB (?C?ULSHR)
  C:\KEIL4\C51\LIB\C51L.LIB (?C?LSHL)
  C:\KEIL4\C51\LIB\C51L.LIB (?C?LLDIDATA)
  C:\KEIL4\C51\LIB\C51L.LIB (?C?LLDIDATA0)
  C:\KEIL4\C51\LIB\C51L.LIB (?C?LSTIDATA)
  C:\KEIL4\C51\LIB\C51L.LIB (?C?LSTXDATA)
  C:\KEIL4\C51\LIB\C51L.LIB (?C?LSTKIDATA)
  C:\KEIL4\C51\LIB\C51L.LIB (?C?LSTKXDATA)
  C:\KEIL4\C51\LIB\C51L.LIB (?C?OFFXADD)
  C:\KEIL4\C51\LIB\C51L.LIB (?C?CCASE)


LINK MAP OF MODULE:  4-43_BKCD (MAIN_BKCD)


            TYPE    BASE      LENGTH    RELOCATION   SEGMENT NAME
            -----------------------------------------------------

            * * * * * * *   D A T A   M E M O R Y   * * * * * * *
            REG     0000H     0008H     ABSOLUTE     "REG BANK 0"
            REG     0008H     0008H     ABSOLUTE     "REG BANK 1"
            REG     0010H     0008H     ABSOLUTE     "REG BANK 2"
            DATA    0018H     0008H     UNIT         ?DT?SETUP_BKCD
            BIT     0020H.0   0002H.0   UNIT         ?BI?MAIN_BKCD
            BIT     0022H.0   0000H.2   UNIT         ?BI?TASK3_BKCD
                    0022H.2   0000H.6                *** GAP ***
            DATA    0023H     002AH     UNIT         ?DT?MAIN_BKCD
            DATA    004DH     0021H     UNIT         ?DT?TASK3_BKCD
            DATA    006EH     0002H     UNIT         ?DT?SETUP_ADC
            IDATA   0070H     0032H     UNIT         ?ID?_TASK_3?TASK3_BKCD
            IDATA   00A2H     0030H     UNIT         ?ID?MAIN_BKCD
            IDATA   00D2H     0014H     UNIT         ?ID?TASK3_BKCD
BL51 BANKED LINKER/LOCATER V6.22                                                      07/26/2010  12:54:22  PAGE 2


            IDATA   00E6H     0005H     UNIT         ?ID?MAIN?MAIN_BKCD
            IDATA   00EBH     0001H     UNIT         ?ID?SETUP_ADC?SETUP_ADC

            * * * * * * *  X D A T A   M E M O R Y  * * * * * * *
            XDATA   0000H     001CH     ABSOLUTE     
            XDATA   001CH     0020H     UNIT         ?XD?SETUP_ADC?SETUP_ADC
            XDATA   003CH     0002H     UNIT         ?XD?MAIN?MAIN_BKCD
            XDATA   003EH     0001H     UNIT         ?XD?KMD?MAIN_BKCD
            XDATA   003FH     0001H     UNIT         ?XD?SETUP?SETUP_BKCD
            XDATA   0040H     0022H     ABSOLUTE     
            XDATA   0062H     000DH     UNIT         ?XD?_TASK_3?TASK3_BKCD
                    006FH     0011H                  *** GAP ***
            XDATA   0080H     0022H     ABSOLUTE     
                    00A2H     001EH                  *** GAP ***
            XDATA   00C0H     001CH     ABSOLUTE     
                    00DCH     0024H                  *** GAP ***
            XDATA   0100H     003CH     ABSOLUTE     
                    013CH     0004H                  *** GAP ***
            XDATA   0140H     003CH     ABSOLUTE     
                    017CH     0004H                  *** GAP ***
            XDATA   0180H     003CH     ABSOLUTE     
                    01BCH     0004H                  *** GAP ***
            XDATA   01C0H     003CH     ABSOLUTE     
                    01FCH     0004H                  *** GAP ***
            XDATA   0200H     001EH     ABSOLUTE     
            XDATA   021EH     006EH     UNIT         ?XD?TASK3_BKCD
            XDATA   028CH     0031H     UNIT         ?XD?MAIN_BKCD
                    02BDH     0063H                  *** GAP ***
            XDATA   0320H     00C0H     ABSOLUTE     
                    03E0H     0020H                  *** GAP ***
            XDATA   0400H     0180H     ABSOLUTE     
                    0580H     0060H                  *** GAP ***
            XDATA   05E0H     0080H     ABSOLUTE     
                    0660H     0020H                  *** GAP ***
            XDATA   0680H     00D0H     ABSOLUTE     
                    0750H     0060H                  *** GAP ***
            XDATA   07B0H     0004H     ABSOLUTE     
            XDATA   07B4H     0028H     ABSOLUTE     

            * * * * * * *   C O D E   M E M O R Y   * * * * * * *
            CODE    0000H     0003H     ABSOLUTE     
                    0003H     0018H                  *** GAP ***
            CODE    001BH     0003H     ABSOLUTE     
                    001EH     0005H                  *** GAP ***
            CODE    0023H     0003H     ABSOLUTE     
            CODE    0026H     5E8FH     UNIT         ?PR?_TASK_3?TASK3_BKCD
            CODE    5EB5H     0C10H     UNIT         ?PR?SETUP_ADC?SETUP_ADC
            CODE    6AC5H     0A7CH     UNIT         ?PR?MAIN?MAIN_BKCD
            CODE    7541H     08A0H     UNIT         ?PR?KMD?MAIN_BKCD
            CODE    7DE1H     0640H     UNIT         ?PR?SER_INT?MAIN_BKCD
            CODE    8421H     05D9H     UNIT         ?C?LIB_CODE
            CODE    89FAH     0532H     UNIT         ?PR?TIMER1INT?MAIN_BKCD
            CODE    8F2CH     0335H     UNIT         ?PR?SETUP?SETUP_BKCD
            CODE    9261H     02C2H     UNIT         ?CO?MAIN_BKCD
            CODE    9523H     0154H     UNIT         ?C_INITSEG
            CODE    9677H     00A3H     UNIT         ?C_C51STARTUP
            CODE    971AH     0048H     UNIT         ?CO?TASK3_BKCD
BL51 BANKED LINKER/LOCATER V6.22                                                      07/26/2010  12:54:22  PAGE 3





OVERLAY MAP OF MODULE:   4-43_BKCD (MAIN_BKCD)


SEGMENT
  +--> CALLED SEGMENT
---------------------
?PR?SER_INT?MAIN_BKCD
  +--> ?CO?MAIN_BKCD
  +--> ?PR?KMD?MAIN_BKCD

?PR?KMD?MAIN_BKCD
  +--> ?CO?MAIN_BKCD

*** NEW ROOT ***************************************************

?C_C51STARTUP
  +--> ?PR?MAIN?MAIN_BKCD
  +--> ?C_INITSEG

?PR?MAIN?MAIN_BKCD
  +--> ?PR?SETUP?SETUP_BKCD
  +--> ?PR?SETUP_ADC?SETUP_ADC
  +--> ?PR?_TASK_3?TASK3_BKCD

?PR?_TASK_3?TASK3_BKCD
  +--> ?CO?TASK3_BKCD
  +--> ?CO?MAIN_BKCD



SYMBOL TABLE OF MODULE:  4-43_BKCD (MAIN_BKCD)

  VALUE           TYPE          NAME
  ----------------------------------

  -------         MODULE        MAIN_BKCD
  C:0000H         SYMBOL        _ICE_DUMMY_
  D:0080H         PUBLIC        P0
  D:0090H         PUBLIC        P1
  B:0020H.0       PUBLIC        FL_BLOK_EPROM
  D:00A0H         PUBLIC        P2
  D:00B0H         PUBLIC        P3
  B:00A8H.7       PUBLIC        EA
  D:00D8H         PUBLIC        ADCSTAT
  B:0020H.1       PUBLIC        ep2
  B:0020H.2       PUBLIC        fl_r11
  X:028CH         PUBLIC        mi1
  I:00A2H         PUBLIC        ED
  B:0020H.3       PUBLIC        fl_r22
  I:00A4H         PUBLIC        CNT_SEC_V1
  D:0027H         PUBLIC        kol_c
  I:00A6H         PUBLIC        CNT_SEC_V2
  D:0029H         PUBLIC        r_crc
  D:00A8H         PUBLIC        IE
BL51 BANKED LINKER/LOCATER V6.22                                                      07/26/2010  12:54:22  PAGE 4


  D:002AH         PUBLIC        copy_p
  D:002CH         PUBLIC        len_o
  X:028EH         PUBLIC        DL
  X:0080H         PUBLIC        xbufin
  X:028FH         PUBLIC        POR_R1_OFF
  D:00BCH         PUBLIC        EDATA1
  X:0290H         PUBLIC        POR_R2_OFF
  D:00BDH         PUBLIC        EDATA2
  I:00A8H         PUBLIC        CNT_SEC_DL
  D:002DH         PUBLIC        st_ser
  D:00BEH         PUBLIC        EDATA3
  D:00BFH         PUBLIC        EDATA4
  B:00A8H.4       PUBLIC        ES
  D:00B8H         PUBLIC        IP
  X:0040H         PUBLIC        bufout
  I:00ACH         PUBLIC        MM
  D:002EH         PUBLIC        i1
  I:00B3H         PUBLIC        j1
  B:0098H.0       PUBLIC        RI
  I:00B4H         PUBLIC        j2
  B:0020H.4       PUBLIC        fl_sv
  B:0098H.1       PUBLIC        TI
  D:002FH         PUBLIC        cop_imp1
  D:0031H         PUBLIC        cop_imp2
  B:00D8H.7       PUBLIC        RDY0
  D:00E8H         PUBLIC        I2CCON
  D:0033H         PUBLIC        priem
  I:00B5H         PUBLIC        CNT_SEC
  C:89FAH         PUBLIC        timer1int
  D:0081H         PUBLIC        SP
  D:00B9H         PUBLIC        ECON
  C:6AC5H         PUBLIC        main
  D:0034H         PUBLIC        status
  I:00B7H         PUBLIC        crco
  B:00B0H.6       PUBLIC        WR
  B:0020H.5       PUBLIC        FL_BLOK_EEPR
  I:00B9H         PUBLIC        TM_LINE
  X:0000H         PUBLIC        lbuf
  B:0020H.6       PUBLIC        fcnt
  D:0099H         PUBLIC        SBUF
  D:0035H         PUBLIC        bufcht1
  B:0020H.7       PUBLIC        Eprom_ch
  B:0021H.0       PUBLIC        Eprom_zap
  D:0098H         PUBLIC        SCON
  D:0088H         PUBLIC        TCON
  D:0039H         PUBLIC        cmd
  D:003AH         PUBLIC        crc
  X:0291H         PUBLIC        mi11
  X:0292H         PUBLIC        zbuf
  C:7541H         PUBLIC        kmd
  X:02B4H         PUBLIC        b_err_cl
  D:00A5H         PUBLIC        HOUR
  D:003CH         PUBLIC        copy_p1
  D:003EH         PUBLIC        zad
  X:02B5H         PUBLIC        par
  B:00A0H.4       PUBLIC        svet
  B:00C0H.0       PUBLIC        WDWR
BL51 BANKED LINKER/LOCATER V6.22                                                      07/26/2010  12:54:22  PAGE 5


  D:003FH         PUBLIC        lineaddo
  I:00BAH         PUBLIC        rasx1_t
  I:00BEH         PUBLIC        rasx2_t
  B:00A8H.3       PUBLIC        ET1
  D:00D7H         PUBLIC        PLLCON
  B:0088H.7       PUBLIC        TF1
  D:008DH         PUBLIC        TH1
  D:00F8H         PUBLIC        SPICON
  I:00C2H         PUBLIC        nro
  B:0021H.1       PUBLIC        FCNT_SEC_V1
  I:00C3H         PUBLIC        tmo
  B:0021H.2       PUBLIC        FCNT_SEC_V2
  D:0040H         PUBLIC        fk
  D:008BH         PUBLIC        TL1
  B:0021H.3       PUBLIC        fl_m1
  I:00C4H         PUBLIC        tmp
  B:0021H.4       PUBLIC        rez
  B:0021H.5       PUBLIC        fl_m2
  X:02B6H         PUBLIC        POR_R1_ON
  X:02B7H         PUBLIC        POR_R2_ON
  D:0041H         PUBLIC        lineadd
  B:00E8H.6       PUBLIC        MDE
  D:0042H         PUBLIC        mi
  B:0088H.6       PUBLIC        TR1
  B:00E8H.4       PUBLIC        MDI
  D:00A3H         PUBLIC        SEC
  X:02B8H         PUBLIC        b_err_p
  X:00C0H         PUBLIC        lbuf_dn
  B:00E8H.5       PUBLIC        MCO
  B:00E8H.7       PUBLIC        MDO
  D:0044H         PUBLIC        nr
  D:00A4H         PUBLIC        MIN
  D:00C7H         PUBLIC        EADRH
  D:00C8H         PUBLIC        T2CON
  I:00C5H         PUBLIC        cnt_dol
  I:00C7H         PUBLIC        i
  I:00C8H         PUBLIC        j
  D:00C6H         PUBLIC        EADRL
  D:00B7H         PUBLIC        SPH
  C:9321H         PUBLIC        Crc16Table
  B:00C0H.2       PUBLIC        WDS
  D:00D1H         PUBLIC        ADCMODE
  C:9521H         PUBLIC        VER_PR
  I:00C9H         PUBLIC        Len_p
  X:02B9H         PUBLIC        OGR_UR
  C:9261H         PUBLIC        TAB_NO_LINE_1
  B:0021H.6       PUBLIC        fl_buf
  I:00CAH         PUBLIC        rasx1
  C:92A1H         PUBLIC        TAB_NO_LINE_2
  I:00CEH         PUBLIC        rasx2
  C:92E1H         PUBLIC        TAB_NO_LINE_3
  B:0021H.7       PUBLIC        fl_rest
  D:00AFH         PUBLIC        CFG848
  X:02BBH         PUBLIC        ob_par
  C:7DE1H         PUBLIC        ser_int
  D:0045H         PUBLIC        H1
  D:0049H         PUBLIC        H2
BL51 BANKED LINKER/LOCATER V6.22                                                      07/26/2010  12:54:22  PAGE 6


  D:00D0H         PUBLIC        PSW
  B:00B0H.2       PUBLIC        int0
  D:00C0H         PUBLIC        WDCON
  -------         PROC          TIMER1INT
  C:89FAH         LINE#         271
  C:8A07H         LINE#         285
  C:8A09H         LINE#         286
  C:8A0CH         LINE#         287
  C:8A0FH         LINE#         288
  C:8A15H         LINE#         289
  C:8A1DH         LINE#         290
  C:8A3BH         LINE#         291
  C:8A59H         LINE#         293
  C:8A64H         LINE#         294
  C:8A6CH         LINE#         295
  C:8A78H         LINE#         296
  C:8A78H         LINE#         297
  C:8A7BH         LINE#         298
  C:8A7DH         LINE#         299
  C:8A7DH         LINE#         302
  C:8A85H         LINE#         303
  C:8A95H         LINE#         304
  C:8A9CH         LINE#         305
  C:8A9EH         LINE#         306
  C:8A9EH         LINE#         308
  C:8AA6H         LINE#         309
  C:8AB6H         LINE#         310
  C:8ABDH         LINE#         311
  C:8ABFH         LINE#         312
  C:8ABFH         LINE#         324
  C:8AC9H         LINE#         325
  C:8AC9H         LINE#         329
  C:8B1AH         LINE#         330
  C:8B1AH         LINE#         338
  C:8B22H         LINE#         339
  C:8B25H         LINE#         340
  C:8B25H         LINE#         343
  C:8B27H         LINE#         346
  C:8B41H         LINE#         347
  C:8B41H         LINE#         364
  C:8B57H         LINE#         365
  C:8B6AH         LINE#         366
  C:8B6AH         LINE#         367
  C:8B6CH         LINE#         368
  C:8B72H         LINE#         369
  C:8B7CH         LINE#         370
  C:8B85H         LINE#         371
  C:8B8BH         LINE#         372
  C:8B8DH         LINE#         374
  C:8B90H         LINE#         375
  C:8B90H         LINE#         376
  C:8B96H         LINE#         377
  C:8BA0H         LINE#         378
  C:8BA0H         LINE#         380
  C:8BA2H         LINE#         382
  C:8BA2H         LINE#         383
  C:8BA8H         LINE#         384
BL51 BANKED LINKER/LOCATER V6.22                                                      07/26/2010  12:54:22  PAGE 7


  C:8BB2H         LINE#         385
  C:8BBBH         LINE#         386
  C:8BC1H         LINE#         388
  C:8BC1H         LINE#         389
  C:8BC1H         LINE#         406
  C:8C08H         LINE#         407
  C:8C08H         LINE#         409
  C:8C12H         LINE#         410
  C:8C12H         LINE#         412
  C:8C25H         LINE#         413
  C:8C25H         LINE#         414
  C:8C2BH         LINE#         415
  C:8C31H         LINE#         416
  C:8C3AH         LINE#         417
  C:8C43H         LINE#         418
  C:8C45H         LINE#         419
  C:8C45H         LINE#         420
  C:8C45H         LINE#         423
  C:8C4FH         LINE#         424
  C:8C4FH         LINE#         427
  C:8CA0H         LINE#         428
  C:8CA0H         LINE#         433
  C:8CA8H         LINE#         434
  C:8CABH         LINE#         435
  C:8CABH         LINE#         438
  C:8CADH         LINE#         441
  C:8CC7H         LINE#         442
  C:8CC7H         LINE#         458
  C:8CDDH         LINE#         459
  C:8CDDH         LINE#         460
  C:8CF0H         LINE#         461
  C:8CF0H         LINE#         462
  C:8CF2H         LINE#         463
  C:8CF8H         LINE#         464
  C:8D02H         LINE#         465
  C:8D0BH         LINE#         466
  C:8D11H         LINE#         467
  C:8D13H         LINE#         469
  C:8D16H         LINE#         470
  C:8D1CH         LINE#         471
  C:8D26H         LINE#         472
  C:8D26H         LINE#         473
  C:8D28H         LINE#         475
  C:8D28H         LINE#         476
  C:8D2EH         LINE#         477
  C:8D38H         LINE#         478
  C:8D41H         LINE#         479
  C:8D47H         LINE#         480
  C:8D47H         LINE#         495
  C:8D47H         LINE#         496
  C:8D8EH         LINE#         497
  C:8D8EH         LINE#         499
  C:8D98H         LINE#         500
  C:8D98H         LINE#         502
  C:8DABH         LINE#         503
  C:8DABH         LINE#         504
  C:8DB1H         LINE#         505
BL51 BANKED LINKER/LOCATER V6.22                                                      07/26/2010  12:54:22  PAGE 8


  C:8DB7H         LINE#         506
  C:8DC0H         LINE#         507
  C:8DC9H         LINE#         508
  C:8DCBH         LINE#         509
  C:8DCBH         LINE#         511
  C:8DCBH         LINE#         517
  C:8DD5H         LINE#         518
  C:8DD5H         LINE#         519
  C:8DF3H         LINE#         586
  C:8E0FH         LINE#         587
  C:8E0FH         LINE#         588
  C:8E18H         LINE#         589
  C:8E1AH         LINE#         591
  C:8E1AH         LINE#         592
  C:8E1EH         LINE#         593
  C:8E1EH         LINE#         594
  C:8E20H         LINE#         595
  C:8E24H         LINE#         596
  C:8E24H         LINE#         597
  C:8E40H         LINE#         598
  C:8E40H         LINE#         599
  C:8E4BH         LINE#         601
  C:8E53H         LINE#         602
  C:8E55H         LINE#         605
  C:8E5DH         LINE#         606
  C:8E5DH         LINE#         607
  C:8E5DH         LINE#         608
  C:8E5DH         LINE#         618
  C:8E5DH         LINE#         620
  C:8E65H         LINE#         621
  C:8E75H         LINE#         622
  C:8E7CH         LINE#         623
  C:8E7EH         LINE#         624
  C:8E7EH         LINE#         625
  C:8E8AH         LINE#         626
  C:8E98H         LINE#         629
  C:8E9AH         LINE#         630
  C:8EC6H         LINE#         631
  C:8EC6H         LINE#         632
  C:8ED0H         LINE#         634
  C:8ED0H         LINE#         636
  C:8ED8H         LINE#         657
  C:8EE3H         LINE#         658
  C:8EE3H         LINE#         659
  C:8EE9H         LINE#         661
  C:8EEEH         LINE#         662
  C:8EF1H         LINE#         663
  C:8EF4H         LINE#         664
  C:8EF8H         LINE#         666
  C:8EFAH         LINE#         667
  C:8EFAH         LINE#         670
  C:8EFEH         LINE#         671
  C:8F00H         LINE#         674
  C:8F08H         LINE#         675
  C:8F08H         LINE#         676
  C:8F0DH         LINE#         677
  C:8F0DH         LINE#         679
BL51 BANKED LINKER/LOCATER V6.22                                                      07/26/2010  12:54:22  PAGE 9


  C:8F10H         LINE#         680
  C:8F14H         LINE#         681
  C:8F17H         LINE#         682
  C:8F17H         LINE#         683
  C:8F19H         LINE#         685
  C:8F19H         LINE#         687
  C:8F1EH         LINE#         688
  C:8F21H         LINE#         689
  C:8F21H         LINE#         697
  -------         ENDPROC       TIMER1INT
  -------         PROC          SER_INT
  -------         DO            
  D:0023H         SYMBOL        i
  C:8416H         SYMBOL        kon
  -------         ENDDO         
  C:7DE1H         LINE#         700
  C:7DEEH         LINE#         723
  C:7DF4H         LINE#         724
  C:7DF4H         LINE#         725
  C:7DF6H         LINE#         726
  C:7DFCH         LINE#         727
  C:7DFCH         LINE#         729
  C:7DFCH         LINE#         730
  C:7DFCH         LINE#         731
  C:7E05H         LINE#         732
  C:7E05H         LINE#         735
  C:7E09H         LINE#         736
  C:7E0BH         LINE#         737
  C:7E12H         LINE#         738
  C:7E12H         LINE#         739
  C:7E15H         LINE#         741
  C:7E18H         LINE#         742
  C:7E18H         LINE#         743
  C:7E1BH         LINE#         751
  C:7E21H         LINE#         752
  C:7E21H         LINE#         753
  C:7E47H         LINE#         754
  C:7E47H         LINE#         755
  C:7E4FH         LINE#         756
  C:7E51H         LINE#         758
  C:7E51H         LINE#         759
  C:7E54H         LINE#         760
  C:7E57H         LINE#         761
  C:7E57H         LINE#         762
  C:7E57H         LINE#         765
  C:7E5BH         LINE#         766
  C:7E5BH         LINE#         767
  C:7E64H         LINE#         768
  C:7E64H         LINE#         769
  C:7E67H         LINE#         770
  C:7E6AH         LINE#         771
  C:7E6AH         LINE#         773
  C:7E6AH         LINE#         775
  C:7E6AH         LINE#         776
  C:7E6AH         LINE#         778
  C:7E70H         LINE#         779
  C:7E70H         LINE#         780
BL51 BANKED LINKER/LOCATER V6.22                                                      07/26/2010  12:54:22  PAGE 10


  C:7E94H         LINE#         781
  C:7E94H         LINE#         782
  C:7E97H         LINE#         783
  C:7E9AH         LINE#         784
  C:7E9AH         LINE#         785
  C:7E9AH         LINE#         787
  C:7EACH         LINE#         793
  C:7ED1H         LINE#         794
  C:7ED1H         LINE#         795
  C:7ED4H         LINE#         796
  C:7EFCH         LINE#         797
  C:7EFCH         LINE#         798
  C:7F02H         LINE#         799
  C:7F08H         LINE#         800
  C:7F08H         LINE#         801
  C:7F18H         LINE#         802
  C:7F18H         LINE#         803
  C:7F23H         LINE#         804
  C:7F3DH         LINE#         805
  C:7F41H         LINE#         806
  C:7F43H         LINE#         808
  C:7F53H         LINE#         809
  C:7F53H         LINE#         811
  C:7F94H         LINE#         812
  C:7FA3H         LINE#         813
  C:7FA7H         LINE#         815
  C:7FFBH         LINE#         816
  C:7FFBH         LINE#         819
  C:8002H         LINE#         820
  C:8009H         LINE#         821
  C:800FH         LINE#         822
  C:801CH         LINE#         823
  C:801CH         LINE#         824
  C:8038H         LINE#         825
  C:803CH         LINE#         827
  C:804AH         LINE#         828
  C:8054H         LINE#         831
  C:8063H         LINE#         832
  C:8063H         LINE#         833
  C:8069H         LINE#         834
  C:8070H         LINE#         835
  C:8076H         LINE#         836
  C:8082H         LINE#         837
  C:8088H         LINE#         838
  C:8094H         LINE#         839
  C:8094H         LINE#         840
  C:809AH         LINE#         841
  C:809AH         LINE#         843
  C:80ACH         LINE#         844
  C:80C5H         LINE#         846
  C:80E8H         LINE#         848
  C:8104H         LINE#         849
  C:8104H         LINE#         850
  C:8126H         LINE#         851
  C:812CH         LINE#         852
  C:812EH         LINE#         853
  C:812EH         LINE#         856
BL51 BANKED LINKER/LOCATER V6.22                                                      07/26/2010  12:54:22  PAGE 11


  C:8133H         LINE#         857
  C:8133H         LINE#         858
  C:8135H         LINE#         859
  C:8135H         LINE#         861
  C:8135H         LINE#         864
  C:8144H         LINE#         865
  C:8144H         LINE#         866
  C:814CH         LINE#         867
  C:814CH         LINE#         868
  C:8162H         LINE#         869
  C:816CH         LINE#         870
  C:816CH         LINE#         871
  C:8177H         LINE#         872
  C:8193H         LINE#         873
  C:8197H         LINE#         875
  C:819FH         LINE#         876
  C:81AEH         LINE#         877
  C:81B1H         LINE#         878
  C:81BAH         LINE#         879
  C:81BAH         LINE#         880
  C:81BAH         LINE#         882
  C:8202H         LINE#         883
  C:8202H         LINE#         884
  C:820FH         LINE#         885
  C:820FH         LINE#         886
  C:8212H         LINE#         887
  C:8212H         LINE#         888
  C:8212H         LINE#         889
  C:8212H         LINE#         891
  C:8255H         LINE#         892
  C:8255H         LINE#         893
  C:8257H         LINE#         894
  C:8259H         LINE#         895
  C:825EH         LINE#         896
  C:8260H         LINE#         899
  C:8260H         LINE#         901
  C:827AH         LINE#         902
  C:8280H         LINE#         903
  C:8282H         LINE#         905
  C:8282H         LINE#         906
  C:8285H         LINE#         907
  C:8288H         LINE#         908
  C:8288H         LINE#         909
  C:828AH         LINE#         911
  C:828AH         LINE#         912
  C:828DH         LINE#         913
  C:8290H         LINE#         914
  C:8290H         LINE#         915
  C:8290H         LINE#         917
  C:8290H         LINE#         919
  C:8296H         LINE#         920
  C:8298H         LINE#         921
  C:829BH         LINE#         922
  C:829BH         LINE#         923
  C:82A1H         LINE#         924
  C:82A1H         LINE#         927
  C:82AAH         LINE#         928
BL51 BANKED LINKER/LOCATER V6.22                                                      07/26/2010  12:54:22  PAGE 12


  C:82AAH         LINE#         929
  C:82B4H         LINE#         930
  C:82BCH         LINE#         931
  C:82C8H         LINE#         933
  C:82D0H         LINE#         934
  C:82E4H         LINE#         935
  C:82EBH         LINE#         936
  C:82F4H         LINE#         937
  C:82FBH         LINE#         938
  C:82FEH         LINE#         940
  C:8312H         LINE#         941
  C:8315H         LINE#         943
  C:831EH         LINE#         944
  C:831EH         LINE#         945
  C:8323H         LINE#         946
  C:8327H         LINE#         947
  C:8329H         LINE#         949
  C:8338H         LINE#         950
  C:833AH         LINE#         952
  C:8354H         LINE#         953
  C:8361H         LINE#         955
  C:8380H         LINE#         956
  C:8380H         LINE#         957
  C:8387H         LINE#         958
  C:838AH         LINE#         959
  C:838DH         LINE#         960
  C:838FH         LINE#         962
  C:83A3H         LINE#         963
  C:83A9H         LINE#         964
  C:83AEH         LINE#         965
  C:83BFH         LINE#         967
  C:83C8H         LINE#         968
  C:840EH         LINE#         970
  C:8411H         LINE#         971
  C:8413H         LINE#         973
  C:8416H         LINE#         976
  C:8416H         LINE#         978
  C:8416H         LINE#         984
  -------         ENDPROC       SER_INT
  -------         PROC          KMD
  -------         DO            
  X:003EH         SYMBOL        tmp_rw
  -------         DO            
  D:0024H         SYMBOL        t
  -------         ENDDO         
  -------         ENDDO         
  C:7541H         LINE#         988
  C:7541H         LINE#         989
  C:7541H         LINE#         1004
  C:7589H         LINE#         1005
  C:7589H         LINE#         1007
  C:758BH         LINE#         1008
  C:759FH         LINE#         1009
  C:75A1H         LINE#         1010
  C:75B0H         LINE#         1011
  C:75B3H         LINE#         1012
  C:75B3H         LINE#         1014
BL51 BANKED LINKER/LOCATER V6.22                                                      07/26/2010  12:54:22  PAGE 13


  C:75ECH         LINE#         1015
  C:75ECH         LINE#         1016
  C:75EFH         LINE#         1027
  C:75F6H         LINE#         1099
  C:75FCH         LINE#         1100
  C:75FCH         LINE#         1101
  C:760AH         LINE#         1102
  C:760AH         LINE#         1103
  C:761EH         LINE#         1104
  C:762BH         LINE#         1105
  C:763CH         LINE#         1106
  C:763CH         LINE#         1107
  C:763CH         LINE#         1109
  C:7642H         LINE#         1110
  C:7642H         LINE#         1111
  C:7650H         LINE#         1112
  C:7650H         LINE#         1113
  C:7664H         LINE#         1114
  C:7671H         LINE#         1115
  C:7682H         LINE#         1116
  C:7682H         LINE#         1117
  C:7682H         LINE#         1153
  C:7682H         LINE#         1169
  C:76A6H         LINE#         1170
  C:76A6H         LINE#         1172
  C:76BAH         LINE#         1173
  C:76E2H         LINE#         1174
  C:76EEH         LINE#         1175
  C:76FFH         LINE#         1176
  C:7705H         LINE#         1177
  C:7708H         LINE#         1178
  C:7708H         LINE#         1181
  C:773FH         LINE#         1182
  C:773FH         LINE#         1183
  C:7748H         LINE#         1184
  C:7756H         LINE#         1186
  C:775FH         LINE#         1187
  C:776DH         LINE#         1188
  C:776DH         LINE#         1190
  C:7776H         LINE#         1191
  C:7784H         LINE#         1210
  C:7784H         LINE#         1228
  C:7791H         LINE#         1229
  C:7791H         LINE#         1230
  C:77C6H         LINE#         1231
  C:77C6H         LINE#         1246
  C:77CDH         LINE#         1247
  C:77D4H         LINE#         1248
  C:77DBH         LINE#         1250
  C:77E1H         LINE#         1251
  C:77E6H         LINE#         1252
  C:77E8H         LINE#         1253
  C:7800H         LINE#         1254
  C:7802H         LINE#         1255
  C:7813H         LINE#         1256
  C:7813H         LINE#         1257
  C:781DH         LINE#         1258
BL51 BANKED LINKER/LOCATER V6.22                                                      07/26/2010  12:54:22  PAGE 14


  C:781DH         LINE#         1259
  C:7831H         LINE#         1260
  C:7831H         LINE#         1261
  C:7833H         LINE#         1262
  C:7835H         LINE#         1264
  C:7835H         LINE#         1265
  C:7837H         LINE#         1266
  C:7837H         LINE#         1267
  C:784FH         LINE#         1268
  C:7858H         LINE#         1269
  C:7870H         LINE#         1270
  C:7872H         LINE#         1271
  C:788EH         LINE#         1272
  C:7890H         LINE#         1273
  C:7894H         LINE#         1274
  C:78ACH         LINE#         1275
  C:78B9H         LINE#         1276
  C:78E6H         LINE#         1277
  C:78F4H         LINE#         1278
  C:78F8H         LINE#         1279
  C:78FEH         LINE#         1280
  C:7916H         LINE#         1281
  C:791FH         LINE#         1282
  C:7937H         LINE#         1283
  C:7939H         LINE#         1343
  C:793FH         LINE#         1344
  C:7942H         LINE#         1345
  C:7948H         LINE#         1348
  C:7948H         LINE#         1350
  C:797DH         LINE#         1351
  C:797DH         LINE#         1352
  C:799FH         LINE#         1353
  C:79B0H         LINE#         1354
  C:79BAH         LINE#         1355
  C:79C3H         LINE#         1356
  C:79C9H         LINE#         1357
  C:79E3H         LINE#         1358
  C:79EAH         LINE#         1359
  C:7A06H         LINE#         1360
  C:7A18H         LINE#         1361
  C:7A30H         LINE#         1362
  C:7A3DH         LINE#         1363
  C:7A6AH         LINE#         1364
  C:7A78H         LINE#         1367
  C:7A7CH         LINE#         1368
  C:7A87H         LINE#         1369
  C:7AA1H         LINE#         1370
  C:7AA8H         LINE#         1371
  C:7AC0H         LINE#         1372
  C:7ADAH         LINE#         1373
  C:7AF8H         LINE#         1374
  C:7B12H         LINE#         1375
  C:7B2CH         LINE#         1376
  C:7B36H         LINE#         1377
  C:7B45H         LINE#         1378
  C:7B5DH         LINE#         1379
  C:7B82H         LINE#         1380
BL51 BANKED LINKER/LOCATER V6.22                                                      07/26/2010  12:54:22  PAGE 15


  C:7B94H         LINE#         1381
  C:7BACH         LINE#         1382
  C:7BD1H         LINE#         1383
  C:7BFEH         LINE#         1384
  C:7C0CH         LINE#         1387
  C:7C28H         LINE#         1388
  C:7C39H         LINE#         1389
  C:7C6BH         LINE#         1390
  C:7C6EH         LINE#         1391
  C:7C9CH         LINE#         1393
  C:7CB2H         LINE#         1394
  C:7CC8H         LINE#         1395
  C:7CE7H         LINE#         1396
  C:7CE9H         LINE#         1397
  C:7CF3H         LINE#         1398
  C:7CF5H         LINE#         1399
  C:7CFEH         LINE#         1400
  C:7D16H         LINE#         1401
  C:7D38H         LINE#         1402
  C:7D52H         LINE#         1403
  C:7D6CH         LINE#         1404
  C:7D8FH         LINE#         1413
  C:7D99H         LINE#         1414
  C:7DB9H         LINE#         1420
  C:7DBBH         LINE#         1421
  C:7DCAH         LINE#         1422
  C:7DCDH         LINE#         1423
  C:7DCDH         LINE#         1425
  C:7DCDH         LINE#         1565
  C:7DD7H         LINE#         1566
  C:7DE0H         LINE#         1581
  -------         ENDPROC       KMD
  -------         PROC          MAIN
  -------         DO            
  X:003CH         SYMBOL        fl_kal
  X:003DH         SYMBOL        kol_cik
  C:6E3EH         SYMBOL        zz1
  C:6E41H         SYMBOL        pit
  C:745AH         SYMBOL        kon1
  -------         DO            
  D:0025H         SYMBOL        j4
  D:0026H         SYMBOL        i1
  -------         ENDDO         
  -------         DO            
  D:0026H         SYMBOL        i1
  -------         ENDDO         
  -------         DO            
  I:00EAH         SYMBOL        j3
  -------         DO            
  I:00E6H         SYMBOL        tmp_ln
  -------         ENDDO         
  -------         ENDDO         
  -------         ENDDO         
  C:6AC5H         LINE#         1587
  C:6ACAH         LINE#         1589
  C:6AD4H         LINE#         1590
  C:6AD6H         LINE#         1591
BL51 BANKED LINKER/LOCATER V6.22                                                      07/26/2010  12:54:22  PAGE 16


  C:6AD8H         LINE#         1592
  C:6ADAH         LINE#         1595
  C:6ADDH         LINE#         1596
  C:6AE0H         LINE#         1598
  C:6AE3H         LINE#         1600
  C:6AE6H         LINE#         1601
  C:6AECH         LINE#         1602
  C:6AEEH         LINE#         1604
  C:6AF1H         LINE#         1605
  C:6AF3H         LINE#         1607
  C:6AF6H         LINE#         1608
  C:6AF6H         LINE#         1609
  C:6AF8H         LINE#         1610
  C:6AFAH         LINE#         1611
  C:6AFDH         LINE#         1612
  C:6AFFH         LINE#         1614
  C:6B01H         LINE#         1617
  C:6B03H         LINE#         1618
  C:6B0CH         LINE#         1619
  C:6B15H         LINE#         1620
  C:6B1EH         LINE#         1621
  C:6B27H         LINE#         1622
  C:6B29H         LINE#         1623
  C:6B2BH         LINE#         1624
  C:6B31H         LINE#         1625
  C:6B37H         LINE#         1626
  C:6B3DH         LINE#         1627
  C:6B43H         LINE#         1628
  C:6B49H         LINE#         1629
  C:6B4FH         LINE#         1631
  C:6B51H         LINE#         1632
  C:6B53H         LINE#         1633
  C:6B55H         LINE#         1634
  C:6B57H         LINE#         1635
  C:6B5EH         LINE#         1636
  C:6B65H         LINE#         1637
  C:6B6CH         LINE#         1638
  C:6B72H         LINE#         1639
  C:6B77H         LINE#         1640
  C:6B7AH         LINE#         1641
  C:6B7CH         LINE#         1643
  C:6B80H         LINE#         1644
  C:6B82H         LINE#         1658
  C:6B85H         LINE#         1660
  C:6B91H         LINE#         1662
  C:6B95H         LINE#         1663
  C:6B9FH         LINE#         1664
  C:6BA3H         LINE#         1666
  C:6BACH         LINE#         1668
  C:6BB3H         LINE#         1669
  C:6BB7H         LINE#         1676
  C:6BBCH         LINE#         1677
  C:6BC1H         LINE#         1679
  C:6BC4H         LINE#         1683
  C:6BD0H         LINE#         1684
  C:6BD3H         LINE#         1685
  C:6BD8H         LINE#         1686
BL51 BANKED LINKER/LOCATER V6.22                                                      07/26/2010  12:54:22  PAGE 17


  C:6BDBH         LINE#         1687
  C:6BDEH         LINE#         1688
  C:6BE3H         LINE#         1689
  C:6BE6H         LINE#         1715
  C:6BF2H         LINE#         1717
  C:6BF8H         LINE#         1718
  C:6BFEH         LINE#         1719
  C:6C0DH         LINE#         1720
  C:6C19H         LINE#         1723
  C:6C1FH         LINE#         1724
  C:6C25H         LINE#         1725
  C:6C34H         LINE#         1726
  C:6C40H         LINE#         1736
  C:6C48H         LINE#         1740
  C:6C4BH         LINE#         1741
  C:6C4EH         LINE#         1743
  C:6C56H         LINE#         1744
  C:6C63H         LINE#         1745
  C:6C63H         LINE#         1746
  C:6C7CH         LINE#         1747
  C:6C7CH         LINE#         1748
  C:6C7CH         LINE#         1750
  C:6C91H         LINE#         1751
  C:6CAEH         LINE#         1752
  C:6CC9H         LINE#         1757
  C:6CC9H         LINE#         1759
  C:6CDEH         LINE#         1760
  C:6CFBH         LINE#         1761
  C:6D16H         LINE#         1766
  C:6D16H         LINE#         1768
  C:6D2BH         LINE#         1769
  C:6D2BH         LINE#         1770
  C:6D46H         LINE#         1771
  C:6D46H         LINE#         1772
  C:6D4BH         LINE#         1776
  C:6D55H         LINE#         1777
  C:6D67H         LINE#         1778
  C:6D6BH         LINE#         1780
  C:6D6FH         LINE#         1782
  C:6D7CH         LINE#         1783
  C:6D95H         LINE#         1784
  C:6D95H         LINE#         1787
  C:6DA7H         LINE#         1794
  C:6DB5H         LINE#         1795
  C:6DB5H         LINE#         1796
  C:6DCCH         LINE#         1797
  C:6DF3H         LINE#         1798
  C:6DF3H         LINE#         1799
  C:6E16H         LINE#         1800
  C:6E18H         LINE#         1801
  C:6E18H         LINE#         1802
  C:6E1DH         LINE#         1803
  C:6E1DH         LINE#         1804
  C:6E22H         LINE#         1955
  C:6E25H         LINE#         1956
  C:6E27H         LINE#         1957
  C:6E2CH         LINE#         1958
BL51 BANKED LINKER/LOCATER V6.22                                                      07/26/2010  12:54:22  PAGE 18


  C:6E2EH         LINE#         1960
  C:6E30H         LINE#         1961
  C:6E33H         LINE#         1962
  C:6E36H         LINE#         1963
  C:6E38H         LINE#         1964
  C:6E3AH         LINE#         1965
  C:6E3CH         LINE#         1975
  C:6E3EH         LINE#         1981
  C:6E3EH         LINE#         1986
  C:6E41H         LINE#         1987
  C:6E41H         LINE#         1988
  C:6E41H         LINE#         1989
  C:6E4FH         LINE#         1990
  C:6E55H         LINE#         1991
  C:6E57H         LINE#         1992
  C:6E5CH         LINE#         1993
  C:6E5EH         LINE#         1994
  C:6E61H         LINE#         1995
  C:6E63H         LINE#         1996
  C:6E69H         LINE#         1997
  C:6E6FH         LINE#         1998
  C:6E74H         LINE#         2001
  C:6E76H         LINE#         2002
  C:6E76H         LINE#         2004
  C:6E76H         LINE#         2011
  C:6E81H         LINE#         2012
  C:6E87H         LINE#         2014
  C:6E92H         LINE#         2015
  C:6E98H         LINE#         2018
  C:6EA6H         LINE#         2019
  C:6EBCH         LINE#         2020
  C:6EBFH         LINE#         2021
  C:6EC2H         LINE#         2022
  C:6EC7H         LINE#         2026
  C:6ECFH         LINE#         2029
  C:6ECFH         LINE#         2031
  C:6ED8H         LINE#         2032
  C:6EDDH         LINE#         2034
  C:6EE0H         LINE#         2035
  C:6EE3H         LINE#         2037
  C:6EEBH         LINE#         2038
  C:6EF1H         LINE#         2042
  C:6EF7H         LINE#         2043
  C:6EF7H         LINE#         2045
  C:6EF9H         LINE#         2046
  C:6F16H         LINE#         2047
  C:6F16H         LINE#         2048
  C:6F23H         LINE#         2049
  C:6F23H         LINE#         2050
  C:6F34H         LINE#         2051
  C:6F48H         LINE#         2053
  C:6F4BH         LINE#         2056
  C:6F75H         LINE#         2057
  C:6F8EH         LINE#         2059
  C:6FBAH         LINE#         2060
  C:6FD3H         LINE#         2062
  C:6FFFH         LINE#         2063
BL51 BANKED LINKER/LOCATER V6.22                                                      07/26/2010  12:54:22  PAGE 19


  C:7018H         LINE#         2065
  C:7044H         LINE#         2066
  C:705DH         LINE#         2067
  C:705FH         LINE#         2068
  C:7064H         LINE#         2069
  C:706AH         LINE#         2070
  C:7079H         LINE#         2071
  C:707BH         LINE#         2072
  C:707EH         LINE#         2073
  C:7087H         LINE#         2074
  C:7089H         LINE#         2076
  C:708CH         LINE#         2077
  C:708EH         LINE#         2078
  C:7090H         LINE#         2081
  C:7090H         LINE#         2083
  C:7096H         LINE#         2084
  C:7096H         LINE#         2086
  C:7098H         LINE#         2087
  C:70B5H         LINE#         2088
  C:70B5H         LINE#         2089
  C:70C2H         LINE#         2090
  C:70C8H         LINE#         2094
  C:70D5H         LINE#         2095
  C:70D5H         LINE#         2096
  C:70E6H         LINE#         2097
  C:70FAH         LINE#         2099
  C:70FDH         LINE#         2101
  C:7127H         LINE#         2102
  C:7141H         LINE#         2103
  C:7141H         LINE#         2105
  C:716DH         LINE#         2106
  C:7187H         LINE#         2107
  C:7187H         LINE#         2109
  C:71B3H         LINE#         2110
  C:71CDH         LINE#         2111
  C:71CDH         LINE#         2113
  C:71F9H         LINE#         2114
  C:7213H         LINE#         2115
  C:7213H         LINE#         2116
  C:7215H         LINE#         2122
  C:7217H         LINE#         2123
  C:721AH         LINE#         2124
  C:721CH         LINE#         2130
  C:721EH         LINE#         2131
  C:7221H         LINE#         2132
  C:7223H         LINE#         2133
  C:7228H         LINE#         2134
  C:722BH         LINE#         2135
  C:722BH         LINE#         2137
  C:7248H         LINE#         2138
  C:7248H         LINE#         2140
  C:7255H         LINE#         2141
  C:725BH         LINE#         2143
  C:7268H         LINE#         2144
  C:7268H         LINE#         2145
  C:7279H         LINE#         2146
  C:728DH         LINE#         2152
BL51 BANKED LINKER/LOCATER V6.22                                                      07/26/2010  12:54:22  PAGE 20


  C:7290H         LINE#         2153
  C:72BAH         LINE#         2154
  C:72F0H         LINE#         2156
  C:731CH         LINE#         2157
  C:7352H         LINE#         2159
  C:737EH         LINE#         2160
  C:73B4H         LINE#         2162
  C:73E0H         LINE#         2163
  C:7416H         LINE#         2164
  C:7418H         LINE#         2171
  C:741AH         LINE#         2172
  C:741DH         LINE#         2173
  C:741FH         LINE#         2179
  C:7421H         LINE#         2180
  C:7424H         LINE#         2181
  C:7426H         LINE#         2186
  C:742BH         LINE#         2229
  C:742EH         LINE#         2231
  C:7432H         LINE#         2232
  C:7432H         LINE#         2233
  C:7438H         LINE#         2234
  C:7447H         LINE#         2235
  C:7449H         LINE#         2236
  C:744CH         LINE#         2237
  C:7455H         LINE#         2238
  C:7457H         LINE#         2240
  C:745AH         LINE#         2241
  C:745AH         LINE#         2242
  C:745AH         LINE#         2243
  C:745CH         LINE#         2244
  C:745EH         LINE#         2246
  C:745EH         LINE#         2250
  C:746BH         LINE#         2251
  C:746BH         LINE#         2254
  C:7470H         LINE#         2256
  C:747BH         LINE#         2257
  C:747BH         LINE#         2258
  C:7484H         LINE#         2259
  C:748AH         LINE#         2260
  C:748AH         LINE#         2261
  C:7496H         LINE#         2262
  C:7496H         LINE#         2263
  C:749EH         LINE#         2264
  C:74A4H         LINE#         2265
  C:74A4H         LINE#         2267
  C:74AEH         LINE#         2268
  C:74AEH         LINE#         2271
  C:74B3H         LINE#         2272
  C:74B6H         LINE#         2273
  C:74C0H         LINE#         2274
  C:74C2H         LINE#         2275
  C:74C5H         LINE#         2276
  C:74C8H         LINE#         2277
  C:74CAH         LINE#         2278
  C:74CDH         LINE#         2279
  C:74D0H         LINE#         2281
  C:74DAH         LINE#         2282
BL51 BANKED LINKER/LOCATER V6.22                                                      07/26/2010  12:54:22  PAGE 21


  C:74DAH         LINE#         2283
  C:74DCH         LINE#         2284
  C:74EAH         LINE#         2285
  C:74EAH         LINE#         2286
  C:750AH         LINE#         2288
  C:750FH         LINE#         2289
  C:7511H         LINE#         2290
  C:7514H         LINE#         2292
  C:751FH         LINE#         2293
  C:7525H         LINE#         2295
  C:7530H         LINE#         2296
  C:7532H         LINE#         2298
  C:7532H         LINE#         2299
  C:7532H         LINE#         2301
  C:7539H         LINE#         2302
  C:7539H         LINE#         2303
  C:753BH         LINE#         2308
  C:753EH         LINE#         2309
  -------         ENDPROC       MAIN
  -------         ENDMOD        MAIN_BKCD

  -------         MODULE        SETUP_ADC
  C:0000H         SYMBOL        _ICE_DUMMY_
  D:0080H         PUBLIC        P0
  D:0090H         PUBLIC        P1
  D:00B0H         PUBLIC        P3
  D:00D8H         PUBLIC        ADCSTAT
  D:00A8H         PUBLIC        IE
  D:00A1H         PUBLIC        TIMECON
  D:00B8H         PUBLIC        IP
  D:00E8H         PUBLIC        I2CCON
  D:0098H         PUBLIC        SCON
  D:0088H         PUBLIC        TCON
  D:00A5H         PUBLIC        HOUR
  D:00F8H         PUBLIC        SPICON
  B:00E8H.6       PUBLIC        MDE
  B:00E8H.4       PUBLIC        MDI
  D:00A3H         PUBLIC        SEC
  C:5EB5H         PUBLIC        setup_ADC
  B:00E8H.5       PUBLIC        MCO
  B:00E8H.7       PUBLIC        MDO
  D:00A4H         PUBLIC        MIN
  D:00C8H         PUBLIC        T2CON
  D:00D0H         PUBLIC        PSW
  D:00C0H         PUBLIC        WDCON
  -------         PROC          SETUP_ADC
  -------         DO            
  X:001CH         SYMBOL        DL
  X:001DH         SYMBOL        tmp_rw
  X:001EH         SYMBOL        is
  X:001FH         SYMBOL        js
  X:0020H         SYMBOL        buf_ch
  X:0028H         SYMBOL        adcbuf
  D:006EH         SYMBOL        wadc
  I:00EBH         SYMBOL        zadc
  D:006FH         SYMBOL        N_CH
  -------         ENDDO         
BL51 BANKED LINKER/LOCATER V6.22                                                      07/26/2010  12:54:22  PAGE 22


  C:5EB5H         LINE#         71
  C:5EB5H         LINE#         72
  C:5EB5H         LINE#         103
  C:5EB9H         LINE#         108
  C:5EC1H         LINE#         109
  C:5EC9H         LINE#         110
  C:5EDFH         LINE#         111
  C:5EDFH         LINE#         113
  C:5EE6H         LINE#         114
  C:5EF9H         LINE#         118
  C:5F0EH         LINE#         119
  C:5F0EH         LINE#         120
  C:5F17H         LINE#         121
  C:5F20H         LINE#         122
  C:5F29H         LINE#         123
  C:5F32H         LINE#         126
  C:5F32H         LINE#         129
  C:5F47H         LINE#         130
  C:5F47H         LINE#         131
  C:5F50H         LINE#         132
  C:5F59H         LINE#         133
  C:5F62H         LINE#         134
  C:5F6BH         LINE#         137
  C:5F6BH         LINE#         139
  C:5F80H         LINE#         140
  C:5F80H         LINE#         141
  C:5F8DH         LINE#         142
  C:5F9AH         LINE#         147
  C:5F9AH         LINE#         149
  C:5FA3H         LINE#         225
  C:5FC5H         LINE#         226
  C:5FD8H         LINE#         227
  C:5FE8H         LINE#         228
  C:5FF1H         LINE#         229
  C:5FF7H         LINE#         230
  C:6011H         LINE#         231
  C:6018H         LINE#         232
  C:6034H         LINE#         233
  C:604AH         LINE#         234
  C:6062H         LINE#         235
  C:606FH         LINE#         236
  C:609CH         LINE#         237
  C:60AAH         LINE#         240
  C:60AEH         LINE#         241
  C:60BDH         LINE#         242
  C:60D7H         LINE#         243
  C:60DEH         LINE#         244
  C:60F6H         LINE#         245
  C:6110H         LINE#         246
  C:612EH         LINE#         247
  C:6148H         LINE#         248
  C:6162H         LINE#         249
  C:6172H         LINE#         250
  C:6181H         LINE#         251
  C:6199H         LINE#         252
  C:61BEH         LINE#         253
  C:61D4H         LINE#         254
BL51 BANKED LINKER/LOCATER V6.22                                                      07/26/2010  12:54:22  PAGE 23


  C:61ECH         LINE#         255
  C:6211H         LINE#         256
  C:623EH         LINE#         257
  C:624CH         LINE#         259
  C:6268H         LINE#         260
  C:627BH         LINE#         261
  C:62B3H         LINE#         262
  C:62B6H         LINE#         263
  C:62E6H         LINE#         265
  C:62FDH         LINE#         266
  C:6314H         LINE#         267
  C:6337H         LINE#         268
  C:6339H         LINE#         269
  C:6344H         LINE#         270
  C:6346H         LINE#         271
  C:634FH         LINE#         272
  C:6367H         LINE#         273
  C:638CH         LINE#         274
  C:63A6H         LINE#         275
  C:63C0H         LINE#         276
  C:63E3H         LINE#         278
  C:6402H         LINE#         280
  C:6410H         LINE#         281
  C:641FH         LINE#         282
  C:643EH         LINE#         283
  C:644DH         LINE#         284
  C:646CH         LINE#         285
  C:647BH         LINE#         286
  C:649AH         LINE#         290
  C:64A8H         LINE#         291
  C:64B7H         LINE#         292
  C:64D6H         LINE#         293
  C:64E5H         LINE#         294
  C:6504H         LINE#         295
  C:6513H         LINE#         296
  C:6532H         LINE#         297
  C:6552H         LINE#         298
  C:6572H         LINE#         300
  C:6580H         LINE#         301
  C:658FH         LINE#         302
  C:65AEH         LINE#         303
  C:65BDH         LINE#         304
  C:65DCH         LINE#         305
  C:65EBH         LINE#         306
  C:660AH         LINE#         310
  C:662CH         LINE#         311
  C:663FH         LINE#         312
  C:664FH         LINE#         313
  C:6658H         LINE#         314
  C:665EH         LINE#         315
  C:6678H         LINE#         316
  C:667FH         LINE#         317
  C:669BH         LINE#         318
  C:66B1H         LINE#         319
  C:66C9H         LINE#         320
  C:66D6H         LINE#         321
  C:6703H         LINE#         322
BL51 BANKED LINKER/LOCATER V6.22                                                      07/26/2010  12:54:22  PAGE 24


  C:6711H         LINE#         324
  C:6715H         LINE#         325
  C:6723H         LINE#         326
  C:673DH         LINE#         327
  C:6744H         LINE#         328
  C:675CH         LINE#         329
  C:6776H         LINE#         330
  C:6794H         LINE#         331
  C:67AEH         LINE#         332
  C:67C8H         LINE#         333
  C:67D8H         LINE#         334
  C:67E7H         LINE#         335
  C:67FFH         LINE#         336
  C:6824H         LINE#         337
  C:683AH         LINE#         338
  C:6852H         LINE#         339
  C:6877H         LINE#         340
  C:68A4H         LINE#         341
  C:68B2H         LINE#         343
  C:68CEH         LINE#         344
  C:68E1H         LINE#         345
  C:6919H         LINE#         346
  C:691CH         LINE#         347
  C:694CH         LINE#         349
  C:6963H         LINE#         350
  C:697AH         LINE#         351
  C:699DH         LINE#         352
  C:699FH         LINE#         353
  C:69AAH         LINE#         354
  C:69ACH         LINE#         355
  C:69B5H         LINE#         356
  C:69CDH         LINE#         357
  C:69F2H         LINE#         358
  C:6A0CH         LINE#         359
  C:6A26H         LINE#         360
  C:6A49H         LINE#         361
  C:6A6AH         LINE#         362
  C:6A71H         LINE#         363
  C:6A92H         LINE#         364
  C:6A99H         LINE#         365
  C:6ABAH         LINE#         366
  C:6AC1H         LINE#         367
  C:6AC4H         LINE#         370
  -------         ENDPROC       SETUP_ADC
  -------         ENDMOD        SETUP_ADC

  -------         MODULE        SETUP_BKCD
  C:0000H         SYMBOL        _ICE_DUMMY_
  D:0080H         PUBLIC        P0
  D:0090H         PUBLIC        P1
  D:00B0H         PUBLIC        P3
  B:00A8H.7       PUBLIC        EA
  D:00D8H         PUBLIC        ADCSTAT
  B:00E8H.3       PUBLIC        I2CM
  D:00D2H         PUBLIC        ADC0CON1
  D:00E6H         PUBLIC        ADC0CON2
  B:00A8H.6       PUBLIC        EADC
BL51 BANKED LINKER/LOCATER V6.22                                                      07/26/2010  12:54:22  PAGE 25


  D:00A8H         PUBLIC        IE
  D:00BCH         PUBLIC        EDATA1
  D:009DH         PUBLIC        T3FD
  D:00BDH         PUBLIC        EDATA2
  D:00BEH         PUBLIC        EDATA3
  D:00BFH         PUBLIC        EDATA4
  B:00A8H.4       PUBLIC        ES
  D:00D4H         PUBLIC        SF
  D:00B8H         PUBLIC        IP
  B:00D8H.7       PUBLIC        RDY0
  D:00E8H         PUBLIC        I2CCON
  D:00B9H         PUBLIC        ECON
  D:00FDH         PUBLIC        DACCON
  D:0087H         PUBLIC        PCON
  C:8F2CH         PUBLIC        setup
  D:0098H         PUBLIC        SCON
  D:0089H         PUBLIC        TMOD
  D:0088H         PUBLIC        TCON
  B:00C0H.0       PUBLIC        WDWR
  D:00D7H         PUBLIC        PLLCON
  B:00A8H.5       PUBLIC        ET2
  D:00F8H         PUBLIC        SPICON
  B:00E8H.6       PUBLIC        MDE
  B:00C8H.2       PUBLIC        TR2
  B:00E8H.5       PUBLIC        MCO
  B:00E8H.7       PUBLIC        MDO
  D:00C7H         PUBLIC        EADRH
  D:00C8H         PUBLIC        T2CON
  D:009EH         PUBLIC        T3CON
  D:00C6H         PUBLIC        EADRL
  D:00D1H         PUBLIC        ADCMODE
  D:00D0H         PUBLIC        PSW
  D:00C0H         PUBLIC        WDCON
  -------         PROC          SETUP
  -------         DO            
  X:003FH         SYMBOL        i1
  D:0018H         SYMBOL        tmpadc
  D:001AH         SYMBOL        ADR_E
  D:001CH         SYMBOL        CM1
  D:001EH         SYMBOL        CM2
  -------         ENDDO         
  C:8F2CH         LINE#         38
  C:8F2CH         LINE#         39
  C:8F2CH         LINE#         71
  C:8F2FH         LINE#         72
  C:8F32H         LINE#         73
  C:8F34H         LINE#         74
  C:8F39H         LINE#         75
  C:8F3BH         LINE#         77
  C:8F40H         LINE#         79
  C:8F45H         LINE#         82
  C:8F48H         LINE#         85
  C:8F50H         LINE#         86
  C:8F53H         LINE#         87
  C:8F55H         LINE#         88
  C:8F57H         LINE#         89
  C:8F59H         LINE#         90
BL51 BANKED LINKER/LOCATER V6.22                                                      07/26/2010  12:54:22  PAGE 26


  C:8F5BH         LINE#         91
  C:8F5EH         LINE#         92
  C:8F61H         LINE#         100
  C:8F64H         LINE#         101
  C:8F67H         LINE#         123
  C:901FH         LINE#         124
  C:90D7H         LINE#         125
  C:918FH         LINE#         126
  C:9247H         LINE#         134
  C:924AH         LINE#         136
  C:924DH         LINE#         137
  C:9250H         LINE#         138
  C:9253H         LINE#         139
  C:9256H         LINE#         140
  C:9258H         LINE#         141
  C:925BH         LINE#         142
  C:9260H         LINE#         155
  -------         ENDPROC       SETUP
  -------         ENDMOD        SETUP_BKCD

  -------         MODULE        TASK3_BKCD
  C:0000H         SYMBOL        _ICE_DUMMY_
  D:0080H         PUBLIC        P0
  C:971AH         PUBLIC        TAB_ADC
  D:0090H         PUBLIC        P1
  D:00A0H         PUBLIC        P2
  D:00B0H         PUBLIC        P3
  D:00D8H         PUBLIC        ADCSTAT
  X:0400H         PUBLIC        Str_BX1_A
  X:0100H         PUBLIC        BUF_N
  D:00D2H         PUBLIC        ADC0CON1
  D:00E6H         PUBLIC        ADC0CON2
  D:00A8H         PUBLIC        IE
  X:0200H         PUBLIC        BUF_S
  D:00FCH         PUBLIC        DACH
  X:01C0H         PUBLIC        BUF_T
  X:021EH         PUBLIC        REL1_ON
  X:0140H         PUBLIC        BUF_U
  X:0220H         PUBLIC        REL2_ON
  D:006CH         PUBLIC        new_zn
  D:00FBH         PUBLIC        DACL
  B:00B0H.7       PUBLIC        RD
  D:00D4H         PUBLIC        SF
  D:00B8H         PUBLIC        IP
  B:00D8H.7       PUBLIC        RDY0
  D:00E8H         PUBLIC        I2CCON
  B:0022H.0       PUBLIC        fl_n
  I:00D2H         PUBLIC        PNT_BUF_TD
  X:0222H         PUBLIC        z1
  X:0223H         PUBLIC        z2
  X:0224H         PUBLIC        z3
  X:0225H         PUBLIC        z4
  D:0098H         PUBLIC        SCON
  D:0088H         PUBLIC        TCON
  X:0226H         PUBLIC        BX_A
  X:0236H         PUBLIC        TABX_CH_A
  D:00A5H         PUBLIC        HOUR
BL51 BANKED LINKER/LOCATER V6.22                                                      07/26/2010  12:54:22  PAGE 27


  D:00DBH         PUBLIC        ADC0H
  D:00A2H         PUBLIC        HTHSEC
  I:00D6H         PUBLIC        cmr
  D:00DAH         PUBLIC        ADC0M
  X:0680H         PUBLIC        Str_CH_A
  C:0026H         PUBLIC        _task_3
  I:00DAH         PUBLIC        CMRX1_K1
  X:07B4H         PUBLIC        Str_TDAT
  I:00DEH         PUBLIC        CMRX1_K2
  I:00E2H         PUBLIC        CMRX2_K1
  B:0022H.1       PUBLIC        fl_v_dol
  I:00E4H         PUBLIC        CMRX2_K2
  D:00F8H         PUBLIC        SPICON
  X:0246H         PUBLIC        REL1_OFF
  X:0248H         PUBLIC        REL2_OFF
  X:0180H         PUBLIC        BUF_FP
  X:05E0H         PUBLIC        Str_BX_A
  B:00E8H.6       PUBLIC        MDE
  X:024AH         PUBLIC        Ves_kol
  B:00E8H.4       PUBLIC        MDI
  B:0080H.3       PUBLIC        RELE1
  D:00A3H         PUBLIC        SEC
  X:024CH         PUBLIC        copy_dol
  B:00E8H.5       PUBLIC        MCO
  B:00E8H.7       PUBLIC        MDO
  D:00A4H         PUBLIC        MIN
  D:00C8H         PUBLIC        T2CON
  X:0250H         PUBLIC        vel_dol
  X:0254H         PUBLIC        TABX_DAT
  X:07B0H         PUBLIC        ZG_TABX_DAT
  X:0256H         PUBLIC        BX1_A
  X:0286H         PUBLIC        cnt_kol
  D:00D1H         PUBLIC        ADCMODE
  X:0288H         PUBLIC        Mom_tr
  X:028AH         PUBLIC        cnt_ves
  D:00D0H         PUBLIC        PSW
  D:00C0H         PUBLIC        WDCON
  -------         PROC          _TASK_3
  X:0062H         SYMBOL        kan
  -------         DO            
  X:0063H         SYMBOL        pods
  I:008DH         SYMBOL        kan_sl
  I:008EH         SYMBOL        BX_KPH
  I:0092H         SYMBOL        BX_KOD
  D:0066H         SYMBOL        tmp2
  I:0094H         SYMBOL        zadc
  D:006AH         SYMBOL        tmpadc
  I:0095H         SYMBOL        TEMP_1
  X:0065H         SYMBOL        tmp_int
  I:0099H         SYMBOL        i11
  X:0067H         SYMBOL        tmp_ch
  X:0068H         SYMBOL        tmp_ch2
  I:009AH         SYMBOL        per
  I:009CH         SYMBOL        wadc
  I:009DH         SYMBOL        N_CH
  I:009EH         SYMBOL        tm
  C:5EB4H         SYMBOL        PPK
BL51 BANKED LINKER/LOCATER V6.22                                                      07/26/2010  12:54:22  PAGE 28


  C:3D7FH         SYMBOL        PR
  -------         DO            
  X:0069H         SYMBOL        a1
  -------         ENDDO         
  -------         DO            
  D:0057H         SYMBOL        g
  D:0058H         SYMBOL        g1
  X:0069H         SYMBOL        adcbuf
  -------         DO            
  D:004DH         SYMBOL        k
  D:004EH         SYMBOL        k1
  D:004FH         SYMBOL        P1
  D:0053H         SYMBOL        P2
  -------         DO            
  I:0070H         SYMBOL        tmpadc_t
  -------         ENDDO         
  -------         ENDDO         
  -------         ENDDO         
  -------         DO            
  D:005DH         SYMBOL        g
  D:005EH         SYMBOL        g1
  D:005FH         SYMBOL        adcbuf
  I:0078H         SYMBOL        WK_1
  -------         DO            
  X:0069H         SYMBOL        c_P0
  -------         ENDDO         
  -------         DO            
  X:0069H         SYMBOL        c_P0
  -------         ENDDO         
  -------         DO            
  D:0059H         SYMBOL        TEMP_l
  I:0074H         SYMBOL        tmp_p
  -------         ENDDO         
  -------         ENDDO         
  -------         DO            
  X:0069H         SYMBOL        c_P2
  X:006AH         SYMBOL        cik
  -------         ENDDO         
  -------         DO            
  I:0079H         SYMBOL        tmpadc_t
  -------         ENDDO         
  -------         DO            
  X:0069H         SYMBOL        c_P0
  I:007DH         SYMBOL        A1
  I:0081H         SYMBOL        A1
  I:0085H         SYMBOL        A1
  -------         ENDDO         
  -------         DO            
  I:007DH         SYMBOL        A1
  I:0081H         SYMBOL        A1
  I:0085H         SYMBOL        A1
  -------         ENDDO         
  -------         DO            
  I:0081H         SYMBOL        A1
  I:0085H         SYMBOL        A1
  -------         ENDDO         
  -------         DO            
BL51 BANKED LINKER/LOCATER V6.22                                                      07/26/2010  12:54:22  PAGE 29


  I:0085H         SYMBOL        A1
  -------         ENDDO         
  -------         DO            
  I:0089H         SYMBOL        tmpadc_t
  -------         ENDDO         
  -------         DO            
  D:0065H         SYMBOL        ind
  -------         ENDDO         
  -------         ENDDO         
  C:0026H         LINE#         85
  C:002BH         LINE#         86
  C:002BH         LINE#         88
  C:0033H         LINE#         90
  C:0037H         LINE#         91
  C:0040H         LINE#         92
  C:0047H         LINE#         93
  C:0053H         LINE#         94
  C:0057H         LINE#         95
  C:005DH         LINE#         100
  C:0066H         LINE#         101
  C:006EH         LINE#         103
  C:0073H         LINE#         104
  C:0078H         LINE#         105
  C:007FH         LINE#         107
  C:0083H         LINE#         108
  C:0087H         LINE#         109
  C:0090H         LINE#         135
  C:0096H         LINE#         136
  C:0096H         LINE#         152
  C:00A9H         LINE#         153
  C:00A9H         LINE#         154
  C:00C1H         LINE#         156
  C:013DH         LINE#         157
  C:013DH         LINE#         158
  C:013DH         LINE#         159
  C:013DH         LINE#         160
  C:0146H         LINE#         162
  C:0149H         LINE#         163
  C:014CH         LINE#         164
  C:0164H         LINE#         165
  C:019CH         LINE#         166
  C:01ABH         LINE#         167
  C:01B5H         LINE#         168
  C:01B8H         LINE#         172
  C:01CBH         LINE#         173
  C:01CBH         LINE#         174
  C:0212H         LINE#         175
  C:0212H         LINE#         176
  C:025EH         LINE#         177
  C:029BH         LINE#         179
  C:02BEH         LINE#         180
  C:02CCH         LINE#         182
  C:0307H         LINE#         191
  C:0325H         LINE#         193
  C:0325H         LINE#         194
  C:032EH         LINE#         195
  C:032FH         LINE#         196
BL51 BANKED LINKER/LOCATER V6.22                                                      07/26/2010  12:54:22  PAGE 30


  C:032FH         LINE#         211
  C:033EH         LINE#         212
  C:033EH         LINE#         252
  C:034DH         LINE#         253
  C:034DH         LINE#         254
  C:0364H         LINE#         255
  C:036AH         LINE#         256
  C:0370H         LINE#         257
  C:038EH         LINE#         258
  C:03A7H         LINE#         259
  C:04F5H         LINE#         260
  C:04F5H         LINE#         261
  C:0504H         LINE#         262
  C:0504H         LINE#         263
  C:0522H         LINE#         264
  C:0528H         LINE#         265
  C:052EH         LINE#         266
  C:054CH         LINE#         267
  C:0565H         LINE#         268
  C:06B3H         LINE#         269
  C:06B3H         LINE#         270
  C:06C2H         LINE#         271
  C:06C2H         LINE#         272
  C:06E0H         LINE#         273
  C:06E6H         LINE#         274
  C:06ECH         LINE#         275
  C:070AH         LINE#         276
  C:0723H         LINE#         277
  C:0871H         LINE#         278
  C:0871H         LINE#         310
  C:0880H         LINE#         311
  C:0886H         LINE#         312
  C:089EH         LINE#         313
  C:08A8H         LINE#         314
  C:08BEH         LINE#         315
  C:08BEH         LINE#         316
  C:08C2H         LINE#         318
  C:08CCH         LINE#         319
  C:08FFH         LINE#         320
  C:0908H         LINE#         322
  C:091FH         LINE#         323
  C:096BH         LINE#         324
  C:096BH         LINE#         325
  C:096FH         LINE#         326
  C:0971H         LINE#         328
  C:097BH         LINE#         329
  C:09AEH         LINE#         331
  C:09AEH         LINE#         332
  C:09E2H         LINE#         333
  C:09E2H         LINE#         334
  C:0A42H         LINE#         335
  C:0A7DH         LINE#         336
  C:0A98H         LINE#         337
  C:0AF5H         LINE#         338
  C:0B39H         LINE#         339
  C:0B57H         LINE#         340
  C:0B8FH         LINE#         341
BL51 BANKED LINKER/LOCATER V6.22                                                      07/26/2010  12:54:22  PAGE 31


  C:0B91H         LINE#         343
  C:0BBFH         LINE#         344
  C:0BBFH         LINE#         345
  C:0BC1H         LINE#         347
  C:0BC1H         LINE#         348
  C:0BEFH         LINE#         349
  C:0BEFH         LINE#         351
  C:0BFDH         LINE#         352
  C:0C03H         LINE#         353
  C:0C09H         LINE#         354
  C:0C25H         LINE#         355
  C:0D73H         LINE#         356
  C:0D73H         LINE#         358
  C:0D82H         LINE#         359
  C:0D82H         LINE#         360
  C:0D9AH         LINE#         361
  C:0DA0H         LINE#         362
  C:0DA6H         LINE#         363
  C:0DC4H         LINE#         364
  C:0F12H         LINE#         365
  C:0F12H         LINE#         378
  C:0F12H         LINE#         381
  C:0F1FH         LINE#         382
  C:0F1FH         LINE#         384
  C:0F23H         LINE#         385
  C:0F28H         LINE#         387
  C:0F2BH         LINE#         388
  C:0F2FH         LINE#         389
  C:0F40H         LINE#         390
  C:0F40H         LINE#         391
  C:0F4CH         LINE#         392
  C:0F4FH         LINE#         393
  C:0F6EH         LINE#         394
  C:0F93H         LINE#         395
  C:0F99H         LINE#         396
  C:0FB3H         LINE#         397
  C:0FBCH         LINE#         398
  C:0FC7H         LINE#         401
  C:0FD2H         LINE#         402
  C:0FD2H         LINE#         405
  C:0FD2H         LINE#         406
  C:0FD6H         LINE#         407
  C:0FD6H         LINE#         408
  C:0FDEH         LINE#         409
  C:0FF4H         LINE#         410
  C:0FF4H         LINE#         411
  C:100CH         LINE#         412
  C:1018H         LINE#         413
  C:103EH         LINE#         415
  C:1041H         LINE#         416
  C:1044H         LINE#         417
  C:105CH         LINE#         418
  C:11A5H         LINE#         419
  C:11A5H         LINE#         421
  C:11B1H         LINE#         422
  C:11D7H         LINE#         423
  C:11DAH         LINE#         424
BL51 BANKED LINKER/LOCATER V6.22                                                      07/26/2010  12:54:22  PAGE 32


  C:11DDH         LINE#         425
  C:11F5H         LINE#         426
  C:133EH         LINE#         427
  C:133EH         LINE#         428
  C:1347H         LINE#         429
  C:1347H         LINE#         431
  C:134FH         LINE#         432
  C:134FH         LINE#         433
  C:1356H         LINE#         434
  C:1356H         LINE#         463
  C:1371H         LINE#         464
  C:1371H         LINE#         465
  C:138FH         LINE#         466
  C:139CH         LINE#         467
  C:139CH         LINE#         468
  C:13B5H         LINE#         469
  C:13D2H         LINE#         470
  C:13D2H         LINE#         472
  C:13EAH         LINE#         473
  C:141EH         LINE#         474
  C:141EH         LINE#         482
  C:142FH         LINE#         483
  C:1440H         LINE#         484
  C:1451H         LINE#         485
  C:1462H         LINE#         487
  C:1462H         LINE#         489
  C:146BH         LINE#         490
  C:146BH         LINE#         492
  C:1476H         LINE#         493
  C:147FH         LINE#         496
  C:1494H         LINE#         497
  C:14A9H         LINE#         499
  C:14A9H         LINE#         501
  C:14BAH         LINE#         502
  C:14BAH         LINE#         506
  C:14BEH         LINE#         508
  C:14C6H         LINE#         509
  C:14DCH         LINE#         510
  C:14DCH         LINE#         511
  C:1548H         LINE#         512
  C:1553H         LINE#         513
  C:1553H         LINE#         514
  C:155CH         LINE#         516
  C:1568H         LINE#         517
  C:1568H         LINE#         519
  C:1581H         LINE#         520
  C:15AAH         LINE#         521
  C:15BFH         LINE#         522
  C:15BFH         LINE#         523
  C:15BFH         LINE#         580
  C:15D0H         LINE#         581
  C:15D0H         LINE#         585
  C:15D4H         LINE#         587
  C:15DCH         LINE#         588
  C:15EFH         LINE#         589
  C:15EFH         LINE#         590
  C:160CH         LINE#         591
BL51 BANKED LINKER/LOCATER V6.22                                                      07/26/2010  12:54:22  PAGE 33


  C:1617H         LINE#         592
  C:1617H         LINE#         593
  C:161FH         LINE#         595
  C:162EH         LINE#         596
  C:162EH         LINE#         599
  C:1647H         LINE#         600
  C:1672H         LINE#         603
  C:1687H         LINE#         608
  C:168AH         LINE#         610
  C:16A1H         LINE#         611
  C:16D9H         LINE#         612
  C:16E8H         LINE#         616
  C:1701H         LINE#         627
  C:1707H         LINE#         628
  C:1722H         LINE#         632
  C:1737H         LINE#         636
  C:1750H         LINE#         638
  C:177DH         LINE#         641
  C:177DH         LINE#         642
  C:17B9H         LINE#         643
  C:17CAH         LINE#         645
  C:1806H         LINE#         646
  C:1816H         LINE#         648
  C:1852H         LINE#         649
  C:1860H         LINE#         650
  C:1860H         LINE#         651
  C:1860H         LINE#         656
  C:1875H         LINE#         658
  C:1875H         LINE#         659
  C:1875H         LINE#         661
  C:1886H         LINE#         662
  C:1886H         LINE#         666
  C:188AH         LINE#         668
  C:1892H         LINE#         669
  C:18A5H         LINE#         670
  C:18A5H         LINE#         671
  C:18C6H         LINE#         672
  C:18D1H         LINE#         673
  C:18D1H         LINE#         674
  C:18D9H         LINE#         676
  C:18E5H         LINE#         677
  C:18E5H         LINE#         680
  C:18FEH         LINE#         681
  C:1928H         LINE#         684
  C:193DH         LINE#         686
  C:193DH         LINE#         689
  C:193DH         LINE#         691
  C:194EH         LINE#         692
  C:194EH         LINE#         696
  C:1952H         LINE#         698
  C:195AH         LINE#         699
  C:196DH         LINE#         700
  C:196DH         LINE#         701
  C:198EH         LINE#         702
  C:1999H         LINE#         703
  C:1999H         LINE#         704
  C:19A1H         LINE#         706
BL51 BANKED LINKER/LOCATER V6.22                                                      07/26/2010  12:54:22  PAGE 34


  C:19B0H         LINE#         707
  C:19B0H         LINE#         708
  C:19B6H         LINE#         709
  C:19B6H         LINE#         710
  C:19B8H         LINE#         711
  C:19E6H         LINE#         712
  C:19E6H         LINE#         713
  C:1A00H         LINE#         714
  C:1A00H         LINE#         715
  C:1A09H         LINE#         716
  C:1A23H         LINE#         717
  C:1A23H         LINE#         718
  C:1A57H         LINE#         719
  C:1A72H         LINE#         720
  C:1A8DH         LINE#         721
  C:1A9DH         LINE#         722
  C:1A9DH         LINE#         723
  C:1AB9H         LINE#         724
  C:1AB9H         LINE#         725
  C:1AEDH         LINE#         726
  C:1B08H         LINE#         727
  C:1B23H         LINE#         728
  C:1B33H         LINE#         729
  C:1B33H         LINE#         730
  C:1B4FH         LINE#         731
  C:1B4FH         LINE#         732
  C:1B78H         LINE#         733
  C:1B93H         LINE#         734
  C:1BAEH         LINE#         735
  C:1BBEH         LINE#         736
  C:1BBEH         LINE#         737
  C:1BDAH         LINE#         738
  C:1BDAH         LINE#         739
  C:1C0EH         LINE#         740
  C:1C29H         LINE#         741
  C:1C44H         LINE#         742
  C:1C54H         LINE#         743
  C:1C54H         LINE#         744
  C:1C6FH         LINE#         745
  C:1C72H         LINE#         747
  C:1C72H         LINE#         748
  C:1C8CH         LINE#         749
  C:1CEEH         LINE#         750
  C:1D09H         LINE#         751
  C:1D6BH         LINE#         752
  C:1D86H         LINE#         753
  C:1DB9H         LINE#         754
  C:1DD4H         LINE#         755
  C:1E36H         LINE#         756
  C:1E36H         LINE#         757
  C:1E36H         LINE#         759
  C:1E39H         LINE#         760
  C:1E3CH         LINE#         761
  C:1E54H         LINE#         762
  C:1E67H         LINE#         763
  C:1FB0H         LINE#         765
  C:1FB0H         LINE#         767
BL51 BANKED LINKER/LOCATER V6.22                                                      07/26/2010  12:54:22  PAGE 35


  C:1FC3H         LINE#         768
  C:1FCCH         LINE#         770
  C:1FE6H         LINE#         771
  C:1FE6H         LINE#         772
  C:1FFFH         LINE#         773
  C:2012H         LINE#         774
  C:205EH         LINE#         776
  C:2071H         LINE#         777
  C:20BDH         LINE#         779
  C:20D0H         LINE#         780
  C:211CH         LINE#         782
  C:2132H         LINE#         783
  C:2162H         LINE#         784
  C:2165H         LINE#         786
  C:2165H         LINE#         788
  C:217FH         LINE#         789
  C:21AFH         LINE#         790
  C:21CAH         LINE#         791
  C:21DDH         LINE#         792
  C:21E9H         LINE#         794
  C:2219H         LINE#         795
  C:2234H         LINE#         796
  C:2247H         LINE#         797
  C:2253H         LINE#         799
  C:2283H         LINE#         800
  C:229EH         LINE#         801
  C:22B1H         LINE#         802
  C:22BDH         LINE#         804
  C:22EDH         LINE#         805
  C:22EDH         LINE#         807
  C:22FEH         LINE#         808
  C:230BH         LINE#         811
  C:2320H         LINE#         812
  C:2335H         LINE#         815
  C:2335H         LINE#         816
  C:2335H         LINE#         821
  C:2346H         LINE#         822
  C:2346H         LINE#         826
  C:234AH         LINE#         828
  C:2352H         LINE#         829
  C:2365H         LINE#         830
  C:2365H         LINE#         831
  C:2382H         LINE#         832
  C:238DH         LINE#         833
  C:238DH         LINE#         834
  C:2395H         LINE#         836
  C:23B9H         LINE#         837
  C:23BBH         LINE#         838
  C:23E9H         LINE#         839
  C:23E9H         LINE#         842
  C:2403H         LINE#         843
  C:2403H         LINE#         844
  C:240CH         LINE#         845
  C:2426H         LINE#         846
  C:2426H         LINE#         847
  C:245AH         LINE#         848
  C:2475H         LINE#         849
BL51 BANKED LINKER/LOCATER V6.22                                                      07/26/2010  12:54:22  PAGE 36


  C:2490H         LINE#         850
  C:24A0H         LINE#         851
  C:24A0H         LINE#         852
  C:24BCH         LINE#         853
  C:24BCH         LINE#         854
  C:24F0H         LINE#         855
  C:250BH         LINE#         856
  C:2526H         LINE#         857
  C:2536H         LINE#         858
  C:2536H         LINE#         859
  C:2552H         LINE#         860
  C:2552H         LINE#         861
  C:257BH         LINE#         862
  C:2596H         LINE#         863
  C:25B1H         LINE#         864
  C:25C1H         LINE#         865
  C:25C1H         LINE#         866
  C:25DDH         LINE#         867
  C:25DDH         LINE#         868
  C:2611H         LINE#         869
  C:262CH         LINE#         870
  C:2647H         LINE#         871
  C:2657H         LINE#         872
  C:2657H         LINE#         873
  C:2672H         LINE#         874
  C:2675H         LINE#         876
  C:2675H         LINE#         877
  C:268FH         LINE#         878
  C:26F1H         LINE#         879
  C:270CH         LINE#         880
  C:276EH         LINE#         881
  C:2789H         LINE#         882
  C:27BCH         LINE#         883
  C:27D7H         LINE#         884
  C:2839H         LINE#         885
  C:2839H         LINE#         898
  C:283CH         LINE#         899
  C:283FH         LINE#         900
  C:2857H         LINE#         901
  C:286AH         LINE#         902
  C:29B3H         LINE#         904
  C:29B3H         LINE#         905
  C:29B3H         LINE#         916
  C:29C6H         LINE#         917
  C:29CFH         LINE#         918
  C:29E9H         LINE#         919
  C:29E9H         LINE#         920
  C:2A02H         LINE#         921
  C:2A15H         LINE#         922
  C:2A60H         LINE#         924
  C:2A73H         LINE#         925
  C:2ABEH         LINE#         927
[...]
  C:3FDAH         LINE#         1314
  C:4017H         LINE#         1315
  C:4025H         LINE#         1316
  C:4025H         LINE#         1317
  C:4040H         LINE#         1318
  C:4040H         LINE#         1319
  C:407DH         LINE#         1320
  C:408BH         LINE#         1321
  C:40C8H         LINE#         1322
  C:40D6H         LINE#         1323
  C:40D6H         LINE#         1325
  C:40F1H         LINE#         1326
  C:40F1H         LINE#         1327
  C:412EH         LINE#         1328
  C:413CH         LINE#         1329
  C:4179H         LINE#         1330
  C:4187H         LINE#         1331
  C:4187H         LINE#         1333
  C:41A2H         LINE#         1334
  C:41A2H         LINE#         1335
  C:41DFH         LINE#         1336
  C:41EDH         LINE#         1337
  C:422AH         LINE#         1338
  C:4238H         LINE#         1339
  C:4238H         LINE#         1340
  C:4253H         LINE#         1341
  C:4253H         LINE#         1342
  C:4290H         LINE#         1343
  C:429EH         LINE#         1344
  C:42DBH         LINE#         1345
  C:42E9H         LINE#         1346
  C:42E9H         LINE#         1348
  C:4304H         LINE#         1349
  C:4304H         LINE#         1350
  C:4341H         LINE#         1351
  C:434FH         LINE#         1352
  C:438CH         LINE#         1353
  C:439AH         LINE#         1354
  C:439AH         LINE#         1356
  C:43B0H         LINE#         1357
  C:43B0H         LINE#         1359
BL51 BANKED LINKER/LOCATER V6.22                                                      07/26/2010  12:54:22  PAGE 42


  C:43B2H         LINE#         1360
  C:43C2H         LINE#         1362
  C:43D8H         LINE#         1363
  C:43D8H         LINE#         1365
  C:43DAH         LINE#         1366
  C:43EAH         LINE#         1368
  C:4402H         LINE#         1369
  C:4412H         LINE#         1371
  C:442AH         LINE#         1372
  C:443AH         LINE#         1373
  C:443AH         LINE#         1374
  C:443AH         LINE#         1375
  C:4440H         LINE#         1378
  C:4441H         LINE#         1380
  C:4441H         LINE#         1382
  C:444AH         LINE#         1384
  C:4481H         LINE#         1385
  C:4481H         LINE#         1386
  C:4499H         LINE#         1387
  C:450EH         LINE#         1388
  C:4513H         LINE#         1391
  C:4516H         LINE#         1392
  C:4518H         LINE#         1393
  C:4532H         LINE#         1396
  C:454CH         LINE#         1403
  C:4554H         LINE#         1404
  C:455CH         LINE#         1405
  C:4560H         LINE#         1407
  C:4560H         LINE#         1408
  C:456DH         LINE#         1409
  C:4573H         LINE#         1411
  C:4576H         LINE#         1412
  C:458DH         LINE#         1413
  C:45A5H         LINE#         1414
  C:4614H         LINE#         1415
  C:461CH         LINE#         1416
  C:461EH         LINE#         1417
  C:461EH         LINE#         1418
  C:4621H         LINE#         1420
  C:4638H         LINE#         1421
  C:4670H         LINE#         1423
  C:4683H         LINE#         1424
  C:468AH         LINE#         1428
  C:468DH         LINE#         1429
  C:4697H         LINE#         1430
  C:469AH         LINE#         1433
  C:469AH         LINE#         1446
  C:46B1H         LINE#         1447
  C:46B1H         LINE#         1448
  C:46C0H         LINE#         1449
  C:46DAH         LINE#         1450
  C:46DAH         LINE#         1453
  C:46F5H         LINE#         1454
  C:46F5H         LINE#         1456
  C:4708H         LINE#         1457
  C:4714H         LINE#         1458
  C:4716H         LINE#         1460
BL51 BANKED LINKER/LOCATER V6.22                                                      07/26/2010  12:54:22  PAGE 43


  C:4734H         LINE#         1461
  C:4774H         LINE#         1462
  C:4774H         LINE#         1465
  C:47BBH         LINE#         1466
  C:47C7H         LINE#         1467
  C:47E2H         LINE#         1468
  C:47FDH         LINE#         1469
  C:4818H         LINE#         1470
  C:4833H         LINE#         1471
  C:484EH         LINE#         1472
  C:4869H         LINE#         1474
  C:4881H         LINE#         1475
  C:4887H         LINE#         1476
  C:4887H         LINE#         1477
  C:488DH         LINE#         1478
  C:488DH         LINE#         1480
  C:48B3H         LINE#         1482
  C:48CBH         LINE#         1483
  C:48D1H         LINE#         1484
  C:48D1H         LINE#         1485
  C:48D7H         LINE#         1486
  C:48D7H         LINE#         1487
  C:4916H         LINE#         1488
  C:4931H         LINE#         1490
  C:494CH         LINE#         1493
  C:4956H         LINE#         1495
  C:4970H         LINE#         1496
  C:4970H         LINE#         1498
  C:498BH         LINE#         1499
  C:498BH         LINE#         1504
  C:499EH         LINE#         1505
  C:499EH         LINE#         1507
  C:49AAH         LINE#         1508
  C:49ACH         LINE#         1510
  C:49ACH         LINE#         1511
  C:49CAH         LINE#         1512
  C:4A0AH         LINE#         1513
  C:4A0AH         LINE#         1516
  C:4A1FH         LINE#         1517
  C:4A2BH         LINE#         1518
  C:4A40H         LINE#         1519
  C:4A4CH         LINE#         1521
  C:4A67H         LINE#         1522
  C:4A82H         LINE#         1523
  C:4A9DH         LINE#         1524
  C:4AB8H         LINE#         1525
  C:4AD3H         LINE#         1526
  C:4AEEH         LINE#         1532
  C:4B06H         LINE#         1533
  C:4B0CH         LINE#         1534
  C:4B0CH         LINE#         1535
  C:4B12H         LINE#         1536
  C:4B12H         LINE#         1538
  C:4B38H         LINE#         1541
  C:4B50H         LINE#         1542
  C:4B56H         LINE#         1543
  C:4B56H         LINE#         1544
BL51 BANKED LINKER/LOCATER V6.22                                                      07/26/2010  12:54:22  PAGE 44


  C:4B5CH         LINE#         1545
  C:4B5CH         LINE#         1546
  C:4B9BH         LINE#         1547
  C:4BB6H         LINE#         1549
  C:4BD1H         LINE#         1552
  C:4BDBH         LINE#         1553
  C:4BF5H         LINE#         1554
  C:4BF5H         LINE#         1557
  C:4C10H         LINE#         1558
  C:4C10H         LINE#         1559
  C:4C27H         LINE#         1560
  C:4C34H         LINE#         1561
  C:4C47H         LINE#         1562
  C:4C47H         LINE#         1563
  C:4C63H         LINE#         1564
  C:4C6BH         LINE#         1566
  C:4C79H         LINE#         1567
  C:4C79H         LINE#         1568
  C:4C9CH         LINE#         1569
  C:4CB6H         LINE#         1570
  C:4CB6H         LINE#         1571
  C:4CB6H         LINE#         1581
  C:4CD2H         LINE#         1582
  C:4CF4H         LINE#         1586
  C:4D11H         LINE#         1595
  C:4D25H         LINE#         1596
  C:4D25H         LINE#         1597
  C:4D3EH         LINE#         1598
  C:4D77H         LINE#         1599
  C:4D77H         LINE#         1600
  C:4DAAH         LINE#         1601
  C:4DB2H         LINE#         1603
  C:4DB5H         LINE#         1604
  C:4DCFH         LINE#         1605
  C:4DD2H         LINE#         1607
  C:4DDBH         LINE#         1608
  C:4E50H         LINE#         1611
  C:4E5AH         LINE#         1620
  C:4E5AH         LINE#         1621
  C:4E9DH         LINE#         1622
  C:4EB8H         LINE#         1623
  C:4EC8H         LINE#         1624
  C:4EDBH         LINE#         1625
  C:4EE4H         LINE#         1626
  C:4EF0H         LINE#         1627
  C:4F0FH         LINE#         1628
  C:4F29H         LINE#         1629
  C:4F45H         LINE#         1631
  C:4F47H         LINE#         1633
  C:4F47H         LINE#         1635
  C:4F72H         LINE#         1636
  C:4F8BH         LINE#         1637
  C:4FAFH         LINE#         1639
  C:4FAFH         LINE#         1645
  C:4FCAH         LINE#         1646
  C:4FCAH         LINE#         1647
  C:4FE1H         LINE#         1649
BL51 BANKED LINKER/LOCATER V6.22                                                      07/26/2010  12:54:22  PAGE 45


  C:4FEEH         LINE#         1650
  C:5001H         LINE#         1651
  C:5001H         LINE#         1652
  C:501DH         LINE#         1653
  C:5025H         LINE#         1655
  C:5036H         LINE#         1656
  C:5036H         LINE#         1657
  C:5058H         LINE#         1658
  C:5069H         LINE#         1659
  C:5069H         LINE#         1661
  C:5073H         LINE#         1662
  C:5073H         LINE#         1664
  C:50C5H         LINE#         1665
  C:511EH         LINE#         1667
  C:5131H         LINE#         1668
  C:5170H         LINE#         1669
  C:518BH         LINE#         1670
  C:51A6H         LINE#         1671
  C:51BDH         LINE#         1672
  C:51D8H         LINE#         1673
  C:51EFH         LINE#         1674
  C:520AH         LINE#         1675
  C:5225H         LINE#         1676
  C:5235H         LINE#         1677
  C:5248H         LINE#         1678
  C:5251H         LINE#         1679
  C:525DH         LINE#         1681
  C:525DH         LINE#         1683
  C:525DH         LINE#         1686
  C:5278H         LINE#         1687
  C:5278H         LINE#         1688
  C:528FH         LINE#         1689
  C:52ABH         LINE#         1690
  C:52ABH         LINE#         1691
  C:52ABH         LINE#         1692
  C:52CBH         LINE#         1693
  C:52CDH         LINE#         1694
  C:52CDH         LINE#         1695
  C:52CDH         LINE#         1696
  C:52ECH         LINE#         1697
  C:52EEH         LINE#         1698
  C:52EEH         LINE#         1699
  C:52EEH         LINE#         1700
  C:530CH         LINE#         1701
  C:530EH         LINE#         1702
  C:530EH         LINE#         1703
  C:530EH         LINE#         1704
  C:532BH         LINE#         1705
  C:532BH         LINE#         1706
  C:532BH         LINE#         1707
  C:532BH         LINE#         1714
  C:532BH         LINE#         1719
  C:5346H         LINE#         1720
  C:5346H         LINE#         1721
  C:5370H         LINE#         1722
  C:5379H         LINE#         1723
  C:5392H         LINE#         1724
BL51 BANKED LINKER/LOCATER V6.22                                                      07/26/2010  12:54:22  PAGE 46


  C:53A5H         LINE#         1725
  C:53F0H         LINE#         1726
  C:540BH         LINE#         1727
  C:541BH         LINE#         1728
  C:545AH         LINE#         1729
  C:549AH         LINE#         1731
  C:549AH         LINE#         1732
  C:54B9H         LINE#         1733
  C:54B9H         LINE#         1734
  C:54E3H         LINE#         1735
  C:54ECH         LINE#         1736
  C:5505H         LINE#         1737
  C:5518H         LINE#         1738
  C:5563H         LINE#         1739
  C:557EH         LINE#         1740
  C:558EH         LINE#         1741
  C:55CDH         LINE#         1742
  C:560DH         LINE#         1744
  C:560DH         LINE#         1746
  C:562CH         LINE#         1747
  C:562CH         LINE#         1748
  C:5656H         LINE#         1749
  C:565FH         LINE#         1750
  C:5678H         LINE#         1751
  C:568BH         LINE#         1752
  C:56D6H         LINE#         1753
  C:56F1H         LINE#         1754
  C:5701H         LINE#         1755
  C:5740H         LINE#         1756
  C:5750H         LINE#         1757
  C:5769H         LINE#         1759
  C:5780H         LINE#         1761
  C:5780H         LINE#         1770
  C:5799H         LINE#         1771
  C:57A9H         LINE#         1772
  C:57B0H         LINE#         1773
  C:57F2H         LINE#         1774
  C:57F2H         LINE#         1775
  C:57F6H         LINE#         1776
  C:5832H         LINE#         1777
  C:583BH         LINE#         1778
  C:589BH         LINE#         1779
  C:589BH         LINE#         1780
  C:589FH         LINE#         1781
  C:58A1H         LINE#         1782
  C:58B6H         LINE#         1783
  C:58ECH         LINE#         1785
  C:58ECH         LINE#         1786
  C:5929H         LINE#         1787
  C:5929H         LINE#         1788
  C:598EH         LINE#         1789
  C:59CEH         LINE#         1790
  C:59E5H         LINE#         1791
  C:5A4AH         LINE#         1792
  C:5A8BH         LINE#         1793
  C:5AA6H         LINE#         1794
  C:5AEAH         LINE#         1795
BL51 BANKED LINKER/LOCATER V6.22                                                      07/26/2010  12:54:22  PAGE 47


  C:5AECH         LINE#         1797
  C:5B1FH         LINE#         1798
  C:5B1FH         LINE#         1799
  C:5B21H         LINE#         1801
  C:5B21H         LINE#         1802
  C:5B54H         LINE#         1803
  C:5B54H         LINE#         1804
  C:5B56H         LINE#         1806
  C:5B65H         LINE#         1842
  C:5BAAH         LINE#         1843
  C:5BAAH         LINE#         1844
  C:5BC2H         LINE#         1845
  C:5BC8H         LINE#         1846
  C:5BC8H         LINE#         1847
  C:5BCEH         LINE#         1848
  C:5BCEH         LINE#         1850
  C:5C19H         LINE#         1852
  C:5C31H         LINE#         1853
  C:5C37H         LINE#         1854
  C:5C37H         LINE#         1855
  C:5C3DH         LINE#         1856
  C:5C3DH         LINE#         1857
  C:5C7CH         LINE#         1858
  C:5C97H         LINE#         1860
  C:5CB2H         LINE#         1861
  C:5CBCH         LINE#         1862
  C:5CBCH         LINE#         1864
  C:5CD6H         LINE#         1865
  C:5D01H         LINE#         1866
  C:5D1AH         LINE#         1870
  C:5D31H         LINE#         1871
  C:5D53H         LINE#         1872
  C:5D6AH         LINE#         1873
  C:5D8CH         LINE#         1875
  C:5D9FH         LINE#         1876
  C:5DA8H         LINE#         1883
  C:5DC3H         LINE#         1884
  C:5DC3H         LINE#         1885
  C:5DDFH         LINE#         1886
  C:5DFAH         LINE#         1887
  C:5E0AH         LINE#         1888
  C:5E1DH         LINE#         1889
  C:5E26H         LINE#         1890
  C:5E32H         LINE#         1891
  C:5E39H         LINE#         1892
  C:5E4CH         LINE#         1893
  C:5E55H         LINE#         1894
  C:5E55H         LINE#         1897
  C:5E6EH         LINE#         1898
  C:5E6EH         LINE#         1900
  C:5E89H         LINE#         1901
  C:5EA1H         LINE#         1902
  C:5EB4H         LINE#         1905
  C:5EB4H         LINE#         1906
  C:5EB4H         LINE#         1907
  C:5EB4H         LINE#         1908
  C:5EB4H         LINE#         1923
BL51 BANKED LINKER/LOCATER V6.22                                                      07/26/2010  12:54:22  PAGE 48


  -------         ENDPROC       _TASK_3
  -------         ENDMOD        TASK3_BKCD

  -------         MODULE        ?C_STARTUP
  C:9677H         SEGMENT       ?C_C51STARTUP
  C:0000H         PUBLIC        ?C_STARTUP
  D:00AFH         SYMBOL        CFG8XX
  N:0001H         SYMBOL        EXSP
  N:0000H         SYMBOL        IBPSTACK
  N:0100H         SYMBOL        IBPSTACKTOP
  N:0080H         SYMBOL        IDATALEN
  C:967DH         SYMBOL        IDATALOOP
  D:00A0H         SYMBOL        P2
  N:0000H         SYMBOL        PBPSTACK
  N:0000H         SYMBOL        PBPSTACKTOP
  N:0000H         SYMBOL        PDATALEN
  N:0000H         SYMBOL        PDATASTART
  N:0000H         SYMBOL        PPAGE
  N:0001H         SYMBOL        PPAGEENABLE
  D:0081H         SYMBOL        SP
  D:00B7H         SYMBOL        SPH
  N:00C0H         SYMBOL        STACKSIZE
  C:9677H         SYMBOL        STARTUP1
  N:0000H         SYMBOL        XBPSTACK
  N:0000H         SYMBOL        XBPSTACKTOP
  N:0800H         SYMBOL        XDATALEN
  C:9688H         SYMBOL        XDATALOOP
  N:0000H         SYMBOL        XDATASTART
  N:0001H         SYMBOL        XRAMEN
  N:0320H         SYMBOL        XSTACKSTART
  N:0081H         SYMBOL        _CFG8XX
  C:0000H         LINE#         167
  C:9677H         LINE#         176
  C:967AH         LINE#         180
  C:967CH         LINE#         181
  C:967DH         LINE#         182
  C:967EH         LINE#         183
  C:9680H         LINE#         187
  C:9683H         LINE#         188
  C:9685H         LINE#         192
  C:9687H         LINE#         194
  C:9688H         LINE#         195
  C:9689H         LINE#         196
  C:968AH         LINE#         197
  C:968CH         LINE#         198
  C:968EH         LINE#         202
  C:9691H         LINE#         233
  C:9694H         LINE#         234
  C:9697H         LINE#         248
  -------         ENDMOD        ?C_STARTUP

  -------         MODULE        ?C?FPADD
  C:8428H         PUBLIC        ?C?FPADD
  C:8424H         PUBLIC        ?C?FPSUB
  -------         ENDMOD        ?C?FPADD

  -------         MODULE        ?C?FPMUL
BL51 BANKED LINKER/LOCATER V6.22                                                      07/26/2010  12:54:22  PAGE 49


  C:8519H         PUBLIC        ?C?FPMUL
  -------         ENDMOD        ?C?FPMUL

  -------         MODULE        ?C?FPDIV
  C:8622H         PUBLIC        ?C?FPDIV
  -------         ENDMOD        ?C?FPDIV

  -------         MODULE        ?C?FPCMP
  C:86C1H         PUBLIC        ?C?FPCMP
  C:86BFH         PUBLIC        ?C?FPCMP3
  -------         ENDMOD        ?C?FPCMP

  -------         MODULE        ?C?FCAST
  C:8736H         PUBLIC        ?C?FCASTC
  C:8731H         PUBLIC        ?C?FCASTI
  C:872CH         PUBLIC        ?C?FCASTL
  -------         ENDMOD        ?C?FCAST

  -------         MODULE        ?C?CASTF
  C:876AH         PUBLIC        ?C?CASTF
  -------         ENDMOD        ?C?CASTF

  -------         MODULE        ?C?LMUL
  C:87EBH         PUBLIC        ?C?LMUL
  -------         ENDMOD        ?C?LMUL

  -------         MODULE        ?C?ULDIV
  C:8876H         PUBLIC        ?C?ULDIV
  -------         ENDMOD        ?C?ULDIV

  -------         MODULE        ?C?LNEG
  C:8908H         PUBLIC        ?C?LNEG
  -------         ENDMOD        ?C?LNEG

  -------         MODULE        ?C?ULCMP
  C:8916H         PUBLIC        ?C?ULCMP
  -------         ENDMOD        ?C?ULCMP

  -------         MODULE        ?C?ULSHR
  C:8927H         PUBLIC        ?C?ULSHR
  -------         ENDMOD        ?C?ULSHR

  -------         MODULE        ?C?LSHL
  C:893AH         PUBLIC        ?C?LSHL
  -------         ENDMOD        ?C?LSHL

  -------         MODULE        ?C?LLDIDATA
  C:894DH         PUBLIC        ?C?LLDIDATA
  -------         ENDMOD        ?C?LLDIDATA

  -------         MODULE        ?C?LLDIDATA0
  C:8959H         PUBLIC        ?C?LLDIDATA0
  -------         ENDMOD        ?C?LLDIDATA0

  -------         MODULE        ?C?LSTIDATA
  C:8966H         PUBLIC        ?C?LSTIDATA
  -------         ENDMOD        ?C?LSTIDATA
BL51 BANKED LINKER/LOCATER V6.22                                                      07/26/2010  12:54:22  PAGE 50



  -------         MODULE        ?C?LSTXDATA
  C:8972H         PUBLIC        ?C?LSTXDATA
  -------         ENDMOD        ?C?LSTXDATA

  -------         MODULE        ?C?LSTKIDATA
  C:897EH         PUBLIC        ?C?LSTKIDATA
  -------         ENDMOD        ?C?LSTKIDATA

  -------         MODULE        ?C?LSTKXDATA
  C:8997H         PUBLIC        ?C?LSTKXDATA
  -------         ENDMOD        ?C?LSTKXDATA

  -------         MODULE        ?C?OFFXADD
  C:89C8H         PUBLIC        ?C?OFFXADD
  -------         ENDMOD        ?C?OFFXADD

  -------         MODULE        ?C?CCASE
  C:89D4H         PUBLIC        ?C?CCASE
  -------         ENDMOD        ?C?CCASE

Program Size: data=235.2 xdata=1558 code=38725
LINK/LOCATE RUN COMPLETE.  0 WARNING(S),  0 ERROR(S)
