BL51 BANKED LINKER/LOCATER V6.22                                                        09/03/2010  14:07:13  PAGE 1


BL51 BANKED LINKER/LOCATER V6.22, INVOKED BY:
C:\KEIL4\C51\BIN\BL51.EXE Main_bkcd.obj, Setup_ADC.obj, setup_bkcd.obj, task3_bkcd.obj, START_AD.obj, assemb.obj TO 4-45
>> _BKCD(rgr) RAMSIZE (256) XDATA (0X0000-0X07FF)


MEMORY MODEL: LARGE WITH FLOATING POINT ARITHMETIC


INPUT MODULES INCLUDED:
  Main_bkcd.obj (MAIN_BKCD)
  Setup_ADC.obj (SETUP_ADC)
  setup_bkcd.obj (SETUP_BKCD)
  task3_bkcd.obj (TASK3_BKCD)
  START_AD.obj (?C_STARTUP)
  assemb.obj (ASSEMB)
  C:\KEIL4\C51\LIB\C51FPL.LIB (?C?FPADD)
  C:\KEIL4\C51\LIB\C51FPL.LIB (?C?FPMUL)
  C:\KEIL4\C51\LIB\C51FPL.LIB (?C?FPDIV)
  C:\KEIL4\C51\LIB\C51FPL.LIB (?C?FPCMP)
  C:\KEIL4\C51\LIB\C51FPL.LIB (?C?FCAST)
  C:\KEIL4\C51\LIB\C51FPL.LIB (?C?CASTF)
  C:\KEIL4\C51\LIB\C51FPL.LIB (?C?FPGETOPN)
  C:\KEIL4\C51\LIB\C51L.LIB (?C_INIT)
  C:\KEIL4\C51\LIB\C51L.LIB (?C?LMUL)
  C:\KEIL4\C51\LIB\C51L.LIB (?C?ULDIV)
  C:\KEIL4\C51\LIB\C51L.LIB (?C?LNEG)
  C:\KEIL4\C51\LIB\C51L.LIB (?C?SLCMP)
  C:\KEIL4\C51\LIB\C51L.LIB (?C?ULCMP)
  C:\KEIL4\C51\LIB\C51L.LIB (?C?ULSHR)
  C:\KEIL4\C51\LIB\C51L.LIB (?C?LSHL)
  C:\KEIL4\C51\LIB\C51L.LIB (?C?LLDIDATA)
  C:\KEIL4\C51\LIB\C51L.LIB (?C?LLDIDATA0)
  C:\KEIL4\C51\LIB\C51L.LIB (?C?LSTIDATA)
  C:\KEIL4\C51\LIB\C51L.LIB (?C?LSTXDATA)
  C:\KEIL4\C51\LIB\C51L.LIB (?C?LSTKIDATA)
  C:\KEIL4\C51\LIB\C51L.LIB (?C?LSTKXDATA)
  C:\KEIL4\C51\LIB\C51L.LIB (?C?OFFXADD)
  C:\KEIL4\C51\LIB\C51L.LIB (?C?CCASE)


LINK MAP OF MODULE:  4-45_BKCD(rgr) (MAIN_BKCD)


            TYPE    BASE      LENGTH    RELOCATION   SEGMENT NAME
            -----------------------------------------------------

            * * * * * * *   D A T A   M E M O R Y   * * * * * * *
            REG     0000H     0008H     ABSOLUTE     "REG BANK 0"
            REG     0008H     0008H     ABSOLUTE     "REG BANK 1"
            REG     0010H     0008H     ABSOLUTE     "REG BANK 2"
            DATA    0018H     0008H     UNIT         ?DT?SETUP_BKCD
            BIT     0020H.0   0002H.3   UNIT         ?BI?MAIN_BKCD
            BIT     0022H.3   0000H.2   UNIT         ?BI?TASK3_BKCD
                    0022H.5   0000H.3                *** GAP ***
            DATA    0023H     002AH     UNIT         ?DT?MAIN_BKCD
            DATA    004DH     0021H     UNIT         ?DT?TASK3_BKCD
            DATA    006EH     0002H     UNIT         ?DT?SETUP_ADC
            IDATA   0070H     0032H     UNIT         ?ID?_TASK_3?TASK3_BKCD
BL51 BANKED LINKER/LOCATER V6.22                                                      09/03/2010  14:07:13  PAGE 2


            IDATA   00A2H     0030H     UNIT         ?ID?MAIN_BKCD
            IDATA   00D2H     0014H     UNIT         ?ID?TASK3_BKCD
            IDATA   00E6H     0004H     UNIT         ?ID?MAIN?MAIN_BKCD
            IDATA   00EAH     0001H     UNIT         ?ID?SETUP_ADC?SETUP_ADC

            * * * * * * *  X D A T A   M E M O R Y  * * * * * * *
            XDATA   0000H     001CH     ABSOLUTE     
            XDATA   001CH     0020H     UNIT         ?XD?SETUP_ADC?SETUP_ADC
            XDATA   003CH     0002H     UNIT         ?XD?MAIN?MAIN_BKCD
            XDATA   003EH     0001H     UNIT         ?XD?KMD?MAIN_BKCD
            XDATA   003FH     0001H     UNIT         ?XD?SETUP?SETUP_BKCD
            XDATA   0040H     0022H     ABSOLUTE     
            XDATA   0062H     000DH     UNIT         ?XD?_TASK_3?TASK3_BKCD
                    006FH     0011H                  *** GAP ***
            XDATA   0080H     0022H     ABSOLUTE     
                    00A2H     001EH                  *** GAP ***
            XDATA   00C0H     001CH     ABSOLUTE     
                    00DCH     0024H                  *** GAP ***
            XDATA   0100H     003CH     ABSOLUTE     
                    013CH     0004H                  *** GAP ***
            XDATA   0140H     003CH     ABSOLUTE     
                    017CH     0004H                  *** GAP ***
            XDATA   0180H     003CH     ABSOLUTE     
                    01BCH     0004H                  *** GAP ***
            XDATA   01C0H     003CH     ABSOLUTE     
                    01FCH     0004H                  *** GAP ***
            XDATA   0200H     001EH     ABSOLUTE     
            XDATA   021EH     0074H     UNIT         ?XD?TASK3_BKCD
            XDATA   0292H     0036H     UNIT         ?XD?MAIN_BKCD
                    02C8H     0058H                  *** GAP ***
            XDATA   0320H     00C0H     ABSOLUTE     
                    03E0H     0020H                  *** GAP ***
            XDATA   0400H     0180H     ABSOLUTE     
                    0580H     0060H                  *** GAP ***
            XDATA   05E0H     0080H     ABSOLUTE     
                    0660H     0020H                  *** GAP ***
            XDATA   0680H     00D0H     ABSOLUTE     
                    0750H     0060H                  *** GAP ***
            XDATA   07B0H     0004H     ABSOLUTE     
            XDATA   07B4H     0028H     ABSOLUTE     

            * * * * * * *   C O D E   M E M O R Y   * * * * * * *
            CODE    0000H     0003H     ABSOLUTE     
            CODE    0003H     000DH     UNIT         ?PR?LBUF_COP?ASSEMB
                    0010H     000BH                  *** GAP ***
            CODE    001BH     0003H     ABSOLUTE     
                    001EH     0005H                  *** GAP ***
            CODE    0023H     0003H     ABSOLUTE     
            CODE    0026H     6332H     UNIT         ?PR?_TASK_3?TASK3_BKCD
            CODE    6358H     0C10H     UNIT         ?PR?SETUP_ADC?SETUP_ADC
            CODE    6F68H     0A8DH     UNIT         ?PR?MAIN?MAIN_BKCD
            CODE    79F5H     08A0H     UNIT         ?PR?KMD?MAIN_BKCD
            CODE    8295H     0635H     UNIT         ?PR?SER_INT?MAIN_BKCD
            CODE    88CAH     05EFH     UNIT         ?C?LIB_CODE
            CODE    8EB9H     053AH     UNIT         ?PR?TIMER1INT?MAIN_BKCD
            CODE    93F3H     0335H     UNIT         ?PR?SETUP?SETUP_BKCD
            CODE    9728H     02C2H     UNIT         ?CO?MAIN_BKCD
BL51 BANKED LINKER/LOCATER V6.22                                                      09/03/2010  14:07:13  PAGE 3


            CODE    99EAH     016BH     UNIT         ?C_INITSEG
            CODE    9B55H     00A3H     UNIT         ?C_C51STARTUP
            CODE    9BF8H     0048H     UNIT         ?CO?TASK3_BKCD



OVERLAY MAP OF MODULE:   4-45_BKCD(rgr) (MAIN_BKCD)


SEGMENT
  +--> CALLED SEGMENT
---------------------
?PR?SER_INT?MAIN_BKCD
  +--> ?CO?MAIN_BKCD
  +--> ?PR?KMD?MAIN_BKCD

?PR?KMD?MAIN_BKCD
  +--> ?CO?MAIN_BKCD

*** NEW ROOT ***************************************************

?C_C51STARTUP
  +--> ?PR?MAIN?MAIN_BKCD
  +--> ?C_INITSEG

?PR?MAIN?MAIN_BKCD
  +--> ?PR?SETUP?SETUP_BKCD
  +--> ?PR?SETUP_ADC?SETUP_ADC
  +--> ?PR?_TASK_3?TASK3_BKCD
  +--> ?PR?LBUF_COP?ASSEMB

?PR?_TASK_3?TASK3_BKCD
  +--> ?CO?TASK3_BKCD
  +--> ?CO?MAIN_BKCD



SYMBOL TABLE OF MODULE:  4-45_BKCD(rgr) (MAIN_BKCD)

  VALUE           TYPE          NAME
  ----------------------------------

  -------         MODULE        MAIN_BKCD
  C:0000H         SYMBOL        _ICE_DUMMY_
  B:0020H.0       PUBLIC        fl_rgr
  D:0080H         PUBLIC        P0
  D:0090H         PUBLIC        P1
  B:0020H.1       PUBLIC        FL_BLOK_EPROM
  D:00A0H         PUBLIC        P2
  D:00B0H         PUBLIC        P3
  B:00A8H.7       PUBLIC        EA
  D:00D8H         PUBLIC        ADCSTAT
  B:0020H.2       PUBLIC        ep2
  B:0020H.3       PUBLIC        fl_r11
  X:0292H         PUBLIC        mi1
  I:00A2H         PUBLIC        ED
  B:0020H.4       PUBLIC        fl_r22
BL51 BANKED LINKER/LOCATER V6.22                                                      09/03/2010  14:07:13  PAGE 4


  I:00A4H         PUBLIC        CNT_SEC_V1
  D:0027H         PUBLIC        kol_c
  I:00A6H         PUBLIC        CNT_SEC_V2
  B:0020H.5       PUBLIC        fl_ds
  D:0029H         PUBLIC        r_crc
  D:00A8H         PUBLIC        IE
  D:002AH         PUBLIC        copy_p
  D:002CH         PUBLIC        len_o
  X:0294H         PUBLIC        DL
  X:0080H         PUBLIC        xbufin
  X:0295H         PUBLIC        POR_R1_OFF
  D:00BCH         PUBLIC        EDATA1
  X:0296H         PUBLIC        POR_R2_OFF
  D:00BDH         PUBLIC        EDATA2
  I:00A8H         PUBLIC        CNT_SEC_DL
  D:002DH         PUBLIC        st_ser
  D:00BEH         PUBLIC        EDATA3
  D:00BFH         PUBLIC        EDATA4
  B:00A8H.4       PUBLIC        ES
  D:00B8H         PUBLIC        IP
  X:0040H         PUBLIC        bufout
  I:00ACH         PUBLIC        MM
  D:002EH         PUBLIC        i1
  I:00B3H         PUBLIC        j1
  B:0098H.0       PUBLIC        RI
  I:00B4H         PUBLIC        j2
  B:0020H.6       PUBLIC        fl_sv
  B:0098H.1       PUBLIC        TI
  D:002FH         PUBLIC        cop_imp1
  D:0031H         PUBLIC        cop_imp2
  B:0020H.7       PUBLIC        fcnt_100
  B:00D8H.7       PUBLIC        RDY0
  D:00E8H         PUBLIC        I2CCON
  D:0033H         PUBLIC        priem
  I:00B5H         PUBLIC        CNT_SEC
  C:8EB9H         PUBLIC        timer1int
  D:0081H         PUBLIC        SP
  D:00B9H         PUBLIC        ECON
  C:6F68H         PUBLIC        main
  D:0034H         PUBLIC        status
  I:00B7H         PUBLIC        crco
  B:00B0H.6       PUBLIC        WR
  B:0021H.0       PUBLIC        FL_BLOK_EEPR
  I:00B9H         PUBLIC        TM_LINE
  X:0000H         PUBLIC        lbuf
  B:0021H.1       PUBLIC        fcnt
  D:0099H         PUBLIC        SBUF
  D:0035H         PUBLIC        bufcht1
  B:0021H.2       PUBLIC        Eprom_ch
  B:0021H.3       PUBLIC        Eprom_zap
  D:0098H         PUBLIC        SCON
  D:0088H         PUBLIC        TCON
  D:0039H         PUBLIC        cmd
  D:003AH         PUBLIC        crc
  X:0297H         PUBLIC        mi11
  X:0298H         PUBLIC        zbuf
  C:79F5H         PUBLIC        kmd
BL51 BANKED LINKER/LOCATER V6.22                                                      09/03/2010  14:07:13  PAGE 5


  X:02BAH         PUBLIC        b_err_cl
  D:00A5H         PUBLIC        HOUR
  D:003CH         PUBLIC        copy_p1
  D:003EH         PUBLIC        zad
  X:02BBH         PUBLIC        par
  B:00A0H.4       PUBLIC        svet
  B:00C0H.0       PUBLIC        WDWR
  D:003FH         PUBLIC        lineaddo
  I:00BAH         PUBLIC        rasx1_t
  I:00BEH         PUBLIC        rasx2_t
  B:00A8H.3       PUBLIC        ET1
  D:00D7H         PUBLIC        PLLCON
  B:0088H.7       PUBLIC        TF1
  D:008DH         PUBLIC        TH1
  D:00F8H         PUBLIC        SPICON
  I:00C2H         PUBLIC        nro
  B:0021H.4       PUBLIC        FCNT_SEC_V1
  I:00C3H         PUBLIC        tmo
  B:0021H.5       PUBLIC        FCNT_SEC_V2
  D:0040H         PUBLIC        fk
  D:008BH         PUBLIC        TL1
  B:0021H.6       PUBLIC        fl_m1
  I:00C4H         PUBLIC        tmp
  B:0021H.7       PUBLIC        rez
  B:0022H.0       PUBLIC        fl_m2
  X:02BCH         PUBLIC        POR_R1_ON
  X:02BDH         PUBLIC        POR_R2_ON
  X:02BEH         PUBLIC        stat_byte
  D:0041H         PUBLIC        lineadd
  X:02BFH         PUBLIC        BUF_FP_100_0
  B:00E8H.6       PUBLIC        MDE
  D:0042H         PUBLIC        mi
  B:0088H.6       PUBLIC        TR1
  B:00E8H.4       PUBLIC        MDI
  D:00A3H         PUBLIC        SEC
  X:02C1H         PUBLIC        b_err_p
  X:00C0H         PUBLIC        lbuf_dn
  B:00E8H.5       PUBLIC        MCO
  B:00E8H.7       PUBLIC        MDO
  D:0044H         PUBLIC        nr
  D:00A4H         PUBLIC        MIN
  D:00C7H         PUBLIC        EADRH
  D:00C8H         PUBLIC        T2CON
  I:00C5H         PUBLIC        cnt_dol
  I:00C7H         PUBLIC        i
  I:00C8H         PUBLIC        j
  D:00C6H         PUBLIC        EADRL
  D:00B7H         PUBLIC        SPH
  C:97E8H         PUBLIC        Crc16Table
  B:00C0H.2       PUBLIC        WDS
  D:00D1H         PUBLIC        ADCMODE
  C:99E8H         PUBLIC        VER_PR
  I:00C9H         PUBLIC        Len_p
  X:02C2H         PUBLIC        OGR_UR
  C:9728H         PUBLIC        TAB_NO_LINE_1
  B:0022H.1       PUBLIC        fl_buf
  I:00CAH         PUBLIC        rasx1
BL51 BANKED LINKER/LOCATER V6.22                                                      09/03/2010  14:07:13  PAGE 6


  C:9768H         PUBLIC        TAB_NO_LINE_2
  I:00CEH         PUBLIC        rasx2
  C:97A8H         PUBLIC        TAB_NO_LINE_3
  B:0022H.2       PUBLIC        fl_rest
  D:00AFH         PUBLIC        CFG848
  X:02C4H         PUBLIC        ob_par
  C:8295H         PUBLIC        ser_int
  D:0045H         PUBLIC        H1
  X:02C6H         PUBLIC        fcnt_k
  D:0049H         PUBLIC        H2
  D:00D0H         PUBLIC        PSW
  B:00B0H.2       PUBLIC        int0
  D:00C0H         PUBLIC        WDCON
  -------         PROC          TIMER1INT
  C:8EB9H         LINE#         277
  C:8EC6H         LINE#         293
  C:8EC8H         LINE#         294
  C:8ECBH         LINE#         295
  C:8ECEH         LINE#         296
  C:8ED4H         LINE#         297
  C:8EDCH         LINE#         298
  C:8EFAH         LINE#         299
  C:8F18H         LINE#         310
  C:8F20H         LINE#         311
  C:8F30H         LINE#         312
  C:8F37H         LINE#         313
  C:8F39H         LINE#         314
  C:8F39H         LINE#         316
  C:8F41H         LINE#         317
  C:8F51H         LINE#         318
  C:8F58H         LINE#         319
  C:8F5AH         LINE#         320
  C:8F5AH         LINE#         332
  C:8F64H         LINE#         333
  C:8F64H         LINE#         337
  C:8FB5H         LINE#         338
  C:8FB5H         LINE#         346
  C:8FBDH         LINE#         347
  C:8FC0H         LINE#         348
  C:8FC0H         LINE#         351
  C:8FC2H         LINE#         354
  C:8FDCH         LINE#         355
  C:8FDCH         LINE#         372
  C:8FF2H         LINE#         373
  C:9005H         LINE#         374
  C:9005H         LINE#         375
  C:9007H         LINE#         376
  C:900DH         LINE#         377
  C:9017H         LINE#         378
  C:9020H         LINE#         379
  C:9026H         LINE#         380
  C:9028H         LINE#         382
  C:902BH         LINE#         383
  C:902BH         LINE#         384
  C:9031H         LINE#         385
  C:903BH         LINE#         386
  C:903BH         LINE#         388
BL51 BANKED LINKER/LOCATER V6.22                                                      09/03/2010  14:07:13  PAGE 7


  C:903DH         LINE#         390
  C:903DH         LINE#         391
  C:9043H         LINE#         392
  C:904DH         LINE#         393
  C:9056H         LINE#         394
  C:905CH         LINE#         396
  C:905CH         LINE#         397
  C:905CH         LINE#         414
  C:90A3H         LINE#         415
  C:90A3H         LINE#         417
  C:90ADH         LINE#         418
  C:90ADH         LINE#         420
  C:90C0H         LINE#         421
  C:90C0H         LINE#         422
  C:90C6H         LINE#         423
  C:90CCH         LINE#         424
  C:90D5H         LINE#         425
  C:90DEH         LINE#         426
  C:90E0H         LINE#         427
  C:90E0H         LINE#         428
  C:90E0H         LINE#         431
  C:90EAH         LINE#         432
  C:90EAH         LINE#         435
  C:913BH         LINE#         436
  C:913BH         LINE#         441
  C:9143H         LINE#         442
  C:9146H         LINE#         443
  C:9146H         LINE#         446
  C:9148H         LINE#         449
  C:9162H         LINE#         450
  C:9162H         LINE#         466
  C:9178H         LINE#         467
  C:9178H         LINE#         468
  C:918BH         LINE#         469
  C:918BH         LINE#         470
  C:918DH         LINE#         471
  C:9193H         LINE#         472
  C:919DH         LINE#         473
  C:91A6H         LINE#         474
  C:91ACH         LINE#         475
  C:91AEH         LINE#         477
  C:91B1H         LINE#         478
  C:91B7H         LINE#         479
  C:91C1H         LINE#         480
  C:91C1H         LINE#         481
  C:91C3H         LINE#         483
  C:91C3H         LINE#         484
  C:91C9H         LINE#         485
  C:91D3H         LINE#         486
  C:91DCH         LINE#         487
  C:91E2H         LINE#         488
  C:91E2H         LINE#         503
  C:91E2H         LINE#         504
  C:9229H         LINE#         505
  C:9229H         LINE#         507
  C:9233H         LINE#         508
  C:9233H         LINE#         510
BL51 BANKED LINKER/LOCATER V6.22                                                      09/03/2010  14:07:13  PAGE 8


  C:9246H         LINE#         511
  C:9246H         LINE#         512
  C:924CH         LINE#         513
  C:9252H         LINE#         514
  C:925BH         LINE#         515
  C:9264H         LINE#         516
  C:9266H         LINE#         517
  C:9266H         LINE#         519
  C:9266H         LINE#         525
  C:9270H         LINE#         526
  C:9270H         LINE#         527
  C:928EH         LINE#         594
  C:92AAH         LINE#         595
  C:92AAH         LINE#         596
  C:92B3H         LINE#         597
  C:92B5H         LINE#         599
  C:92B5H         LINE#         600
  C:92B9H         LINE#         601
  C:92B9H         LINE#         602
  C:92BBH         LINE#         603
  C:92BFH         LINE#         604
  C:92BFH         LINE#         605
  C:92DBH         LINE#         606
  C:92DBH         LINE#         607
  C:92E6H         LINE#         609
  C:92EEH         LINE#         610
  C:92F0H         LINE#         613
  C:92F8H         LINE#         614
  C:92F8H         LINE#         615
  C:92F8H         LINE#         616
  C:92F8H         LINE#         626
  C:92F8H         LINE#         633
  C:9300H         LINE#         635
  C:9303H         LINE#         636
  C:9314H         LINE#         637
  C:9314H         LINE#         638
  C:9335H         LINE#         640
  C:933CH         LINE#         641
  C:933CH         LINE#         642
  C:933EH         LINE#         644
  C:934EH         LINE#         645
  C:9355H         LINE#         646
  C:9357H         LINE#         647
  C:9357H         LINE#         669
  C:9359H         LINE#         670
  C:9385H         LINE#         671
  C:9385H         LINE#         672
  C:938FH         LINE#         674
  C:938FH         LINE#         676
  C:9397H         LINE#         697
  C:93A2H         LINE#         698
  C:93A2H         LINE#         699
  C:93A8H         LINE#         701
  C:93ADH         LINE#         702
  C:93B0H         LINE#         703
  C:93B3H         LINE#         704
  C:93B7H         LINE#         706
BL51 BANKED LINKER/LOCATER V6.22                                                      09/03/2010  14:07:13  PAGE 9


  C:93B9H         LINE#         707
  C:93B9H         LINE#         710
  C:93BDH         LINE#         711
  C:93C1H         LINE#         713
  C:93C7H         LINE#         716
  C:93CFH         LINE#         717
  C:93CFH         LINE#         718
  C:93D4H         LINE#         719
  C:93D4H         LINE#         721
  C:93D7H         LINE#         722
  C:93DBH         LINE#         723
  C:93DEH         LINE#         724
  C:93DEH         LINE#         725
  C:93E0H         LINE#         727
  C:93E0H         LINE#         729
  C:93E5H         LINE#         730
  C:93E8H         LINE#         731
  C:93E8H         LINE#         739
  -------         ENDPROC       TIMER1INT
  -------         PROC          SER_INT
  -------         DO            
  D:0023H         SYMBOL        i
  C:88BFH         SYMBOL        kon
  -------         ENDDO         
  C:8295H         LINE#         742
  C:82A2H         LINE#         765
  C:82A8H         LINE#         766
  C:82A8H         LINE#         767
  C:82AAH         LINE#         768
  C:82B0H         LINE#         769
  C:82B0H         LINE#         771
  C:82B0H         LINE#         772
  C:82B0H         LINE#         773
  C:82B9H         LINE#         774
  C:82B9H         LINE#         777
  C:82BDH         LINE#         778
  C:82BFH         LINE#         779
  C:82C6H         LINE#         780
  C:82C6H         LINE#         781
  C:82C9H         LINE#         783
  C:82CCH         LINE#         784
  C:82CCH         LINE#         785
  C:82CFH         LINE#         793
  C:82D5H         LINE#         794
  C:82D5H         LINE#         795
  C:82FBH         LINE#         796
  C:82FBH         LINE#         797
  C:8303H         LINE#         798
  C:8305H         LINE#         800
  C:8305H         LINE#         801
  C:8308H         LINE#         802
  C:830BH         LINE#         803
  C:830BH         LINE#         804
  C:830BH         LINE#         807
  C:830FH         LINE#         808
  C:830FH         LINE#         809
  C:8318H         LINE#         810
BL51 BANKED LINKER/LOCATER V6.22                                                      09/03/2010  14:07:13  PAGE 10


  C:8318H         LINE#         811
  C:831BH         LINE#         812
  C:831EH         LINE#         813
  C:831EH         LINE#         815
  C:831EH         LINE#         817
  C:831EH         LINE#         818
  C:831EH         LINE#         820
  C:8324H         LINE#         821
  C:8324H         LINE#         822
  C:8348H         LINE#         823
  C:8348H         LINE#         824
  C:834BH         LINE#         825
  C:834EH         LINE#         826
  C:834EH         LINE#         827
  C:834EH         LINE#         829
  C:8360H         LINE#         835
  C:8385H         LINE#         836
  C:8385H         LINE#         837
  C:8388H         LINE#         838
  C:83B0H         LINE#         839
  C:83B0H         LINE#         840
  C:83B6H         LINE#         841
  C:83BCH         LINE#         842
  C:83BCH         LINE#         843
  C:83CCH         LINE#         844
  C:83CCH         LINE#         845
  C:83D7H         LINE#         846
  C:83F1H         LINE#         847
  C:83F5H         LINE#         848
  C:83F7H         LINE#         850
  C:8407H         LINE#         851
  C:8407H         LINE#         853
  C:8448H         LINE#         854
  C:8457H         LINE#         855
  C:845BH         LINE#         857
  C:84AFH         LINE#         858
  C:84AFH         LINE#         861
  C:84B6H         LINE#         862
  C:84BDH         LINE#         863
  C:84C3H         LINE#         864
  C:84D0H         LINE#         865
  C:84D0H         LINE#         866
  C:84ECH         LINE#         867
  C:84F0H         LINE#         869
  C:84FEH         LINE#         870
  C:8508H         LINE#         873
  C:8517H         LINE#         874
  C:8517H         LINE#         875
  C:851DH         LINE#         876
  C:8524H         LINE#         877
  C:852AH         LINE#         878
  C:8536H         LINE#         879
  C:853CH         LINE#         880
  C:8548H         LINE#         881
  C:8548H         LINE#         882
  C:854EH         LINE#         883
  C:854EH         LINE#         885
BL51 BANKED LINKER/LOCATER V6.22                                                      09/03/2010  14:07:13  PAGE 11


  C:8560H         LINE#         886
  C:8579H         LINE#         888
  C:859CH         LINE#         890
  C:85B8H         LINE#         891
  C:85B8H         LINE#         892
  C:85DAH         LINE#         893
  C:85E0H         LINE#         894
  C:85E2H         LINE#         895
  C:85E2H         LINE#         898
  C:85E7H         LINE#         899
  C:85E7H         LINE#         900
  C:85E9H         LINE#         901
  C:85E9H         LINE#         903
  C:85E9H         LINE#         906
  C:85F8H         LINE#         907
  C:85F8H         LINE#         908
  C:8600H         LINE#         909
  C:8600H         LINE#         910
  C:8616H         LINE#         911
  C:8620H         LINE#         912
  C:8620H         LINE#         914
  C:863CH         LINE#         915
  C:8640H         LINE#         917
  C:8648H         LINE#         918
  C:8657H         LINE#         919
  C:865AH         LINE#         920
  C:8663H         LINE#         921
  C:8663H         LINE#         922
  C:8663H         LINE#         924
  C:86ABH         LINE#         925
  C:86ABH         LINE#         926
  C:86B8H         LINE#         927
  C:86B8H         LINE#         928
  C:86BBH         LINE#         929
  C:86BBH         LINE#         930
  C:86BBH         LINE#         931
  C:86BBH         LINE#         933
  C:86FEH         LINE#         934
  C:86FEH         LINE#         935
  C:8700H         LINE#         936
  C:8702H         LINE#         937
  C:8707H         LINE#         938
  C:8709H         LINE#         941
  C:8709H         LINE#         943
  C:8723H         LINE#         944
  C:8729H         LINE#         945
  C:872BH         LINE#         947
  C:872BH         LINE#         948
  C:872EH         LINE#         949
  C:8731H         LINE#         950
  C:8731H         LINE#         951
  C:8733H         LINE#         953
  C:8733H         LINE#         954
  C:8736H         LINE#         955
  C:8739H         LINE#         956
  C:8739H         LINE#         957
  C:8739H         LINE#         959
BL51 BANKED LINKER/LOCATER V6.22                                                      09/03/2010  14:07:13  PAGE 12


  C:8739H         LINE#         961
  C:873FH         LINE#         962
  C:8741H         LINE#         963
  C:8744H         LINE#         964
  C:8744H         LINE#         965
  C:874AH         LINE#         966
  C:874AH         LINE#         969
  C:8753H         LINE#         970
  C:8753H         LINE#         971
  C:875DH         LINE#         972
  C:8765H         LINE#         973
  C:8771H         LINE#         975
  C:8779H         LINE#         976
  C:878DH         LINE#         977
  C:8794H         LINE#         978
  C:879DH         LINE#         979
  C:87A4H         LINE#         980
  C:87A7H         LINE#         982
  C:87BBH         LINE#         983
  C:87BEH         LINE#         985
  C:87C7H         LINE#         986
  C:87C7H         LINE#         987
  C:87CCH         LINE#         988
  C:87D0H         LINE#         989
  C:87D2H         LINE#         991
  C:87E1H         LINE#         992
  C:87E3H         LINE#         994
  C:87FDH         LINE#         995
  C:880AH         LINE#         997
  C:8829H         LINE#         998
  C:8829H         LINE#         999
  C:8830H         LINE#         1000
  C:8833H         LINE#         1001
  C:8836H         LINE#         1002
  C:8838H         LINE#         1004
  C:884CH         LINE#         1005
  C:8852H         LINE#         1006
  C:8857H         LINE#         1007
  C:8868H         LINE#         1009
  C:8871H         LINE#         1010
  C:88B7H         LINE#         1012
  C:88BAH         LINE#         1013
  C:88BCH         LINE#         1015
  C:88BFH         LINE#         1018
  C:88BFH         LINE#         1020
  C:88BFH         LINE#         1026
  -------         ENDPROC       SER_INT
  -------         PROC          KMD
  -------         DO            
  X:003EH         SYMBOL        tmp_rw
  -------         DO            
  D:0024H         SYMBOL        t
  -------         ENDDO         
  -------         ENDDO         
  C:79F5H         LINE#         1030
  C:79F5H         LINE#         1031
  C:79F5H         LINE#         1046
BL51 BANKED LINKER/LOCATER V6.22                                                      09/03/2010  14:07:13  PAGE 13


  C:7A3DH         LINE#         1047
  C:7A3DH         LINE#         1049
  C:7A3FH         LINE#         1050
  C:7A53H         LINE#         1051
  C:7A55H         LINE#         1052
  C:7A64H         LINE#         1053
  C:7A67H         LINE#         1054
  C:7A67H         LINE#         1056
  C:7AA0H         LINE#         1057
  C:7AA0H         LINE#         1058
  C:7AA3H         LINE#         1069
  C:7AAAH         LINE#         1141
  C:7AB0H         LINE#         1142
  C:7AB0H         LINE#         1143
  C:7ABEH         LINE#         1144
  C:7ABEH         LINE#         1145
  C:7AD2H         LINE#         1146
  C:7ADFH         LINE#         1147
  C:7AF0H         LINE#         1148
  C:7AF0H         LINE#         1149
  C:7AF0H         LINE#         1151
  C:7AF6H         LINE#         1152
  C:7AF6H         LINE#         1153
  C:7B04H         LINE#         1154
  C:7B04H         LINE#         1155
  C:7B18H         LINE#         1156
  C:7B25H         LINE#         1157
  C:7B36H         LINE#         1158
  C:7B36H         LINE#         1159
  C:7B36H         LINE#         1195
  C:7B36H         LINE#         1211
  C:7B5AH         LINE#         1212
  C:7B5AH         LINE#         1214
  C:7B6EH         LINE#         1215
  C:7B96H         LINE#         1216
  C:7BA2H         LINE#         1217
  C:7BB3H         LINE#         1218
  C:7BB9H         LINE#         1219
  C:7BBCH         LINE#         1220
  C:7BBCH         LINE#         1223
  C:7BF3H         LINE#         1224
  C:7BF3H         LINE#         1225
  C:7BFCH         LINE#         1226
  C:7C0AH         LINE#         1228
  C:7C13H         LINE#         1229
  C:7C21H         LINE#         1230
  C:7C21H         LINE#         1232
  C:7C2AH         LINE#         1233
  C:7C38H         LINE#         1252
  C:7C38H         LINE#         1270
  C:7C45H         LINE#         1271
  C:7C45H         LINE#         1272
  C:7C7AH         LINE#         1273
  C:7C7AH         LINE#         1288
  C:7C81H         LINE#         1289
  C:7C88H         LINE#         1290
  C:7C8FH         LINE#         1292
BL51 BANKED LINKER/LOCATER V6.22                                                      09/03/2010  14:07:13  PAGE 14


  C:7C95H         LINE#         1293
  C:7C9AH         LINE#         1294
  C:7C9CH         LINE#         1295
  C:7CB4H         LINE#         1296
  C:7CB6H         LINE#         1297
  C:7CC7H         LINE#         1298
  C:7CC7H         LINE#         1299
  C:7CD1H         LINE#         1300
  C:7CD1H         LINE#         1301
  C:7CE5H         LINE#         1302
  C:7CE5H         LINE#         1303
  C:7CE7H         LINE#         1304
  C:7CE9H         LINE#         1306
  C:7CE9H         LINE#         1307
  C:7CEBH         LINE#         1308
  C:7CEBH         LINE#         1309
  C:7D03H         LINE#         1310
  C:7D0CH         LINE#         1311
  C:7D24H         LINE#         1312
  C:7D26H         LINE#         1313
  C:7D42H         LINE#         1314
  C:7D44H         LINE#         1315
  C:7D48H         LINE#         1316
  C:7D60H         LINE#         1317
  C:7D6DH         LINE#         1318
  C:7D9AH         LINE#         1319
  C:7DA8H         LINE#         1320
  C:7DACH         LINE#         1321
  C:7DB2H         LINE#         1322
  C:7DCAH         LINE#         1323
  C:7DD3H         LINE#         1324
  C:7DEBH         LINE#         1325
  C:7DEDH         LINE#         1385
  C:7DF3H         LINE#         1386
  C:7DF6H         LINE#         1387
  C:7DFCH         LINE#         1390
  C:7DFCH         LINE#         1392
  C:7E31H         LINE#         1393
  C:7E31H         LINE#         1394
  C:7E53H         LINE#         1395
  C:7E64H         LINE#         1396
  C:7E6EH         LINE#         1397
  C:7E77H         LINE#         1398
  C:7E7DH         LINE#         1399
  C:7E97H         LINE#         1400
  C:7E9EH         LINE#         1401
  C:7EBAH         LINE#         1402
  C:7ECCH         LINE#         1403
  C:7EE4H         LINE#         1404
  C:7EF1H         LINE#         1405
  C:7F1EH         LINE#         1406
  C:7F2CH         LINE#         1409
  C:7F30H         LINE#         1410
  C:7F3BH         LINE#         1411
  C:7F55H         LINE#         1412
  C:7F5CH         LINE#         1413
  C:7F74H         LINE#         1414
BL51 BANKED LINKER/LOCATER V6.22                                                      09/03/2010  14:07:13  PAGE 15


  C:7F8EH         LINE#         1415
  C:7FACH         LINE#         1416
  C:7FC6H         LINE#         1417
  C:7FE0H         LINE#         1418
  C:7FEAH         LINE#         1419
  C:7FF9H         LINE#         1420
  C:8011H         LINE#         1421
  C:8036H         LINE#         1422
  C:8048H         LINE#         1423
  C:8060H         LINE#         1424
  C:8085H         LINE#         1425
  C:80B2H         LINE#         1426
  C:80C0H         LINE#         1429
  C:80DCH         LINE#         1430
  C:80EDH         LINE#         1431
  C:811FH         LINE#         1432
  C:8122H         LINE#         1433
  C:8150H         LINE#         1435
  C:8166H         LINE#         1436
  C:817CH         LINE#         1437
  C:819BH         LINE#         1438
  C:819DH         LINE#         1439
  C:81A7H         LINE#         1440
  C:81A9H         LINE#         1441
  C:81B2H         LINE#         1442
  C:81CAH         LINE#         1443
  C:81ECH         LINE#         1444
  C:8206H         LINE#         1445
  C:8220H         LINE#         1446
  C:8243H         LINE#         1455
  C:824DH         LINE#         1456
  C:826DH         LINE#         1462
  C:826FH         LINE#         1463
  C:827EH         LINE#         1464
  C:8281H         LINE#         1465
  C:8281H         LINE#         1467
  C:8281H         LINE#         1607
  C:828BH         LINE#         1608
  C:8294H         LINE#         1623
  -------         ENDPROC       KMD
  -------         PROC          MAIN
  -------         DO            
  X:003CH         SYMBOL        fl_kal
  X:003DH         SYMBOL        kol_cik
  C:7344H         SYMBOL        zz1
  C:793CH         SYMBOL        kon1
  -------         DO            
  D:0025H         SYMBOL        j4
  D:0026H         SYMBOL        i1
  -------         ENDDO         
  -------         DO            
  D:0026H         SYMBOL        i1
  -------         ENDDO         
  -------         DO            
  I:00E6H         SYMBOL        tmp_ln
  -------         ENDDO         
  -------         ENDDO         
BL51 BANKED LINKER/LOCATER V6.22                                                      09/03/2010  14:07:13  PAGE 16


  C:6F68H         LINE#         1629
  C:6F6DH         LINE#         1631
  C:6F77H         LINE#         1632
  C:6F79H         LINE#         1633
  C:6F7BH         LINE#         1634
  C:6F7DH         LINE#         1637
  C:6F80H         LINE#         1638
  C:6F83H         LINE#         1640
  C:6F86H         LINE#         1642
  C:6F89H         LINE#         1643
  C:6F8FH         LINE#         1644
  C:6F91H         LINE#         1646
  C:6F94H         LINE#         1647
  C:6F97H         LINE#         1649
  C:6F99H         LINE#         1651
  C:6F9CH         LINE#         1652
  C:6F9CH         LINE#         1653
  C:6F9EH         LINE#         1654
  C:6FA0H         LINE#         1655
  C:6FA3H         LINE#         1656
  C:6FA5H         LINE#         1658
  C:6FA5H         LINE#         1661
  C:6FA7H         LINE#         1662
  C:6FB0H         LINE#         1663
  C:6FB9H         LINE#         1664
  C:6FC2H         LINE#         1665
  C:6FCBH         LINE#         1666
  C:6FCDH         LINE#         1667
  C:6FCFH         LINE#         1668
  C:6FD5H         LINE#         1669
  C:6FDBH         LINE#         1670
  C:6FE1H         LINE#         1671
  C:6FE7H         LINE#         1672
  C:6FEDH         LINE#         1673
  C:6FF3H         LINE#         1674
  C:6FF5H         LINE#         1675
  C:6FF7H         LINE#         1676
  C:6FF9H         LINE#         1677
  C:6FFBH         LINE#         1678
  C:7002H         LINE#         1679
  C:7009H         LINE#         1680
  C:7010H         LINE#         1681
  C:7016H         LINE#         1682
  C:701BH         LINE#         1683
  C:701EH         LINE#         1684
  C:7020H         LINE#         1685
  C:7022H         LINE#         1686
  C:702AH         LINE#         1688
  C:702EH         LINE#         1689
  C:7030H         LINE#         1692
  C:7033H         LINE#         1694
  C:703FH         LINE#         1696
  C:7043H         LINE#         1697
  C:704DH         LINE#         1698
  C:7051H         LINE#         1700
  C:705AH         LINE#         1702
  C:7061H         LINE#         1703
BL51 BANKED LINKER/LOCATER V6.22                                                      09/03/2010  14:07:13  PAGE 17


  C:7065H         LINE#         1705
  C:706AH         LINE#         1706
  C:706FH         LINE#         1708
  C:7072H         LINE#         1710
  C:707EH         LINE#         1711
  C:7081H         LINE#         1712
  C:7086H         LINE#         1713
  C:7089H         LINE#         1714
  C:708CH         LINE#         1715
  C:7091H         LINE#         1716
  C:7094H         LINE#         1718
  C:70A0H         LINE#         1720
  C:70A6H         LINE#         1721
  C:70ACH         LINE#         1722
  C:70BBH         LINE#         1723
  C:70C7H         LINE#         1726
  C:70CDH         LINE#         1727
  C:70D3H         LINE#         1728
  C:70E2H         LINE#         1729
  C:70EEH         LINE#         1732
  C:70F6H         LINE#         1735
  C:70F9H         LINE#         1736
  C:70FCH         LINE#         1738
  C:7104H         LINE#         1739
  C:7111H         LINE#         1740
  C:7111H         LINE#         1741
  C:712AH         LINE#         1742
  C:712AH         LINE#         1743
  C:713FH         LINE#         1744
  C:715CH         LINE#         1745
  C:7177H         LINE#         1746
  C:7177H         LINE#         1748
  C:718CH         LINE#         1749
  C:71A9H         LINE#         1750
  C:71C4H         LINE#         1751
  C:71C4H         LINE#         1753
  C:71D9H         LINE#         1754
  C:71D9H         LINE#         1755
  C:71F4H         LINE#         1756
  C:71F4H         LINE#         1757
  C:720DH         LINE#         1758
  C:7222H         LINE#         1759
  C:7226H         LINE#         1761
  C:7228H         LINE#         1762
  C:7228H         LINE#         1763
  C:722DH         LINE#         1767
  C:7237H         LINE#         1768
  C:7249H         LINE#         1769
  C:724DH         LINE#         1771
  C:7251H         LINE#         1772
  C:725EH         LINE#         1773
  C:7277H         LINE#         1774
  C:7277H         LINE#         1777
  C:7289H         LINE#         1778
  C:7297H         LINE#         1779
  C:7297H         LINE#         1780
  C:72AEH         LINE#         1781
BL51 BANKED LINKER/LOCATER V6.22                                                      09/03/2010  14:07:13  PAGE 18


  C:72D5H         LINE#         1782
  C:72D5H         LINE#         1783
  C:72F8H         LINE#         1784
  C:72FAH         LINE#         1785
  C:72FAH         LINE#         1786
  C:72FFH         LINE#         1787
  C:72FFH         LINE#         1788
  C:7304H         LINE#         1790
  C:7307H         LINE#         1791
  C:7309H         LINE#         1792
  C:730EH         LINE#         1793
  C:7310H         LINE#         1795
  C:7312H         LINE#         1796
  C:7315H         LINE#         1797
  C:7318H         LINE#         1798
  C:731AH         LINE#         1799
  C:731CH         LINE#         1800
  C:731EH         LINE#         1801
  C:7320H         LINE#         1803
  C:7335H         LINE#         1804
  C:733FH         LINE#         1806
  C:7342H         LINE#         1807
  C:7344H         LINE#         1809
  C:7344H         LINE#         1811
  C:7347H         LINE#         1812
  C:7347H         LINE#         1814
  C:7355H         LINE#         1815
  C:735BH         LINE#         1816
  C:735DH         LINE#         1817
  C:7362H         LINE#         1818
  C:7364H         LINE#         1827
  C:7364H         LINE#         1829
  C:736FH         LINE#         1830
  C:7375H         LINE#         1832
  C:7380H         LINE#         1833
  C:7386H         LINE#         1835
  C:7394H         LINE#         1836
  C:73AAH         LINE#         1837
  C:73ADH         LINE#         1838
  C:73B0H         LINE#         1839
  C:73B5H         LINE#         1840
  C:73BDH         LINE#         1841
  C:73BDH         LINE#         1843
  C:73C6H         LINE#         1844
  C:73CBH         LINE#         1846
  C:73CEH         LINE#         1847
  C:73D1H         LINE#         1849
  C:73D9H         LINE#         1850
  C:73DFH         LINE#         1854
  C:73E5H         LINE#         1855
  C:73E5H         LINE#         1857
  C:73E7H         LINE#         1858
  C:7400H         LINE#         1859
  C:7400H         LINE#         1860
  C:740DH         LINE#         1861
  C:740DH         LINE#         1862
  C:741EH         LINE#         1863
BL51 BANKED LINKER/LOCATER V6.22                                                      09/03/2010  14:07:13  PAGE 19


  C:7432H         LINE#         1865
  C:7435H         LINE#         1868
  C:745FH         LINE#         1869
  C:7478H         LINE#         1871
  C:74A4H         LINE#         1872
  C:74BDH         LINE#         1874
  C:74E9H         LINE#         1875
  C:7502H         LINE#         1877
  C:752EH         LINE#         1878
  C:7547H         LINE#         1879
  C:7549H         LINE#         1880
  C:754EH         LINE#         1881
  C:7554H         LINE#         1882
  C:7563H         LINE#         1883
  C:7565H         LINE#         1884
  C:7568H         LINE#         1885
  C:7571H         LINE#         1886
  C:7573H         LINE#         1888
  C:7576H         LINE#         1889
  C:7578H         LINE#         1890
  C:757AH         LINE#         1893
  C:757AH         LINE#         1895
  C:7580H         LINE#         1896
  C:7580H         LINE#         1898
  C:7582H         LINE#         1899
  C:759BH         LINE#         1900
  C:759BH         LINE#         1901
  C:75A8H         LINE#         1902
  C:75AEH         LINE#         1906
  C:75BBH         LINE#         1907
  C:75BBH         LINE#         1908
  C:75CCH         LINE#         1909
  C:75E0H         LINE#         1911
  C:75E3H         LINE#         1913
  C:760DH         LINE#         1914
  C:7627H         LINE#         1915
  C:7627H         LINE#         1917
  C:7653H         LINE#         1918
  C:766DH         LINE#         1919
  C:766DH         LINE#         1921
  C:7699H         LINE#         1922
  C:76B3H         LINE#         1923
  C:76B3H         LINE#         1925
  C:76DFH         LINE#         1926
  C:76F9H         LINE#         1927
  C:76F9H         LINE#         1928
  C:76FBH         LINE#         1934
  C:76FDH         LINE#         1935
  C:7700H         LINE#         1936
  C:7702H         LINE#         1942
  C:7704H         LINE#         1943
  C:7707H         LINE#         1944
  C:7709H         LINE#         1945
  C:770EH         LINE#         1946
  C:7711H         LINE#         1947
  C:7711H         LINE#         1949
  C:772AH         LINE#         1950
BL51 BANKED LINKER/LOCATER V6.22                                                      09/03/2010  14:07:13  PAGE 20


  C:772AH         LINE#         1952
  C:7737H         LINE#         1953
  C:773DH         LINE#         1955
  C:774AH         LINE#         1956
  C:774AH         LINE#         1957
  C:775BH         LINE#         1958
  C:776FH         LINE#         1964
  C:7772H         LINE#         1965
  C:779CH         LINE#         1966
  C:77D2H         LINE#         1968
  C:77FEH         LINE#         1969
  C:7834H         LINE#         1971
  C:7860H         LINE#         1972
  C:7896H         LINE#         1974
  C:78C2H         LINE#         1975
  C:78F8H         LINE#         1976
  C:78FAH         LINE#         1983
  C:78FCH         LINE#         1984
  C:78FFH         LINE#         1985
  C:7901H         LINE#         1991
  C:7903H         LINE#         1992
  C:7906H         LINE#         1993
  C:7908H         LINE#         1998
  C:790DH         LINE#         2041
  C:7910H         LINE#         2043
  C:7914H         LINE#         2044
  C:7914H         LINE#         2045
  C:791AH         LINE#         2046
  C:7929H         LINE#         2047
  C:792BH         LINE#         2048
  C:792EH         LINE#         2049
  C:7937H         LINE#         2050
  C:7939H         LINE#         2052
  C:793CH         LINE#         2053
  C:793CH         LINE#         2054
  C:793CH         LINE#         2055
  C:793EH         LINE#         2056
  C:7940H         LINE#         2058
  C:7940H         LINE#         2062
  C:794DH         LINE#         2063
  C:794DH         LINE#         2065
  C:7952H         LINE#         2067
  C:795DH         LINE#         2068
  C:795DH         LINE#         2069
  C:7966H         LINE#         2070
  C:796CH         LINE#         2071
  C:796CH         LINE#         2072
  C:7978H         LINE#         2073
  C:7978H         LINE#         2074
  C:7980H         LINE#         2075
  C:7986H         LINE#         2076
  C:7986H         LINE#         2078
  C:7990H         LINE#         2079
  C:7990H         LINE#         2082
  C:7995H         LINE#         2083
  C:7998H         LINE#         2084
  C:79A2H         LINE#         2085
BL51 BANKED LINKER/LOCATER V6.22                                                      09/03/2010  14:07:13  PAGE 21


  C:79A4H         LINE#         2086
  C:79A7H         LINE#         2087
  C:79AAH         LINE#         2088
  C:79ACH         LINE#         2089
  C:79AFH         LINE#         2090
  C:79B2H         LINE#         2091
  C:79BCH         LINE#         2092
  C:79BCH         LINE#         2101
  C:79BEH         LINE#         2102
  C:79C1H         LINE#         2103
  C:79C3H         LINE#         2104
  C:79C5H         LINE#         2106
  C:79C8H         LINE#         2108
  C:79D3H         LINE#         2109
  C:79D9H         LINE#         2111
  C:79E4H         LINE#         2112
  C:79E6H         LINE#         2114
  C:79E6H         LINE#         2115
  C:79E6H         LINE#         2119
  C:79EDH         LINE#         2120
  C:79EDH         LINE#         2121
  C:79EFH         LINE#         2126
  C:79F2H         LINE#         2127
  -------         ENDPROC       MAIN
  -------         ENDMOD        MAIN_BKCD

  -------         MODULE        SETUP_ADC
  C:0000H         SYMBOL        _ICE_DUMMY_
  D:0080H         PUBLIC        P0
  D:0090H         PUBLIC        P1
  D:00B0H         PUBLIC        P3
  D:00D8H         PUBLIC        ADCSTAT
  D:00A8H         PUBLIC        IE
  D:00A1H         PUBLIC        TIMECON
  D:00B8H         PUBLIC        IP
  D:00E8H         PUBLIC        I2CCON
  D:0098H         PUBLIC        SCON
  D:0088H         PUBLIC        TCON
  D:00A5H         PUBLIC        HOUR
  D:00F8H         PUBLIC        SPICON
  B:00E8H.6       PUBLIC        MDE
  B:00E8H.4       PUBLIC        MDI
  D:00A3H         PUBLIC        SEC
  C:6358H         PUBLIC        setup_ADC
  B:00E8H.5       PUBLIC        MCO
  B:00E8H.7       PUBLIC        MDO
  D:00A4H         PUBLIC        MIN
  D:00C8H         PUBLIC        T2CON
  D:00D0H         PUBLIC        PSW
  D:00C0H         PUBLIC        WDCON
  -------         PROC          SETUP_ADC
  -------         DO            
  X:001CH         SYMBOL        DL
  X:001DH         SYMBOL        tmp_rw
  X:001EH         SYMBOL        is
  X:001FH         SYMBOL        js
  X:0020H         SYMBOL        buf_ch
BL51 BANKED LINKER/LOCATER V6.22                                                      09/03/2010  14:07:13  PAGE 22


  X:0028H         SYMBOL        adcbuf
  D:006EH         SYMBOL        wadc
  I:00EAH         SYMBOL        zadc
  D:006FH         SYMBOL        N_CH
  -------         ENDDO         
  C:6358H         LINE#         71
  C:6358H         LINE#         72
  C:6358H         LINE#         103
  C:635CH         LINE#         108
  C:6364H         LINE#         109
  C:636CH         LINE#         110
  C:6382H         LINE#         111
  C:6382H         LINE#         113
  C:6389H         LINE#         114
  C:639CH         LINE#         118
  C:63B1H         LINE#         119
  C:63B1H         LINE#         120
  C:63BAH         LINE#         121
  C:63C3H         LINE#         122
  C:63CCH         LINE#         123
  C:63D5H         LINE#         126
  C:63D5H         LINE#         129
  C:63EAH         LINE#         130
  C:63EAH         LINE#         131
  C:63F3H         LINE#         132
  C:63FCH         LINE#         133
  C:6405H         LINE#         134
  C:640EH         LINE#         137
  C:640EH         LINE#         139
  C:6423H         LINE#         140
  C:6423H         LINE#         141
  C:6430H         LINE#         142
  C:643DH         LINE#         147
  C:643DH         LINE#         149
  C:6446H         LINE#         225
  C:6468H         LINE#         226
  C:647BH         LINE#         227
  C:648BH         LINE#         228
  C:6494H         LINE#         229
  C:649AH         LINE#         230
  C:64B4H         LINE#         231
  C:64BBH         LINE#         232
  C:64D7H         LINE#         233
  C:64EDH         LINE#         234
  C:6505H         LINE#         235
  C:6512H         LINE#         236
  C:653FH         LINE#         237
  C:654DH         LINE#         240
  C:6551H         LINE#         241
  C:6560H         LINE#         242
  C:657AH         LINE#         243
  C:6581H         LINE#         244
  C:6599H         LINE#         245
  C:65B3H         LINE#         246
  C:65D1H         LINE#         247
  C:65EBH         LINE#         248
  C:6605H         LINE#         249
BL51 BANKED LINKER/LOCATER V6.22                                                      09/03/2010  14:07:13  PAGE 23


  C:6615H         LINE#         250
  C:6624H         LINE#         251
  C:663CH         LINE#         252
  C:6661H         LINE#         253
  C:6677H         LINE#         254
  C:668FH         LINE#         255
  C:66B4H         LINE#         256
  C:66E1H         LINE#         257
  C:66EFH         LINE#         259
  C:670BH         LINE#         260
  C:671EH         LINE#         261
  C:6756H         LINE#         262
  C:6759H         LINE#         263
  C:6789H         LINE#         265
  C:67A0H         LINE#         266
  C:67B7H         LINE#         267
  C:67DAH         LINE#         268
  C:67DCH         LINE#         269
  C:67E7H         LINE#         270
  C:67E9H         LINE#         271
  C:67F2H         LINE#         272
  C:680AH         LINE#         273
  C:682FH         LINE#         274
  C:6849H         LINE#         275
  C:6863H         LINE#         276
  C:6886H         LINE#         278
  C:68A5H         LINE#         280
  C:68B3H         LINE#         281
  C:68C2H         LINE#         282
  C:68E1H         LINE#         283
  C:68F0H         LINE#         284
  C:690FH         LINE#         285
  C:691EH         LINE#         286
  C:693DH         LINE#         290
  C:694BH         LINE#         291
  C:695AH         LINE#         292
  C:6979H         LINE#         293
  C:6988H         LINE#         294
  C:69A7H         LINE#         295
  C:69B6H         LINE#         296
  C:69D5H         LINE#         297
  C:69F5H         LINE#         298
  C:6A15H         LINE#         300
  C:6A23H         LINE#         301
  C:6A32H         LINE#         302
  C:6A51H         LINE#         303
  C:6A60H         LINE#         304
  C:6A7FH         LINE#         305
  C:6A8EH         LINE#         306
  C:6AADH         LINE#         310
  C:6ACFH         LINE#         311
  C:6AE2H         LINE#         312
  C:6AF2H         LINE#         313
  C:6AFBH         LINE#         314
  C:6B01H         LINE#         315
  C:6B1BH         LINE#         316
  C:6B22H         LINE#         317
BL51 BANKED LINKER/LOCATER V6.22                                                      09/03/2010  14:07:13  PAGE 24


  C:6B3EH         LINE#         318
  C:6B54H         LINE#         319
  C:6B6CH         LINE#         320
  C:6B79H         LINE#         321
  C:6BA6H         LINE#         322
  C:6BB4H         LINE#         324
  C:6BB8H         LINE#         325
  C:6BC6H         LINE#         326
  C:6BE0H         LINE#         327
  C:6BE7H         LINE#         328
  C:6BFFH         LINE#         329
  C:6C19H         LINE#         330
  C:6C37H         LINE#         331
  C:6C51H         LINE#         332
  C:6C6BH         LINE#         333
  C:6C7BH         LINE#         334
  C:6C8AH         LINE#         335
  C:6CA2H         LINE#         336
  C:6CC7H         LINE#         337
  C:6CDDH         LINE#         338
  C:6CF5H         LINE#         339
  C:6D1AH         LINE#         340
  C:6D47H         LINE#         341
  C:6D55H         LINE#         343
  C:6D71H         LINE#         344
  C:6D84H         LINE#         345
  C:6DBCH         LINE#         346
  C:6DBFH         LINE#         347
  C:6DEFH         LINE#         349
  C:6E06H         LINE#         350
  C:6E1DH         LINE#         351
  C:6E40H         LINE#         352
  C:6E42H         LINE#         353
  C:6E4DH         LINE#         354
  C:6E4FH         LINE#         355
  C:6E58H         LINE#         356
  C:6E70H         LINE#         357
  C:6E95H         LINE#         358
  C:6EAFH         LINE#         359
  C:6EC9H         LINE#         360
  C:6EECH         LINE#         361
  C:6F0DH         LINE#         362
  C:6F14H         LINE#         363
  C:6F35H         LINE#         364
  C:6F3CH         LINE#         365
  C:6F5DH         LINE#         366
  C:6F64H         LINE#         367
  C:6F67H         LINE#         370
  -------         ENDPROC       SETUP_ADC
  -------         ENDMOD        SETUP_ADC

  -------         MODULE        SETUP_BKCD
  C:0000H         SYMBOL        _ICE_DUMMY_
  D:0080H         PUBLIC        P0
  D:0090H         PUBLIC        P1
  D:00B0H         PUBLIC        P3
  B:00A8H.7       PUBLIC        EA
BL51 BANKED LINKER/LOCATER V6.22                                                      09/03/2010  14:07:13  PAGE 25


  D:00D8H         PUBLIC        ADCSTAT
  B:00E8H.3       PUBLIC        I2CM
  D:00D2H         PUBLIC        ADC0CON1
  D:00E6H         PUBLIC        ADC0CON2
  B:00A8H.6       PUBLIC        EADC
  D:00A8H         PUBLIC        IE
  D:00BCH         PUBLIC        EDATA1
  D:009DH         PUBLIC        T3FD
  D:00BDH         PUBLIC        EDATA2
  D:00BEH         PUBLIC        EDATA3
  D:00BFH         PUBLIC        EDATA4
  B:00A8H.4       PUBLIC        ES
  D:00D4H         PUBLIC        SF
  D:00B8H         PUBLIC        IP
  B:00D8H.7       PUBLIC        RDY0
  D:00E8H         PUBLIC        I2CCON
  D:00B9H         PUBLIC        ECON
  D:00FDH         PUBLIC        DACCON
  D:0087H         PUBLIC        PCON
  C:93F3H         PUBLIC        setup
  D:0098H         PUBLIC        SCON
  D:0089H         PUBLIC        TMOD
  D:0088H         PUBLIC        TCON
  B:00C0H.0       PUBLIC        WDWR
  D:00D7H         PUBLIC        PLLCON
  B:00A8H.5       PUBLIC        ET2
  D:00F8H         PUBLIC        SPICON
  B:00E8H.6       PUBLIC        MDE
  B:00C8H.2       PUBLIC        TR2
  B:00E8H.5       PUBLIC        MCO
  B:00E8H.7       PUBLIC        MDO
  D:00C7H         PUBLIC        EADRH
  D:00C8H         PUBLIC        T2CON
  D:009EH         PUBLIC        T3CON
  D:00C6H         PUBLIC        EADRL
  D:00D1H         PUBLIC        ADCMODE
  D:00D0H         PUBLIC        PSW
  D:00C0H         PUBLIC        WDCON
  -------         PROC          SETUP
  -------         DO            
  X:003FH         SYMBOL        i1
  D:0018H         SYMBOL        tmpadc
  D:001AH         SYMBOL        ADR_E
  D:001CH         SYMBOL        CM1
  D:001EH         SYMBOL        CM2
  -------         ENDDO         
  C:93F3H         LINE#         38
  C:93F3H         LINE#         39
  C:93F3H         LINE#         71
  C:93F6H         LINE#         72
  C:93F9H         LINE#         73
  C:93FBH         LINE#         74
  C:9400H         LINE#         75
  C:9402H         LINE#         77
  C:9407H         LINE#         79
  C:940CH         LINE#         82
  C:940FH         LINE#         85
BL51 BANKED LINKER/LOCATER V6.22                                                      09/03/2010  14:07:13  PAGE 26


  C:9417H         LINE#         86
  C:941AH         LINE#         87
  C:941CH         LINE#         88
  C:941EH         LINE#         89
  C:9420H         LINE#         90
  C:9422H         LINE#         91
  C:9425H         LINE#         92
  C:9428H         LINE#         100
  C:942BH         LINE#         101
  C:942EH         LINE#         123
  C:94E6H         LINE#         124
  C:959EH         LINE#         125
  C:9656H         LINE#         126
  C:970EH         LINE#         134
  C:9711H         LINE#         136
  C:9714H         LINE#         137
  C:9717H         LINE#         138
  C:971AH         LINE#         139
  C:971DH         LINE#         140
  C:971FH         LINE#         141
  C:9722H         LINE#         142
  C:9727H         LINE#         155
  -------         ENDPROC       SETUP
  -------         ENDMOD        SETUP_BKCD

  -------         MODULE        TASK3_BKCD
  C:0000H         SYMBOL        _ICE_DUMMY_
  D:0080H         PUBLIC        P0
  C:9BF8H         PUBLIC        TAB_ADC
  D:0090H         PUBLIC        P1
  D:00A0H         PUBLIC        P2
  D:00B0H         PUBLIC        P3
  D:00D8H         PUBLIC        ADCSTAT
  X:0400H         PUBLIC        Str_BX1_A
  X:021EH         PUBLIC        st_dol
  X:0100H         PUBLIC        BUF_N
  D:00D2H         PUBLIC        ADC0CON1
  D:00E6H         PUBLIC        ADC0CON2
  D:00A8H         PUBLIC        IE
  X:0200H         PUBLIC        BUF_S
  D:00FCH         PUBLIC        DACH
  X:01C0H         PUBLIC        BUF_T
  X:0220H         PUBLIC        REL1_ON
  X:0140H         PUBLIC        BUF_U
  X:0222H         PUBLIC        REL2_ON
  D:006CH         PUBLIC        new_zn
  D:00FBH         PUBLIC        DACL
  B:00B0H.7       PUBLIC        RD
  D:00D4H         PUBLIC        SF
  D:00B8H         PUBLIC        IP
  B:00D8H.7       PUBLIC        RDY0
  D:00E8H         PUBLIC        I2CCON
  B:0022H.3       PUBLIC        fl_n
  I:00D2H         PUBLIC        PNT_BUF_TD
  X:0224H         PUBLIC        z1
  X:0225H         PUBLIC        z2
  X:0226H         PUBLIC        z3
BL51 BANKED LINKER/LOCATER V6.22                                                      09/03/2010  14:07:13  PAGE 27


  X:0227H         PUBLIC        z4
  D:0098H         PUBLIC        SCON
  D:0088H         PUBLIC        TCON
  X:0228H         PUBLIC        BX_A
  X:0238H         PUBLIC        TABX_CH_A
  D:00A5H         PUBLIC        HOUR
  D:00DBH         PUBLIC        ADC0H
  D:00A2H         PUBLIC        HTHSEC
  I:00D6H         PUBLIC        cmr
  X:0248H         PUBLIC        BUF_FP_100
  D:00DAH         PUBLIC        ADC0M
  X:0680H         PUBLIC        Str_CH_A
  C:0026H         PUBLIC        _task_3
  I:00DAH         PUBLIC        CMRX1_K1
  X:07B4H         PUBLIC        Str_TDAT
  I:00DEH         PUBLIC        CMRX1_K2
  I:00E2H         PUBLIC        CMRX2_K1
  B:0022H.4       PUBLIC        fl_v_dol
  I:00E4H         PUBLIC        CMRX2_K2
  D:00F8H         PUBLIC        SPICON
  X:024CH         PUBLIC        REL1_OFF
  X:024EH         PUBLIC        REL2_OFF
  X:0180H         PUBLIC        BUF_FP
  X:05E0H         PUBLIC        Str_BX_A
  B:00E8H.6       PUBLIC        MDE
  X:0250H         PUBLIC        Ves_kol
  B:00E8H.4       PUBLIC        MDI
  B:0080H.3       PUBLIC        RELE1
  D:00A3H         PUBLIC        SEC
  X:0252H         PUBLIC        copy_dol
  B:00E8H.5       PUBLIC        MCO
  B:00E8H.7       PUBLIC        MDO
  D:00A4H         PUBLIC        MIN
  D:00C8H         PUBLIC        T2CON
  X:0256H         PUBLIC        vel_dol
  X:025AH         PUBLIC        TABX_DAT
  X:07B0H         PUBLIC        ZG_TABX_DAT
  X:025CH         PUBLIC        BX1_A
  X:028CH         PUBLIC        cnt_kol
  D:00D1H         PUBLIC        ADCMODE
  X:028EH         PUBLIC        Mom_tr
  X:0290H         PUBLIC        cnt_ves
  D:00D0H         PUBLIC        PSW
  D:00C0H         PUBLIC        WDCON
  -------         PROC          _TASK_3
  X:0062H         SYMBOL        kan
  -------         DO            
  X:0063H         SYMBOL        pods
  I:008DH         SYMBOL        kan_sl
  I:008EH         SYMBOL        BX_KPH
  I:0092H         SYMBOL        BX_KOD
  D:0066H         SYMBOL        tmp2
  I:0094H         SYMBOL        zadc
  D:006AH         SYMBOL        tmpadc
  I:0095H         SYMBOL        TEMP_1
  X:0065H         SYMBOL        tmp_int
  I:0099H         SYMBOL        i11
BL51 BANKED LINKER/LOCATER V6.22                                                      09/03/2010  14:07:13  PAGE 28


  X:0067H         SYMBOL        tmp_ch
  X:0068H         SYMBOL        tmp_ch2
  I:009AH         SYMBOL        per
  I:009CH         SYMBOL        wadc
  I:009DH         SYMBOL        N_CH
  I:009EH         SYMBOL        tm
  C:6357H         SYMBOL        PPK
  C:4184H         SYMBOL        PR
  -------         DO            
  X:0069H         SYMBOL        a1
  -------         ENDDO         
  -------         DO            
  D:0057H         SYMBOL        g
  D:0058H         SYMBOL        g1
  X:0069H         SYMBOL        adcbuf
  -------         DO            
  D:004DH         SYMBOL        k
  D:004EH         SYMBOL        k1
  D:004FH         SYMBOL        P1
  D:0053H         SYMBOL        P2
  -------         DO            
  I:0070H         SYMBOL        tmpadc_t
  -------         ENDDO         
  -------         ENDDO         
  -------         ENDDO         
  -------         DO            
  D:005DH         SYMBOL        g
  D:005EH         SYMBOL        g1
  D:005FH         SYMBOL        adcbuf
  I:0078H         SYMBOL        WK_1
  -------         DO            
  X:0069H         SYMBOL        c_P0
  -------         ENDDO         
  -------         DO            
  X:0069H         SYMBOL        c_P0
  -------         ENDDO         
  -------         DO            
  D:0059H         SYMBOL        TEMP_l
  I:0074H         SYMBOL        tmp_p
  -------         ENDDO         
  -------         ENDDO         
  -------         DO            
  X:0069H         SYMBOL        c_P2
  X:006AH         SYMBOL        cik
  -------         ENDDO         
  -------         DO            
  I:0079H         SYMBOL        tmpadc_t
  -------         ENDDO         
  -------         DO            
  X:0069H         SYMBOL        c_P0
  I:007DH         SYMBOL        A1
  I:0081H         SYMBOL        A1
  I:0085H         SYMBOL        A1
  -------         ENDDO         
  -------         DO            
  I:007DH         SYMBOL        A1
  I:0081H         SYMBOL        A1
BL51 BANKED LINKER/LOCATER V6.22                                                      09/03/2010  14:07:13  PAGE 29


  I:0085H         SYMBOL        A1
  -------         ENDDO         
  -------         DO            
  I:0081H         SYMBOL        A1
  I:0085H         SYMBOL        A1
  -------         ENDDO         
  -------         DO            
  I:0085H         SYMBOL        A1
  -------         ENDDO         
  -------         DO            
  I:0089H         SYMBOL        tmpadc_t
  -------         ENDDO         
  -------         DO            
  D:0065H         SYMBOL        ind
  -------         ENDDO         
  -------         ENDDO         
  C:0026H         LINE#         92
  C:002BH         LINE#         93
  C:002BH         LINE#         95
  C:0033H         LINE#         97
  C:0037H         LINE#         98
  C:0040H         LINE#         99
  C:0047H         LINE#         100
  C:0053H         LINE#         101
  C:0057H         LINE#         102
  C:005DH         LINE#         107
  C:0066H         LINE#         108
  C:006EH         LINE#         110
  C:0073H         LINE#         111
  C:0078H         LINE#         112
  C:007FH         LINE#         114
  C:0083H         LINE#         115
  C:0087H         LINE#         116
  C:0090H         LINE#         142
  C:0096H         LINE#         143
  C:0096H         LINE#         159
  C:00A9H         LINE#         160
  C:00A9H         LINE#         161
  C:00C1H         LINE#         163
  C:013DH         LINE#         164
  C:013DH         LINE#         165
  C:013DH         LINE#         166
  C:013DH         LINE#         167
  C:0146H         LINE#         169
  C:0149H         LINE#         170
  C:014CH         LINE#         171
  C:0164H         LINE#         172
  C:019CH         LINE#         173
  C:01ABH         LINE#         174
  C:01B5H         LINE#         175
  C:01B8H         LINE#         179
  C:01CBH         LINE#         180
  C:01CBH         LINE#         181
  C:0212H         LINE#         182
  C:0212H         LINE#         183
  C:025EH         LINE#         184
  C:029BH         LINE#         186
BL51 BANKED LINKER/LOCATER V6.22                                                      09/03/2010  14:07:13  PAGE 30


  C:02BEH         LINE#         187
  C:02CCH         LINE#         189
  C:0307H         LINE#         198
  C:0325H         LINE#         200
  C:0325H         LINE#         201
  C:033BH         LINE#         202
  C:0355H         LINE#         203
  C:036FH         LINE#         204
  C:0389H         LINE#         205
  C:03A3H         LINE#         206
  C:03ACH         LINE#         207
  C:03B4H         LINE#         208
  C:03C3H         LINE#         210
  C:03C4H         LINE#         211
  C:03C4H         LINE#         226
  C:03D3H         LINE#         227
  C:03D3H         LINE#         267
  C:03E2H         LINE#         268
  C:03E2H         LINE#         269
  C:03E8H         LINE#         270
  C:03E8H         LINE#         273
  C:03EAH         LINE#         274
  C:0418H         LINE#         275
  C:041EH         LINE#         276
  C:0424H         LINE#         277
  C:0442H         LINE#         278
  C:045BH         LINE#         279
  C:05A9H         LINE#         280
  C:05ABH         LINE#         281
  C:05ABH         LINE#         282
  C:05ABH         LINE#         285
  C:05BAH         LINE#         286
  C:05BAH         LINE#         287
  C:05C0H         LINE#         288
  C:05C2H         LINE#         289
  C:05E0H         LINE#         290
  C:05E6H         LINE#         291
  C:05ECH         LINE#         292
  C:060AH         LINE#         293
  C:0623H         LINE#         294
  C:0771H         LINE#         295
  C:0773H         LINE#         296
  C:0773H         LINE#         297
  C:0773H         LINE#         298
  C:0782H         LINE#         299
  C:0782H         LINE#         300
  C:0788H         LINE#         301
  C:078AH         LINE#         302
  C:07A8H         LINE#         303
  C:07AEH         LINE#         304
  C:07B4H         LINE#         305
  C:07D2H         LINE#         306
  C:07EBH         LINE#         307
  C:0939H         LINE#         308
  C:093BH         LINE#         309
  C:093BH         LINE#         310
  C:093BH         LINE#         342
BL51 BANKED LINKER/LOCATER V6.22                                                      09/03/2010  14:07:13  PAGE 31


  C:094AH         LINE#         343
  C:094AH         LINE#         344
  C:0950H         LINE#         345
  C:0950H         LINE#         346
  C:0956H         LINE#         347
  C:096EH         LINE#         348
  C:0970H         LINE#         349
  C:097AH         LINE#         350
  C:0990H         LINE#         351
  C:0994H         LINE#         353
  C:099EH         LINE#         354
  C:09D1H         LINE#         355
  C:09DAH         LINE#         357
  C:09F1H         LINE#         358
  C:0A3DH         LINE#         359
  C:0A3DH         LINE#         360
  C:0A41H         LINE#         361
  C:0A43H         LINE#         363
  C:0A4DH         LINE#         364
  C:0A80H         LINE#         366
  C:0A80H         LINE#         367
  C:0AB4H         LINE#         368
  C:0AB4H         LINE#         369
  C:0B14H         LINE#         370
  C:0B4FH         LINE#         371
  C:0B6AH         LINE#         372
  C:0BC7H         LINE#         373
  C:0C0BH         LINE#         374
  C:0C29H         LINE#         375
  C:0C61H         LINE#         376
  C:0C63H         LINE#         378
  C:0C91H         LINE#         379
  C:0C91H         LINE#         380
  C:0C93H         LINE#         382
  C:0C93H         LINE#         383
  C:0CC1H         LINE#         384
  C:0CC1H         LINE#         386
  C:0CCFH         LINE#         387
  C:0CD5H         LINE#         388
  C:0CDBH         LINE#         389
  C:0CF7H         LINE#         390
  C:0E45H         LINE#         391
  C:0E47H         LINE#         392
  C:0E47H         LINE#         393
  C:0E47H         LINE#         395
  C:0E56H         LINE#         396
  C:0E56H         LINE#         397
  C:0E5CH         LINE#         398
  C:0E5EH         LINE#         399
  C:0E76H         LINE#         400
  C:0E7CH         LINE#         401
  C:0E82H         LINE#         402
  C:0EA0H         LINE#         403
  C:0FEEH         LINE#         404
  C:0FF0H         LINE#         405
  C:0FF0H         LINE#         406
  C:0FF0H         LINE#         419
BL51 BANKED LINKER/LOCATER V6.22                                                      09/03/2010  14:07:13  PAGE 32


  C:0FF0H         LINE#         422
  C:0FFDH         LINE#         423
  C:0FFDH         LINE#         425
  C:1001H         LINE#         426
  C:1006H         LINE#         428
  C:1009H         LINE#         429
  C:100DH         LINE#         430
  C:101EH         LINE#         431
  C:101EH         LINE#         432
  C:102AH         LINE#         433
  C:102DH         LINE#         434
  C:104CH         LINE#         435
  C:1071H         LINE#         436
  C:1077H         LINE#         437
  C:1091H         LINE#         438
  C:109AH         LINE#         439
  C:10A5H         LINE#         442
  C:10B0H         LINE#         443
  C:10B0H         LINE#         444
  C:10B6H         LINE#         445
  C:10B8H         LINE#         446
  C:10BCH         LINE#         447
  C:10C4H         LINE#         448
  C:10DAH         LINE#         449
  C:10DAH         LINE#         450
  C:10F2H         LINE#         451
  C:10FEH         LINE#         452
  C:1124H         LINE#         454
  C:1127H         LINE#         455
  C:112AH         LINE#         456
  C:1142H         LINE#         457
  C:128BH         LINE#         458
  C:128BH         LINE#         460
  C:1297H         LINE#         461
  C:12BDH         LINE#         462
  C:12C0H         LINE#         463
  C:12C3H         LINE#         464
  C:12DBH         LINE#         465
  C:1424H         LINE#         466
  C:1424H         LINE#         467
  C:142DH         LINE#         468
  C:142FH         LINE#         469
  C:142FH         LINE#         470
  C:142FH         LINE#         472
  C:1437H         LINE#         473
  C:1437H         LINE#         474
  C:143EH         LINE#         475
  C:143EH         LINE#         504
  C:1459H         LINE#         505
  C:1459H         LINE#         506
  C:1477H         LINE#         507
  C:1484H         LINE#         508
  C:1484H         LINE#         509
  C:149DH         LINE#         510
  C:14BAH         LINE#         511
  C:14BAH         LINE#         513
  C:14D2H         LINE#         514
BL51 BANKED LINKER/LOCATER V6.22                                                      09/03/2010  14:07:13  PAGE 33


  C:1506H         LINE#         515
  C:1506H         LINE#         523
  C:1517H         LINE#         524
  C:1528H         LINE#         525
  C:1539H         LINE#         526
  C:154AH         LINE#         528
  C:154AH         LINE#         530
  C:1553H         LINE#         531
  C:1553H         LINE#         532
  C:1568H         LINE#         533
  C:156EH         LINE#         534
  C:156EH         LINE#         536
  C:1577H         LINE#         537
  C:1577H         LINE#         539
  C:1582H         LINE#         540
  C:158BH         LINE#         543
  C:15A0H         LINE#         544
  C:15B5H         LINE#         546
  C:15B5H         LINE#         548
  C:15C6H         LINE#         549
  C:15C6H         LINE#         553
  C:15CAH         LINE#         555
  C:15D2H         LINE#         556
  C:15E8H         LINE#         557
  C:15E8H         LINE#         558
  C:1654H         LINE#         559
  C:165FH         LINE#         560
  C:165FH         LINE#         561
  C:1668H         LINE#         563
  C:1674H         LINE#         564
  C:1674H         LINE#         566
  C:168DH         LINE#         567
  C:16B6H         LINE#         568
  C:16CBH         LINE#         569
  C:16CBH         LINE#         570
  C:16CBH         LINE#         627
  C:16DCH         LINE#         628
  C:16DCH         LINE#         632
  C:16E0H         LINE#         634
  C:16E8H         LINE#         635
  C:16FBH         LINE#         636
  C:16FBH         LINE#         637
  C:1718H         LINE#         638
  C:1723H         LINE#         639
  C:1723H         LINE#         640
  C:172BH         LINE#         642
  C:173AH         LINE#         643
  C:173AH         LINE#         646
  C:1753H         LINE#         647
  C:177EH         LINE#         650
  C:1793H         LINE#         655
  C:1796H         LINE#         657
  C:17ADH         LINE#         658
  C:17E5H         LINE#         659
  C:17F4H         LINE#         663
  C:180DH         LINE#         674
  C:1813H         LINE#         675
BL51 BANKED LINKER/LOCATER V6.22                                                      09/03/2010  14:07:13  PAGE 34


  C:182EH         LINE#         679
  C:1843H         LINE#         683
  C:185CH         LINE#         685
  C:1889H         LINE#         688
  C:1889H         LINE#         689
  C:18C5H         LINE#         690
  C:18D6H         LINE#         692
  C:1912H         LINE#         693
  C:1922H         LINE#         695
  C:195EH         LINE#         696
  C:196CH         LINE#         697
  C:196CH         LINE#         698
  C:196CH         LINE#         703
  C:1981H         LINE#         705
  C:1981H         LINE#         706
  C:1981H         LINE#         708
  C:1992H         LINE#         709
  C:1992H         LINE#         713
  C:1996H         LINE#         715
  C:199EH         LINE#         716
  C:19B1H         LINE#         717
  C:19B1H         LINE#         718
  C:19D2H         LINE#         719
  C:19DDH         LINE#         720
  C:19DDH         LINE#         721
  C:19E5H         LINE#         723
  C:19F1H         LINE#         724
  C:19F1H         LINE#         727
  C:1A0AH         LINE#         728
  C:1A34H         LINE#         731
  C:1A49H         LINE#         733
  C:1A49H         LINE#         736
  C:1A49H         LINE#         738
  C:1A5AH         LINE#         739
  C:1A5AH         LINE#         740
  C:1A5EH         LINE#         741
  C:1A66H         LINE#         742
  C:1A79H         LINE#         743
  C:1A79H         LINE#         744
  C:1A9AH         LINE#         745
  C:1AA5H         LINE#         746
  C:1AA5H         LINE#         747
  C:1AADH         LINE#         749
  C:1ABCH         LINE#         750
  C:1ABCH         LINE#         752
  C:1AC2H         LINE#         754
  C:1AC2H         LINE#         755
  C:1AC4H         LINE#         764
  C:1AF2H         LINE#         765
  C:1AF2H         LINE#         766
  C:1B0CH         LINE#         767
  C:1B0CH         LINE#         768
  C:1B15H         LINE#         769
  C:1B2FH         LINE#         770
  C:1B2FH         LINE#         771
  C:1B63H         LINE#         772
  C:1B7EH         LINE#         773
BL51 BANKED LINKER/LOCATER V6.22                                                      09/03/2010  14:07:13  PAGE 35


  C:1B99H         LINE#         774
  C:1BA9H         LINE#         775
  C:1BA9H         LINE#         776
  C:1BC5H         LINE#         777
  C:1BC5H         LINE#         778
  C:1BF9H         LINE#         779
  C:1C14H         LINE#         780
  C:1C2FH         LINE#         781
  C:1C3FH         LINE#         782
  C:1C3FH         LINE#         783
  C:1C5BH         LINE#         784
  C:1C5BH         LINE#         785
  C:1C84H         LINE#         786
  C:1C9FH         LINE#         787
  C:1CBAH         LINE#         788
  C:1CCAH         LINE#         789
  C:1CCAH         LINE#         790
  C:1CE6H         LINE#         791
  C:1CE6H         LINE#         792
  C:1D1AH         LINE#         793
  C:1D35H         LINE#         794
  C:1D50H         LINE#         795
  C:1D60H         LINE#         796
  C:1D60H         LINE#         797
  C:1D7BH         LINE#         798
  C:1D7EH         LINE#         800
  C:1D7EH         LINE#         801
  C:1D98H         LINE#         802
  C:1DFAH         LINE#         803
  C:1E15H         LINE#         804
  C:1E77H         LINE#         805
  C:1E92H         LINE#         806
  C:1EC5H         LINE#         807
  C:1EE0H         LINE#         808
  C:1F42H         LINE#         809
  C:1F42H         LINE#         810
  C:1F48H         LINE#         811
  C:1F4AH         LINE#         812
  C:1F4DH         LINE#         813
  C:1F50H         LINE#         814
  C:1F68H         LINE#         815
  C:1F7BH         LINE#         816
  C:20C4H         LINE#         817
  C:20C6H         LINE#         818
  C:20C6H         LINE#         819
  C:20C6H         LINE#         820
  C:20C6H         LINE#         822
  C:20D9H         LINE#         823
  C:20E2H         LINE#         825
  C:20FCH         LINE#         826
  C:20FCH         LINE#         827
  C:2115H         LINE#         828
  C:2128H         LINE#         829
  C:2174H         LINE#         831
  C:2187H         LINE#         832
  C:21D3H         LINE#         834
  C:21E6H         LINE#         835
BL51 BANKED LINKER/LOCATER V6.22                                                      09/03/2010  14:07:13  PAGE 36


  C:2232H         LINE#         837
  C:2248H         LINE#         838
  C:2278H         LINE#         839
  C:227BH         LINE#         841
  C:227BH         LINE#         842
  C:2295H         LINE#         843
  C:2295H         LINE#         844
  C:22AFH         LINE#         845
  C:22DFH         LINE#         846
  C:22FAH         LINE#         847
  C:230DH         LINE#         848
  C:2319H         LINE#         850
  C:2349H         LINE#         851
  C:2364H         LINE#         852
  C:2377H         LINE#         853
  C:2383H         LINE#         855
  C:23B3H         LINE#         856
  C:23D2H         LINE#         857
  C:23E5H         LINE#         858
  C:23F2H         LINE#         860
  C:2422H         LINE#         861
  C:2425H         LINE#         863
  C:2425H         LINE#         864
  C:2438H         LINE#         865
  C:2453H         LINE#         867
  C:246DH         LINE#         868
  C:2489H         LINE#         869
  C:24A4H         LINE#         870
  C:24C0H         LINE#         871
  C:24DBH         LINE#         872
  C:24F7H         LINE#         873
  C:2512H         LINE#         874
  C:252EH         LINE#         876
  C:254CH         LINE#         877
  C:2574H         LINE#         878
  C:2576H         LINE#         879
  C:2579H         LINE#         880
  C:257CH         LINE#         881
  C:2594H         LINE#         882
  C:25A7H         LINE#         883
  C:26F0H         LINE#         884
  C:26F2H         LINE#         885
  C:26F2H         LINE#         886
  C:26F2H         LINE#         887
  C:26F2H         LINE#         888
  C:270EH         LINE#         889
  C:2726H         LINE#         890
  C:2726H         LINE#         891
  C:2726H         LINE#         896
[...]
  C:468BH         LINE#         1417
  C:46C8H         LINE#         1418
  C:46D6H         LINE#         1419
  C:4713H         LINE#         1420
  C:4721H         LINE#         1421
  C:4721H         LINE#         1423
  C:473CH         LINE#         1424
  C:473CH         LINE#         1425
  C:4779H         LINE#         1426
  C:4787H         LINE#         1427
  C:47C4H         LINE#         1428
  C:47D2H         LINE#         1429
  C:47D2H         LINE#         1431
  C:47E8H         LINE#         1432
  C:47E8H         LINE#         1434
  C:47EAH         LINE#         1435
  C:47FAH         LINE#         1437
  C:4810H         LINE#         1438
  C:4810H         LINE#         1440
  C:4812H         LINE#         1441
  C:4822H         LINE#         1443
  C:483AH         LINE#         1444
  C:484AH         LINE#         1446
  C:4862H         LINE#         1447
  C:4872H         LINE#         1448
  C:4872H         LINE#         1449
  C:4872H         LINE#         1450
  C:4878H         LINE#         1453
  C:4879H         LINE#         1455
  C:4879H         LINE#         1457
  C:4882H         LINE#         1459
  C:48B9H         LINE#         1460
  C:48B9H         LINE#         1461
  C:48D1H         LINE#         1462
  C:4946H         LINE#         1463
  C:494BH         LINE#         1466
  C:494EH         LINE#         1467
  C:4950H         LINE#         1468
  C:496AH         LINE#         1471
  C:4984H         LINE#         1478
  C:498CH         LINE#         1479
  C:4994H         LINE#         1480
  C:4998H         LINE#         1482
BL51 BANKED LINKER/LOCATER V6.22                                                      09/03/2010  14:07:13  PAGE 44


  C:4998H         LINE#         1483
  C:49A5H         LINE#         1484
  C:49ABH         LINE#         1486
  C:49AEH         LINE#         1487
  C:49C5H         LINE#         1488
  C:49DDH         LINE#         1489
  C:4A4CH         LINE#         1490
  C:4A54H         LINE#         1491
  C:4A56H         LINE#         1492
  C:4A56H         LINE#         1493
  C:4A59H         LINE#         1495
  C:4A70H         LINE#         1496
  C:4AA8H         LINE#         1498
  C:4ABBH         LINE#         1499
  C:4AC2H         LINE#         1503
  C:4AC5H         LINE#         1504
  C:4ACFH         LINE#         1505
  C:4AD2H         LINE#         1508
  C:4AD2H         LINE#         1521
  C:4AE9H         LINE#         1522
  C:4AE9H         LINE#         1523
  C:4AF8H         LINE#         1524
  C:4B12H         LINE#         1525
  C:4B12H         LINE#         1528
  C:4B2DH         LINE#         1529
  C:4B2DH         LINE#         1531
  C:4B40H         LINE#         1532
  C:4B4CH         LINE#         1533
  C:4B4EH         LINE#         1535
  C:4B6CH         LINE#         1536
  C:4BACH         LINE#         1537
  C:4BACH         LINE#         1540
  C:4BF3H         LINE#         1541
  C:4BFFH         LINE#         1542
  C:4C1AH         LINE#         1543
  C:4C35H         LINE#         1544
  C:4C50H         LINE#         1545
  C:4C6BH         LINE#         1546
  C:4C86H         LINE#         1547
  C:4CA1H         LINE#         1549
  C:4CB9H         LINE#         1550
  C:4CBFH         LINE#         1551
  C:4CBFH         LINE#         1552
  C:4CC5H         LINE#         1553
  C:4CC5H         LINE#         1555
  C:4CEBH         LINE#         1557
  C:4D03H         LINE#         1558
  C:4D09H         LINE#         1559
  C:4D09H         LINE#         1560
  C:4D0FH         LINE#         1561
  C:4D0FH         LINE#         1562
  C:4D4EH         LINE#         1563
  C:4D69H         LINE#         1565
  C:4D84H         LINE#         1568
  C:4D8EH         LINE#         1570
  C:4DA8H         LINE#         1571
  C:4DA8H         LINE#         1573
BL51 BANKED LINKER/LOCATER V6.22                                                      09/03/2010  14:07:13  PAGE 45


  C:4DC3H         LINE#         1574
  C:4DC3H         LINE#         1579
  C:4DD6H         LINE#         1580
  C:4DD6H         LINE#         1582
  C:4DE2H         LINE#         1583
  C:4DE4H         LINE#         1585
  C:4DE4H         LINE#         1586
  C:4E02H         LINE#         1587
  C:4E42H         LINE#         1588
  C:4E42H         LINE#         1591
  C:4E57H         LINE#         1592
  C:4E63H         LINE#         1593
  C:4E78H         LINE#         1594
  C:4E84H         LINE#         1596
  C:4E9FH         LINE#         1597
  C:4EBAH         LINE#         1598
  C:4ED5H         LINE#         1599
  C:4EF0H         LINE#         1600
  C:4F0BH         LINE#         1601
  C:4F26H         LINE#         1607
  C:4F3EH         LINE#         1608
  C:4F44H         LINE#         1609
  C:4F44H         LINE#         1610
  C:4F4AH         LINE#         1611
  C:4F4AH         LINE#         1613
  C:4F70H         LINE#         1616
  C:4F88H         LINE#         1617
  C:4F8EH         LINE#         1618
  C:4F8EH         LINE#         1619
  C:4F94H         LINE#         1620
  C:4F94H         LINE#         1621
  C:4FD3H         LINE#         1622
  C:4FEEH         LINE#         1624
  C:5009H         LINE#         1627
  C:5013H         LINE#         1628
  C:502DH         LINE#         1629
  C:502DH         LINE#         1632
  C:5048H         LINE#         1633
  C:5048H         LINE#         1634
  C:505FH         LINE#         1635
  C:506CH         LINE#         1636
  C:507FH         LINE#         1637
  C:507FH         LINE#         1638
  C:509BH         LINE#         1639
  C:50A3H         LINE#         1641
  C:50B1H         LINE#         1642
  C:50B1H         LINE#         1643
  C:50D4H         LINE#         1644
  C:50EEH         LINE#         1645
  C:50EEH         LINE#         1646
  C:50EEH         LINE#         1656
  C:510AH         LINE#         1657
  C:512CH         LINE#         1661
  C:5149H         LINE#         1670
  C:515DH         LINE#         1671
  C:515DH         LINE#         1672
  C:5176H         LINE#         1673
BL51 BANKED LINKER/LOCATER V6.22                                                      09/03/2010  14:07:13  PAGE 46


  C:51AFH         LINE#         1674
  C:51AFH         LINE#         1675
  C:51E2H         LINE#         1676
  C:51EAH         LINE#         1678
  C:51EDH         LINE#         1679
  C:5207H         LINE#         1680
  C:520AH         LINE#         1682
  C:5213H         LINE#         1683
  C:5288H         LINE#         1686
  C:5292H         LINE#         1695
  C:5292H         LINE#         1696
  C:52D5H         LINE#         1697
  C:52F0H         LINE#         1698
  C:5300H         LINE#         1699
  C:5313H         LINE#         1700
  C:531CH         LINE#         1701
  C:5328H         LINE#         1702
  C:5347H         LINE#         1703
  C:5361H         LINE#         1704
  C:537DH         LINE#         1706
  C:537FH         LINE#         1708
  C:537FH         LINE#         1710
  C:53AAH         LINE#         1711
  C:53C3H         LINE#         1712
  C:53E7H         LINE#         1714
  C:53E7H         LINE#         1720
  C:5402H         LINE#         1721
  C:5402H         LINE#         1722
  C:5419H         LINE#         1724
  C:5426H         LINE#         1725
  C:5439H         LINE#         1726
  C:5439H         LINE#         1727
  C:5455H         LINE#         1728
  C:545DH         LINE#         1730
  C:546EH         LINE#         1731
  C:546EH         LINE#         1732
  C:5490H         LINE#         1733
  C:54A1H         LINE#         1734
  C:54A1H         LINE#         1736
  C:54ABH         LINE#         1737
  C:54ABH         LINE#         1738
  C:552CH         LINE#         1739
  C:5583H         LINE#         1740
  C:5589H         LINE#         1741
  C:55CAH         LINE#         1743
  C:55D6H         LINE#         1744
  C:55D8H         LINE#         1746
  C:55EBH         LINE#         1747
  C:5606H         LINE#         1748
  C:5621H         LINE#         1749
  C:5638H         LINE#         1750
  C:5653H         LINE#         1751
  C:566AH         LINE#         1752
  C:5685H         LINE#         1753
  C:56A0H         LINE#         1754
  C:56B0H         LINE#         1755
  C:56C3H         LINE#         1756
BL51 BANKED LINKER/LOCATER V6.22                                                      09/03/2010  14:07:13  PAGE 47


  C:56CCH         LINE#         1757
  C:56D8H         LINE#         1759
  C:56D8H         LINE#         1761
  C:56D8H         LINE#         1764
  C:56F3H         LINE#         1765
  C:56F3H         LINE#         1766
  C:570AH         LINE#         1767
  C:5726H         LINE#         1768
  C:5726H         LINE#         1769
  C:5726H         LINE#         1770
  C:5746H         LINE#         1771
  C:5748H         LINE#         1772
  C:5748H         LINE#         1773
  C:5748H         LINE#         1774
  C:5767H         LINE#         1775
  C:5769H         LINE#         1776
  C:5769H         LINE#         1777
  C:5769H         LINE#         1778
  C:5787H         LINE#         1779
  C:5789H         LINE#         1780
  C:5789H         LINE#         1781
  C:5789H         LINE#         1782
  C:57A6H         LINE#         1783
  C:57A6H         LINE#         1784
  C:57A6H         LINE#         1785
  C:57A6H         LINE#         1792
  C:57A6H         LINE#         1797
  C:57C1H         LINE#         1798
  C:57C1H         LINE#         1799
  C:57EBH         LINE#         1800
  C:57F4H         LINE#         1801
  C:580DH         LINE#         1802
  C:5820H         LINE#         1803
  C:586BH         LINE#         1804
  C:5886H         LINE#         1805
  C:5896H         LINE#         1806
  C:58D5H         LINE#         1807
  C:5915H         LINE#         1809
  C:5915H         LINE#         1810
  C:5934H         LINE#         1811
  C:5934H         LINE#         1812
  C:595EH         LINE#         1813
  C:5967H         LINE#         1814
  C:5980H         LINE#         1815
  C:5993H         LINE#         1816
  C:59DEH         LINE#         1817
  C:59F9H         LINE#         1818
  C:5A09H         LINE#         1819
  C:5A48H         LINE#         1820
  C:5A88H         LINE#         1822
  C:5A88H         LINE#         1824
  C:5AA7H         LINE#         1825
  C:5AA7H         LINE#         1826
  C:5AD1H         LINE#         1827
  C:5ADAH         LINE#         1828
  C:5AF3H         LINE#         1829
  C:5B06H         LINE#         1830
BL51 BANKED LINKER/LOCATER V6.22                                                      09/03/2010  14:07:13  PAGE 48


  C:5B51H         LINE#         1831
  C:5B6CH         LINE#         1832
  C:5B7CH         LINE#         1833
  C:5BBBH         LINE#         1834
  C:5BCBH         LINE#         1835
  C:5BE4H         LINE#         1837
  C:5BFBH         LINE#         1839
  C:5BFBH         LINE#         1848
  C:5C14H         LINE#         1849
  C:5C24H         LINE#         1850
  C:5C2BH         LINE#         1851
  C:5C6DH         LINE#         1852
  C:5C6DH         LINE#         1853
  C:5C71H         LINE#         1854
  C:5CADH         LINE#         1855
  C:5CB6H         LINE#         1856
  C:5D16H         LINE#         1857
  C:5D16H         LINE#         1858
  C:5D1AH         LINE#         1859
  C:5D1CH         LINE#         1860
  C:5D31H         LINE#         1861
  C:5D67H         LINE#         1863
  C:5D67H         LINE#         1864
  C:5DA4H         LINE#         1865
  C:5DA4H         LINE#         1866
  C:5E09H         LINE#         1867
  C:5E49H         LINE#         1868
  C:5E60H         LINE#         1869
  C:5EC5H         LINE#         1870
  C:5F06H         LINE#         1871
  C:5F21H         LINE#         1872
  C:5F65H         LINE#         1873
  C:5F67H         LINE#         1875
  C:5F9AH         LINE#         1876
  C:5F9AH         LINE#         1877
  C:5F9CH         LINE#         1879
  C:5F9CH         LINE#         1880
  C:5FCFH         LINE#         1881
  C:5FCFH         LINE#         1882
  C:5FD1H         LINE#         1884
  C:5FE0H         LINE#         1890
  C:6025H         LINE#         1891
  C:6025H         LINE#         1892
  C:603DH         LINE#         1893
  C:6043H         LINE#         1894
  C:6043H         LINE#         1895
  C:6049H         LINE#         1896
  C:6049H         LINE#         1898
  C:6094H         LINE#         1900
  C:60ACH         LINE#         1901
  C:60B2H         LINE#         1902
  C:60B2H         LINE#         1903
  C:60B8H         LINE#         1904
  C:60B8H         LINE#         1905
  C:60F7H         LINE#         1906
  C:6112H         LINE#         1908
  C:612DH         LINE#         1909
BL51 BANKED LINKER/LOCATER V6.22                                                      09/03/2010  14:07:13  PAGE 49


  C:6137H         LINE#         1910
  C:6137H         LINE#         1912
  C:6151H         LINE#         1913
  C:617CH         LINE#         1914
  C:6195H         LINE#         1916
  C:61B0H         LINE#         1917
  C:61B0H         LINE#         1926
  C:61BDH         LINE#         1928
  C:61BDH         LINE#         1931
  C:61D4H         LINE#         1932
  C:61F6H         LINE#         1933
  C:620DH         LINE#         1934
  C:622FH         LINE#         1936
  C:6242H         LINE#         1937
  C:624BH         LINE#         1944
  C:6266H         LINE#         1945
  C:6266H         LINE#         1946
  C:6282H         LINE#         1947
  C:629DH         LINE#         1948
  C:62ADH         LINE#         1949
  C:62C0H         LINE#         1950
  C:62C9H         LINE#         1951
  C:62D5H         LINE#         1952
  C:62DCH         LINE#         1953
  C:62EFH         LINE#         1954
  C:62F8H         LINE#         1955
  C:62F8H         LINE#         1958
  C:6311H         LINE#         1959
  C:6311H         LINE#         1961
  C:632CH         LINE#         1962
  C:6344H         LINE#         1963
  C:6357H         LINE#         1966
  C:6357H         LINE#         1967
  C:6357H         LINE#         1968
  C:6357H         LINE#         1969
  C:6357H         LINE#         1984
  -------         ENDPROC       _TASK_3
  -------         ENDMOD        TASK3_BKCD

  -------         MODULE        ?C_STARTUP
  C:9B55H         SEGMENT       ?C_C51STARTUP
  C:0000H         PUBLIC        ?C_STARTUP
  D:00AFH         SYMBOL        CFG8XX
  N:0001H         SYMBOL        EXSP
  N:0000H         SYMBOL        IBPSTACK
  N:0100H         SYMBOL        IBPSTACKTOP
  N:0080H         SYMBOL        IDATALEN
  C:9B5BH         SYMBOL        IDATALOOP
  D:00A0H         SYMBOL        P2
  N:0000H         SYMBOL        PBPSTACK
  N:0000H         SYMBOL        PBPSTACKTOP
  N:0000H         SYMBOL        PDATALEN
  N:0000H         SYMBOL        PDATASTART
  N:0000H         SYMBOL        PPAGE
  N:0001H         SYMBOL        PPAGEENABLE
  D:0081H         SYMBOL        SP
  D:00B7H         SYMBOL        SPH
BL51 BANKED LINKER/LOCATER V6.22                                                      09/03/2010  14:07:13  PAGE 50


  N:00C0H         SYMBOL        STACKSIZE
  C:9B55H         SYMBOL        STARTUP1
  N:0000H         SYMBOL        XBPSTACK
  N:0000H         SYMBOL        XBPSTACKTOP
  N:0800H         SYMBOL        XDATALEN
  C:9B66H         SYMBOL        XDATALOOP
  N:0000H         SYMBOL        XDATASTART
  N:0001H         SYMBOL        XRAMEN
  N:0320H         SYMBOL        XSTACKSTART
  N:0081H         SYMBOL        _CFG8XX
  C:0000H         LINE#         167
  C:9B55H         LINE#         176
  C:9B58H         LINE#         180
  C:9B5AH         LINE#         181
  C:9B5BH         LINE#         182
  C:9B5CH         LINE#         183
  C:9B5EH         LINE#         187
  C:9B61H         LINE#         188
  C:9B63H         LINE#         192
  C:9B65H         LINE#         194
  C:9B66H         LINE#         195
  C:9B67H         LINE#         196
  C:9B68H         LINE#         197
  C:9B6AH         LINE#         198
  C:9B6CH         LINE#         202
  C:9B6FH         LINE#         233
  C:9B72H         LINE#         234
  C:9B75H         LINE#         248
  -------         ENDMOD        ?C_STARTUP

  -------         MODULE        ASSEMB
  C:0003H         SEGMENT       ?PR?LBUF_COP?ASSEMB
  C:0003H         PUBLIC        LBUF_COP
  C:000FH         SYMBOL        ?C0001
  N:0000H         SYMBOL        ASSEMB
  C:0009H         SYMBOL        L1
  C:0003H         LINE#         34
  C:0005H         LINE#         36
  C:0007H         LINE#         38
  C:0009H         LINE#         42
  C:000AH         LINE#         44
  C:000BH         LINE#         46
  C:000CH         LINE#         48
  C:000DH         LINE#         50
  C:000FH         LINE#         57
  -------         ENDMOD        ASSEMB

  -------         MODULE        ?C?FPADD
  C:88D1H         PUBLIC        ?C?FPADD
  C:88CDH         PUBLIC        ?C?FPSUB
  -------         ENDMOD        ?C?FPADD

  -------         MODULE        ?C?FPMUL
  C:89C2H         PUBLIC        ?C?FPMUL
  -------         ENDMOD        ?C?FPMUL

  -------         MODULE        ?C?FPDIV
BL51 BANKED LINKER/LOCATER V6.22                                                      09/03/2010  14:07:13  PAGE 51


  C:8ACBH         PUBLIC        ?C?FPDIV
  -------         ENDMOD        ?C?FPDIV

  -------         MODULE        ?C?FPCMP
  C:8B6AH         PUBLIC        ?C?FPCMP
  C:8B68H         PUBLIC        ?C?FPCMP3
  -------         ENDMOD        ?C?FPCMP

  -------         MODULE        ?C?FCAST
  C:8BDFH         PUBLIC        ?C?FCASTC
  C:8BDAH         PUBLIC        ?C?FCASTI
  C:8BD5H         PUBLIC        ?C?FCASTL
  -------         ENDMOD        ?C?FCAST

  -------         MODULE        ?C?CASTF
  C:8C13H         PUBLIC        ?C?CASTF
  -------         ENDMOD        ?C?CASTF

  -------         MODULE        ?C?LMUL
  C:8C94H         PUBLIC        ?C?LMUL
  -------         ENDMOD        ?C?LMUL

  -------         MODULE        ?C?ULDIV
  C:8D1FH         PUBLIC        ?C?ULDIV
  -------         ENDMOD        ?C?ULDIV

  -------         MODULE        ?C?LNEG
  C:8DB1H         PUBLIC        ?C?LNEG
  -------         ENDMOD        ?C?LNEG

  -------         MODULE        ?C?SLCMP
  C:8DBFH         PUBLIC        ?C?SLCMP
  -------         ENDMOD        ?C?SLCMP

  -------         MODULE        ?C?ULCMP
  C:8DD5H         PUBLIC        ?C?ULCMP
  -------         ENDMOD        ?C?ULCMP

  -------         MODULE        ?C?ULSHR
  C:8DE6H         PUBLIC        ?C?ULSHR
  -------         ENDMOD        ?C?ULSHR

  -------         MODULE        ?C?LSHL
  C:8DF9H         PUBLIC        ?C?LSHL
  -------         ENDMOD        ?C?LSHL

  -------         MODULE        ?C?LLDIDATA
  C:8E0CH         PUBLIC        ?C?LLDIDATA
  -------         ENDMOD        ?C?LLDIDATA

  -------         MODULE        ?C?LLDIDATA0
  C:8E18H         PUBLIC        ?C?LLDIDATA0
  -------         ENDMOD        ?C?LLDIDATA0

  -------         MODULE        ?C?LSTIDATA
  C:8E25H         PUBLIC        ?C?LSTIDATA
  -------         ENDMOD        ?C?LSTIDATA
BL51 BANKED LINKER/LOCATER V6.22                                                      09/03/2010  14:07:13  PAGE 52



  -------         MODULE        ?C?LSTXDATA
  C:8E31H         PUBLIC        ?C?LSTXDATA
  -------         ENDMOD        ?C?LSTXDATA

  -------         MODULE        ?C?LSTKIDATA
  C:8E3DH         PUBLIC        ?C?LSTKIDATA
  -------         ENDMOD        ?C?LSTKIDATA

  -------         MODULE        ?C?LSTKXDATA
  C:8E56H         PUBLIC        ?C?LSTKXDATA
  -------         ENDMOD        ?C?LSTKXDATA

  -------         MODULE        ?C?OFFXADD
  C:8E87H         PUBLIC        ?C?OFFXADD
  -------         ENDMOD        ?C?OFFXADD

  -------         MODULE        ?C?CCASE
  C:8E93H         PUBLIC        ?C?CCASE
  -------         ENDMOD        ?C?CCASE

Program Size: data=234.5 xdata=1569 code=39984
LINK/LOCATE RUN COMPLETE.  0 WARNING(S),  0 ERROR(S)
