BL51 BANKED LINKER/LOCATER V6.22                                                        11/03/2010  15:48:09  PAGE 1


BL51 BANKED LINKER/LOCATER V6.22, INVOKED BY:
D:\KEIL4\C51\BIN\BL51.EXE Main_bkcd.obj, Setup_ADC.obj, setup_bkcd.obj, task3_bkcd.obj, START_AD.obj, assemb.obj TO 4-50
>> _BKCD(rgr+hod_100ms+vrgr4b) RAMSIZE (256) XDATA (0X0000-0X07FF)


MEMORY MODEL: LARGE WITH FLOATING POINT ARITHMETIC


INPUT MODULES INCLUDED:
  Main_bkcd.obj (MAIN_BKCD)
  Setup_ADC.obj (SETUP_ADC)
  setup_bkcd.obj (SETUP_BKCD)
  task3_bkcd.obj (TASK3_BKCD)
  START_AD.obj (?C_STARTUP)
  assemb.obj (ASSEMB)
  D:\KEIL4\C51\LIB\C51FPL.LIB (?C?FPADD)
  D:\KEIL4\C51\LIB\C51FPL.LIB (?C?FPMUL)
  D:\KEIL4\C51\LIB\C51FPL.LIB (?C?FPDIV)
  D:\KEIL4\C51\LIB\C51FPL.LIB (?C?FPCMP)
  D:\KEIL4\C51\LIB\C51FPL.LIB (?C?FCAST)
  D:\KEIL4\C51\LIB\C51FPL.LIB (?C?CASTF)
  D:\KEIL4\C51\LIB\C51FPL.LIB (?C?FPGETOPN)
  D:\KEIL4\C51\LIB\C51L.LIB (?C_INIT)
  D:\KEIL4\C51\LIB\C51L.LIB (?C?UIDIV)
  D:\KEIL4\C51\LIB\C51L.LIB (?C?LMUL)
  D:\KEIL4\C51\LIB\C51L.LIB (?C?ULDIV)
  D:\KEIL4\C51\LIB\C51L.LIB (?C?SLDIV)
  D:\KEIL4\C51\LIB\C51L.LIB (?C?LNEG)
  D:\KEIL4\C51\LIB\C51L.LIB (?C?SLCMP)
  D:\KEIL4\C51\LIB\C51L.LIB (?C?ULCMP)
  D:\KEIL4\C51\LIB\C51L.LIB (?C?ULSHR)
  D:\KEIL4\C51\LIB\C51L.LIB (?C?LSHL)
  D:\KEIL4\C51\LIB\C51L.LIB (?C?LLDIDATA)
  D:\KEIL4\C51\LIB\C51L.LIB (?C?LLDIDATA0)
  D:\KEIL4\C51\LIB\C51L.LIB (?C?LSTIDATA)
  D:\KEIL4\C51\LIB\C51L.LIB (?C?LSTXDATA)
  D:\KEIL4\C51\LIB\C51L.LIB (?C?LSTKIDATA)
  D:\KEIL4\C51\LIB\C51L.LIB (?C?LSTKXDATA)
  D:\KEIL4\C51\LIB\C51L.LIB (?C?OFFXADD)
  D:\KEIL4\C51\LIB\C51L.LIB (?C?CCASE)


LINK MAP OF MODULE:  4-50_BKCD(rgr+hod_100ms+vrgr4b) (MAIN_BKCD)


            TYPE    BASE      LENGTH    RELOCATION   SEGMENT NAME
            -----------------------------------------------------

            * * * * * * *   D A T A   M E M O R Y   * * * * * * *
            REG     0000H     0008H     ABSOLUTE     "REG BANK 0"
            REG     0008H     0008H     ABSOLUTE     "REG BANK 1"
            REG     0010H     0008H     ABSOLUTE     "REG BANK 2"
            DATA    0018H     0008H     UNIT         ?DT?SETUP_BKCD
            BIT     0020H.0   0002H.4   UNIT         ?BI?MAIN_BKCD
            BIT     0022H.4   0000H.2   UNIT         ?BI?TASK3_BKCD
                    0022H.6   0000H.2                *** GAP ***
            DATA    0023H     002CH     UNIT         ?DT?MAIN_BKCD
            DATA    004FH     0021H     UNIT         ?DT?TASK3_BKCD
BL51 BANKED LINKER/LOCATER V6.22                                                      11/03/2010  15:48:09  PAGE 2


            DATA    0070H     0002H     UNIT         ?DT?SETUP_ADC
            IDATA   0072H     003AH     UNIT         ?ID?_TASK_3?TASK3_BKCD
            IDATA   00ACH     0030H     UNIT         ?ID?MAIN_BKCD
            IDATA   00DCH     001CH     UNIT         ?ID?TASK3_BKCD
            IDATA   00F8H     0004H     UNIT         ?ID?MAIN?MAIN_BKCD
            IDATA   00FCH     0001H     UNIT         ?ID?SETUP_ADC?SETUP_ADC

            * * * * * * *  X D A T A   M E M O R Y  * * * * * * *
            XDATA   0000H     001CH     ABSOLUTE     
            XDATA   001CH     0020H     UNIT         ?XD?SETUP_ADC?SETUP_ADC
            XDATA   003CH     0002H     UNIT         ?XD?MAIN?MAIN_BKCD
            XDATA   003EH     0001H     UNIT         ?XD?KMD?MAIN_BKCD
            XDATA   003FH     0001H     UNIT         ?XD?SETUP?SETUP_BKCD
            XDATA   0040H     0022H     ABSOLUTE     
            XDATA   0062H     000DH     UNIT         ?XD?_TASK_3?TASK3_BKCD
                    006FH     0011H                  *** GAP ***
            XDATA   0080H     0022H     ABSOLUTE     
                    00A2H     001EH                  *** GAP ***
            XDATA   00C0H     001CH     ABSOLUTE     
                    00DCH     0024H                  *** GAP ***
            XDATA   0100H     003CH     ABSOLUTE     
                    013CH     0004H                  *** GAP ***
            XDATA   0140H     003CH     ABSOLUTE     
                    017CH     0004H                  *** GAP ***
            XDATA   0180H     003CH     ABSOLUTE     
                    01BCH     0004H                  *** GAP ***
            XDATA   01C0H     003CH     ABSOLUTE     
                    01FCH     0004H                  *** GAP ***
            XDATA   0200H     001EH     ABSOLUTE     
            XDATA   021EH     0074H     UNIT         ?XD?TASK3_BKCD
            XDATA   0292H     0036H     UNIT         ?XD?MAIN_BKCD
                    02C8H     0058H                  *** GAP ***
            XDATA   0320H     00C0H     ABSOLUTE     
                    03E0H     0020H                  *** GAP ***
            XDATA   0400H     0180H     ABSOLUTE     
                    0580H     0060H                  *** GAP ***
            XDATA   05E0H     0080H     ABSOLUTE     
                    0660H     0020H                  *** GAP ***
            XDATA   0680H     00D0H     ABSOLUTE     
                    0750H     0060H                  *** GAP ***
            XDATA   07B0H     0004H     ABSOLUTE     
            XDATA   07B4H     0028H     ABSOLUTE     

            * * * * * * *   C O D E   M E M O R Y   * * * * * * *
            CODE    0000H     0003H     ABSOLUTE     
            CODE    0003H     000DH     UNIT         ?PR?LBUF_COP?ASSEMB
                    0010H     000BH                  *** GAP ***
            CODE    001BH     0003H     ABSOLUTE     
                    001EH     0005H                  *** GAP ***
            CODE    0023H     0003H     ABSOLUTE     
            CODE    0026H     7461H     UNIT         ?PR?_TASK_3?TASK3_BKCD
            CODE    7487H     0C10H     UNIT         ?PR?SETUP_ADC?SETUP_ADC
            CODE    8097H     0AB9H     UNIT         ?PR?MAIN?MAIN_BKCD
            CODE    8B50H     08A0H     UNIT         ?PR?KMD?MAIN_BKCD
            CODE    93F0H     0644H     UNIT         ?C?LIB_CODE
            CODE    9A34H     0635H     UNIT         ?PR?SER_INT?MAIN_BKCD
            CODE    A069H     05BBH     UNIT         ?PR?TIMER1INT?MAIN_BKCD
BL51 BANKED LINKER/LOCATER V6.22                                                      11/03/2010  15:48:09  PAGE 3


            CODE    A624H     0335H     UNIT         ?PR?SETUP?SETUP_BKCD
            CODE    A959H     02C2H     UNIT         ?CO?MAIN_BKCD
            CODE    AC1BH     016BH     UNIT         ?C_INITSEG
            CODE    AD86H     00A3H     UNIT         ?C_C51STARTUP
            CODE    AE29H     0048H     UNIT         ?CO?TASK3_BKCD
            CODE    AE71H     0044H     UNIT         ?C?LDIV



OVERLAY MAP OF MODULE:   4-50_BKCD(rgr+hod_100ms+vrgr4b) (MAIN_BKCD)


SEGMENT
  +--> CALLED SEGMENT
---------------------
?PR?SER_INT?MAIN_BKCD
  +--> ?CO?MAIN_BKCD
  +--> ?PR?KMD?MAIN_BKCD

?PR?KMD?MAIN_BKCD
  +--> ?CO?MAIN_BKCD

*** NEW ROOT ***************************************************

?C_C51STARTUP
  +--> ?PR?MAIN?MAIN_BKCD
  +--> ?C_INITSEG

?PR?MAIN?MAIN_BKCD
  +--> ?PR?SETUP?SETUP_BKCD
  +--> ?PR?SETUP_ADC?SETUP_ADC
  +--> ?PR?_TASK_3?TASK3_BKCD
  +--> ?PR?LBUF_COP?ASSEMB

?PR?_TASK_3?TASK3_BKCD
  +--> ?CO?TASK3_BKCD
  +--> ?CO?MAIN_BKCD



SYMBOL TABLE OF MODULE:  4-50_BKCD(rgr+hod_100ms+vrgr4b) (MAIN_BKCD)

  VALUE           TYPE          NAME
  ----------------------------------

  -------         MODULE        MAIN_BKCD
  C:0000H         SYMBOL        _ICE_DUMMY_
  B:0020H.0       PUBLIC        fl_rgr
  D:0080H         PUBLIC        P0
  D:0090H         PUBLIC        P1
  B:0020H.1       PUBLIC        FL_BLOK_EPROM
  D:00A0H         PUBLIC        P2
  D:00B0H         PUBLIC        P3
  B:00A8H.7       PUBLIC        EA
  D:00D8H         PUBLIC        ADCSTAT
  B:0020H.2       PUBLIC        ep2
  B:0020H.3       PUBLIC        fl_r11
BL51 BANKED LINKER/LOCATER V6.22                                                      11/03/2010  15:48:09  PAGE 4


  X:0292H         PUBLIC        mi1
  I:00ACH         PUBLIC        ED
  B:0020H.4       PUBLIC        fl_r22
  I:00AEH         PUBLIC        CNT_SEC_V1
  D:0027H         PUBLIC        kol_c
  I:00B0H         PUBLIC        CNT_SEC_V2
  B:0020H.5       PUBLIC        fl_ds
  D:0029H         PUBLIC        r_crc
  D:00A8H         PUBLIC        IE
  D:002AH         PUBLIC        copy_p
  D:002CH         PUBLIC        len_o
  X:0294H         PUBLIC        DL
  X:0080H         PUBLIC        xbufin
  X:0295H         PUBLIC        POR_R1_OFF
  D:00BCH         PUBLIC        EDATA1
  X:0296H         PUBLIC        POR_R2_OFF
  D:00BDH         PUBLIC        EDATA2
  I:00B2H         PUBLIC        CNT_SEC_DL
  D:002DH         PUBLIC        st_ser
  D:00BEH         PUBLIC        EDATA3
  D:00BFH         PUBLIC        EDATA4
  B:00A8H.4       PUBLIC        ES
  D:00B8H         PUBLIC        IP
  X:0040H         PUBLIC        bufout
  I:00B6H         PUBLIC        MM
  D:002EH         PUBLIC        i1
  I:00BDH         PUBLIC        j1
  B:0098H.0       PUBLIC        RI
  I:00BEH         PUBLIC        j2
  B:0020H.6       PUBLIC        fl_sv
  B:0098H.1       PUBLIC        TI
  D:002FH         PUBLIC        cop_imp1
  D:0031H         PUBLIC        cop_imp2
  B:0020H.7       PUBLIC        fcnt_100
  B:00D8H.7       PUBLIC        RDY0
  D:00E8H         PUBLIC        I2CCON
  D:0033H         PUBLIC        priem
  I:00BFH         PUBLIC        CNT_SEC
  C:A069H         PUBLIC        timer1int
  B:0021H.0       PUBLIC        v_rgr
  D:0081H         PUBLIC        SP
  D:00B9H         PUBLIC        ECON
  C:8097H         PUBLIC        main
  D:0034H         PUBLIC        status
  I:00C1H         PUBLIC        crco
  B:00B0H.6       PUBLIC        WR
  B:0021H.1       PUBLIC        FL_BLOK_EEPR
  I:00C3H         PUBLIC        TM_LINE
  X:0000H         PUBLIC        lbuf
  B:0021H.2       PUBLIC        fcnt
  D:0099H         PUBLIC        SBUF
  D:0035H         PUBLIC        bufcht1
  B:0021H.3       PUBLIC        Eprom_ch
  B:0021H.4       PUBLIC        Eprom_zap
  D:0098H         PUBLIC        SCON
  D:0088H         PUBLIC        TCON
  D:0039H         PUBLIC        cmd
BL51 BANKED LINKER/LOCATER V6.22                                                      11/03/2010  15:48:09  PAGE 5


  D:003AH         PUBLIC        crc
  X:0297H         PUBLIC        mi11
  X:0298H         PUBLIC        zbuf
  C:8B50H         PUBLIC        kmd
  X:02BAH         PUBLIC        b_err_cl
  D:00A5H         PUBLIC        HOUR
  D:003CH         PUBLIC        copy_p1
  D:003EH         PUBLIC        zad
  X:02BBH         PUBLIC        par
  B:00A0H.4       PUBLIC        svet
  B:00C0H.0       PUBLIC        WDWR
  D:003FH         PUBLIC        lineaddo
  I:00C4H         PUBLIC        rasx1_t
  I:00C8H         PUBLIC        rasx2_t
  B:00A8H.3       PUBLIC        ET1
  D:00D7H         PUBLIC        PLLCON
  B:0088H.7       PUBLIC        TF1
  D:008DH         PUBLIC        TH1
  D:00F8H         PUBLIC        SPICON
  I:00CCH         PUBLIC        nro
  B:0021H.5       PUBLIC        FCNT_SEC_V1
  I:00CDH         PUBLIC        tmo
  B:0021H.6       PUBLIC        FCNT_SEC_V2
  D:0040H         PUBLIC        fk
  D:008BH         PUBLIC        TL1
  B:0021H.7       PUBLIC        fl_m1
  I:00CEH         PUBLIC        tmp
  B:0022H.0       PUBLIC        rez
  B:0022H.1       PUBLIC        fl_m2
  X:02BCH         PUBLIC        POR_R1_ON
  X:02BDH         PUBLIC        POR_R2_ON
  X:02BEH         PUBLIC        stat_byte
  D:0041H         PUBLIC        lineadd
  X:02BFH         PUBLIC        BUF_FP_100_0
  B:00E8H.6       PUBLIC        MDE
  D:0042H         PUBLIC        mi
  B:0088H.6       PUBLIC        TR1
  B:00E8H.4       PUBLIC        MDI
  D:00A3H         PUBLIC        SEC
  X:02C1H         PUBLIC        b_err_p
  X:00C0H         PUBLIC        lbuf_dn
  B:00E8H.5       PUBLIC        MCO
  B:00E8H.7       PUBLIC        MDO
  D:0044H         PUBLIC        nr
  D:00A4H         PUBLIC        MIN
  D:00C7H         PUBLIC        EADRH
  D:00C8H         PUBLIC        T2CON
  I:00CFH         PUBLIC        cnt_dol
  I:00D1H         PUBLIC        i
  I:00D2H         PUBLIC        j
  D:00C6H         PUBLIC        EADRL
  D:00B7H         PUBLIC        SPH
  C:AA19H         PUBLIC        Crc16Table
  B:00C0H.2       PUBLIC        WDS
  D:00D1H         PUBLIC        ADCMODE
  C:AC19H         PUBLIC        VER_PR
  I:00D3H         PUBLIC        Len_p
BL51 BANKED LINKER/LOCATER V6.22                                                      11/03/2010  15:48:09  PAGE 6


  X:02C2H         PUBLIC        OGR_UR
  C:A959H         PUBLIC        TAB_NO_LINE_1
  B:0022H.2       PUBLIC        fl_buf
  I:00D4H         PUBLIC        rasx1
  C:A999H         PUBLIC        TAB_NO_LINE_2
  I:00D8H         PUBLIC        rasx2
  C:A9D9H         PUBLIC        TAB_NO_LINE_3
  B:0022H.3       PUBLIC        fl_rest
  D:0045H         PUBLIC        nas1
  D:0046H         PUBLIC        nas2
  D:00AFH         PUBLIC        CFG848
  X:02C4H         PUBLIC        ob_par
  C:9A34H         PUBLIC        ser_int
  D:0047H         PUBLIC        H1
  X:02C6H         PUBLIC        fcnt_k
  D:004BH         PUBLIC        H2
  D:00D0H         PUBLIC        PSW
  B:00B0H.2       PUBLIC        int0
  D:00C0H         PUBLIC        WDCON
  -------         PROC          TIMER1INT
  C:A069H         LINE#         280
  C:A076H         LINE#         296
  C:A078H         LINE#         297
  C:A07BH         LINE#         298
  C:A07EH         LINE#         299
  C:A084H         LINE#         300
  C:A08CH         LINE#         301
  C:A0AAH         LINE#         302
  C:A0C8H         LINE#         313
  C:A0D0H         LINE#         314
  C:A0D6H         LINE#         315
  C:A0D6H         LINE#         316
  C:A0E7H         LINE#         317
  C:A0E7H         LINE#         319
  C:A118H         LINE#         320
  C:A11FH         LINE#         321
  C:A11FH         LINE#         322
  C:A121H         LINE#         324
  C:A131H         LINE#         325
  C:A138H         LINE#         326
  C:A13AH         LINE#         327
  C:A13AH         LINE#         330
  C:A142H         LINE#         331
  C:A148H         LINE#         332
  C:A148H         LINE#         333
  C:A159H         LINE#         334
  C:A159H         LINE#         336
  C:A18AH         LINE#         337
  C:A191H         LINE#         338
  C:A191H         LINE#         339
  C:A193H         LINE#         341
  C:A1A3H         LINE#         342
  C:A1AAH         LINE#         343
  C:A1ACH         LINE#         344
  C:A1ACH         LINE#         346
  C:A1B6H         LINE#         347
  C:A1B6H         LINE#         349
BL51 BANKED LINKER/LOCATER V6.22                                                      11/03/2010  15:48:09  PAGE 7


  C:A207H         LINE#         350
  C:A207H         LINE#         352
  C:A20FH         LINE#         353
  C:A212H         LINE#         354
  C:A212H         LINE#         355
  C:A214H         LINE#         356
  C:A22EH         LINE#         357
  C:A22EH         LINE#         359
  C:A244H         LINE#         360
  C:A257H         LINE#         361
  C:A257H         LINE#         362
  C:A259H         LINE#         363
  C:A25FH         LINE#         364
  C:A269H         LINE#         365
  C:A272H         LINE#         366
  C:A278H         LINE#         367
  C:A27AH         LINE#         369
  C:A27DH         LINE#         370
  C:A27DH         LINE#         371
  C:A283H         LINE#         372
  C:A28DH         LINE#         373
  C:A28DH         LINE#         375
  C:A28FH         LINE#         377
  C:A28FH         LINE#         378
  C:A295H         LINE#         379
  C:A29FH         LINE#         380
  C:A2A8H         LINE#         381
  C:A2AEH         LINE#         383
  C:A2AEH         LINE#         384
  C:A2AEH         LINE#         387
  C:A2F5H         LINE#         388
  C:A2F5H         LINE#         389
  C:A2FFH         LINE#         390
  C:A2FFH         LINE#         392
  C:A312H         LINE#         393
  C:A312H         LINE#         394
  C:A318H         LINE#         395
  C:A31EH         LINE#         396
  C:A327H         LINE#         397
  C:A330H         LINE#         398
  C:A332H         LINE#         399
  C:A332H         LINE#         400
  C:A332H         LINE#         403
  C:A33CH         LINE#         404
  C:A33CH         LINE#         405
  C:A38DH         LINE#         406
  C:A38DH         LINE#         407
  C:A395H         LINE#         408
  C:A398H         LINE#         409
  C:A398H         LINE#         410
  C:A39AH         LINE#         411
  C:A3B4H         LINE#         412
  C:A3B4H         LINE#         414
  C:A3CAH         LINE#         415
  C:A3CAH         LINE#         416
  C:A3DDH         LINE#         417
  C:A3DDH         LINE#         418
BL51 BANKED LINKER/LOCATER V6.22                                                      11/03/2010  15:48:09  PAGE 8


  C:A3DFH         LINE#         419
  C:A3E5H         LINE#         420
  C:A3EFH         LINE#         421
  C:A3F8H         LINE#         422
  C:A3FEH         LINE#         423
  C:A400H         LINE#         425
  C:A403H         LINE#         426
  C:A409H         LINE#         427
  C:A413H         LINE#         428
  C:A413H         LINE#         429
  C:A415H         LINE#         431
  C:A415H         LINE#         432
  C:A41BH         LINE#         433
  C:A425H         LINE#         434
  C:A42EH         LINE#         435
  C:A434H         LINE#         436
  C:A434H         LINE#         437
  C:A434H         LINE#         438
  C:A47BH         LINE#         439
  C:A47BH         LINE#         440
  C:A485H         LINE#         441
  C:A485H         LINE#         443
  C:A498H         LINE#         444
  C:A498H         LINE#         445
  C:A49EH         LINE#         446
  C:A4A4H         LINE#         447
  C:A4ADH         LINE#         448
  C:A4B6H         LINE#         449
  C:A4B8H         LINE#         450
  C:A4B8H         LINE#         452
  C:A4B8H         LINE#         456
  C:A4BFH         LINE#         457
  C:A4BFH         LINE#         459
  C:A4DBH         LINE#         460
  C:A4DBH         LINE#         461
  C:A4E4H         LINE#         462
  C:A4E6H         LINE#         464
  C:A4E6H         LINE#         465
  C:A4EAH         LINE#         466
  C:A4EAH         LINE#         467
  C:A4ECH         LINE#         468
  C:A4F0H         LINE#         469
  C:A4F0H         LINE#         470
  C:A50CH         LINE#         471
  C:A50CH         LINE#         472
  C:A517H         LINE#         473
  C:A51FH         LINE#         474
  C:A521H         LINE#         476
  C:A529H         LINE#         477
  C:A529H         LINE#         478
  C:A529H         LINE#         479
  C:A529H         LINE#         480
  C:A529H         LINE#         483
  C:A531H         LINE#         484
  C:A534H         LINE#         485
  C:A545H         LINE#         486
  C:A545H         LINE#         487
BL51 BANKED LINKER/LOCATER V6.22                                                      11/03/2010  15:48:09  PAGE 9


  C:A566H         LINE#         489
  C:A56DH         LINE#         490
  C:A56DH         LINE#         491
  C:A56FH         LINE#         493
  C:A57FH         LINE#         494
  C:A586H         LINE#         495
  C:A588H         LINE#         496
  C:A588H         LINE#         501
  C:A58AH         LINE#         502
  C:A5B6H         LINE#         503
  C:A5B6H         LINE#         504
  C:A5C0H         LINE#         506
  C:A5C0H         LINE#         510
  C:A5C8H         LINE#         529
  C:A5D3H         LINE#         530
  C:A5D3H         LINE#         531
  C:A5D9H         LINE#         533
  C:A5DEH         LINE#         534
  C:A5E1H         LINE#         535
  C:A5E4H         LINE#         536
  C:A5E8H         LINE#         538
  C:A5EAH         LINE#         539
  C:A5EAH         LINE#         543
  C:A5EEH         LINE#         544
  C:A5F2H         LINE#         546
  C:A5F8H         LINE#         549
  C:A600H         LINE#         550
  C:A600H         LINE#         551
  C:A605H         LINE#         552
  C:A605H         LINE#         554
  C:A608H         LINE#         555
  C:A60CH         LINE#         556
  C:A60FH         LINE#         557
  C:A60FH         LINE#         558
  C:A611H         LINE#         560
  C:A611H         LINE#         562
  C:A616H         LINE#         563
  C:A619H         LINE#         564
  C:A619H         LINE#         567
  -------         ENDPROC       TIMER1INT
  -------         PROC          SER_INT
  -------         DO            
  D:0023H         SYMBOL        i
  C:A05EH         SYMBOL        kon
  -------         ENDDO         
  C:9A34H         LINE#         570
  C:9A41H         LINE#         593
  C:9A47H         LINE#         594
  C:9A47H         LINE#         595
  C:9A49H         LINE#         596
  C:9A4FH         LINE#         597
  C:9A4FH         LINE#         599
  C:9A4FH         LINE#         600
  C:9A4FH         LINE#         601
  C:9A58H         LINE#         602
  C:9A58H         LINE#         605
  C:9A5CH         LINE#         606
BL51 BANKED LINKER/LOCATER V6.22                                                      11/03/2010  15:48:09  PAGE 10


  C:9A5EH         LINE#         607
  C:9A65H         LINE#         608
  C:9A65H         LINE#         609
  C:9A68H         LINE#         611
  C:9A6BH         LINE#         612
  C:9A6BH         LINE#         613
  C:9A6EH         LINE#         621
  C:9A74H         LINE#         622
  C:9A74H         LINE#         623
  C:9A9AH         LINE#         624
  C:9A9AH         LINE#         625
  C:9AA2H         LINE#         626
  C:9AA4H         LINE#         628
  C:9AA4H         LINE#         629
  C:9AA7H         LINE#         630
  C:9AAAH         LINE#         631
  C:9AAAH         LINE#         632
  C:9AAAH         LINE#         635
  C:9AAEH         LINE#         636
  C:9AAEH         LINE#         637
  C:9AB7H         LINE#         638
  C:9AB7H         LINE#         639
  C:9ABAH         LINE#         640
  C:9ABDH         LINE#         641
  C:9ABDH         LINE#         643
  C:9ABDH         LINE#         645
  C:9ABDH         LINE#         646
  C:9ABDH         LINE#         648
  C:9AC3H         LINE#         649
  C:9AC3H         LINE#         650
  C:9AE7H         LINE#         651
  C:9AE7H         LINE#         652
  C:9AEAH         LINE#         653
  C:9AEDH         LINE#         654
  C:9AEDH         LINE#         655
  C:9AEDH         LINE#         657
  C:9AFFH         LINE#         663
  C:9B24H         LINE#         664
  C:9B24H         LINE#         665
  C:9B27H         LINE#         666
  C:9B4FH         LINE#         667
  C:9B4FH         LINE#         668
  C:9B55H         LINE#         669
  C:9B5BH         LINE#         670
  C:9B5BH         LINE#         671
  C:9B6BH         LINE#         672
  C:9B6BH         LINE#         673
  C:9B76H         LINE#         674
  C:9B90H         LINE#         675
  C:9B94H         LINE#         676
  C:9B96H         LINE#         678
  C:9BA6H         LINE#         679
  C:9BA6H         LINE#         681
  C:9BE7H         LINE#         682
  C:9BF6H         LINE#         683
  C:9BFAH         LINE#         685
  C:9C4EH         LINE#         686
BL51 BANKED LINKER/LOCATER V6.22                                                      11/03/2010  15:48:09  PAGE 11


  C:9C4EH         LINE#         689
  C:9C55H         LINE#         690
  C:9C5CH         LINE#         691
  C:9C62H         LINE#         692
  C:9C6FH         LINE#         693
  C:9C6FH         LINE#         694
  C:9C8BH         LINE#         695
  C:9C8FH         LINE#         697
  C:9C9DH         LINE#         698
  C:9CA7H         LINE#         701
  C:9CB6H         LINE#         702
  C:9CB6H         LINE#         703
  C:9CBCH         LINE#         704
  C:9CC3H         LINE#         705
  C:9CC9H         LINE#         706
  C:9CD5H         LINE#         707
  C:9CDBH         LINE#         708
  C:9CE7H         LINE#         709
  C:9CE7H         LINE#         710
  C:9CEDH         LINE#         711
  C:9CEDH         LINE#         713
  C:9CFFH         LINE#         714
  C:9D18H         LINE#         716
  C:9D3BH         LINE#         718
  C:9D57H         LINE#         719
  C:9D57H         LINE#         720
  C:9D79H         LINE#         721
  C:9D7FH         LINE#         722
  C:9D81H         LINE#         723
  C:9D81H         LINE#         726
  C:9D86H         LINE#         727
  C:9D86H         LINE#         728
  C:9D88H         LINE#         729
  C:9D88H         LINE#         731
  C:9D88H         LINE#         734
  C:9D97H         LINE#         735
  C:9D97H         LINE#         736
  C:9D9FH         LINE#         737
  C:9D9FH         LINE#         738
  C:9DB5H         LINE#         739
  C:9DBFH         LINE#         740
  C:9DBFH         LINE#         742
  C:9DDBH         LINE#         743
  C:9DDFH         LINE#         745
  C:9DE7H         LINE#         746
  C:9DF6H         LINE#         747
  C:9DF9H         LINE#         748
  C:9E02H         LINE#         749
  C:9E02H         LINE#         750
  C:9E02H         LINE#         752
  C:9E4AH         LINE#         753
  C:9E4AH         LINE#         754
  C:9E57H         LINE#         755
  C:9E57H         LINE#         756
  C:9E5AH         LINE#         757
  C:9E5AH         LINE#         758
  C:9E5AH         LINE#         759
BL51 BANKED LINKER/LOCATER V6.22                                                      11/03/2010  15:48:09  PAGE 12


  C:9E5AH         LINE#         761
  C:9E9DH         LINE#         762
  C:9E9DH         LINE#         763
  C:9E9FH         LINE#         764
  C:9EA1H         LINE#         765
  C:9EA6H         LINE#         766
  C:9EA8H         LINE#         769
  C:9EA8H         LINE#         771
  C:9EC2H         LINE#         772
  C:9EC8H         LINE#         773
  C:9ECAH         LINE#         775
  C:9ECAH         LINE#         776
  C:9ECDH         LINE#         777
  C:9ED0H         LINE#         778
  C:9ED0H         LINE#         779
  C:9ED2H         LINE#         781
  C:9ED2H         LINE#         782
  C:9ED5H         LINE#         783
  C:9ED8H         LINE#         784
  C:9ED8H         LINE#         785
  C:9ED8H         LINE#         787
  C:9ED8H         LINE#         789
  C:9EDEH         LINE#         790
  C:9EE0H         LINE#         791
  C:9EE3H         LINE#         792
  C:9EE3H         LINE#         793
  C:9EE9H         LINE#         794
  C:9EE9H         LINE#         797
  C:9EF2H         LINE#         798
  C:9EF2H         LINE#         799
  C:9EFCH         LINE#         800
  C:9F04H         LINE#         801
  C:9F10H         LINE#         803
  C:9F18H         LINE#         804
  C:9F2CH         LINE#         805
  C:9F33H         LINE#         806
  C:9F3CH         LINE#         807
  C:9F43H         LINE#         808
  C:9F46H         LINE#         810
  C:9F5AH         LINE#         811
  C:9F5DH         LINE#         813
  C:9F66H         LINE#         814
  C:9F66H         LINE#         815
  C:9F6BH         LINE#         816
  C:9F6FH         LINE#         817
  C:9F71H         LINE#         819
  C:9F80H         LINE#         820
  C:9F82H         LINE#         822
  C:9F9CH         LINE#         823
  C:9FA9H         LINE#         825
  C:9FC8H         LINE#         826
  C:9FC8H         LINE#         827
  C:9FCFH         LINE#         828
  C:9FD2H         LINE#         829
  C:9FD5H         LINE#         830
  C:9FD7H         LINE#         832
  C:9FEBH         LINE#         833
BL51 BANKED LINKER/LOCATER V6.22                                                      11/03/2010  15:48:09  PAGE 13


  C:9FF1H         LINE#         834
  C:9FF6H         LINE#         835
  C:A007H         LINE#         837
  C:A010H         LINE#         838
  C:A056H         LINE#         840
  C:A059H         LINE#         841
  C:A05BH         LINE#         843
  C:A05EH         LINE#         846
  C:A05EH         LINE#         848
  C:A05EH         LINE#         854
  -------         ENDPROC       SER_INT
  -------         PROC          KMD
  -------         DO            
  X:003EH         SYMBOL        tmp_rw
  -------         DO            
  D:0024H         SYMBOL        t
  -------         ENDDO         
  -------         ENDDO         
  C:8B50H         LINE#         858
  C:8B50H         LINE#         859
  C:8B50H         LINE#         874
  C:8B98H         LINE#         875
  C:8B98H         LINE#         877
  C:8B9AH         LINE#         878
  C:8BAEH         LINE#         879
  C:8BB0H         LINE#         880
  C:8BBFH         LINE#         881
  C:8BC2H         LINE#         882
  C:8BC2H         LINE#         884
  C:8BFBH         LINE#         885
  C:8BFBH         LINE#         886
  C:8BFEH         LINE#         897
  C:8C05H         LINE#         969
  C:8C0BH         LINE#         970
  C:8C0BH         LINE#         971
  C:8C19H         LINE#         972
  C:8C19H         LINE#         973
  C:8C2DH         LINE#         974
  C:8C3AH         LINE#         975
  C:8C4BH         LINE#         976
  C:8C4BH         LINE#         977
  C:8C4BH         LINE#         979
  C:8C51H         LINE#         980
  C:8C51H         LINE#         981
  C:8C5FH         LINE#         982
  C:8C5FH         LINE#         983
  C:8C73H         LINE#         984
  C:8C80H         LINE#         985
  C:8C91H         LINE#         986
  C:8C91H         LINE#         987
  C:8C91H         LINE#         1023
  C:8C91H         LINE#         1039
  C:8CB5H         LINE#         1040
  C:8CB5H         LINE#         1042
  C:8CC9H         LINE#         1043
  C:8CF1H         LINE#         1044
  C:8CFDH         LINE#         1045
BL51 BANKED LINKER/LOCATER V6.22                                                      11/03/2010  15:48:09  PAGE 14


  C:8D0EH         LINE#         1046
  C:8D14H         LINE#         1047
  C:8D17H         LINE#         1048
  C:8D17H         LINE#         1051
  C:8D4EH         LINE#         1052
  C:8D4EH         LINE#         1053
  C:8D57H         LINE#         1054
  C:8D65H         LINE#         1056
  C:8D6EH         LINE#         1057
  C:8D7CH         LINE#         1058
  C:8D7CH         LINE#         1060
  C:8D85H         LINE#         1061
  C:8D93H         LINE#         1080
  C:8D93H         LINE#         1098
  C:8DA0H         LINE#         1099
  C:8DA0H         LINE#         1100
  C:8DD5H         LINE#         1101
  C:8DD5H         LINE#         1116
  C:8DDCH         LINE#         1117
  C:8DE3H         LINE#         1118
  C:8DEAH         LINE#         1120
  C:8DF0H         LINE#         1121
  C:8DF5H         LINE#         1122
  C:8DF7H         LINE#         1123
  C:8E0FH         LINE#         1124
  C:8E11H         LINE#         1125
  C:8E22H         LINE#         1126
  C:8E22H         LINE#         1127
  C:8E2CH         LINE#         1128
  C:8E2CH         LINE#         1129
  C:8E40H         LINE#         1130
  C:8E40H         LINE#         1131
  C:8E42H         LINE#         1132
  C:8E44H         LINE#         1134
  C:8E44H         LINE#         1135
  C:8E46H         LINE#         1136
  C:8E46H         LINE#         1137
  C:8E5EH         LINE#         1138
  C:8E67H         LINE#         1139
  C:8E7FH         LINE#         1140
  C:8E81H         LINE#         1141
  C:8E9DH         LINE#         1142
  C:8E9FH         LINE#         1143
  C:8EA3H         LINE#         1144
  C:8EBBH         LINE#         1145
  C:8EC8H         LINE#         1146
  C:8EF5H         LINE#         1147
  C:8F03H         LINE#         1148
  C:8F07H         LINE#         1149
  C:8F0DH         LINE#         1150
  C:8F25H         LINE#         1151
  C:8F2EH         LINE#         1152
  C:8F46H         LINE#         1153
  C:8F48H         LINE#         1213
  C:8F4EH         LINE#         1214
  C:8F51H         LINE#         1215
  C:8F57H         LINE#         1218
BL51 BANKED LINKER/LOCATER V6.22                                                      11/03/2010  15:48:09  PAGE 15


  C:8F57H         LINE#         1220
  C:8F8CH         LINE#         1221
  C:8F8CH         LINE#         1222
  C:8FAEH         LINE#         1223
  C:8FBFH         LINE#         1224
  C:8FC9H         LINE#         1225
  C:8FD2H         LINE#         1226
  C:8FD8H         LINE#         1227
  C:8FF2H         LINE#         1228
  C:8FF9H         LINE#         1229
  C:9015H         LINE#         1230
  C:9027H         LINE#         1231
  C:903FH         LINE#         1232
  C:904CH         LINE#         1233
  C:9079H         LINE#         1234
  C:9087H         LINE#         1237
  C:908BH         LINE#         1238
  C:9096H         LINE#         1239
  C:90B0H         LINE#         1240
  C:90B7H         LINE#         1241
  C:90CFH         LINE#         1242
  C:90E9H         LINE#         1243
  C:9107H         LINE#         1244
  C:9121H         LINE#         1245
  C:913BH         LINE#         1246
  C:9145H         LINE#         1247
  C:9154H         LINE#         1248
  C:916CH         LINE#         1249
  C:9191H         LINE#         1250
  C:91A3H         LINE#         1251
  C:91BBH         LINE#         1252
  C:91E0H         LINE#         1253
  C:920DH         LINE#         1254
  C:921BH         LINE#         1257
  C:9237H         LINE#         1258
  C:9248H         LINE#         1259
  C:927AH         LINE#         1260
  C:927DH         LINE#         1261
  C:92ABH         LINE#         1263
  C:92C1H         LINE#         1264
  C:92D7H         LINE#         1265
  C:92F6H         LINE#         1266
  C:92F8H         LINE#         1267
  C:9302H         LINE#         1268
  C:9304H         LINE#         1269
  C:930DH         LINE#         1270
  C:9325H         LINE#         1271
  C:9347H         LINE#         1272
  C:9361H         LINE#         1273
  C:937BH         LINE#         1274
  C:939EH         LINE#         1283
  C:93A8H         LINE#         1284
  C:93C8H         LINE#         1290
  C:93CAH         LINE#         1291
  C:93D9H         LINE#         1292
  C:93DCH         LINE#         1293
  C:93DCH         LINE#         1295
BL51 BANKED LINKER/LOCATER V6.22                                                      11/03/2010  15:48:09  PAGE 16


  C:93DCH         LINE#         1435
  C:93E6H         LINE#         1436
  C:93EFH         LINE#         1451
  -------         ENDPROC       KMD
  -------         PROC          MAIN
  -------         DO            
  X:003CH         SYMBOL        fl_kal
  X:003DH         SYMBOL        kol_cik
  C:849FH         SYMBOL        zz1
  C:8A97H         SYMBOL        kon1
  -------         DO            
  D:0025H         SYMBOL        j4
  D:0026H         SYMBOL        i1
  -------         ENDDO         
  -------         DO            
  D:0026H         SYMBOL        i1
  -------         ENDDO         
  -------         DO            
  I:00F8H         SYMBOL        tmp_ln
  -------         ENDDO         
  -------         ENDDO         
  C:8097H         LINE#         1457
  C:809CH         LINE#         1459
  C:80A6H         LINE#         1460
  C:80A8H         LINE#         1461
  C:80AAH         LINE#         1462
  C:80ACH         LINE#         1465
  C:80AFH         LINE#         1466
  C:80B2H         LINE#         1468
  C:80B5H         LINE#         1470
  C:80B8H         LINE#         1471
  C:80BEH         LINE#         1472
  C:80C0H         LINE#         1474
  C:80C3H         LINE#         1475
  C:80C6H         LINE#         1477
  C:80C8H         LINE#         1479
  C:80CBH         LINE#         1480
  C:80CBH         LINE#         1481
  C:80CDH         LINE#         1482
  C:80CFH         LINE#         1483
  C:80D2H         LINE#         1484
  C:80D4H         LINE#         1486
  C:80D4H         LINE#         1489
  C:80D6H         LINE#         1490
  C:80DFH         LINE#         1491
  C:80E8H         LINE#         1492
  C:80F1H         LINE#         1493
  C:80FAH         LINE#         1494
  C:80FCH         LINE#         1495
  C:80FEH         LINE#         1496
  C:8104H         LINE#         1497
  C:810AH         LINE#         1498
  C:8110H         LINE#         1499
  C:8116H         LINE#         1500
  C:811CH         LINE#         1501
  C:8122H         LINE#         1502
  C:8124H         LINE#         1503
BL51 BANKED LINKER/LOCATER V6.22                                                      11/03/2010  15:48:09  PAGE 17


  C:8126H         LINE#         1504
  C:8128H         LINE#         1505
  C:812AH         LINE#         1506
  C:8131H         LINE#         1507
  C:8138H         LINE#         1508
  C:813FH         LINE#         1509
  C:8145H         LINE#         1510
  C:814AH         LINE#         1511
  C:814DH         LINE#         1512
  C:814FH         LINE#         1513
  C:8151H         LINE#         1514
  C:8159H         LINE#         1516
  C:815DH         LINE#         1517
  C:815FH         LINE#         1520
  C:8162H         LINE#         1522
  C:816EH         LINE#         1524
  C:8172H         LINE#         1525
  C:817CH         LINE#         1526
  C:8180H         LINE#         1528
  C:8189H         LINE#         1530
  C:8190H         LINE#         1531
  C:8194H         LINE#         1533
  C:8199H         LINE#         1534
  C:819EH         LINE#         1536
  C:81A1H         LINE#         1538
  C:81A6H         LINE#         1539
  C:81A6H         LINE#         1540
  C:81ACH         LINE#         1541
  C:81AEH         LINE#         1543
  C:81B4H         LINE#         1544
  C:81B4H         LINE#         1546
  C:81C0H         LINE#         1547
  C:81C3H         LINE#         1548
  C:81C8H         LINE#         1549
  C:81CBH         LINE#         1550
  C:81CEH         LINE#         1551
  C:81D3H         LINE#         1552
  C:81D6H         LINE#         1553
  C:81D8H         LINE#         1554
  C:81DDH         LINE#         1555
  C:81DFH         LINE#         1557
  C:81EBH         LINE#         1559
  C:81F1H         LINE#         1560
  C:81F7H         LINE#         1561
  C:8206H         LINE#         1562
  C:8212H         LINE#         1565
  C:8218H         LINE#         1566
  C:821EH         LINE#         1567
  C:822DH         LINE#         1568
  C:8239H         LINE#         1571
  C:8241H         LINE#         1574
  C:8244H         LINE#         1575
  C:8247H         LINE#         1577
  C:824FH         LINE#         1578
  C:825CH         LINE#         1579
  C:825CH         LINE#         1580
  C:8275H         LINE#         1581
BL51 BANKED LINKER/LOCATER V6.22                                                      11/03/2010  15:48:09  PAGE 18


  C:8275H         LINE#         1582
  C:828AH         LINE#         1583
  C:82A7H         LINE#         1584
  C:82C2H         LINE#         1585
  C:82C7H         LINE#         1586
  C:82CAH         LINE#         1587
  C:82CAH         LINE#         1589
  C:82DFH         LINE#         1590
  C:82FCH         LINE#         1591
  C:8317H         LINE#         1592
  C:831CH         LINE#         1593
  C:831FH         LINE#         1594
  C:831FH         LINE#         1596
  C:8334H         LINE#         1597
  C:8334H         LINE#         1598
  C:834FH         LINE#         1599
  C:834FH         LINE#         1601
  C:8368H         LINE#         1602
  C:837DH         LINE#         1603
  C:8381H         LINE#         1605
  C:8383H         LINE#         1606
  C:8383H         LINE#         1607
  C:8388H         LINE#         1611
  C:8392H         LINE#         1612
  C:83A4H         LINE#         1613
  C:83A8H         LINE#         1615
  C:83ACH         LINE#         1616
  C:83B9H         LINE#         1617
  C:83D2H         LINE#         1618
  C:83D2H         LINE#         1621
  C:83E4H         LINE#         1622
  C:83F2H         LINE#         1623
  C:83F2H         LINE#         1624
  C:8409H         LINE#         1625
  C:8430H         LINE#         1626
  C:8430H         LINE#         1627
  C:8453H         LINE#         1628
  C:8455H         LINE#         1629
  C:8455H         LINE#         1630
  C:845AH         LINE#         1631
  C:845AH         LINE#         1632
  C:845FH         LINE#         1634
  C:8462H         LINE#         1635
  C:8464H         LINE#         1636
  C:8469H         LINE#         1637
  C:846BH         LINE#         1639
  C:846DH         LINE#         1640
  C:8470H         LINE#         1641
  C:8473H         LINE#         1642
  C:8475H         LINE#         1643
  C:8477H         LINE#         1644
  C:8479H         LINE#         1645
  C:847BH         LINE#         1647
  C:8490H         LINE#         1648
  C:849AH         LINE#         1650
  C:849DH         LINE#         1651
  C:849FH         LINE#         1653
BL51 BANKED LINKER/LOCATER V6.22                                                      11/03/2010  15:48:09  PAGE 19


  C:849FH         LINE#         1655
  C:84A2H         LINE#         1656
  C:84A2H         LINE#         1658
  C:84B0H         LINE#         1659
  C:84B6H         LINE#         1660
  C:84B8H         LINE#         1661
  C:84BDH         LINE#         1662
  C:84BFH         LINE#         1671
  C:84BFH         LINE#         1673
  C:84CAH         LINE#         1674
  C:84D0H         LINE#         1676
  C:84DBH         LINE#         1677
  C:84E1H         LINE#         1679
  C:84EFH         LINE#         1680
  C:8505H         LINE#         1681
  C:8508H         LINE#         1682
  C:850BH         LINE#         1683
  C:8510H         LINE#         1684
  C:8518H         LINE#         1685
  C:8518H         LINE#         1687
  C:8521H         LINE#         1688
  C:8526H         LINE#         1690
  C:8529H         LINE#         1691
  C:852CH         LINE#         1693
  C:8534H         LINE#         1694
  C:853AH         LINE#         1698
  C:8540H         LINE#         1699
  C:8540H         LINE#         1701
  C:8542H         LINE#         1702
  C:855BH         LINE#         1703
  C:855BH         LINE#         1704
  C:8568H         LINE#         1705
  C:8568H         LINE#         1706
  C:8579H         LINE#         1707
  C:858DH         LINE#         1709
  C:8590H         LINE#         1712
  C:85BAH         LINE#         1713
  C:85D3H         LINE#         1715
  C:85FFH         LINE#         1716
  C:8618H         LINE#         1718
  C:8644H         LINE#         1719
  C:865DH         LINE#         1721
  C:8689H         LINE#         1722
  C:86A2H         LINE#         1723
  C:86A4H         LINE#         1724
  C:86A9H         LINE#         1725
  C:86AFH         LINE#         1726
  C:86BEH         LINE#         1727
  C:86C0H         LINE#         1728
  C:86C3H         LINE#         1729
  C:86CCH         LINE#         1730
  C:86CEH         LINE#         1732
  C:86D1H         LINE#         1733
  C:86D3H         LINE#         1734
  C:86D5H         LINE#         1737
  C:86D5H         LINE#         1739
  C:86DBH         LINE#         1740
BL51 BANKED LINKER/LOCATER V6.22                                                      11/03/2010  15:48:09  PAGE 20


  C:86DBH         LINE#         1742
  C:86DDH         LINE#         1743
  C:86F6H         LINE#         1744
  C:86F6H         LINE#         1745
  C:8703H         LINE#         1746
  C:8709H         LINE#         1750
  C:8716H         LINE#         1751
  C:8716H         LINE#         1752
  C:8727H         LINE#         1753
  C:873BH         LINE#         1755
  C:873EH         LINE#         1757
  C:8768H         LINE#         1758
  C:8782H         LINE#         1759
  C:8782H         LINE#         1761
  C:87AEH         LINE#         1762
  C:87C8H         LINE#         1763
  C:87C8H         LINE#         1765
  C:87F4H         LINE#         1766
  C:880EH         LINE#         1767
  C:880EH         LINE#         1769
  C:883AH         LINE#         1770
  C:8854H         LINE#         1771
  C:8854H         LINE#         1772
  C:8856H         LINE#         1778
  C:8858H         LINE#         1779
  C:885BH         LINE#         1780
  C:885DH         LINE#         1786
  C:885FH         LINE#         1787
  C:8862H         LINE#         1788
  C:8864H         LINE#         1789
  C:8869H         LINE#         1790
  C:886CH         LINE#         1791
  C:886CH         LINE#         1793
  C:8885H         LINE#         1794
  C:8885H         LINE#         1796
  C:8892H         LINE#         1797
  C:8898H         LINE#         1799
  C:88A5H         LINE#         1800
  C:88A5H         LINE#         1801
  C:88B6H         LINE#         1802
  C:88CAH         LINE#         1808
  C:88CDH         LINE#         1809
  C:88F7H         LINE#         1810
  C:892DH         LINE#         1812
  C:8959H         LINE#         1813
  C:898FH         LINE#         1815
  C:89BBH         LINE#         1816
  C:89F1H         LINE#         1818
  C:8A1DH         LINE#         1819
  C:8A53H         LINE#         1820
  C:8A55H         LINE#         1827
  C:8A57H         LINE#         1828
  C:8A5AH         LINE#         1829
  C:8A5CH         LINE#         1835
  C:8A5EH         LINE#         1836
  C:8A61H         LINE#         1837
  C:8A63H         LINE#         1842
BL51 BANKED LINKER/LOCATER V6.22                                                      11/03/2010  15:48:09  PAGE 21


  C:8A68H         LINE#         1885
  C:8A6BH         LINE#         1887
  C:8A6FH         LINE#         1888
  C:8A6FH         LINE#         1889
  C:8A75H         LINE#         1890
  C:8A84H         LINE#         1891
  C:8A86H         LINE#         1892
  C:8A89H         LINE#         1893
  C:8A92H         LINE#         1894
  C:8A94H         LINE#         1896
  C:8A97H         LINE#         1897
  C:8A97H         LINE#         1898
  C:8A97H         LINE#         1899
  C:8A99H         LINE#         1900
  C:8A9BH         LINE#         1902
  C:8A9BH         LINE#         1906
  C:8AA8H         LINE#         1907
  C:8AA8H         LINE#         1909
  C:8AADH         LINE#         1911
  C:8AB8H         LINE#         1912
  C:8AB8H         LINE#         1913
  C:8AC1H         LINE#         1914
  C:8AC7H         LINE#         1915
  C:8AC7H         LINE#         1916
  C:8AD3H         LINE#         1917
  C:8AD3H         LINE#         1918
  C:8ADBH         LINE#         1919
  C:8AE1H         LINE#         1920
  C:8AE1H         LINE#         1922
  C:8AEBH         LINE#         1923
  C:8AEBH         LINE#         1926
  C:8AF0H         LINE#         1927
  C:8AF3H         LINE#         1928
  C:8AFDH         LINE#         1929
  C:8AFFH         LINE#         1930
  C:8B02H         LINE#         1931
  C:8B05H         LINE#         1932
  C:8B07H         LINE#         1933
  C:8B0AH         LINE#         1934
  C:8B0DH         LINE#         1935
  C:8B17H         LINE#         1936
  C:8B17H         LINE#         1945
  C:8B19H         LINE#         1946
  C:8B1CH         LINE#         1947
  C:8B1EH         LINE#         1948
  C:8B20H         LINE#         1950
  C:8B23H         LINE#         1952
  C:8B2EH         LINE#         1953
  C:8B34H         LINE#         1955
  C:8B3FH         LINE#         1956
  C:8B41H         LINE#         1958
  C:8B41H         LINE#         1959
  C:8B41H         LINE#         1963
  C:8B48H         LINE#         1964
  C:8B48H         LINE#         1965
  C:8B4AH         LINE#         1970
  C:8B4DH         LINE#         1971
BL51 BANKED LINKER/LOCATER V6.22                                                      11/03/2010  15:48:09  PAGE 22


  -------         ENDPROC       MAIN
  -------         ENDMOD        MAIN_BKCD

  -------         MODULE        SETUP_ADC
  C:0000H         SYMBOL        _ICE_DUMMY_
  D:0080H         PUBLIC        P0
  D:0090H         PUBLIC        P1
  D:00B0H         PUBLIC        P3
  D:00D8H         PUBLIC        ADCSTAT
  D:00A8H         PUBLIC        IE
  D:00A1H         PUBLIC        TIMECON
  D:00B8H         PUBLIC        IP
  D:00E8H         PUBLIC        I2CCON
  D:0098H         PUBLIC        SCON
  D:0088H         PUBLIC        TCON
  D:00A5H         PUBLIC        HOUR
  D:00F8H         PUBLIC        SPICON
  B:00E8H.6       PUBLIC        MDE
  B:00E8H.4       PUBLIC        MDI
  D:00A3H         PUBLIC        SEC
  C:7487H         PUBLIC        setup_ADC
  B:00E8H.5       PUBLIC        MCO
  B:00E8H.7       PUBLIC        MDO
  D:00A4H         PUBLIC        MIN
  D:00C8H         PUBLIC        T2CON
  D:00D0H         PUBLIC        PSW
  D:00C0H         PUBLIC        WDCON
  -------         PROC          SETUP_ADC
  -------         DO            
  X:001CH         SYMBOL        DL
  X:001DH         SYMBOL        tmp_rw
  X:001EH         SYMBOL        is
  X:001FH         SYMBOL        js
  X:0020H         SYMBOL        buf_ch
  X:0028H         SYMBOL        adcbuf
  D:0070H         SYMBOL        wadc
  I:00FCH         SYMBOL        zadc
  D:0071H         SYMBOL        N_CH
  -------         ENDDO         
  C:7487H         LINE#         71
  C:7487H         LINE#         72
  C:7487H         LINE#         103
  C:748BH         LINE#         108
  C:7493H         LINE#         109
  C:749BH         LINE#         110
  C:74B1H         LINE#         111
  C:74B1H         LINE#         113
  C:74B8H         LINE#         114
  C:74CBH         LINE#         118
  C:74E0H         LINE#         119
  C:74E0H         LINE#         120
  C:74E9H         LINE#         121
  C:74F2H         LINE#         122
  C:74FBH         LINE#         123
  C:7504H         LINE#         126
  C:7504H         LINE#         129
  C:7519H         LINE#         130
BL51 BANKED LINKER/LOCATER V6.22                                                      11/03/2010  15:48:09  PAGE 23


  C:7519H         LINE#         131
  C:7522H         LINE#         132
  C:752BH         LINE#         133
  C:7534H         LINE#         134
  C:753DH         LINE#         137
  C:753DH         LINE#         139
  C:7552H         LINE#         140
  C:7552H         LINE#         141
  C:755FH         LINE#         142
  C:756CH         LINE#         147
  C:756CH         LINE#         149
  C:7575H         LINE#         225
  C:7597H         LINE#         226
  C:75AAH         LINE#         227
  C:75BAH         LINE#         228
  C:75C3H         LINE#         229
  C:75C9H         LINE#         230
  C:75E3H         LINE#         231
  C:75EAH         LINE#         232
  C:7606H         LINE#         233
  C:761CH         LINE#         234
  C:7634H         LINE#         235
  C:7641H         LINE#         236
  C:766EH         LINE#         237
  C:767CH         LINE#         240
  C:7680H         LINE#         241
  C:768FH         LINE#         242
  C:76A9H         LINE#         243
  C:76B0H         LINE#         244
  C:76C8H         LINE#         245
  C:76E2H         LINE#         246
  C:7700H         LINE#         247
  C:771AH         LINE#         248
  C:7734H         LINE#         249
  C:7744H         LINE#         250
  C:7753H         LINE#         251
  C:776BH         LINE#         252
  C:7790H         LINE#         253
  C:77A6H         LINE#         254
  C:77BEH         LINE#         255
  C:77E3H         LINE#         256
  C:7810H         LINE#         257
  C:781EH         LINE#         259
  C:783AH         LINE#         260
  C:784DH         LINE#         261
  C:7885H         LINE#         262
  C:7888H         LINE#         263
  C:78B8H         LINE#         265
  C:78CFH         LINE#         266
  C:78E6H         LINE#         267
  C:7909H         LINE#         268
  C:790BH         LINE#         269
  C:7916H         LINE#         270
  C:7918H         LINE#         271
  C:7921H         LINE#         272
  C:7939H         LINE#         273
  C:795EH         LINE#         274
BL51 BANKED LINKER/LOCATER V6.22                                                      11/03/2010  15:48:09  PAGE 24


  C:7978H         LINE#         275
  C:7992H         LINE#         276
  C:79B5H         LINE#         278
  C:79D4H         LINE#         280
  C:79E2H         LINE#         281
  C:79F1H         LINE#         282
  C:7A10H         LINE#         283
  C:7A1FH         LINE#         284
  C:7A3EH         LINE#         285
  C:7A4DH         LINE#         286
  C:7A6CH         LINE#         290
  C:7A7AH         LINE#         291
  C:7A89H         LINE#         292
  C:7AA8H         LINE#         293
  C:7AB7H         LINE#         294
  C:7AD6H         LINE#         295
  C:7AE5H         LINE#         296
  C:7B04H         LINE#         297
  C:7B24H         LINE#         298
  C:7B44H         LINE#         300
  C:7B52H         LINE#         301
  C:7B61H         LINE#         302
  C:7B80H         LINE#         303
  C:7B8FH         LINE#         304
  C:7BAEH         LINE#         305
  C:7BBDH         LINE#         306
  C:7BDCH         LINE#         310
  C:7BFEH         LINE#         311
  C:7C11H         LINE#         312
  C:7C21H         LINE#         313
  C:7C2AH         LINE#         314
  C:7C30H         LINE#         315
  C:7C4AH         LINE#         316
  C:7C51H         LINE#         317
  C:7C6DH         LINE#         318
  C:7C83H         LINE#         319
  C:7C9BH         LINE#         320
  C:7CA8H         LINE#         321
  C:7CD5H         LINE#         322
  C:7CE3H         LINE#         324
  C:7CE7H         LINE#         325
  C:7CF5H         LINE#         326
  C:7D0FH         LINE#         327
  C:7D16H         LINE#         328
  C:7D2EH         LINE#         329
  C:7D48H         LINE#         330
  C:7D66H         LINE#         331
  C:7D80H         LINE#         332
  C:7D9AH         LINE#         333
  C:7DAAH         LINE#         334
  C:7DB9H         LINE#         335
  C:7DD1H         LINE#         336
  C:7DF6H         LINE#         337
  C:7E0CH         LINE#         338
  C:7E24H         LINE#         339
  C:7E49H         LINE#         340
  C:7E76H         LINE#         341
BL51 BANKED LINKER/LOCATER V6.22                                                      11/03/2010  15:48:09  PAGE 25


  C:7E84H         LINE#         343
  C:7EA0H         LINE#         344
  C:7EB3H         LINE#         345
  C:7EEBH         LINE#         346
  C:7EEEH         LINE#         347
  C:7F1EH         LINE#         349
  C:7F35H         LINE#         350
  C:7F4CH         LINE#         351
  C:7F6FH         LINE#         352
  C:7F71H         LINE#         353
  C:7F7CH         LINE#         354
  C:7F7EH         LINE#         355
  C:7F87H         LINE#         356
  C:7F9FH         LINE#         357
  C:7FC4H         LINE#         358
  C:7FDEH         LINE#         359
  C:7FF8H         LINE#         360
  C:801BH         LINE#         361
  C:803CH         LINE#         362
  C:8043H         LINE#         363
  C:8064H         LINE#         364
  C:806BH         LINE#         365
  C:808CH         LINE#         366
  C:8093H         LINE#         367
  C:8096H         LINE#         370
  -------         ENDPROC       SETUP_ADC
  -------         ENDMOD        SETUP_ADC

  -------         MODULE        SETUP_BKCD
  C:0000H         SYMBOL        _ICE_DUMMY_
  D:0080H         PUBLIC        P0
  D:0090H         PUBLIC        P1
  D:00B0H         PUBLIC        P3
  B:00A8H.7       PUBLIC        EA
  D:00D8H         PUBLIC        ADCSTAT
  B:00E8H.3       PUBLIC        I2CM
  D:00D2H         PUBLIC        ADC0CON1
  D:00E6H         PUBLIC        ADC0CON2
  B:00A8H.6       PUBLIC        EADC
  D:00A8H         PUBLIC        IE
  D:00BCH         PUBLIC        EDATA1
  D:009DH         PUBLIC        T3FD
  D:00BDH         PUBLIC        EDATA2
  D:00BEH         PUBLIC        EDATA3
  D:00BFH         PUBLIC        EDATA4
  B:00A8H.4       PUBLIC        ES
  D:00D4H         PUBLIC        SF
  D:00B8H         PUBLIC        IP
  B:00D8H.7       PUBLIC        RDY0
  D:00E8H         PUBLIC        I2CCON
  D:00B9H         PUBLIC        ECON
  D:00FDH         PUBLIC        DACCON
  D:0087H         PUBLIC        PCON
  C:A624H         PUBLIC        setup
  D:0098H         PUBLIC        SCON
  D:0089H         PUBLIC        TMOD
  D:0088H         PUBLIC        TCON
BL51 BANKED LINKER/LOCATER V6.22                                                      11/03/2010  15:48:09  PAGE 26


  B:00C0H.0       PUBLIC        WDWR
  D:00D7H         PUBLIC        PLLCON
  B:00A8H.5       PUBLIC        ET2
  D:00F8H         PUBLIC        SPICON
  B:00E8H.6       PUBLIC        MDE
  B:00C8H.2       PUBLIC        TR2
  B:00E8H.5       PUBLIC        MCO
  B:00E8H.7       PUBLIC        MDO
  D:00C7H         PUBLIC        EADRH
  D:00C8H         PUBLIC        T2CON
  D:009EH         PUBLIC        T3CON
  D:00C6H         PUBLIC        EADRL
  D:00D1H         PUBLIC        ADCMODE
  D:00D0H         PUBLIC        PSW
  D:00C0H         PUBLIC        WDCON
  -------         PROC          SETUP
  -------         DO            
  X:003FH         SYMBOL        i1
  D:0018H         SYMBOL        tmpadc
  D:001AH         SYMBOL        ADR_E
  D:001CH         SYMBOL        CM1
  D:001EH         SYMBOL        CM2
  -------         ENDDO         
  C:A624H         LINE#         38
  C:A624H         LINE#         39
  C:A624H         LINE#         71
  C:A627H         LINE#         72
  C:A62AH         LINE#         73
  C:A62CH         LINE#         74
  C:A631H         LINE#         75
  C:A633H         LINE#         77
  C:A638H         LINE#         79
  C:A63DH         LINE#         82
  C:A640H         LINE#         85
  C:A648H         LINE#         86
  C:A64BH         LINE#         87
  C:A64DH         LINE#         88
  C:A64FH         LINE#         89
  C:A651H         LINE#         90
  C:A653H         LINE#         91
  C:A656H         LINE#         92
  C:A659H         LINE#         100
  C:A65CH         LINE#         101
  C:A65FH         LINE#         123
  C:A717H         LINE#         124
  C:A7CFH         LINE#         125
  C:A887H         LINE#         126
  C:A93FH         LINE#         134
  C:A942H         LINE#         136
  C:A945H         LINE#         137
  C:A948H         LINE#         138
  C:A94BH         LINE#         139
  C:A94EH         LINE#         140
  C:A950H         LINE#         141
  C:A953H         LINE#         142
  C:A958H         LINE#         155
  -------         ENDPROC       SETUP
BL51 BANKED LINKER/LOCATER V6.22                                                      11/03/2010  15:48:09  PAGE 27


  -------         ENDMOD        SETUP_BKCD

  -------         MODULE        TASK3_BKCD
  C:0000H         SYMBOL        _ICE_DUMMY_
  D:0080H         PUBLIC        P0
  C:AE29H         PUBLIC        TAB_ADC
  D:0090H         PUBLIC        P1
  D:00A0H         PUBLIC        P2
  D:00B0H         PUBLIC        P3
  D:00D8H         PUBLIC        ADCSTAT
  X:0400H         PUBLIC        Str_BX1_A
  X:021EH         PUBLIC        st_dol
  X:0100H         PUBLIC        BUF_N
  D:00D2H         PUBLIC        ADC0CON1
  D:00E6H         PUBLIC        ADC0CON2
  D:00A8H         PUBLIC        IE
  X:0200H         PUBLIC        BUF_S
  D:00FCH         PUBLIC        DACH
  X:01C0H         PUBLIC        BUF_T
  X:0220H         PUBLIC        REL1_ON
  X:0140H         PUBLIC        BUF_U
  X:0222H         PUBLIC        REL2_ON
  D:006EH         PUBLIC        new_zn
  D:00FBH         PUBLIC        DACL
  B:00B0H.7       PUBLIC        RD
  I:00DCH         PUBLIC        CMRX_K1
  I:00E0H         PUBLIC        CMRX_K2
  D:00D4H         PUBLIC        SF
  D:00B8H         PUBLIC        IP
  B:00D8H.7       PUBLIC        RDY0
  D:00E8H         PUBLIC        I2CCON
  B:0022H.4       PUBLIC        fl_n
  I:00E4H         PUBLIC        PNT_BUF_TD
  X:0224H         PUBLIC        z1
  X:0225H         PUBLIC        z2
  X:0226H         PUBLIC        z3
  X:0227H         PUBLIC        z4
  D:0098H         PUBLIC        SCON
  D:0088H         PUBLIC        TCON
  X:0228H         PUBLIC        BX_A
  X:0238H         PUBLIC        TABX_CH_A
  D:00A5H         PUBLIC        HOUR
  D:00DBH         PUBLIC        ADC0H
  D:00A2H         PUBLIC        HTHSEC
  I:00E8H         PUBLIC        cmr
  X:0248H         PUBLIC        BUF_FP_100
  D:00DAH         PUBLIC        ADC0M
  X:0680H         PUBLIC        Str_CH_A
  C:0026H         PUBLIC        _task_3
  I:00ECH         PUBLIC        CMRX1_K1
  X:07B4H         PUBLIC        Str_TDAT
  I:00F0H         PUBLIC        CMRX1_K2
  I:00F4H         PUBLIC        CMRX2_K1
  B:0022H.5       PUBLIC        fl_v_dol
  I:00F6H         PUBLIC        CMRX2_K2
  D:00F8H         PUBLIC        SPICON
  X:024CH         PUBLIC        REL1_OFF
BL51 BANKED LINKER/LOCATER V6.22                                                      11/03/2010  15:48:09  PAGE 28


  X:024EH         PUBLIC        REL2_OFF
  X:0180H         PUBLIC        BUF_FP
  X:05E0H         PUBLIC        Str_BX_A
  B:00E8H.6       PUBLIC        MDE
  X:0250H         PUBLIC        Ves_kol
  B:00E8H.4       PUBLIC        MDI
  B:0080H.3       PUBLIC        RELE1
  D:00A3H         PUBLIC        SEC
  X:0252H         PUBLIC        copy_dol
  B:00E8H.5       PUBLIC        MCO
  B:00E8H.7       PUBLIC        MDO
  D:00A4H         PUBLIC        MIN
  D:00C8H         PUBLIC        T2CON
  X:0256H         PUBLIC        vel_dol
  X:025AH         PUBLIC        TABX_DAT
  X:07B0H         PUBLIC        ZG_TABX_DAT
  X:025CH         PUBLIC        BX1_A
  X:028CH         PUBLIC        cnt_kol
  D:00D1H         PUBLIC        ADCMODE
  X:028EH         PUBLIC        Mom_tr
  X:0290H         PUBLIC        cnt_ves
  D:00D0H         PUBLIC        PSW
  D:00C0H         PUBLIC        WDCON
  -------         PROC          _TASK_3
  X:0062H         SYMBOL        kan
  -------         DO            
  X:0063H         SYMBOL        pods
  I:0097H         SYMBOL        kan_sl
  I:0098H         SYMBOL        BX_KPH
  I:009CH         SYMBOL        BX_KOD
  D:0068H         SYMBOL        tmp2
  I:009EH         SYMBOL        zadc
  D:006CH         SYMBOL        tmpadc
  I:009FH         SYMBOL        TEMP_1
  X:0065H         SYMBOL        tmp_int
  I:00A3H         SYMBOL        i11
  X:0067H         SYMBOL        tmp_ch
  X:0068H         SYMBOL        tmp_ch2
  I:00A4H         SYMBOL        per
  I:00A6H         SYMBOL        wadc
  I:00A7H         SYMBOL        N_CH
  I:00A8H         SYMBOL        tm
  C:7486H         SYMBOL        PPK
  C:52B3H         SYMBOL        PR
  -------         DO            
  X:0069H         SYMBOL        a1
  -------         ENDDO         
  -------         DO            
  D:0059H         SYMBOL        g
  D:005AH         SYMBOL        g1
  X:0069H         SYMBOL        adcbuf
  -------         DO            
  D:004FH         SYMBOL        k
  D:0050H         SYMBOL        k1
  D:0051H         SYMBOL        P1
  D:0055H         SYMBOL        P2
  -------         DO            
BL51 BANKED LINKER/LOCATER V6.22                                                      11/03/2010  15:48:09  PAGE 29


  I:0072H         SYMBOL        tmpadc_t
  -------         ENDDO         
  -------         ENDDO         
  -------         ENDDO         
  -------         DO            
  D:005FH         SYMBOL        g
  D:0060H         SYMBOL        g1
  D:0061H         SYMBOL        adcbuf
  I:0082H         SYMBOL        WK_1
  -------         DO            
  X:0069H         SYMBOL        c_P0
  -------         ENDDO         
  -------         DO            
  X:0069H         SYMBOL        c_P0
  -------         ENDDO         
  -------         DO            
  I:0076H         SYMBOL        temp2
  -------         ENDDO         
  -------         DO            
  D:005BH         SYMBOL        TEMP_l
  I:0078H         SYMBOL        tmp_p
  -------         ENDDO         
  -------         DO            
  I:007CH         SYMBOL        temp2
  I:007EH         SYMBOL        CMRX2_K2
  -------         ENDDO         
  -------         ENDDO         
  -------         DO            
  X:0069H         SYMBOL        c_P2
  X:006AH         SYMBOL        cik
  -------         ENDDO         
  -------         DO            
  I:0083H         SYMBOL        tmpadc_t
  -------         ENDDO         
  -------         DO            
  X:0069H         SYMBOL        c_P0
  I:0087H         SYMBOL        A1
  I:008BH         SYMBOL        A1
  I:008FH         SYMBOL        A1
  -------         ENDDO         
  -------         DO            
  I:0087H         SYMBOL        A1
  I:008BH         SYMBOL        A1
  I:008FH         SYMBOL        A1
  -------         ENDDO         
  -------         DO            
  I:008BH         SYMBOL        A1
  I:008FH         SYMBOL        A1
  -------         ENDDO         
  -------         DO            
  I:008FH         SYMBOL        A1
  -------         ENDDO         
  -------         DO            
  I:0093H         SYMBOL        tmpadc_t
  -------         ENDDO         
  -------         DO            
  D:0067H         SYMBOL        ind
BL51 BANKED LINKER/LOCATER V6.22                                                      11/03/2010  15:48:09  PAGE 30


  -------         ENDDO         
  -------         ENDDO         
  C:0026H         LINE#         93
  C:002BH         LINE#         94
  C:002BH         LINE#         96
  C:0033H         LINE#         98
  C:0037H         LINE#         99
  C:0040H         LINE#         100
  C:0047H         LINE#         101
  C:0053H         LINE#         102
  C:0057H         LINE#         103
  C:005DH         LINE#         108
  C:0066H         LINE#         109
  C:006EH         LINE#         111
  C:0073H         LINE#         112
  C:0078H         LINE#         113
  C:007FH         LINE#         115
  C:0083H         LINE#         116
  C:0087H         LINE#         117
  C:0090H         LINE#         143
  C:0096H         LINE#         144
  C:0096H         LINE#         160
  C:00A9H         LINE#         161
  C:00A9H         LINE#         162
  C:00C1H         LINE#         164
  C:013DH         LINE#         165
  C:013DH         LINE#         166
  C:013DH         LINE#         167
  C:013DH         LINE#         168
  C:0146H         LINE#         170
  C:0149H         LINE#         171
  C:014CH         LINE#         172
  C:0164H         LINE#         173
  C:019CH         LINE#         174
  C:01ABH         LINE#         175
  C:01B5H         LINE#         176
  C:01B8H         LINE#         180
  C:01CBH         LINE#         181
  C:01CBH         LINE#         182
  C:0212H         LINE#         183
  C:0212H         LINE#         184
  C:025EH         LINE#         185
  C:029BH         LINE#         187
  C:02BEH         LINE#         188
  C:02CCH         LINE#         190
  C:0307H         LINE#         199
  C:0325H         LINE#         201
  C:0325H         LINE#         202
  C:033BH         LINE#         203
  C:0355H         LINE#         204
  C:036FH         LINE#         205
  C:0389H         LINE#         206
  C:03A3H         LINE#         207
  C:03ACH         LINE#         208
  C:03B4H         LINE#         209
  C:03C3H         LINE#         211
  C:03C4H         LINE#         212
BL51 BANKED LINKER/LOCATER V6.22                                                      11/03/2010  15:48:09  PAGE 31


  C:03C4H         LINE#         227
  C:03D3H         LINE#         228
  C:03D3H         LINE#         268
  C:03E2H         LINE#         269
  C:03E2H         LINE#         270
  C:03E8H         LINE#         271
  C:03E8H         LINE#         274
  C:03EAH         LINE#         275
  C:0418H         LINE#         276
  C:041EH         LINE#         277
  C:0424H         LINE#         278
  C:0442H         LINE#         279
  C:045BH         LINE#         280
  C:05A9H         LINE#         281
  C:05ABH         LINE#         282
  C:05ABH         LINE#         283
  C:05ABH         LINE#         286
  C:05BAH         LINE#         287
  C:05BAH         LINE#         288
  C:05C0H         LINE#         289
  C:05C2H         LINE#         290
  C:05E0H         LINE#         291
  C:05E6H         LINE#         292
  C:05ECH         LINE#         293
  C:060AH         LINE#         294
  C:0623H         LINE#         295
  C:0771H         LINE#         296
  C:0773H         LINE#         297
  C:0773H         LINE#         298
  C:0773H         LINE#         299
  C:0782H         LINE#         300
  C:0782H         LINE#         301
  C:0788H         LINE#         302
  C:078AH         LINE#         303
  C:07A8H         LINE#         304
  C:07AEH         LINE#         305
  C:07B4H         LINE#         306
  C:07D2H         LINE#         307
  C:07EBH         LINE#         308
  C:0939H         LINE#         309
  C:093BH         LINE#         310
  C:093BH         LINE#         311
  C:093BH         LINE#         343
  C:094AH         LINE#         344
  C:094AH         LINE#         345
  C:0950H         LINE#         346
  C:0950H         LINE#         347
  C:0956H         LINE#         348
  C:096EH         LINE#         349
  C:0970H         LINE#         350
  C:097AH         LINE#         351
  C:0990H         LINE#         352
  C:0994H         LINE#         354
  C:099EH         LINE#         355
  C:09D1H         LINE#         356
  C:09DAH         LINE#         358
  C:09F1H         LINE#         359
BL51 BANKED LINKER/LOCATER V6.22                                                      11/03/2010  15:48:09  PAGE 32


  C:0A3DH         LINE#         360
  C:0A3DH         LINE#         361
  C:0A41H         LINE#         362
  C:0A43H         LINE#         364
  C:0A4DH         LINE#         365
  C:0A80H         LINE#         367
  C:0A80H         LINE#         368
  C:0AB4H         LINE#         369
  C:0AB4H         LINE#         370
  C:0B14H         LINE#         371
  C:0B4FH         LINE#         372
  C:0B6AH         LINE#         373
  C:0BC7H         LINE#         374
  C:0C0BH         LINE#         375
  C:0C29H         LINE#         376
  C:0C61H         LINE#         377
  C:0C63H         LINE#         379
  C:0C91H         LINE#         380
  C:0C91H         LINE#         381
  C:0C93H         LINE#         383
  C:0C93H         LINE#         384
  C:0CC1H         LINE#         385
  C:0CC1H         LINE#         387
  C:0CCFH         LINE#         388
  C:0CD5H         LINE#         389
  C:0CDBH         LINE#         390
  C:0CF7H         LINE#         391
  C:0E45H         LINE#         392
  C:0E47H         LINE#         393
  C:0E47H         LINE#         394
  C:0E47H         LINE#         396
  C:0E56H         LINE#         397
  C:0E56H         LINE#         398
  C:0E5CH         LINE#         399
  C:0E5EH         LINE#         400
  C:0E76H         LINE#         401
  C:0E7CH         LINE#         402
  C:0E82H         LINE#         403
  C:0EA0H         LINE#         404
  C:0FEEH         LINE#         405
  C:0FF0H         LINE#         406
  C:0FF0H         LINE#         407
  C:0FF0H         LINE#         420
  C:0FF0H         LINE#         423
  C:0FFDH         LINE#         424
  C:0FFDH         LINE#         426
  C:1001H         LINE#         427
  C:1006H         LINE#         429
  C:1009H         LINE#         430
  C:100DH         LINE#         431
  C:101EH         LINE#         432
  C:101EH         LINE#         433
  C:102AH         LINE#         434
  C:102DH         LINE#         435
  C:104CH         LINE#         436
  C:1071H         LINE#         437
  C:1077H         LINE#         438
BL51 BANKED LINKER/LOCATER V6.22                                                      11/03/2010  15:48:09  PAGE 33


  C:1091H         LINE#         439
  C:109AH         LINE#         440
  C:10A5H         LINE#         443
  C:10B0H         LINE#         444
  C:10B0H         LINE#         445
  C:10B6H         LINE#         446
  C:10B8H         LINE#         447
  C:10BCH         LINE#         448
  C:10C4H         LINE#         449
  C:10DAH         LINE#         450
  C:10DAH         LINE#         451
  C:10F2H         LINE#         452
  C:10FEH         LINE#         453
  C:1124H         LINE#         455
  C:1127H         LINE#         456
  C:112AH         LINE#         457
  C:1142H         LINE#         458
  C:128BH         LINE#         459
  C:128BH         LINE#         461
  C:1297H         LINE#         462
  C:12BDH         LINE#         463
  C:12C0H         LINE#         464
  C:12C3H         LINE#         465
  C:12DBH         LINE#         466
  C:1424H         LINE#         467
  C:1424H         LINE#         468
  C:142DH         LINE#         469
  C:142FH         LINE#         470
  C:142FH         LINE#         471
  C:142FH         LINE#         473
  C:1437H         LINE#         474
  C:1437H         LINE#         475
  C:143EH         LINE#         476
  C:143EH         LINE#         505
  C:1459H         LINE#         506
  C:1459H         LINE#         507
  C:1477H         LINE#         508
  C:1484H         LINE#         509
  C:1484H         LINE#         510
  C:149DH         LINE#         511
  C:14BAH         LINE#         512
  C:14BAH         LINE#         514
  C:14D2H         LINE#         515
  C:1506H         LINE#         516
  C:1506H         LINE#         524
  C:1517H         LINE#         525
  C:1528H         LINE#         526
  C:1539H         LINE#         527
  C:154AH         LINE#         529
  C:154AH         LINE#         531
  C:1553H         LINE#         532
  C:1553H         LINE#         533
  C:1568H         LINE#         534
  C:156EH         LINE#         535
  C:156EH         LINE#         537
  C:1577H         LINE#         538
  C:1577H         LINE#         540
BL51 BANKED LINKER/LOCATER V6.22                                                      11/03/2010  15:48:09  PAGE 34


  C:1582H         LINE#         541
  C:158BH         LINE#         544
  C:15A0H         LINE#         545
  C:15B5H         LINE#         547
  C:15B5H         LINE#         549
  C:15C6H         LINE#         550
  C:15C6H         LINE#         554
  C:15CAH         LINE#         556
  C:15D2H         LINE#         557
  C:15E8H         LINE#         558
  C:15E8H         LINE#         559
  C:1654H         LINE#         560
  C:165FH         LINE#         561
  C:165FH         LINE#         562
  C:1668H         LINE#         564
  C:1674H         LINE#         565
  C:1674H         LINE#         567
  C:168DH         LINE#         568
  C:16B6H         LINE#         569
  C:16CBH         LINE#         570
  C:16CBH         LINE#         571
  C:16CBH         LINE#         628
  C:16DCH         LINE#         629
  C:16DCH         LINE#         633
  C:16E0H         LINE#         635
  C:16E8H         LINE#         636
  C:16FBH         LINE#         637
  C:16FBH         LINE#         638
  C:1718H         LINE#         639
  C:1723H         LINE#         640
  C:1723H         LINE#         641
  C:172BH         LINE#         643
  C:173AH         LINE#         644
  C:173AH         LINE#         647
  C:1753H         LINE#         648
  C:177EH         LINE#         651
  C:1793H         LINE#         656
  C:1796H         LINE#         658
  C:17ADH         LINE#         659
  C:17E5H         LINE#         660
  C:17F4H         LINE#         664
  C:180DH         LINE#         675
  C:1813H         LINE#         676
  C:182EH         LINE#         680
  C:1843H         LINE#         684
  C:185CH         LINE#         686
  C:1889H         LINE#         689
  C:1889H         LINE#         690
  C:18C5H         LINE#         691
  C:18D6H         LINE#         693
  C:1912H         LINE#         694
  C:1922H         LINE#         696
  C:195EH         LINE#         697
  C:196CH         LINE#         698
  C:196CH         LINE#         699
  C:196CH         LINE#         704
  C:1981H         LINE#         706
BL51 BANKED LINKER/LOCATER V6.22                                                      11/03/2010  15:48:09  PAGE 35


  C:1981H         LINE#         707
  C:1981H         LINE#         709
  C:1992H         LINE#         710
  C:1992H         LINE#         714
  C:1996H         LINE#         716
  C:199EH         LINE#         717
  C:19B1H         LINE#         718
  C:19B1H         LINE#         719
  C:19D2H         LINE#         720
  C:19DDH         LINE#         721
  C:19DDH         LINE#         722
  C:19E5H         LINE#         724
  C:19F1H         LINE#         725
  C:19F1H         LINE#         728
  C:1A0AH         LINE#         729
  C:1A34H         LINE#         732
  C:1A49H         LINE#         734
  C:1A49H         LINE#         737
  C:1A49H         LINE#         739
  C:1A5AH         LINE#         740
  C:1A5AH         LINE#         741
  C:1A5EH         LINE#         742
  C:1A66H         LINE#         743
  C:1A79H         LINE#         744
  C:1A79H         LINE#         745
  C:1A9AH         LINE#         746
  C:1AA5H         LINE#         747
  C:1AA5H         LINE#         748
  C:1AADH         LINE#         750
  C:1ABCH         LINE#         751
  C:1ABCH         LINE#         753
  C:1AC2H         LINE#         755
  C:1AC2H         LINE#         756
  C:1AC4H         LINE#         765
  C:1AF2H         LINE#         766
  C:1AF2H         LINE#         767
  C:1B0CH         LINE#         768
  C:1B0CH         LINE#         769
  C:1B15H         LINE#         770
  C:1B2FH         LINE#         771
  C:1B2FH         LINE#         772
  C:1B63H         LINE#         773
  C:1B7EH         LINE#         774
  C:1B99H         LINE#         775
  C:1BA9H         LINE#         776
  C:1BA9H         LINE#         777
  C:1BC5H         LINE#         778
  C:1BC5H         LINE#         779
  C:1BF9H         LINE#         780
  C:1C14H         LINE#         781
  C:1C2FH         LINE#         782
  C:1C3FH         LINE#         783
  C:1C3FH         LINE#         784
  C:1C5BH         LINE#         785
  C:1C5BH         LINE#         786
  C:1C84H         LINE#         787
  C:1C9FH         LINE#         788
BL51 BANKED LINKER/LOCATER V6.22                                                      11/03/2010  15:48:09  PAGE 36


  C:1CBAH         LINE#         789
  C:1CCAH         LINE#         790
  C:1CCAH         LINE#         791
  C:1CE6H         LINE#         792
  C:1CE6H         LINE#         793
  C:1D1AH         LINE#         794
  C:1D35H         LINE#         795
  C:1D50H         LINE#         796
  C:1D60H         LINE#         797
  C:1D60H         LINE#         798
  C:1D7BH         LINE#         799
  C:1D7EH         LINE#         801
  C:1D7EH         LINE#         802
  C:1D98H         LINE#         803
  C:1DFAH         LINE#         804
  C:1E15H         LINE#         805
  C:1E77H         LINE#         806
  C:1E92H         LINE#         807
  C:1EC5H         LINE#         808
  C:1EE0H         LINE#         809
  C:1F42H         LINE#         810
  C:1F42H         LINE#         811
  C:1F48H         LINE#         812
  C:1F4AH         LINE#         813
  C:1F4DH         LINE#         814
  C:1F50H         LINE#         815
  C:1F68H         LINE#         816
  C:1F7BH         LINE#         817
  C:20C4H         LINE#         818
  C:20C6H         LINE#         819
  C:20C6H         LINE#         820
  C:20C6H         LINE#         821
  C:20C6H         LINE#         823
  C:20D9H         LINE#         824
  C:20E2H         LINE#         826
  C:20FCH         LINE#         827
  C:20FCH         LINE#         828
  C:2115H         LINE#         829
  C:2128H         LINE#         830
  C:2174H         LINE#         832
  C:2187H         LINE#         833
  C:21D3H         LINE#         835
  C:21E6H         LINE#         836
  C:2232H         LINE#         838
  C:2248H         LINE#         839
  C:2278H         LINE#         840
  C:227BH         LINE#         842
[...]
  C:586BH         LINE#         1629
  C:58A8H         LINE#         1630
  C:58B6H         LINE#         1631
  C:58F3H         LINE#         1632
  C:5901H         LINE#         1633
  C:5901H         LINE#         1635
  C:5917H         LINE#         1636
  C:5917H         LINE#         1638
  C:5919H         LINE#         1639
  C:5929H         LINE#         1641
  C:593FH         LINE#         1642
  C:593FH         LINE#         1644
  C:5941H         LINE#         1645
  C:5951H         LINE#         1647
  C:5969H         LINE#         1648
  C:5979H         LINE#         1650
  C:5991H         LINE#         1651
  C:59A1H         LINE#         1652
  C:59A1H         LINE#         1653
  C:59A1H         LINE#         1654
  C:59A7H         LINE#         1657
  C:59A8H         LINE#         1659
  C:59A8H         LINE#         1661
BL51 BANKED LINKER/LOCATER V6.22                                                      11/03/2010  15:48:09  PAGE 48


  C:59B1H         LINE#         1663
  C:59E8H         LINE#         1664
  C:59E8H         LINE#         1665
  C:5A00H         LINE#         1666
  C:5A75H         LINE#         1667
  C:5A7AH         LINE#         1670
  C:5A7DH         LINE#         1671
  C:5A7FH         LINE#         1672
  C:5A99H         LINE#         1675
  C:5AB3H         LINE#         1682
  C:5ABBH         LINE#         1683
  C:5AC3H         LINE#         1684
  C:5AC7H         LINE#         1686
  C:5AC7H         LINE#         1687
  C:5AD4H         LINE#         1688
  C:5ADAH         LINE#         1690
  C:5ADDH         LINE#         1691
  C:5AF4H         LINE#         1692
  C:5B0CH         LINE#         1693
  C:5B7BH         LINE#         1694
  C:5B83H         LINE#         1695
  C:5B85H         LINE#         1696
  C:5B85H         LINE#         1697
  C:5B88H         LINE#         1699
  C:5B9FH         LINE#         1700
  C:5BD7H         LINE#         1702
  C:5BEAH         LINE#         1703
  C:5BF1H         LINE#         1707
  C:5BF4H         LINE#         1708
  C:5BFEH         LINE#         1709
  C:5C01H         LINE#         1712
  C:5C01H         LINE#         1725
  C:5C18H         LINE#         1726
  C:5C18H         LINE#         1727
  C:5C27H         LINE#         1728
  C:5C41H         LINE#         1729
  C:5C41H         LINE#         1732
  C:5C5CH         LINE#         1733
  C:5C5CH         LINE#         1735
  C:5C6FH         LINE#         1736
  C:5C7BH         LINE#         1737
  C:5C7DH         LINE#         1739
  C:5C9BH         LINE#         1740
  C:5CDBH         LINE#         1741
  C:5CDBH         LINE#         1744
  C:5D22H         LINE#         1745
  C:5D2EH         LINE#         1746
  C:5D49H         LINE#         1747
  C:5D64H         LINE#         1748
  C:5D7FH         LINE#         1749
  C:5D9AH         LINE#         1750
  C:5DB5H         LINE#         1751
  C:5DD0H         LINE#         1753
  C:5DE8H         LINE#         1754
  C:5DEEH         LINE#         1755
  C:5DEEH         LINE#         1756
  C:5DF4H         LINE#         1757
BL51 BANKED LINKER/LOCATER V6.22                                                      11/03/2010  15:48:09  PAGE 49


  C:5DF4H         LINE#         1759
  C:5E1AH         LINE#         1761
  C:5E32H         LINE#         1762
  C:5E38H         LINE#         1763
  C:5E38H         LINE#         1764
  C:5E3EH         LINE#         1765
  C:5E3EH         LINE#         1766
  C:5E7DH         LINE#         1767
  C:5E98H         LINE#         1769
  C:5EB3H         LINE#         1772
  C:5EBDH         LINE#         1774
  C:5ED7H         LINE#         1775
  C:5ED7H         LINE#         1777
  C:5EF2H         LINE#         1778
  C:5EF2H         LINE#         1779
  C:5F05H         LINE#         1780
  C:5F05H         LINE#         1781
  C:5F11H         LINE#         1782
  C:5F13H         LINE#         1784
  C:5F13H         LINE#         1785
  C:5F31H         LINE#         1786
  C:5F71H         LINE#         1787
  C:5F71H         LINE#         1790
  C:5F86H         LINE#         1791
  C:5F92H         LINE#         1792
  C:5FA7H         LINE#         1793
  C:5FB3H         LINE#         1795
  C:5FCEH         LINE#         1796
  C:5FE9H         LINE#         1797
  C:6004H         LINE#         1798
  C:601FH         LINE#         1799
  C:603AH         LINE#         1800
  C:6055H         LINE#         1802
  C:606DH         LINE#         1803
  C:6073H         LINE#         1804
  C:6073H         LINE#         1805
  C:6079H         LINE#         1806
  C:6079H         LINE#         1808
  C:609FH         LINE#         1810
  C:60B7H         LINE#         1811
  C:60BDH         LINE#         1812
  C:60BDH         LINE#         1813
  C:60C3H         LINE#         1814
  C:60C3H         LINE#         1815
  C:6102H         LINE#         1816
  C:611DH         LINE#         1818
  C:6138H         LINE#         1820
  C:6142H         LINE#         1821
  C:615CH         LINE#         1822
  C:615CH         LINE#         1825
  C:6177H         LINE#         1826
  C:6177H         LINE#         1827
  C:618EH         LINE#         1828
  C:619BH         LINE#         1829
  C:61AEH         LINE#         1830
  C:61AEH         LINE#         1831
  C:61CAH         LINE#         1832
BL51 BANKED LINKER/LOCATER V6.22                                                      11/03/2010  15:48:09  PAGE 50


  C:61D2H         LINE#         1834
  C:61E0H         LINE#         1835
  C:61E0H         LINE#         1836
  C:6203H         LINE#         1837
  C:621DH         LINE#         1838
  C:621DH         LINE#         1839
  C:621DH         LINE#         1841
  C:6239H         LINE#         1842
  C:625BH         LINE#         1844
  C:6278H         LINE#         1846
  C:628CH         LINE#         1847
  C:628CH         LINE#         1848
  C:62A5H         LINE#         1849
  C:62DEH         LINE#         1850
  C:62DEH         LINE#         1851
  C:6311H         LINE#         1852
  C:6319H         LINE#         1854
  C:631CH         LINE#         1855
  C:6336H         LINE#         1856
  C:6339H         LINE#         1858
  C:6342H         LINE#         1859
  C:63B7H         LINE#         1862
  C:63C1H         LINE#         1871
  C:63C1H         LINE#         1872
  C:6404H         LINE#         1873
  C:641FH         LINE#         1874
  C:642FH         LINE#         1875
  C:6442H         LINE#         1876
  C:644BH         LINE#         1877
  C:6457H         LINE#         1878
  C:6476H         LINE#         1879
  C:6490H         LINE#         1880
  C:64ACH         LINE#         1882
  C:64AEH         LINE#         1884
  C:64AEH         LINE#         1886
  C:64D9H         LINE#         1887
  C:64F2H         LINE#         1888
  C:6516H         LINE#         1890
  C:6516H         LINE#         1896
  C:6531H         LINE#         1897
  C:6531H         LINE#         1898
  C:6548H         LINE#         1900
  C:6555H         LINE#         1901
  C:6568H         LINE#         1902
  C:6568H         LINE#         1903
  C:6584H         LINE#         1904
  C:658CH         LINE#         1906
  C:659DH         LINE#         1907
  C:659DH         LINE#         1908
  C:65BFH         LINE#         1909
  C:65D0H         LINE#         1910
  C:65D0H         LINE#         1912
  C:65DAH         LINE#         1913
  C:65DAH         LINE#         1914
  C:665BH         LINE#         1915
  C:66B2H         LINE#         1916
  C:66B8H         LINE#         1917
BL51 BANKED LINKER/LOCATER V6.22                                                      11/03/2010  15:48:09  PAGE 51


  C:66F9H         LINE#         1919
  C:6705H         LINE#         1920
  C:6707H         LINE#         1922
  C:671AH         LINE#         1923
  C:6735H         LINE#         1924
  C:6750H         LINE#         1925
  C:6767H         LINE#         1926
  C:6782H         LINE#         1927
  C:6799H         LINE#         1928
  C:67B4H         LINE#         1929
  C:67CFH         LINE#         1930
  C:67DFH         LINE#         1931
  C:67F2H         LINE#         1932
  C:67FBH         LINE#         1933
  C:6807H         LINE#         1935
  C:6807H         LINE#         1937
  C:6807H         LINE#         1940
  C:6822H         LINE#         1941
  C:6822H         LINE#         1942
  C:6839H         LINE#         1943
  C:6855H         LINE#         1944
  C:6855H         LINE#         1945
  C:6855H         LINE#         1946
  C:6875H         LINE#         1947
  C:6877H         LINE#         1948
  C:6877H         LINE#         1949
  C:6877H         LINE#         1950
  C:6896H         LINE#         1951
  C:6898H         LINE#         1952
  C:6898H         LINE#         1953
  C:6898H         LINE#         1954
  C:68B6H         LINE#         1955
  C:68B8H         LINE#         1956
  C:68B8H         LINE#         1957
  C:68B8H         LINE#         1958
  C:68D5H         LINE#         1959
  C:68D5H         LINE#         1960
  C:68D5H         LINE#         1961
  C:68D5H         LINE#         1968
  C:68D5H         LINE#         1973
  C:68F0H         LINE#         1974
  C:68F0H         LINE#         1975
  C:691AH         LINE#         1976
  C:6923H         LINE#         1977
  C:693CH         LINE#         1978
  C:694FH         LINE#         1979
  C:699AH         LINE#         1980
  C:69B5H         LINE#         1981
  C:69C5H         LINE#         1982
  C:6A04H         LINE#         1983
  C:6A44H         LINE#         1985
  C:6A44H         LINE#         1986
  C:6A63H         LINE#         1987
  C:6A63H         LINE#         1988
  C:6A8DH         LINE#         1989
  C:6A96H         LINE#         1990
  C:6AAFH         LINE#         1991
BL51 BANKED LINKER/LOCATER V6.22                                                      11/03/2010  15:48:09  PAGE 52


  C:6AC2H         LINE#         1992
  C:6B0DH         LINE#         1993
  C:6B28H         LINE#         1994
  C:6B38H         LINE#         1995
  C:6B77H         LINE#         1996
  C:6BB7H         LINE#         1998
  C:6BB7H         LINE#         2000
  C:6BD6H         LINE#         2001
  C:6BD6H         LINE#         2002
  C:6C00H         LINE#         2003
  C:6C09H         LINE#         2004
  C:6C22H         LINE#         2005
  C:6C35H         LINE#         2006
  C:6C80H         LINE#         2007
  C:6C9BH         LINE#         2008
  C:6CABH         LINE#         2009
  C:6CEAH         LINE#         2010
  C:6CFAH         LINE#         2011
  C:6D13H         LINE#         2013
  C:6D2AH         LINE#         2015
  C:6D2AH         LINE#         2024
  C:6D43H         LINE#         2025
  C:6D53H         LINE#         2026
  C:6D5AH         LINE#         2027
  C:6D9CH         LINE#         2028
  C:6D9CH         LINE#         2029
  C:6DA0H         LINE#         2030
  C:6DDCH         LINE#         2031
  C:6DE5H         LINE#         2032
  C:6E45H         LINE#         2033
  C:6E45H         LINE#         2034
  C:6E49H         LINE#         2035
  C:6E4BH         LINE#         2036
  C:6E60H         LINE#         2037
  C:6E96H         LINE#         2039
  C:6E96H         LINE#         2040
  C:6ED3H         LINE#         2041
  C:6ED3H         LINE#         2042
  C:6F38H         LINE#         2043
  C:6F78H         LINE#         2044
  C:6F8FH         LINE#         2045
  C:6FF4H         LINE#         2046
  C:7035H         LINE#         2047
  C:7050H         LINE#         2048
  C:7094H         LINE#         2049
  C:7096H         LINE#         2051
  C:70C9H         LINE#         2052
  C:70C9H         LINE#         2053
  C:70CBH         LINE#         2055
  C:70CBH         LINE#         2056
  C:70FEH         LINE#         2057
  C:70FEH         LINE#         2058
  C:7100H         LINE#         2060
  C:710FH         LINE#         2066
  C:7154H         LINE#         2067
  C:7154H         LINE#         2068
  C:716CH         LINE#         2069
BL51 BANKED LINKER/LOCATER V6.22                                                      11/03/2010  15:48:09  PAGE 53


  C:7172H         LINE#         2070
  C:7172H         LINE#         2071
  C:7178H         LINE#         2072
  C:7178H         LINE#         2074
  C:71C3H         LINE#         2076
  C:71DBH         LINE#         2077
  C:71E1H         LINE#         2078
  C:71E1H         LINE#         2079
  C:71E7H         LINE#         2080
  C:71E7H         LINE#         2081
  C:7226H         LINE#         2082
  C:7241H         LINE#         2084
  C:725CH         LINE#         2085
  C:7266H         LINE#         2086
  C:7266H         LINE#         2088
  C:7280H         LINE#         2089
  C:72ABH         LINE#         2090
  C:72C4H         LINE#         2092
  C:72DFH         LINE#         2093
  C:72DFH         LINE#         2102
  C:72ECH         LINE#         2103
  C:72ECH         LINE#         2106
  C:7303H         LINE#         2107
  C:7325H         LINE#         2108
  C:733CH         LINE#         2109
  C:735EH         LINE#         2111
  C:7371H         LINE#         2112
  C:737AH         LINE#         2116
  C:7395H         LINE#         2117
  C:7395H         LINE#         2118
  C:73B1H         LINE#         2119
  C:73CCH         LINE#         2120
  C:73DCH         LINE#         2121
  C:73EFH         LINE#         2122
  C:73F8H         LINE#         2123
  C:7404H         LINE#         2124
  C:740BH         LINE#         2125
  C:741EH         LINE#         2126
  C:7427H         LINE#         2127
  C:7427H         LINE#         2130
  C:7440H         LINE#         2131
  C:7440H         LINE#         2133
  C:745BH         LINE#         2134
  C:7473H         LINE#         2135
  C:7486H         LINE#         2138
  C:7486H         LINE#         2139
  C:7486H         LINE#         2140
  C:7486H         LINE#         2141
  C:7486H         LINE#         2156
  -------         ENDPROC       _TASK_3
  -------         ENDMOD        TASK3_BKCD

  -------         MODULE        ?C_STARTUP
  C:AD86H         SEGMENT       ?C_C51STARTUP
  C:0000H         PUBLIC        ?C_STARTUP
  D:00AFH         SYMBOL        CFG8XX
  N:0001H         SYMBOL        EXSP
BL51 BANKED LINKER/LOCATER V6.22                                                      11/03/2010  15:48:09  PAGE 54


  N:0000H         SYMBOL        IBPSTACK
  N:0100H         SYMBOL        IBPSTACKTOP
  N:0080H         SYMBOL        IDATALEN
  C:AD8CH         SYMBOL        IDATALOOP
  D:00A0H         SYMBOL        P2
  N:0000H         SYMBOL        PBPSTACK
  N:0000H         SYMBOL        PBPSTACKTOP
  N:0000H         SYMBOL        PDATALEN
  N:0000H         SYMBOL        PDATASTART
  N:0000H         SYMBOL        PPAGE
  N:0001H         SYMBOL        PPAGEENABLE
  D:0081H         SYMBOL        SP
  D:00B7H         SYMBOL        SPH
  N:00C0H         SYMBOL        STACKSIZE
  C:AD86H         SYMBOL        STARTUP1
  N:0000H         SYMBOL        XBPSTACK
  N:0000H         SYMBOL        XBPSTACKTOP
  N:0800H         SYMBOL        XDATALEN
  C:AD97H         SYMBOL        XDATALOOP
  N:0000H         SYMBOL        XDATASTART
  N:0001H         SYMBOL        XRAMEN
  N:0320H         SYMBOL        XSTACKSTART
  N:0081H         SYMBOL        _CFG8XX
  C:0000H         LINE#         167
  C:AD86H         LINE#         176
  C:AD89H         LINE#         180
  C:AD8BH         LINE#         181
  C:AD8CH         LINE#         182
  C:AD8DH         LINE#         183
  C:AD8FH         LINE#         187
  C:AD92H         LINE#         188
  C:AD94H         LINE#         192
  C:AD96H         LINE#         194
  C:AD97H         LINE#         195
  C:AD98H         LINE#         196
  C:AD99H         LINE#         197
  C:AD9BH         LINE#         198
  C:AD9DH         LINE#         202
  C:ADA0H         LINE#         233
  C:ADA3H         LINE#         234
  C:ADA6H         LINE#         248
  -------         ENDMOD        ?C_STARTUP

  -------         MODULE        ASSEMB
  C:0003H         SEGMENT       ?PR?LBUF_COP?ASSEMB
  C:0003H         PUBLIC        LBUF_COP
  C:000FH         SYMBOL        ?C0001
  N:0000H         SYMBOL        ASSEMB
  C:0009H         SYMBOL        L1
  C:0003H         LINE#         34
  C:0005H         LINE#         36
  C:0007H         LINE#         38
  C:0009H         LINE#         42
  C:000AH         LINE#         44
  C:000BH         LINE#         46
  C:000CH         LINE#         48
  C:000DH         LINE#         50
BL51 BANKED LINKER/LOCATER V6.22                                                      11/03/2010  15:48:09  PAGE 55


  C:000FH         LINE#         57
  -------         ENDMOD        ASSEMB

  -------         MODULE        ?C?FPADD
  C:93F7H         PUBLIC        ?C?FPADD
  C:93F3H         PUBLIC        ?C?FPSUB
  -------         ENDMOD        ?C?FPADD

  -------         MODULE        ?C?FPMUL
  C:94E8H         PUBLIC        ?C?FPMUL
  -------         ENDMOD        ?C?FPMUL

  -------         MODULE        ?C?FPDIV
  C:95F1H         PUBLIC        ?C?FPDIV
  -------         ENDMOD        ?C?FPDIV

  -------         MODULE        ?C?FPCMP
  C:9690H         PUBLIC        ?C?FPCMP
  C:968EH         PUBLIC        ?C?FPCMP3
  -------         ENDMOD        ?C?FPCMP

  -------         MODULE        ?C?FCAST
  C:9705H         PUBLIC        ?C?FCASTC
  C:9700H         PUBLIC        ?C?FCASTI
  C:96FBH         PUBLIC        ?C?FCASTL
  -------         ENDMOD        ?C?FCAST

  -------         MODULE        ?C?CASTF
  C:9739H         PUBLIC        ?C?CASTF
  -------         ENDMOD        ?C?CASTF

  -------         MODULE        ?C?UIDIV
  C:97BAH         PUBLIC        ?C?UIDIV
  -------         ENDMOD        ?C?UIDIV

  -------         MODULE        ?C?LMUL
  C:980FH         PUBLIC        ?C?LMUL
  -------         ENDMOD        ?C?LMUL

  -------         MODULE        ?C?ULDIV
  C:989AH         PUBLIC        ?C?ULDIV
  -------         ENDMOD        ?C?ULDIV

  -------         MODULE        ?C?SLDIV
  C:AE71H         PUBLIC        ?C?SLDIV
  -------         ENDMOD        ?C?SLDIV

  -------         MODULE        ?C?LNEG
  C:992CH         PUBLIC        ?C?LNEG
  -------         ENDMOD        ?C?LNEG

  -------         MODULE        ?C?SLCMP
  C:993AH         PUBLIC        ?C?SLCMP
  -------         ENDMOD        ?C?SLCMP

  -------         MODULE        ?C?ULCMP
  C:9950H         PUBLIC        ?C?ULCMP
BL51 BANKED LINKER/LOCATER V6.22                                                      11/03/2010  15:48:09  PAGE 56


  -------         ENDMOD        ?C?ULCMP

  -------         MODULE        ?C?ULSHR
  C:9961H         PUBLIC        ?C?ULSHR
  -------         ENDMOD        ?C?ULSHR

  -------         MODULE        ?C?LSHL
  C:9974H         PUBLIC        ?C?LSHL
  -------         ENDMOD        ?C?LSHL

  -------         MODULE        ?C?LLDIDATA
  C:9987H         PUBLIC        ?C?LLDIDATA
  -------         ENDMOD        ?C?LLDIDATA

  -------         MODULE        ?C?LLDIDATA0
  C:9993H         PUBLIC        ?C?LLDIDATA0
  -------         ENDMOD        ?C?LLDIDATA0

  -------         MODULE        ?C?LSTIDATA
  C:99A0H         PUBLIC        ?C?LSTIDATA
  -------         ENDMOD        ?C?LSTIDATA

  -------         MODULE        ?C?LSTXDATA
  C:99ACH         PUBLIC        ?C?LSTXDATA
  -------         ENDMOD        ?C?LSTXDATA

  -------         MODULE        ?C?LSTKIDATA
  C:99B8H         PUBLIC        ?C?LSTKIDATA
  -------         ENDMOD        ?C?LSTKIDATA

  -------         MODULE        ?C?LSTKXDATA
  C:99D1H         PUBLIC        ?C?LSTKXDATA
  -------         ENDMOD        ?C?LSTKXDATA

  -------         MODULE        ?C?OFFXADD
  C:9A02H         PUBLIC        ?C?OFFXADD
  -------         ENDMOD        ?C?OFFXADD

  -------         MODULE        ?C?CCASE
  C:9A0EH         PUBLIC        ?C?CCASE
  -------         ENDMOD        ?C?CCASE

Program Size: data=252.6 xdata=1569 code=44709
LINK/LOCATE RUN COMPLETE.  0 WARNING(S),  0 ERROR(S)
