BL51 BANKED LINKER/LOCATER V6.05                                                        04/29/2011  15:22:16  PAGE 1


BL51 BANKED LINKER/LOCATER V6.05, INVOKED BY:
D:\KEIL\C51\BIN\BL51.EXE Main_bkcd.obj, Setup_ADC.obj, setup_bkcd.obj, task3_bkcd.obj, START_AD.obj, assemb.obj TO 4-55_
>> BKCD(rgr+hod_100ms+vrgr4b+1ms+akt) RAMSIZE (256) XDATA (0X0000-0X07FF)


MEMORY MODEL: LARGE WITH FLOATING POINT ARITHMETIC


INPUT MODULES INCLUDED:
  Main_bkcd.obj (MAIN_BKCD)
  Setup_ADC.obj (SETUP_ADC)
  setup_bkcd.obj (SETUP_BKCD)
  task3_bkcd.obj (TASK3_BKCD)
  START_AD.obj (?C_STARTUP)
  assemb.obj (ASSEMB)
  D:\KEIL\C51\LIB\C51FPL.LIB (?C?FPADD)
  D:\KEIL\C51\LIB\C51FPL.LIB (?C?FPMUL)
  D:\KEIL\C51\LIB\C51FPL.LIB (?C?FPDIV)
  D:\KEIL\C51\LIB\C51FPL.LIB (?C?FPCMP)
  D:\KEIL\C51\LIB\C51FPL.LIB (?C?FCAST)
  D:\KEIL\C51\LIB\C51FPL.LIB (?C?CASTF)
  D:\KEIL\C51\LIB\C51FPL.LIB (?C?FPGETOPN)
  D:\KEIL\C51\LIB\C51L.LIB (?C_INIT)
  D:\KEIL\C51\LIB\C51L.LIB (?C?UIDIV)
  D:\KEIL\C51\LIB\C51L.LIB (?C?LMUL)
  D:\KEIL\C51\LIB\C51L.LIB (?C?ULDIV)
  D:\KEIL\C51\LIB\C51L.LIB (?C?SLDIV)
  D:\KEIL\C51\LIB\C51L.LIB (?C?LNEG)
  D:\KEIL\C51\LIB\C51L.LIB (?C?SLCMP)
  D:\KEIL\C51\LIB\C51L.LIB (?C?ULCMP)
  D:\KEIL\C51\LIB\C51L.LIB (?C?ULSHR)
  D:\KEIL\C51\LIB\C51L.LIB (?C?LSHL)
  D:\KEIL\C51\LIB\C51L.LIB (?C?LLDIDATA)
  D:\KEIL\C51\LIB\C51L.LIB (?C?LLDIDATA0)
  D:\KEIL\C51\LIB\C51L.LIB (?C?LSTIDATA)
  D:\KEIL\C51\LIB\C51L.LIB (?C?LSTXDATA)
  D:\KEIL\C51\LIB\C51L.LIB (?C?LSTKIDATA)
  D:\KEIL\C51\LIB\C51L.LIB (?C?LSTKXDATA)
  D:\KEIL\C51\LIB\C51L.LIB (?C?OFFXADD)
  D:\KEIL\C51\LIB\C51L.LIB (?C?CCASE)


LINK MAP OF MODULE:  4-55_BKCD(rgr+hod_100ms+vrgr4b+1ms+akt) (MAIN_BKCD)


            TYPE    BASE      LENGTH    RELOCATION   SEGMENT NAME
            -----------------------------------------------------

            * * * * * * *   D A T A   M E M O R Y   * * * * * * *
            REG     0000H     0008H     ABSOLUTE     "REG BANK 0"
            REG     0008H     0008H     ABSOLUTE     "REG BANK 1"
            REG     0010H     0008H     ABSOLUTE     "REG BANK 2"
            DATA    0018H     0002H     UNIT         ?DT?SETUP_ADC
            IDATA   001AH     0001H     UNIT         ?ID?SETUP_ADC?SETUP_ADC
                    001BH     0005H                  *** GAP ***
            BIT     0020H.0   0002H.6   UNIT         ?BI?MAIN_BKCD
            BIT     0022H.6   0000H.2   UNIT         ?BI?TASK3_BKCD
            DATA    0023H     0036H     UNIT         ?DT?MAIN_BKCD
BL51 BANKED LINKER/LOCATER V6.05                                                      04/29/2011  15:22:16  PAGE 2


            DATA    0059H     0021H     UNIT         ?DT?TASK3_BKCD
            IDATA   007AH     002DH     UNIT         ?ID?MAIN_BKCD
            IDATA   00A7H     002DH     UNIT         ?ID?_TASK_3?TASK3_BKCD
            IDATA   00D4H     001DH     UNIT         ?ID?TASK3_BKCD

            * * * * * * *  X D A T A   M E M O R Y  * * * * * * *
            XDATA   0000H     001CH     ABSOLUTE     
            XDATA   001CH     0020H     UNIT         ?XD?SETUP_ADC?SETUP_ADC
            XDATA   003CH     0002H     UNIT         ?XD?MAIN?MAIN_BKCD
            XDATA   003EH     0001H     UNIT         ?XD?KMD?MAIN_BKCD
                    003FH     0001H                  *** GAP ***
            XDATA   0040H     0022H     ABSOLUTE     
            XDATA   0062H     0010H     UNIT         ?XD?_TASK_3?TASK3_BKCD
            XDATA   0072H     0009H     UNIT         ?XD?SETUP?SETUP_BKCD
                    007BH     0005H                  *** GAP ***
            XDATA   0080H     0022H     ABSOLUTE     
                    00A2H     001EH                  *** GAP ***
            XDATA   00C0H     001CH     ABSOLUTE     
            XDATA   00DCH     001CH     ABSOLUTE     
            XDATA   00F8H     0007H     ABSOLUTE     
                    00FFH     0001H                  *** GAP ***
            XDATA   0100H     003CH     ABSOLUTE     
                    013CH     0004H                  *** GAP ***
            XDATA   0140H     003CH     ABSOLUTE     
                    017CH     0004H                  *** GAP ***
            XDATA   0180H     003CH     ABSOLUTE     
                    01BCH     0004H                  *** GAP ***
            XDATA   01C0H     003CH     ABSOLUTE     
                    01FCH     0004H                  *** GAP ***
            XDATA   0200H     001EH     ABSOLUTE     
            XDATA   021EH     0074H     UNIT         ?XD?TASK3_BKCD
            XDATA   0292H     0055H     UNIT         ?XD?MAIN_BKCD
                    02E7H     0039H                  *** GAP ***
            XDATA   0320H     00C0H     ABSOLUTE     
                    03E0H     0020H                  *** GAP ***
            XDATA   0400H     0180H     ABSOLUTE     
                    0580H     0060H                  *** GAP ***
            XDATA   05E0H     0080H     ABSOLUTE     
                    0660H     0020H                  *** GAP ***
            XDATA   0680H     00D0H     ABSOLUTE     
                    0750H     0060H                  *** GAP ***
            XDATA   07B0H     0004H     ABSOLUTE     
            XDATA   07B4H     0028H     ABSOLUTE     

            * * * * * * *   C O D E   M E M O R Y   * * * * * * *
            CODE    0000H     0003H     ABSOLUTE     
            CODE    0003H     000DH     UNIT         ?PR?LBUF_COP?ASSEMB
                    0010H     000BH                  *** GAP ***
            CODE    001BH     0003H     ABSOLUTE     
                    001EH     0005H                  *** GAP ***
            CODE    0023H     0003H     ABSOLUTE     
            CODE    0026H     739EH     UNIT         ?PR?_TASK_3?TASK3_BKCD
            CODE    73C4H     0C10H     UNIT         ?PR?SETUP_ADC?SETUP_ADC
            CODE    7FD4H     0B5BH     UNIT         ?PR?MAIN?MAIN_BKCD
            CODE    8B2FH     08A0H     UNIT         ?PR?KMD?MAIN_BKCD
            CODE    93CFH     0706H     UNIT         ?PR?TIMER1INT?MAIN_BKCD
            CODE    9AD5H     0644H     UNIT         ?C?LIB_CODE
BL51 BANKED LINKER/LOCATER V6.05                                                      04/29/2011  15:22:16  PAGE 3


            CODE    A119H     0601H     UNIT         ?PR?SER_INT?MAIN_BKCD
            CODE    A71AH     041FH     UNIT         ?PR?SETUP?SETUP_BKCD
            CODE    AB39H     02A8H     UNIT         ?CO?MAIN_BKCD
            CODE    ADE1H     0173H     UNIT         ?C_INITSEG
            CODE    AF54H     00A3H     UNIT         ?C_C51STARTUP
            CODE    AFF7H     0048H     UNIT         ?CO?TASK3_BKCD
            CODE    B03FH     0044H     UNIT         ?C?LDIV



OVERLAY MAP OF MODULE:   4-55_BKCD(rgr+hod_100ms+vrgr4b+1ms+akt) (MAIN_BKCD)


SEGMENT
  +--> CALLED SEGMENT
---------------------
?PR?TIMER1INT?MAIN_BKCD
  +--> ?CO?TASK3_BKCD

*** NEW ROOT ***************************************************

?PR?SER_INT?MAIN_BKCD
  +--> ?CO?MAIN_BKCD
  +--> ?PR?KMD?MAIN_BKCD

?PR?KMD?MAIN_BKCD
  +--> ?CO?MAIN_BKCD

*** NEW ROOT ***************************************************

?C_C51STARTUP
  +--> ?PR?MAIN?MAIN_BKCD
  +--> ?C_INITSEG

?PR?MAIN?MAIN_BKCD
  +--> ?PR?SETUP?SETUP_BKCD
  +--> ?PR?SETUP_ADC?SETUP_ADC
  +--> ?PR?_TASK_3?TASK3_BKCD
  +--> ?PR?LBUF_COP?ASSEMB

?PR?_TASK_3?TASK3_BKCD
  +--> ?CO?TASK3_BKCD
  +--> ?CO?MAIN_BKCD



SYMBOL TABLE OF MODULE:  4-55_BKCD(rgr+hod_100ms+vrgr4b+1ms+akt) (MAIN_BKCD)

  VALUE           TYPE          NAME
  ----------------------------------

  -------         MODULE        MAIN_BKCD
  C:0000H         SYMBOL        _ICE_DUMMY_
  B:0020H.0       PUBLIC        fl_rgr
  D:0080H         PUBLIC        P0
  D:0090H         PUBLIC        P1
  B:0020H.1       PUBLIC        FL_BLOK_EPROM
BL51 BANKED LINKER/LOCATER V6.05                                                      04/29/2011  15:22:16  PAGE 4


  D:00A0H         PUBLIC        P2
  D:00B0H         PUBLIC        P3
  B:00A8H.7       PUBLIC        EA
  D:00D8H         PUBLIC        ADCSTAT
  B:0020H.2       PUBLIC        ep2
  B:0020H.3       PUBLIC        fl_r11
  X:0292H         PUBLIC        mi1
  D:002AH         PUBLIC        ED
  B:0020H.4       PUBLIC        fl_r22
  I:007AH         PUBLIC        CNT_SEC_V1
  D:002CH         PUBLIC        kol_c
  I:007CH         PUBLIC        CNT_SEC_V2
  B:0020H.5       PUBLIC        fl_ds
  D:002EH         PUBLIC        r_crc
  D:00E6H         PUBLIC        ADC0CON2
  D:00A8H         PUBLIC        IE
  D:002FH         PUBLIC        copy_p
  D:0031H         PUBLIC        len_o
  X:0294H         PUBLIC        DL
  X:0080H         PUBLIC        xbufin
  X:0295H         PUBLIC        POR_R1_OFF
  D:00BCH         PUBLIC        EDATA1
  X:0296H         PUBLIC        POR_R2_OFF
  D:00BDH         PUBLIC        EDATA2
  I:007EH         PUBLIC        CNT_SEC_DL
  D:0032H         PUBLIC        st_ser
  D:00BEH         PUBLIC        EDATA3
  D:00BFH         PUBLIC        EDATA4
  B:00A8H.4       PUBLIC        ES
  D:00D4H         PUBLIC        SF
  D:00B8H         PUBLIC        IP
  X:0040H         PUBLIC        bufout
  I:0082H         PUBLIC        MM
  D:0033H         PUBLIC        i1
  I:0089H         PUBLIC        j1
  B:0098H.0       PUBLIC        RI
  I:008AH         PUBLIC        j2
  B:0020H.6       PUBLIC        fl_sv
  B:0098H.1       PUBLIC        TI
  D:0034H         PUBLIC        cop_imp1
  D:0036H         PUBLIC        cop_imp2
  B:0020H.7       PUBLIC        fcnt_100
  B:00D8H.7       PUBLIC        RDY0
  D:00E8H         PUBLIC        I2CCON
  D:0038H         PUBLIC        priem
  B:0021H.0       PUBLIC        aktiv
  I:008BH         PUBLIC        CNT_SEC
  C:93CFH         PUBLIC        timer1int
  B:0021H.1       PUBLIC        v_rgr
  D:0081H         PUBLIC        SP
  C:ABBDH         PUBLIC        TAB_NO_LINE_32
  D:00B9H         PUBLIC        ECON
  C:7FD4H         PUBLIC        main
  X:0297H         PUBLIC        BUF_vr
  C:AB39H         PUBLIC        TAB_NO_LINE_25
  D:0039H         PUBLIC        status
  I:008DH         PUBLIC        crco
BL51 BANKED LINKER/LOCATER V6.05                                                      04/29/2011  15:22:16  PAGE 5


  B:00B0H.6       PUBLIC        WR
  C:AB5BH         PUBLIC        TAB_NO_LINE_36
  B:0021H.2       PUBLIC        FL_BLOK_EEPR
  C:AB9BH         PUBLIC        TAB_NO_LINE_28
  I:008FH         PUBLIC        TM_LINE
  X:0000H         PUBLIC        lbuf
  X:00F8H         PUBLIC        BUF_PIT
  B:0021H.3       PUBLIC        fcnt
  D:0099H         PUBLIC        SBUF
  D:003AH         PUBLIC        bufcht1
  B:0021H.4       PUBLIC        Eprom_ch
  B:0021H.5       PUBLIC        Eprom_zap
  X:02B3H         PUBLIC        WK_1
  D:0098H         PUBLIC        SCON
  D:0088H         PUBLIC        TCON
  D:003EH         PUBLIC        cmd
  D:003FH         PUBLIC        tdis
  D:0040H         PUBLIC        crc
  X:02B4H         PUBLIC        mi11
  X:02B5H         PUBLIC        zbuf
  X:02D7H         PUBLIC        b_err_pit
  X:02D8H         PUBLIC        chp
  C:8B2FH         PUBLIC        kmd
  X:02D9H         PUBLIC        b_err_cl
  D:00A5H         PUBLIC        HOUR
  D:0042H         PUBLIC        copy_p1
  D:0044H         PUBLIC        zad
  D:0045H         PUBLIC        dis
  D:00DBH         PUBLIC        ADC0H
  X:02DAH         PUBLIC        par
  B:00A0H.4       PUBLIC        svet
  B:00C0H.0       PUBLIC        WDWR
  D:0046H         PUBLIC        lineaddo
  D:00DAH         PUBLIC        ADC0M
  I:0090H         PUBLIC        rasx1_t
  I:0094H         PUBLIC        rasx2_t
  B:00A8H.3       PUBLIC        ET1
  D:00D7H         PUBLIC        PLLCON
  B:0088H.7       PUBLIC        TF1
  D:008DH         PUBLIC        TH1
  D:00F8H         PUBLIC        SPICON
  I:0098H         PUBLIC        nro
  B:0021H.6       PUBLIC        FCNT_SEC_V1
  I:0099H         PUBLIC        tmo
  B:0021H.7       PUBLIC        FCNT_SEC_V2
  D:0047H         PUBLIC        fk
  B:0022H.0       PUBLIC        fl_tadc
  D:008BH         PUBLIC        TL1
  B:0022H.1       PUBLIC        fl_m1
  I:009AH         PUBLIC        tmp
  B:0022H.2       PUBLIC        rez
  B:0022H.3       PUBLIC        fl_m2
  X:02DBH         PUBLIC        POR_R1_ON
  X:02DCH         PUBLIC        POR_R2_ON
  X:02DDH         PUBLIC        stat_byte
  D:0048H         PUBLIC        lineadd
  X:02DEH         PUBLIC        BUF_FP_100_0
BL51 BANKED LINKER/LOCATER V6.05                                                      04/29/2011  15:22:16  PAGE 6


  B:00E8H.6       PUBLIC        MDE
  D:0049H         PUBLIC        mi
  B:0088H.6       PUBLIC        TR1
  X:00DCH         PUBLIC        BUF_MN
  B:00E8H.4       PUBLIC        MDI
  D:00A3H         PUBLIC        SEC
  X:02E0H         PUBLIC        b_err_p
  X:00C0H         PUBLIC        lbuf_dn
  B:00E8H.5       PUBLIC        MCO
  B:00E8H.7       PUBLIC        MDO
  D:004BH         PUBLIC        nr
  D:00A4H         PUBLIC        MIN
  D:00C7H         PUBLIC        EADRH
  D:004CH         PUBLIC        KOL
  D:00C8H         PUBLIC        T2CON
  I:009BH         PUBLIC        cnt_dol
  I:009DH         PUBLIC        i
  I:009EH         PUBLIC        j
  D:00C6H         PUBLIC        EADRL
  D:00B7H         PUBLIC        SPH
  C:ABDFH         PUBLIC        Crc16Table
  B:00C0H.2       PUBLIC        WDS
  D:00D1H         PUBLIC        ADCMODE
  C:ADDFH         PUBLIC        VER_PR
  D:004DH         PUBLIC        Len_p
  X:02E1H         PUBLIC        OGR_UR
  B:0022H.4       PUBLIC        fl_buf
  I:009FH         PUBLIC        rasx1
  I:00A3H         PUBLIC        rasx2
  B:0022H.5       PUBLIC        fl_rest
  D:004EH         PUBLIC        nas1
  D:004FH         PUBLIC        nas2
  D:00AFH         PUBLIC        CFG848
  X:02E3H         PUBLIC        ob_par
  C:A119H         PUBLIC        ser_int
  D:0050H         PUBLIC        H1
  X:02E5H         PUBLIC        fcnt_k
  D:0054H         PUBLIC        N_K
  D:0055H         PUBLIC        H2
  D:00D0H         PUBLIC        PSW
  B:00B0H.2       PUBLIC        int0
  D:00C0H         PUBLIC        WDCON
  -------         PROC          TIMER1INT
  -------         DO            
  D:0023H         SYMBOL        tmadc
  D:0025H         SYMBOL        tmadc1
  -------         ENDDO         
  C:93CFH         LINE#         293
  C:93DCH         LINE#         309
  C:93DEH         LINE#         310
  C:93E1H         LINE#         311
  C:93E4H         LINE#         312
  C:93EAH         LINE#         313
  C:93F2H         LINE#         314
  C:9410H         LINE#         315
  C:942EH         LINE#         326
  C:9436H         LINE#         327
BL51 BANKED LINKER/LOCATER V6.05                                                      04/29/2011  15:22:16  PAGE 7


  C:943CH         LINE#         328
  C:943CH         LINE#         329
  C:944DH         LINE#         330
  C:944DH         LINE#         332
  C:947EH         LINE#         333
  C:9485H         LINE#         334
  C:9485H         LINE#         335
  C:9487H         LINE#         337
  C:9497H         LINE#         338
  C:949EH         LINE#         339
  C:94A0H         LINE#         340
  C:94A0H         LINE#         343
  C:94A8H         LINE#         344
  C:94AEH         LINE#         345
  C:94AEH         LINE#         346
  C:94BFH         LINE#         347
  C:94BFH         LINE#         349
  C:94F0H         LINE#         350
  C:94F7H         LINE#         351
  C:94F7H         LINE#         352
  C:94F9H         LINE#         354
  C:9509H         LINE#         355
  C:9510H         LINE#         356
  C:9512H         LINE#         357
  C:9512H         LINE#         359
  C:951CH         LINE#         360
  C:951CH         LINE#         362
  C:956DH         LINE#         363
  C:956DH         LINE#         365
  C:9575H         LINE#         366
  C:9578H         LINE#         367
  C:9578H         LINE#         368
  C:957AH         LINE#         369
  C:9594H         LINE#         370
  C:9594H         LINE#         372
  C:95AAH         LINE#         373
  C:95BDH         LINE#         374
  C:95BDH         LINE#         375
  C:95BFH         LINE#         376
  C:95C5H         LINE#         377
  C:95CFH         LINE#         378
  C:95D8H         LINE#         379
  C:95DEH         LINE#         380
  C:95E0H         LINE#         382
  C:95E3H         LINE#         383
  C:95E3H         LINE#         384
  C:95E9H         LINE#         385
  C:95F3H         LINE#         386
  C:95F3H         LINE#         388
  C:95F5H         LINE#         390
  C:95F5H         LINE#         391
  C:95FBH         LINE#         392
  C:9605H         LINE#         393
  C:960EH         LINE#         394
  C:9614H         LINE#         396
  C:9614H         LINE#         397
  C:9614H         LINE#         400
BL51 BANKED LINKER/LOCATER V6.05                                                      04/29/2011  15:22:16  PAGE 8


  C:965BH         LINE#         401
  C:965BH         LINE#         402
  C:9665H         LINE#         403
  C:9665H         LINE#         405
  C:9678H         LINE#         406
  C:9678H         LINE#         407
  C:967EH         LINE#         408
  C:9684H         LINE#         409
  C:968DH         LINE#         410
  C:9696H         LINE#         411
  C:9698H         LINE#         412
  C:9698H         LINE#         413
  C:9698H         LINE#         416
  C:96A2H         LINE#         417
  C:96A2H         LINE#         418
  C:96F3H         LINE#         419
  C:96F3H         LINE#         420
  C:96FBH         LINE#         421
  C:96FEH         LINE#         422
  C:96FEH         LINE#         423
  C:9700H         LINE#         424
  C:971AH         LINE#         425
  C:971AH         LINE#         427
  C:9730H         LINE#         428
  C:9730H         LINE#         429
  C:9743H         LINE#         430
  C:9743H         LINE#         431
  C:9745H         LINE#         432
  C:974BH         LINE#         433
  C:9755H         LINE#         434
  C:975EH         LINE#         435
  C:9764H         LINE#         436
  C:9766H         LINE#         438
  C:9769H         LINE#         439
  C:976FH         LINE#         440
  C:9779H         LINE#         441
  C:9779H         LINE#         442
  C:977BH         LINE#         444
  C:977BH         LINE#         445
  C:9781H         LINE#         446
  C:978BH         LINE#         447
  C:9794H         LINE#         448
  C:979AH         LINE#         449
  C:979AH         LINE#         450
  C:979AH         LINE#         451
  C:97E1H         LINE#         452
  C:97E1H         LINE#         453
  C:97EBH         LINE#         454
  C:97EBH         LINE#         456
  C:97FEH         LINE#         457
  C:97FEH         LINE#         458
  C:9804H         LINE#         459
  C:980AH         LINE#         460
  C:9813H         LINE#         461
  C:981CH         LINE#         462
  C:981EH         LINE#         463
  C:981EH         LINE#         465
BL51 BANKED LINKER/LOCATER V6.05                                                      04/29/2011  15:22:16  PAGE 9


  C:981EH         LINE#         469
  C:9825H         LINE#         470
  C:9825H         LINE#         472
  C:9841H         LINE#         473
  C:9841H         LINE#         474
  C:984AH         LINE#         475
  C:984CH         LINE#         477
  C:984CH         LINE#         478
  C:9850H         LINE#         479
  C:9850H         LINE#         480
  C:9852H         LINE#         481
  C:9856H         LINE#         482
  C:9856H         LINE#         483
  C:9872H         LINE#         484
  C:9872H         LINE#         485
  C:987DH         LINE#         486
  C:9885H         LINE#         487
  C:9887H         LINE#         489
  C:988FH         LINE#         490
  C:988FH         LINE#         491
  C:988FH         LINE#         492
  C:988FH         LINE#         493
  C:988FH         LINE#         496
  C:9897H         LINE#         497
  C:989AH         LINE#         498
  C:98ABH         LINE#         499
  C:98ABH         LINE#         500
  C:98CCH         LINE#         502
  C:98D3H         LINE#         503
  C:98D3H         LINE#         504
  C:98D5H         LINE#         506
  C:98E5H         LINE#         507
  C:98ECH         LINE#         508
  C:98EEH         LINE#         509
  C:98EEH         LINE#         514
  C:98F0H         LINE#         515
  C:991CH         LINE#         516
  C:991CH         LINE#         517
  C:9926H         LINE#         519
  C:9926H         LINE#         523
  C:992EH         LINE#         542
  C:9939H         LINE#         543
  C:9939H         LINE#         544
  C:993FH         LINE#         546
  C:9944H         LINE#         547
  C:9947H         LINE#         548
  C:994AH         LINE#         549
  C:994EH         LINE#         551
  C:9950H         LINE#         552
  C:9950H         LINE#         556
  C:9954H         LINE#         557
  C:9958H         LINE#         559
  C:995EH         LINE#         562
  C:9966H         LINE#         563
  C:9966H         LINE#         564
  C:996BH         LINE#         565
  C:996BH         LINE#         567
BL51 BANKED LINKER/LOCATER V6.05                                                      04/29/2011  15:22:16  PAGE 10


  C:996EH         LINE#         568
  C:9972H         LINE#         569
  C:9975H         LINE#         570
  C:9975H         LINE#         571
  C:9977H         LINE#         573
  C:9977H         LINE#         575
  C:997CH         LINE#         576
  C:997FH         LINE#         577
  C:997FH         LINE#         578
  C:9982H         LINE#         580
  C:9988H         LINE#         581
  C:9988H         LINE#         585
  C:998BH         LINE#         586
  C:998DH         LINE#         588
  C:99A1H         LINE#         589
  C:99A4H         LINE#         590
  C:99A7H         LINE#         591
  C:99ACH         LINE#         592
  C:99ACH         LINE#         593
  C:99AFH         LINE#         594
  C:99AFH         LINE#         595
  C:99BEH         LINE#         596
  C:99F7H         LINE#         598
  C:99F9H         LINE#         599
  C:99FFH         LINE#         600
  C:99FFH         LINE#         601
  C:9A01H         LINE#         602
  C:9A04H         LINE#         603
  C:9A0AH         LINE#         604
  C:9A0AH         LINE#         605
  C:9A14H         LINE#         606
  C:9A14H         LINE#         607
  C:9A42H         LINE#         608
  C:9A59H         LINE#         609
  C:9A5DH         LINE#         610
  C:9A60H         LINE#         611
  C:9A60H         LINE#         612
  C:9A60H         LINE#         613
  C:9A73H         LINE#         614
  C:9AA5H         LINE#         616
  C:9AB4H         LINE#         617
  C:9AB7H         LINE#         619
  C:9ABAH         LINE#         620
  C:9AC4H         LINE#         621
  C:9AC7H         LINE#         622
  C:9AC7H         LINE#         623
  C:9ACAH         LINE#         626
  -------         ENDPROC       TIMER1INT
  -------         PROC          SER_INT
  -------         DO            
  D:0026H         SYMBOL        i
  C:A70FH         SYMBOL        kon
  -------         ENDDO         
  C:A119H         LINE#         629
  C:A126H         LINE#         652
  C:A12CH         LINE#         653
  C:A12CH         LINE#         654
BL51 BANKED LINKER/LOCATER V6.05                                                      04/29/2011  15:22:16  PAGE 11


  C:A12EH         LINE#         655
  C:A134H         LINE#         656
  C:A134H         LINE#         658
  C:A134H         LINE#         659
  C:A134H         LINE#         661
  C:A13DH         LINE#         662
  C:A13DH         LINE#         665
  C:A141H         LINE#         666
  C:A143H         LINE#         667
  C:A14AH         LINE#         668
  C:A14AH         LINE#         669
  C:A14DH         LINE#         671
  C:A150H         LINE#         672
  C:A150H         LINE#         673
  C:A153H         LINE#         681
  C:A159H         LINE#         682
  C:A159H         LINE#         683
  C:A17FH         LINE#         684
  C:A17FH         LINE#         685
  C:A185H         LINE#         686
  C:A187H         LINE#         688
  C:A187H         LINE#         689
  C:A18AH         LINE#         690
  C:A18DH         LINE#         691
  C:A18DH         LINE#         692
  C:A18DH         LINE#         695
  C:A191H         LINE#         696
  C:A191H         LINE#         697
  C:A19AH         LINE#         698
  C:A19AH         LINE#         699
  C:A19DH         LINE#         700
  C:A1A0H         LINE#         701
  C:A1A0H         LINE#         703
  C:A1A0H         LINE#         705
  C:A1A0H         LINE#         706
  C:A1A0H         LINE#         708
  C:A1A6H         LINE#         709
  C:A1A6H         LINE#         710
  C:A1CAH         LINE#         711
  C:A1CAH         LINE#         712
  C:A1CDH         LINE#         713
  C:A1D0H         LINE#         714
  C:A1D0H         LINE#         715
  C:A1D0H         LINE#         717
  C:A1E2H         LINE#         723
  C:A204H         LINE#         724
  C:A204H         LINE#         725
  C:A207H         LINE#         726
  C:A22FH         LINE#         727
  C:A22FH         LINE#         728
  C:A235H         LINE#         729
  C:A23BH         LINE#         730
  C:A23BH         LINE#         731
  C:A248H         LINE#         732
  C:A248H         LINE#         733
  C:A253H         LINE#         734
  C:A26DH         LINE#         735
BL51 BANKED LINKER/LOCATER V6.05                                                      04/29/2011  15:22:16  PAGE 12


  C:A271H         LINE#         736
  C:A273H         LINE#         738
  C:A280H         LINE#         739
  C:A280H         LINE#         741
  C:A2C1H         LINE#         742
  C:A2D0H         LINE#         743
  C:A2D4H         LINE#         745
  C:A328H         LINE#         746
  C:A328H         LINE#         749
  C:A32FH         LINE#         750
  C:A336H         LINE#         751
  C:A33CH         LINE#         752
  C:A346H         LINE#         753
  C:A346H         LINE#         754
  C:A362H         LINE#         755
  C:A366H         LINE#         757
  C:A374H         LINE#         758
  C:A37EH         LINE#         761
  C:A38DH         LINE#         762
  C:A38DH         LINE#         763
  C:A393H         LINE#         764
  C:A39AH         LINE#         765
  C:A3A0H         LINE#         766
  C:A3ACH         LINE#         767
  C:A3B2H         LINE#         768
  C:A3BEH         LINE#         769
  C:A3BEH         LINE#         770
  C:A3C4H         LINE#         771
  C:A3C4H         LINE#         773
  C:A3D3H         LINE#         774
  C:A3E4H         LINE#         776
  C:A3FDH         LINE#         778
  C:A419H         LINE#         779
  C:A419H         LINE#         780
  C:A438H         LINE#         781
  C:A43EH         LINE#         782
  C:A440H         LINE#         783
  C:A440H         LINE#         786
  C:A445H         LINE#         787
  C:A445H         LINE#         788
  C:A447H         LINE#         789
  C:A447H         LINE#         791
  C:A447H         LINE#         794
  C:A456H         LINE#         795
  C:A456H         LINE#         796
  C:A45EH         LINE#         797
  C:A45EH         LINE#         798
  C:A474H         LINE#         799
  C:A47EH         LINE#         800
  C:A47EH         LINE#         802
  C:A49AH         LINE#         803
  C:A49EH         LINE#         805
  C:A4A6H         LINE#         806
  C:A4B5H         LINE#         807
  C:A4B8H         LINE#         808
  C:A4C1H         LINE#         809
  C:A4C1H         LINE#         810
BL51 BANKED LINKER/LOCATER V6.05                                                      04/29/2011  15:22:16  PAGE 13


  C:A4C1H         LINE#         812
  C:A509H         LINE#         813
  C:A509H         LINE#         814
  C:A513H         LINE#         815
  C:A513H         LINE#         816
  C:A516H         LINE#         817
  C:A516H         LINE#         818
  C:A516H         LINE#         819
  C:A516H         LINE#         821
  C:A559H         LINE#         822
  C:A559H         LINE#         823
  C:A55BH         LINE#         824
  C:A55DH         LINE#         825
  C:A562H         LINE#         826
  C:A564H         LINE#         829
  C:A564H         LINE#         831
  C:A57EH         LINE#         832
  C:A584H         LINE#         833
  C:A586H         LINE#         835
  C:A586H         LINE#         836
  C:A589H         LINE#         837
  C:A58CH         LINE#         838
  C:A58CH         LINE#         839
  C:A58EH         LINE#         841
  C:A58EH         LINE#         842
  C:A591H         LINE#         843
  C:A594H         LINE#         844
  C:A594H         LINE#         845
  C:A594H         LINE#         847
  C:A594H         LINE#         849
  C:A59AH         LINE#         850
  C:A59CH         LINE#         851
  C:A59FH         LINE#         852
  C:A59FH         LINE#         853
  C:A5A5H         LINE#         854
  C:A5A5H         LINE#         857
  C:A5AEH         LINE#         858
  C:A5AEH         LINE#         859
  C:A5B8H         LINE#         860
  C:A5C0H         LINE#         861
  C:A5CCH         LINE#         863
  C:A5D4H         LINE#         864
  C:A5D4H         LINE#         865
  C:A5DDH         LINE#         866
  C:A5E4H         LINE#         867
  C:A5EDH         LINE#         868
  C:A5F4H         LINE#         869
  C:A5F7H         LINE#         871
  C:A60BH         LINE#         872
  C:A60EH         LINE#         874
  C:A617H         LINE#         875
  C:A617H         LINE#         876
  C:A61CH         LINE#         877
  C:A620H         LINE#         878
  C:A622H         LINE#         880
  C:A631H         LINE#         881
  C:A633H         LINE#         883
BL51 BANKED LINKER/LOCATER V6.05                                                      04/29/2011  15:22:16  PAGE 14


  C:A64DH         LINE#         884
  C:A65AH         LINE#         886
  C:A679H         LINE#         887
  C:A679H         LINE#         888
  C:A680H         LINE#         889
  C:A683H         LINE#         890
  C:A686H         LINE#         891
  C:A688H         LINE#         893
  C:A69CH         LINE#         894
  C:A6A2H         LINE#         895
  C:A6A7H         LINE#         896
  C:A6B8H         LINE#         898
  C:A6C1H         LINE#         899
  C:A707H         LINE#         901
  C:A70AH         LINE#         902
  C:A70CH         LINE#         904
  C:A70FH         LINE#         907
  C:A70FH         LINE#         909
  C:A70FH         LINE#         915
  -------         ENDPROC       SER_INT
  -------         PROC          KMD
  -------         DO            
  X:003EH         SYMBOL        tmp_rw
  -------         DO            
  D:0027H         SYMBOL        t
  -------         ENDDO         
  -------         ENDDO         
  C:8B2FH         LINE#         919
  C:8B2FH         LINE#         920
  C:8B2FH         LINE#         935
  C:8B77H         LINE#         936
  C:8B77H         LINE#         938
  C:8B79H         LINE#         939
  C:8B8DH         LINE#         940
  C:8B8FH         LINE#         941
  C:8B9EH         LINE#         942
  C:8BA1H         LINE#         943
  C:8BA1H         LINE#         945
  C:8BDAH         LINE#         946
  C:8BDAH         LINE#         947
  C:8BDDH         LINE#         958
  C:8BE4H         LINE#         1030
  C:8BEAH         LINE#         1031
  C:8BEAH         LINE#         1032
  C:8BF8H         LINE#         1033
  C:8BF8H         LINE#         1034
  C:8C0CH         LINE#         1035
  C:8C19H         LINE#         1036
  C:8C2AH         LINE#         1037
  C:8C2AH         LINE#         1038
  C:8C2AH         LINE#         1040
  C:8C30H         LINE#         1041
  C:8C30H         LINE#         1042
  C:8C3EH         LINE#         1043
  C:8C3EH         LINE#         1044
  C:8C52H         LINE#         1045
  C:8C5FH         LINE#         1046
BL51 BANKED LINKER/LOCATER V6.05                                                      04/29/2011  15:22:16  PAGE 15


  C:8C70H         LINE#         1047
  C:8C70H         LINE#         1048
  C:8C70H         LINE#         1084
  C:8C70H         LINE#         1100
  C:8C94H         LINE#         1101
  C:8C94H         LINE#         1103
  C:8CA8H         LINE#         1104
  C:8CD0H         LINE#         1105
  C:8CDCH         LINE#         1106
  C:8CEDH         LINE#         1107
  C:8CF3H         LINE#         1108
  C:8CF6H         LINE#         1109
  C:8CF6H         LINE#         1112
  C:8D2DH         LINE#         1113
  C:8D2DH         LINE#         1114
  C:8D36H         LINE#         1115
  C:8D44H         LINE#         1117
  C:8D4DH         LINE#         1118
  C:8D5BH         LINE#         1119
  C:8D5BH         LINE#         1121
  C:8D64H         LINE#         1122
  C:8D72H         LINE#         1141
  C:8D72H         LINE#         1159
  C:8D7FH         LINE#         1160
  C:8D7FH         LINE#         1161
  C:8DB4H         LINE#         1162
  C:8DB4H         LINE#         1177
  C:8DBBH         LINE#         1178
  C:8DC2H         LINE#         1179
  C:8DC9H         LINE#         1181
  C:8DCFH         LINE#         1182
  C:8DD4H         LINE#         1183
  C:8DD6H         LINE#         1184
  C:8DEEH         LINE#         1185
  C:8DF0H         LINE#         1186
  C:8E01H         LINE#         1187
  C:8E01H         LINE#         1188
  C:8E0BH         LINE#         1189
  C:8E0BH         LINE#         1190
  C:8E1FH         LINE#         1191
  C:8E1FH         LINE#         1192
  C:8E21H         LINE#         1193
  C:8E23H         LINE#         1195
  C:8E23H         LINE#         1196
  C:8E25H         LINE#         1197
  C:8E25H         LINE#         1198
  C:8E3DH         LINE#         1199
  C:8E46H         LINE#         1200
  C:8E5EH         LINE#         1201
  C:8E60H         LINE#         1202
  C:8E7CH         LINE#         1203
  C:8E7EH         LINE#         1204
  C:8E82H         LINE#         1205
  C:8E9AH         LINE#         1206
  C:8EA7H         LINE#         1207
  C:8ED4H         LINE#         1208
  C:8EE2H         LINE#         1209
BL51 BANKED LINKER/LOCATER V6.05                                                      04/29/2011  15:22:16  PAGE 16


  C:8EE6H         LINE#         1210
  C:8EECH         LINE#         1211
  C:8F04H         LINE#         1212
  C:8F0DH         LINE#         1213
  C:8F25H         LINE#         1214
  C:8F27H         LINE#         1274
  C:8F2DH         LINE#         1275
  C:8F30H         LINE#         1276
  C:8F36H         LINE#         1279
  C:8F36H         LINE#         1281
  C:8F6BH         LINE#         1282
  C:8F6BH         LINE#         1283
  C:8F8DH         LINE#         1284
  C:8F9EH         LINE#         1285
  C:8FA8H         LINE#         1286
  C:8FB1H         LINE#         1287
  C:8FB7H         LINE#         1288
  C:8FD1H         LINE#         1289
  C:8FD8H         LINE#         1290
  C:8FF4H         LINE#         1291
  C:9006H         LINE#         1292
  C:901EH         LINE#         1293
  C:902BH         LINE#         1294
  C:9058H         LINE#         1295
  C:9066H         LINE#         1298
  C:906AH         LINE#         1299
  C:9075H         LINE#         1300
  C:908FH         LINE#         1301
  C:9096H         LINE#         1302
  C:90AEH         LINE#         1303
  C:90C8H         LINE#         1304
  C:90E6H         LINE#         1305
  C:9100H         LINE#         1306
  C:911AH         LINE#         1307
  C:9124H         LINE#         1308
  C:9133H         LINE#         1309
  C:914BH         LINE#         1310
  C:9170H         LINE#         1311
  C:9182H         LINE#         1312
  C:919AH         LINE#         1313
  C:91BFH         LINE#         1314
  C:91ECH         LINE#         1315
  C:91FAH         LINE#         1318
  C:9216H         LINE#         1319
  C:9227H         LINE#         1320
  C:9259H         LINE#         1321
  C:925CH         LINE#         1322
  C:928AH         LINE#         1324
  C:92A0H         LINE#         1325
  C:92B6H         LINE#         1326
  C:92D5H         LINE#         1327
  C:92D7H         LINE#         1328
  C:92E1H         LINE#         1329
  C:92E3H         LINE#         1330
  C:92ECH         LINE#         1331
  C:9304H         LINE#         1332
  C:9326H         LINE#         1333
BL51 BANKED LINKER/LOCATER V6.05                                                      04/29/2011  15:22:16  PAGE 17


  C:9340H         LINE#         1334
  C:935AH         LINE#         1335
  C:937DH         LINE#         1344
  C:9387H         LINE#         1345
  C:93A7H         LINE#         1351
  C:93A9H         LINE#         1352
  C:93B8H         LINE#         1353
  C:93BBH         LINE#         1354
  C:93BBH         LINE#         1356
  C:93BBH         LINE#         1496
  C:93C5H         LINE#         1497
  C:93CEH         LINE#         1512
  -------         ENDPROC       KMD
  -------         PROC          MAIN
  -------         DO            
  X:003CH         SYMBOL        fl_kal
  X:003DH         SYMBOL        kol_cik
  C:83E3H         SYMBOL        zz1
  C:8A0BH         SYMBOL        kon1
  -------         DO            
  D:0028H         SYMBOL        j4
  D:0029H         SYMBOL        i1
  -------         ENDDO         
  -------         DO            
  D:0029H         SYMBOL        i1
  -------         ENDDO         
  -------         ENDDO         
  C:7FD4H         LINE#         1518
  C:7FD9H         LINE#         1520
  C:7FE3H         LINE#         1521
  C:7FE5H         LINE#         1522
  C:7FE7H         LINE#         1523
  C:7FE9H         LINE#         1526
  C:7FECH         LINE#         1527
  C:7FEFH         LINE#         1529
  C:7FF2H         LINE#         1531
  C:7FF5H         LINE#         1532
  C:7FFBH         LINE#         1533
  C:7FFDH         LINE#         1535
  C:8000H         LINE#         1536
  C:8003H         LINE#         1538
  C:8005H         LINE#         1540
  C:8008H         LINE#         1541
  C:8008H         LINE#         1542
  C:800AH         LINE#         1543
  C:800CH         LINE#         1544
  C:800FH         LINE#         1545
  C:8011H         LINE#         1547
  C:8011H         LINE#         1550
  C:8013H         LINE#         1551
  C:801CH         LINE#         1552
  C:8025H         LINE#         1553
  C:802EH         LINE#         1554
  C:8037H         LINE#         1555
  C:8039H         LINE#         1556
  C:803BH         LINE#         1557
  C:8041H         LINE#         1558
BL51 BANKED LINKER/LOCATER V6.05                                                      04/29/2011  15:22:16  PAGE 18


  C:8047H         LINE#         1559
  C:804DH         LINE#         1560
  C:8053H         LINE#         1561
  C:8059H         LINE#         1562
  C:805FH         LINE#         1563
  C:8061H         LINE#         1564
  C:8063H         LINE#         1565
  C:8065H         LINE#         1566
  C:8067H         LINE#         1567
  C:806EH         LINE#         1568
  C:8075H         LINE#         1569
  C:807CH         LINE#         1570
  C:8082H         LINE#         1571
  C:8087H         LINE#         1572
  C:808AH         LINE#         1573
  C:808CH         LINE#         1574
  C:808EH         LINE#         1575
  C:8096H         LINE#         1577
  C:809AH         LINE#         1578
  C:809CH         LINE#         1581
  C:809FH         LINE#         1583
  C:80ABH         LINE#         1585
  C:80AFH         LINE#         1586
  C:80B9H         LINE#         1587
  C:80BDH         LINE#         1589
  C:80C6H         LINE#         1591
  C:80CDH         LINE#         1592
  C:80D1H         LINE#         1594
  C:80D6H         LINE#         1595
  C:80DBH         LINE#         1597
  C:80DEH         LINE#         1599
  C:80E3H         LINE#         1600
  C:80E3H         LINE#         1601
  C:80E9H         LINE#         1602
  C:80EBH         LINE#         1604
  C:80F1H         LINE#         1605
  C:80F1H         LINE#         1607
  C:80FDH         LINE#         1608
  C:8100H         LINE#         1609
  C:8105H         LINE#         1610
  C:8108H         LINE#         1611
  C:810BH         LINE#         1612
  C:8110H         LINE#         1613
  C:8113H         LINE#         1614
  C:8115H         LINE#         1615
  C:811AH         LINE#         1616
  C:811CH         LINE#         1618
  C:8128H         LINE#         1620
  C:812EH         LINE#         1621
  C:8134H         LINE#         1622
  C:8143H         LINE#         1623
  C:814FH         LINE#         1626
  C:8155H         LINE#         1627
  C:815BH         LINE#         1628
  C:816AH         LINE#         1629
  C:8176H         LINE#         1632
  C:817EH         LINE#         1635
BL51 BANKED LINKER/LOCATER V6.05                                                      04/29/2011  15:22:16  PAGE 19


  C:8181H         LINE#         1636
  C:8184H         LINE#         1638
  C:818CH         LINE#         1639
  C:8199H         LINE#         1640
  C:8199H         LINE#         1641
  C:81B2H         LINE#         1642
  C:81B2H         LINE#         1643
  C:81C7H         LINE#         1644
  C:81E4H         LINE#         1645
  C:81FFH         LINE#         1646
  C:8204H         LINE#         1647
  C:8207H         LINE#         1648
  C:8207H         LINE#         1650
  C:821CH         LINE#         1651
  C:8239H         LINE#         1652
  C:8254H         LINE#         1653
  C:8259H         LINE#         1654
  C:825CH         LINE#         1655
  C:825CH         LINE#         1657
  C:8271H         LINE#         1658
  C:8271H         LINE#         1659
  C:828CH         LINE#         1660
  C:828CH         LINE#         1662
  C:82A5H         LINE#         1663
  C:82BAH         LINE#         1664
  C:82BEH         LINE#         1666
  C:82C0H         LINE#         1667
  C:82C0H         LINE#         1668
  C:82C5H         LINE#         1672
  C:82CFH         LINE#         1673
  C:82E1H         LINE#         1674
  C:82E5H         LINE#         1676
  C:82E9H         LINE#         1677
  C:82F6H         LINE#         1678
  C:830FH         LINE#         1679
  C:830FH         LINE#         1682
  C:8321H         LINE#         1683
  C:832FH         LINE#         1684
  C:832FH         LINE#         1685
  C:8346H         LINE#         1686
  C:836DH         LINE#         1687
  C:836DH         LINE#         1688
  C:8390H         LINE#         1689
  C:8392H         LINE#         1690
  C:8392H         LINE#         1691
  C:8397H         LINE#         1692
  C:8397H         LINE#         1693
  C:839CH         LINE#         1695
  C:839FH         LINE#         1696
  C:83A1H         LINE#         1697
  C:83A6H         LINE#         1698
  C:83A8H         LINE#         1699
  C:83ADH         LINE#         1702
  C:83AFH         LINE#         1703
  C:83B2H         LINE#         1704
  C:83B5H         LINE#         1705
  C:83B7H         LINE#         1706
BL51 BANKED LINKER/LOCATER V6.05                                                      04/29/2011  15:22:16  PAGE 20


  C:83B9H         LINE#         1707
  C:83BBH         LINE#         1708
  C:83BDH         LINE#         1710
  C:83D2H         LINE#         1711
  C:83DCH         LINE#         1713
  C:83DFH         LINE#         1714
  C:83E1H         LINE#         1715
  C:83E3H         LINE#         1727
  C:83E3H         LINE#         1729
  C:83E6H         LINE#         1730
  C:83E6H         LINE#         1732
  C:83F4H         LINE#         1733
  C:83FAH         LINE#         1734
  C:83FCH         LINE#         1735
  C:8401H         LINE#         1736
  C:8403H         LINE#         1738
  C:8403H         LINE#         1740
  C:840EH         LINE#         1741
  C:8414H         LINE#         1743
  C:841FH         LINE#         1744
  C:8425H         LINE#         1746
  C:8430H         LINE#         1747
  C:8435H         LINE#         1749
  C:8443H         LINE#         1750
  C:8459H         LINE#         1751
  C:845CH         LINE#         1752
  C:845FH         LINE#         1753
  C:8464H         LINE#         1754
  C:846CH         LINE#         1755
  C:846CH         LINE#         1807
  C:8479H         LINE#         1808
  C:8479H         LINE#         1810
  C:847CH         LINE#         1811
  C:8486H         LINE#         1812
  C:8486H         LINE#         1813
  C:84AFH         LINE#         1814
  C:84AFH         LINE#         1815
  C:84E2H         LINE#         1816
  C:84E4H         LINE#         1818
  C:84FBH         LINE#         1819
  C:84FFH         LINE#         1822
  C:8504H         LINE#         1823
  C:8506H         LINE#         1826
  C:8509H         LINE#         1827
  C:850CH         LINE#         1828
  C:850CH         LINE#         1830
  C:8512H         LINE#         1831
  C:8514H         LINE#         1833
  C:851AH         LINE#         1837
  C:8520H         LINE#         1838
  C:8520H         LINE#         1840
  C:8522H         LINE#         1841
  C:853BH         LINE#         1842
  C:853BH         LINE#         1843
  C:8548H         LINE#         1844
  C:8548H         LINE#         1845
  C:8553H         LINE#         1846
BL51 BANKED LINKER/LOCATER V6.05                                                      04/29/2011  15:22:16  PAGE 21


  C:8563H         LINE#         1848
  C:8566H         LINE#         1851
  C:858AH         LINE#         1852
  C:85A3H         LINE#         1854
  C:85C9H         LINE#         1855
  C:85E2H         LINE#         1857
  C:8608H         LINE#         1858
  C:8621H         LINE#         1860
  C:8647H         LINE#         1861
  C:8660H         LINE#         1862
  C:8662H         LINE#         1863
  C:8667H         LINE#         1864
  C:866DH         LINE#         1865
  C:867CH         LINE#         1866
  C:867EH         LINE#         1867
  C:8681H         LINE#         1868
  C:868AH         LINE#         1869
  C:868CH         LINE#         1871
  C:868FH         LINE#         1872
  C:8691H         LINE#         1873
  C:8693H         LINE#         1874
  C:8693H         LINE#         1876
  C:8699H         LINE#         1877
  C:8699H         LINE#         1879
  C:869BH         LINE#         1880
  C:86B4H         LINE#         1881
  C:86B4H         LINE#         1882
  C:86BEH         LINE#         1883
  C:86C4H         LINE#         1885
  C:86D1H         LINE#         1886
  C:86D1H         LINE#         1887
  C:86DCH         LINE#         1888
  C:86ECH         LINE#         1890
  C:86EFH         LINE#         1892
  C:8713H         LINE#         1893
  C:872DH         LINE#         1894
  C:872DH         LINE#         1896
  C:8753H         LINE#         1897
  C:876DH         LINE#         1898
  C:876DH         LINE#         1900
  C:8793H         LINE#         1901
  C:87ADH         LINE#         1902
  C:87ADH         LINE#         1904
  C:87D3H         LINE#         1905
  C:87EDH         LINE#         1906
  C:87EDH         LINE#         1907
  C:87EFH         LINE#         1908
  C:87F1H         LINE#         1909
  C:87F4H         LINE#         1910
  C:87F6H         LINE#         1911
  C:87F8H         LINE#         1912
  C:87FBH         LINE#         1913
  C:87FDH         LINE#         1914
  C:8802H         LINE#         1915
  C:8805H         LINE#         1916
  C:8805H         LINE#         1918
  C:881EH         LINE#         1919
BL51 BANKED LINKER/LOCATER V6.05                                                      04/29/2011  15:22:16  PAGE 22


  C:881EH         LINE#         1921
  C:8828H         LINE#         1922
  C:882EH         LINE#         1924
  C:883BH         LINE#         1925
  C:883BH         LINE#         1926
  C:8846H         LINE#         1927
  C:8856H         LINE#         1928
  C:8859H         LINE#         1929
  C:887DH         LINE#         1930
  C:88B3H         LINE#         1932
  C:88D9H         LINE#         1933
  C:890FH         LINE#         1935
  C:8935H         LINE#         1936
  C:896BH         LINE#         1938
  C:8991H         LINE#         1939
  C:89C7H         LINE#         1940
  C:89C9H         LINE#         1941
  C:89CBH         LINE#         1942
  C:89CEH         LINE#         1943
  C:89D0H         LINE#         1944
  C:89D2H         LINE#         1945
  C:89D5H         LINE#         1946
  C:89D7H         LINE#         1948
  C:89DCH         LINE#         1950
  C:89DFH         LINE#         1951
  C:89E3H         LINE#         1952
  C:89E3H         LINE#         1953
  C:89E9H         LINE#         1954
  C:89F8H         LINE#         1955
  C:89FAH         LINE#         1956
  C:89FDH         LINE#         1957
  C:8A06H         LINE#         1958
  C:8A08H         LINE#         1960
  C:8A0BH         LINE#         1961
  C:8A0BH         LINE#         1962
  C:8A0BH         LINE#         1963
  C:8A0DH         LINE#         1964
  C:8A0FH         LINE#         1966
  C:8A0FH         LINE#         1970
  C:8A1CH         LINE#         1971
  C:8A1CH         LINE#         1973
  C:8A21H         LINE#         1975
  C:8A2CH         LINE#         1976
  C:8A2CH         LINE#         1977
  C:8A35H         LINE#         1978
  C:8A3BH         LINE#         1979
  C:8A3BH         LINE#         1980
  C:8A47H         LINE#         1981
  C:8A47H         LINE#         1982
  C:8A4FH         LINE#         1983
  C:8A55H         LINE#         1984
  C:8A55H         LINE#         2002
  C:8A57H         LINE#         2003
  C:8A5AH         LINE#         2004
  C:8A5CH         LINE#         2005
  C:8A5EH         LINE#         2007
  C:8A61H         LINE#         2010
BL51 BANKED LINKER/LOCATER V6.05                                                      04/29/2011  15:22:16  PAGE 23


  C:8A67H         LINE#         2012
  C:8A75H         LINE#         2013
  C:8A7BH         LINE#         2015
  C:8A81H         LINE#         2016
  C:8A87H         LINE#         2017
  C:8A8AH         LINE#         2018
  C:8A8CH         LINE#         2019
  C:8A8FH         LINE#         2020
  C:8A92H         LINE#         2021
  C:8AA0H         LINE#         2022
  C:8AC5H         LINE#         2023
  C:8ACBH         LINE#         2024
  C:8AD5H         LINE#         2026
  C:8ADBH         LINE#         2027
  C:8AE1H         LINE#         2028
  C:8AE6H         LINE#         2029
  C:8AECH         LINE#         2031
  C:8AF2H         LINE#         2034
  C:8AFBH         LINE#         2035
  C:8AFFH         LINE#         2036
  C:8B02H         LINE#         2037
  C:8B02H         LINE#         2040
  C:8B0DH         LINE#         2041
  C:8B13H         LINE#         2043
  C:8B1EH         LINE#         2044
  C:8B20H         LINE#         2046
  C:8B20H         LINE#         2047
  C:8B20H         LINE#         2051
  C:8B27H         LINE#         2052
  C:8B27H         LINE#         2053
  C:8B29H         LINE#         2058
  C:8B2CH         LINE#         2059
  -------         ENDPROC       MAIN
  -------         ENDMOD        MAIN_BKCD

  -------         MODULE        SETUP_ADC
  C:0000H         SYMBOL        _ICE_DUMMY_
  D:0080H         PUBLIC        P0
  D:0090H         PUBLIC        P1
  D:00B0H         PUBLIC        P3
  D:00D8H         PUBLIC        ADCSTAT
  D:00A8H         PUBLIC        IE
  D:00A1H         PUBLIC        TIMECON
  D:00B8H         PUBLIC        IP
  D:00E8H         PUBLIC        I2CCON
  D:0098H         PUBLIC        SCON
  D:0088H         PUBLIC        TCON
  D:00A5H         PUBLIC        HOUR
  D:00F8H         PUBLIC        SPICON
  B:00E8H.6       PUBLIC        MDE
  B:00E8H.4       PUBLIC        MDI
  D:00A3H         PUBLIC        SEC
  C:73C4H         PUBLIC        setup_ADC
  B:00E8H.5       PUBLIC        MCO
  B:00E8H.7       PUBLIC        MDO
  D:00A4H         PUBLIC        MIN
  D:00C8H         PUBLIC        T2CON
BL51 BANKED LINKER/LOCATER V6.05                                                      04/29/2011  15:22:16  PAGE 24


  D:00D0H         PUBLIC        PSW
  D:00C0H         PUBLIC        WDCON
  -------         PROC          SETUP_ADC
  -------         DO            
  X:001CH         SYMBOL        DL
  X:001DH         SYMBOL        tmp_rw
  X:001EH         SYMBOL        is
  X:001FH         SYMBOL        js
  X:0020H         SYMBOL        buf_ch
  X:0028H         SYMBOL        adcbuf
  D:0018H         SYMBOL        wadc
  I:001AH         SYMBOL        zadc
  D:0019H         SYMBOL        N_CH
  -------         ENDDO         
  C:73C4H         LINE#         71
  C:73C4H         LINE#         72
  C:73C4H         LINE#         103
  C:73C8H         LINE#         108
  C:73D0H         LINE#         109
  C:73D8H         LINE#         110
  C:73EEH         LINE#         111
  C:73EEH         LINE#         113
  C:73F5H         LINE#         114
  C:7408H         LINE#         118
  C:741DH         LINE#         119
  C:741DH         LINE#         120
  C:7426H         LINE#         121
  C:742FH         LINE#         122
  C:7438H         LINE#         123
  C:7441H         LINE#         126
  C:7441H         LINE#         129
  C:7456H         LINE#         130
  C:7456H         LINE#         131
  C:745FH         LINE#         132
  C:7468H         LINE#         133
  C:7471H         LINE#         134
  C:747AH         LINE#         137
  C:747AH         LINE#         139
  C:748FH         LINE#         140
  C:748FH         LINE#         141
  C:749CH         LINE#         142
  C:74A9H         LINE#         147
  C:74A9H         LINE#         149
  C:74B2H         LINE#         225
  C:74D4H         LINE#         226
  C:74E7H         LINE#         227
  C:74F7H         LINE#         228
  C:7500H         LINE#         229
  C:7506H         LINE#         230
  C:7520H         LINE#         231
  C:7527H         LINE#         232
  C:7543H         LINE#         233
  C:7559H         LINE#         234
  C:7571H         LINE#         235
  C:757EH         LINE#         236
  C:75ABH         LINE#         237
  C:75B9H         LINE#         240
BL51 BANKED LINKER/LOCATER V6.05                                                      04/29/2011  15:22:16  PAGE 25


  C:75BDH         LINE#         241
  C:75CCH         LINE#         242
  C:75E6H         LINE#         243
  C:75EDH         LINE#         244
  C:7605H         LINE#         245
  C:761FH         LINE#         246
  C:763DH         LINE#         247
  C:7657H         LINE#         248
  C:7671H         LINE#         249
  C:7681H         LINE#         250
  C:7690H         LINE#         251
  C:76A8H         LINE#         252
  C:76CDH         LINE#         253
  C:76E3H         LINE#         254
  C:76FBH         LINE#         255
  C:7720H         LINE#         256
  C:774DH         LINE#         257
  C:775BH         LINE#         259
  C:7777H         LINE#         260
  C:778AH         LINE#         261
  C:77C2H         LINE#         262
  C:77C5H         LINE#         263
  C:77F5H         LINE#         265
  C:780CH         LINE#         266
  C:7823H         LINE#         267
  C:7846H         LINE#         268
  C:7848H         LINE#         269
  C:7853H         LINE#         270
  C:7855H         LINE#         271
  C:785EH         LINE#         272
  C:7876H         LINE#         273
  C:789BH         LINE#         274
  C:78B5H         LINE#         275
  C:78CFH         LINE#         276
  C:78F2H         LINE#         278
  C:7911H         LINE#         280
  C:791FH         LINE#         281
  C:792EH         LINE#         282
  C:794DH         LINE#         283
  C:795CH         LINE#         284
  C:797BH         LINE#         285
  C:798AH         LINE#         286
  C:79A9H         LINE#         290
  C:79B7H         LINE#         291
  C:79C6H         LINE#         292
  C:79E5H         LINE#         293
  C:79F4H         LINE#         294
  C:7A13H         LINE#         295
  C:7A22H         LINE#         296
  C:7A41H         LINE#         297
  C:7A61H         LINE#         298
  C:7A81H         LINE#         300
  C:7A8FH         LINE#         301
  C:7A9EH         LINE#         302
  C:7ABDH         LINE#         303
  C:7ACCH         LINE#         304
  C:7AEBH         LINE#         305
BL51 BANKED LINKER/LOCATER V6.05                                                      04/29/2011  15:22:16  PAGE 26


  C:7AFAH         LINE#         306
  C:7B19H         LINE#         310
  C:7B3BH         LINE#         311
  C:7B4EH         LINE#         312
  C:7B5EH         LINE#         313
  C:7B67H         LINE#         314
  C:7B6DH         LINE#         315
  C:7B87H         LINE#         316
  C:7B8EH         LINE#         317
  C:7BAAH         LINE#         318
  C:7BC0H         LINE#         319
  C:7BD8H         LINE#         320
  C:7BE5H         LINE#         321
  C:7C12H         LINE#         322
  C:7C20H         LINE#         324
  C:7C24H         LINE#         325
  C:7C32H         LINE#         326
  C:7C4CH         LINE#         327
  C:7C53H         LINE#         328
  C:7C6BH         LINE#         329
  C:7C85H         LINE#         330
  C:7CA3H         LINE#         331
  C:7CBDH         LINE#         332
  C:7CD7H         LINE#         333
  C:7CE7H         LINE#         334
  C:7CF6H         LINE#         335
  C:7D0EH         LINE#         336
  C:7D33H         LINE#         337
  C:7D49H         LINE#         338
  C:7D61H         LINE#         339
  C:7D86H         LINE#         340
  C:7DB3H         LINE#         341
  C:7DC1H         LINE#         343
  C:7DDDH         LINE#         344
  C:7DF0H         LINE#         345
  C:7E28H         LINE#         346
  C:7E2BH         LINE#         347
  C:7E5BH         LINE#         349
  C:7E72H         LINE#         350
  C:7E89H         LINE#         351
  C:7EACH         LINE#         352
  C:7EAEH         LINE#         353
  C:7EB9H         LINE#         354
  C:7EBBH         LINE#         355
  C:7EC4H         LINE#         356
  C:7EDCH         LINE#         357
  C:7F01H         LINE#         358
  C:7F1BH         LINE#         359
  C:7F35H         LINE#         360
  C:7F58H         LINE#         361
  C:7F79H         LINE#         362
  C:7F80H         LINE#         363
  C:7FA1H         LINE#         364
  C:7FA8H         LINE#         365
  C:7FC9H         LINE#         366
  C:7FD0H         LINE#         367
  C:7FD3H         LINE#         370
BL51 BANKED LINKER/LOCATER V6.05                                                      04/29/2011  15:22:16  PAGE 27


  -------         ENDPROC       SETUP_ADC
  -------         ENDMOD        SETUP_ADC

  -------         MODULE        SETUP_BKCD
  C:0000H         SYMBOL        _ICE_DUMMY_
  D:0080H         PUBLIC        P0
  D:0090H         PUBLIC        P1
  D:00B0H         PUBLIC        P3
  B:00A8H.7       PUBLIC        EA
  D:00D8H         PUBLIC        ADCSTAT
  B:00E8H.3       PUBLIC        I2CM
  D:00D2H         PUBLIC        ADC0CON1
  D:00E6H         PUBLIC        ADC0CON2
  B:00A8H.6       PUBLIC        EADC
  D:00A8H         PUBLIC        IE
  D:00BCH         PUBLIC        EDATA1
  D:009DH         PUBLIC        T3FD
  D:00BDH         PUBLIC        EDATA2
  D:00BEH         PUBLIC        EDATA3
  D:00BFH         PUBLIC        EDATA4
  B:00A8H.4       PUBLIC        ES
  D:00D4H         PUBLIC        SF
  D:00B8H         PUBLIC        IP
  B:00D8H.7       PUBLIC        RDY0
  D:00E8H         PUBLIC        I2CCON
  D:00B9H         PUBLIC        ECON
  D:00FDH         PUBLIC        DACCON
  D:0087H         PUBLIC        PCON
  C:A71AH         PUBLIC        setup
  D:0098H         PUBLIC        SCON
  D:0089H         PUBLIC        TMOD
  D:0088H         PUBLIC        TCON
  B:00C0H.0       PUBLIC        WDWR
  D:00D7H         PUBLIC        PLLCON
  B:00A8H.5       PUBLIC        ET2
  D:00F8H         PUBLIC        SPICON
  B:00E8H.6       PUBLIC        MDE
  B:00C8H.2       PUBLIC        TR2
  B:00E8H.5       PUBLIC        MCO
  B:00E8H.7       PUBLIC        MDO
  D:00C7H         PUBLIC        EADRH
  D:00C8H         PUBLIC        T2CON
  D:009EH         PUBLIC        T3CON
  D:00C6H         PUBLIC        EADRL
  D:00D1H         PUBLIC        ADCMODE
  D:00D0H         PUBLIC        PSW
  D:00C0H         PUBLIC        WDCON
  -------         PROC          SETUP
  -------         DO            
  X:0072H         SYMBOL        i1
  X:0073H         SYMBOL        tmpadc
  X:0075H         SYMBOL        ADR_E
  X:0077H         SYMBOL        CM1
  X:0079H         SYMBOL        CM2
  -------         ENDDO         
  C:A71AH         LINE#         38
  C:A71AH         LINE#         39
BL51 BANKED LINKER/LOCATER V6.05                                                      04/29/2011  15:22:16  PAGE 28


  C:A71AH         LINE#         69
  C:A71DH         LINE#         70
  C:A720H         LINE#         71
  C:A722H         LINE#         72
  C:A727H         LINE#         73
  C:A729H         LINE#         75
  C:A72EH         LINE#         77
  C:A733H         LINE#         80
  C:A736H         LINE#         83
  C:A73EH         LINE#         84
  C:A741H         LINE#         85
  C:A743H         LINE#         86
  C:A745H         LINE#         87
  C:A747H         LINE#         88
  C:A749H         LINE#         89
  C:A74CH         LINE#         90
  C:A74FH         LINE#         98
  C:A752H         LINE#         99
  C:A755H         LINE#         121
  C:A847H         LINE#         122
  C:A939H         LINE#         123
  C:AA2CH         LINE#         124
  C:AB1FH         LINE#         132
  C:AB22H         LINE#         134
  C:AB25H         LINE#         135
  C:AB28H         LINE#         136
  C:AB2BH         LINE#         137
  C:AB2EH         LINE#         138
  C:AB30H         LINE#         139
  C:AB33H         LINE#         140
  C:AB36H         LINE#         141
  C:AB38H         LINE#         153
  -------         ENDPROC       SETUP
  -------         ENDMOD        SETUP_BKCD

  -------         MODULE        TASK3_BKCD
  C:0000H         SYMBOL        _ICE_DUMMY_
  D:0080H         PUBLIC        P0
  C:AFF7H         PUBLIC        TAB_ADC
  D:0090H         PUBLIC        P1
  D:00A0H         PUBLIC        P2
  D:00B0H         PUBLIC        P3
  D:00D8H         PUBLIC        ADCSTAT
  X:0400H         PUBLIC        Str_BX1_A
  X:021EH         PUBLIC        st_dol
  X:0100H         PUBLIC        BUF_N
  D:00E6H         PUBLIC        ADC0CON2
  D:00A8H         PUBLIC        IE
  X:0200H         PUBLIC        BUF_S
  D:00FCH         PUBLIC        DACH
  X:01C0H         PUBLIC        BUF_T
  X:0220H         PUBLIC        REL1_ON
  X:0140H         PUBLIC        BUF_U
  X:0222H         PUBLIC        REL2_ON
  D:0078H         PUBLIC        new_zn
  D:00FBH         PUBLIC        DACL
  B:00B0H.7       PUBLIC        RD
BL51 BANKED LINKER/LOCATER V6.05                                                      04/29/2011  15:22:16  PAGE 29


  I:00D4H         PUBLIC        CMRX_K1
  I:00D8H         PUBLIC        CMRX_K2
  D:00D4H         PUBLIC        SF
  D:00B8H         PUBLIC        IP
  D:00E8H         PUBLIC        I2CCON
  B:0022H.6       PUBLIC        fl_n
  I:00DCH         PUBLIC        PNT_BUF_TD
  X:0224H         PUBLIC        z1
  X:0225H         PUBLIC        z2
  X:0226H         PUBLIC        z3
  X:0227H         PUBLIC        z4
  D:0098H         PUBLIC        SCON
  D:0088H         PUBLIC        TCON
  X:0228H         PUBLIC        BX_A
  X:0238H         PUBLIC        TABX_CH_A
  D:00A5H         PUBLIC        HOUR
  D:00A2H         PUBLIC        HTHSEC
  I:00E0H         PUBLIC        cmr
  X:0248H         PUBLIC        BUF_FP_100
  X:0680H         PUBLIC        Str_CH_A
  C:0026H         PUBLIC        _task_3
  I:00E4H         PUBLIC        CMRX1_K1
  X:07B4H         PUBLIC        Str_TDAT
  I:00E8H         PUBLIC        CMRX1_K2
  I:00ECH         PUBLIC        CMRX2_K1
  B:0022H.7       PUBLIC        fl_v_dol
  I:00EEH         PUBLIC        CMRX2_K2
  I:00F0H         PUBLIC        i11
  D:00F8H         PUBLIC        SPICON
  X:024CH         PUBLIC        REL1_OFF
  X:024EH         PUBLIC        REL2_OFF
  X:0180H         PUBLIC        BUF_FP
  X:05E0H         PUBLIC        Str_BX_A
  B:00E8H.6       PUBLIC        MDE
  X:0250H         PUBLIC        Ves_kol
  B:00E8H.4       PUBLIC        MDI
  B:0080H.3       PUBLIC        RELE1
  D:00A3H         PUBLIC        SEC
  X:0252H         PUBLIC        copy_dol
  B:00E8H.5       PUBLIC        MCO
  B:00E8H.7       PUBLIC        MDO
  D:00A4H         PUBLIC        MIN
  D:00C8H         PUBLIC        T2CON
  X:0256H         PUBLIC        vel_dol
  X:025AH         PUBLIC        TABX_DAT
  X:07B0H         PUBLIC        ZG_TABX_DAT
  X:025CH         PUBLIC        BX1_A
  X:028CH         PUBLIC        cnt_kol
  D:00D1H         PUBLIC        ADCMODE
  X:028EH         PUBLIC        Mom_tr
  X:0290H         PUBLIC        cnt_ves
  D:00D0H         PUBLIC        PSW
  D:00C0H         PUBLIC        WDCON
  -------         PROC          _TASK_3
  X:0062H         SYMBOL        kan
  -------         DO            
  X:0063H         SYMBOL        pods
BL51 BANKED LINKER/LOCATER V6.05                                                      04/29/2011  15:22:16  PAGE 30


  I:00BFH         SYMBOL        kan_sl
  I:00C0H         SYMBOL        BX_KPH
  I:00C4H         SYMBOL        BX_KOD
  D:0072H         SYMBOL        tmp2
  I:00C6H         SYMBOL        zadc
  D:0076H         SYMBOL        tmpadc
  I:00C7H         SYMBOL        TEMP_1
  X:0065H         SYMBOL        tmp_int
  I:00CBH         SYMBOL        i11
  X:0067H         SYMBOL        tmp_ch
  X:0068H         SYMBOL        tmp_ch2
  I:00CCH         SYMBOL        per
  I:00CEH         SYMBOL        wadc
  I:00CFH         SYMBOL        N_CH
  I:00D0H         SYMBOL        tm
  C:7331H         SYMBOL        PPK
  C:5127H         SYMBOL        PR
  -------         DO            
  X:0069H         SYMBOL        tmadc
  X:006BH         SYMBOL        tmadc1
  -------         ENDDO         
  -------         DO            
  D:0063H         SYMBOL        g
  D:0064H         SYMBOL        g1
  X:0069H         SYMBOL        adcbuf
  -------         DO            
  D:0059H         SYMBOL        k
  D:005AH         SYMBOL        k1
  D:005BH         SYMBOL        P1
  D:005FH         SYMBOL        P2
  -------         DO            
  I:00A7H         SYMBOL        tmpadc_t
  -------         ENDDO         
  -------         ENDDO         
  -------         ENDDO         
  -------         DO            
  D:0069H         SYMBOL        g
  D:006AH         SYMBOL        g1
  D:006BH         SYMBOL        adcbuf
  -------         DO            
  X:0069H         SYMBOL        c_P0
  -------         ENDDO         
  -------         DO            
  I:00ABH         SYMBOL        temp2
  -------         ENDDO         
  -------         DO            
  D:0065H         SYMBOL        TEMP_l
  I:00ADH         SYMBOL        tmp_p
  -------         ENDDO         
  -------         DO            
  I:00B1H         SYMBOL        temp2
  I:00B3H         SYMBOL        CMRX2_K2
  -------         ENDDO         
  -------         ENDDO         
  -------         DO            
  I:00B7H         SYMBOL        tmpadc_t
  -------         ENDDO         
BL51 BANKED LINKER/LOCATER V6.05                                                      04/29/2011  15:22:16  PAGE 31


  -------         DO            
  X:0069H         SYMBOL        c_P0
  -------         ENDDO         
  -------         DO            
  X:0069H         SYMBOL        nol
  X:006BH         SYMBOL        bx
  X:006DH         SYMBOL        wadc1
  X:006EH         SYMBOL        vrem
  X:0069H         SYMBOL        nol
  X:006BH         SYMBOL        bx
  X:006DH         SYMBOL        wadc1
  X:006EH         SYMBOL        vrem
  X:0069H         SYMBOL        nol
  X:006BH         SYMBOL        bx
  X:006DH         SYMBOL        wadc1
  X:006EH         SYMBOL        vrem
  X:0069H         SYMBOL        nol
  X:006BH         SYMBOL        bx
  X:006DH         SYMBOL        wadc1
  X:006EH         SYMBOL        vrem
  I:00BBH         SYMBOL        tmpadc_t
  -------         ENDDO         
  -------         DO            
  X:0069H         SYMBOL        nol
  X:006BH         SYMBOL        bx
  X:006DH         SYMBOL        wadc1
  X:006EH         SYMBOL        vrem
  X:0069H         SYMBOL        nol
  X:006BH         SYMBOL        bx
  X:006DH         SYMBOL        wadc1
  X:006EH         SYMBOL        vrem
  X:0069H         SYMBOL        nol
  X:006BH         SYMBOL        bx
  X:006DH         SYMBOL        wadc1
  X:006EH         SYMBOL        vrem
  I:00BBH         SYMBOL        tmpadc_t
  -------         ENDDO         
  -------         DO            
  X:0069H         SYMBOL        nol
  X:006BH         SYMBOL        bx
  X:006DH         SYMBOL        wadc1
  X:006EH         SYMBOL        vrem
  X:0069H         SYMBOL        nol
  X:006BH         SYMBOL        bx
  X:006DH         SYMBOL        wadc1
  X:006EH         SYMBOL        vrem
  I:00BBH         SYMBOL        tmpadc_t
  -------         ENDDO         
  -------         DO            
  X:0069H         SYMBOL        nol
  X:006BH         SYMBOL        bx
  X:006DH         SYMBOL        wadc1
  X:006EH         SYMBOL        vrem
  I:00BBH         SYMBOL        tmpadc_t
  -------         ENDDO         
  -------         DO            
  I:00BBH         SYMBOL        tmpadc_t
BL51 BANKED LINKER/LOCATER V6.05                                                      04/29/2011  15:22:16  PAGE 32


  -------         ENDDO         
  -------         DO            
  D:0071H         SYMBOL        ind
  -------         ENDDO         
  -------         ENDDO         
  C:0026H         LINE#         99
  C:002BH         LINE#         100
  C:002BH         LINE#         102
  C:0033H         LINE#         104
  C:0037H         LINE#         105
  C:0040H         LINE#         106
  C:0047H         LINE#         107
  C:0053H         LINE#         108
  C:0057H         LINE#         109
  C:005DH         LINE#         114
  C:0066H         LINE#         115
  C:006EH         LINE#         117
  C:0073H         LINE#         118
  C:0078H         LINE#         119
  C:007FH         LINE#         121
  C:0083H         LINE#         122
  C:0087H         LINE#         123
  C:0090H         LINE#         149
  C:0096H         LINE#         150
  C:0096H         LINE#         191
  C:0099H         LINE#         192
  C:009BH         LINE#         193
  C:009EH         LINE#         196
  C:00B4H         LINE#         197
  C:00F4H         LINE#         199
  C:010DH         LINE#         200
  C:0114H         LINE#         202
  C:0117H         LINE#         203
  C:0128H         LINE#         204
  C:012BH         LINE#         209
  C:013EH         LINE#         210
  C:013EH         LINE#         211
  C:0185H         LINE#         212
  C:0185H         LINE#         213
  C:01D1H         LINE#         214
  C:020EH         LINE#         216
  C:0231H         LINE#         217
  C:023FH         LINE#         219
  C:027AH         LINE#         228
  C:0298H         LINE#         230
  C:0298H         LINE#         231
  C:02AEH         LINE#         232
  C:02C8H         LINE#         233
  C:02E2H         LINE#         234
  C:02FCH         LINE#         235
  C:0316H         LINE#         236
  C:031FH         LINE#         237
  C:0327H         LINE#         238
  C:0336H         LINE#         240
  C:0339H         LINE#         241
  C:0339H         LINE#         256
  C:0348H         LINE#         257
BL51 BANKED LINKER/LOCATER V6.05                                                      04/29/2011  15:22:16  PAGE 33


  C:0348H         LINE#         297
  C:0357H         LINE#         298
  C:0357H         LINE#         299
  C:035DH         LINE#         300
  C:035DH         LINE#         303
  C:035FH         LINE#         304
  C:038DH         LINE#         305
  C:0393H         LINE#         306
  C:0399H         LINE#         307
  C:03B7H         LINE#         308
  C:03D0H         LINE#         309
  C:051EH         LINE#         310
  C:0520H         LINE#         311
  C:0523H         LINE#         312
  C:0527H         LINE#         313
  C:0527H         LINE#         314
  C:0529H         LINE#         315
  C:0529H         LINE#         316
  C:0529H         LINE#         319
  C:0538H         LINE#         320
  C:0538H         LINE#         321
  C:053EH         LINE#         322
  C:0540H         LINE#         323
  C:055EH         LINE#         324
  C:0564H         LINE#         325
  C:056AH         LINE#         326
  C:0588H         LINE#         327
  C:05A1H         LINE#         328
  C:06EFH         LINE#         329
  C:06F1H         LINE#         330
  C:06F1H         LINE#         331
  C:06F1H         LINE#         332
  C:0700H         LINE#         333
  C:0700H         LINE#         334
  C:0706H         LINE#         335
  C:0708H         LINE#         336
  C:0726H         LINE#         337
  C:072CH         LINE#         338
  C:0732H         LINE#         339
  C:0750H         LINE#         340
  C:0769H         LINE#         341
  C:08B7H         LINE#         342
  C:08B9H         LINE#         343
  C:08B9H         LINE#         344
  C:08B9H         LINE#         376
  C:08C8H         LINE#         377
  C:08C8H         LINE#         378
  C:08CEH         LINE#         379
  C:08CEH         LINE#         380
  C:08D4H         LINE#         381
  C:08ECH         LINE#         382
  C:08EEH         LINE#         383
  C:08F8H         LINE#         384
  C:090EH         LINE#         385
  C:0912H         LINE#         387
  C:091CH         LINE#         388
  C:094FH         LINE#         389
BL51 BANKED LINKER/LOCATER V6.05                                                      04/29/2011  15:22:16  PAGE 34


  C:0958H         LINE#         391
  C:096FH         LINE#         392
  C:09BBH         LINE#         393
  C:09BBH         LINE#         394
  C:09BFH         LINE#         395
  C:09C1H         LINE#         397
  C:09CBH         LINE#         398
  C:09FEH         LINE#         400
  C:09FEH         LINE#         401
  C:0A32H         LINE#         402
  C:0A32H         LINE#         403
  C:0A92H         LINE#         404
  C:0ACDH         LINE#         405
  C:0AE8H         LINE#         406
  C:0B45H         LINE#         407
  C:0B89H         LINE#         408
  C:0BA7H         LINE#         409
  C:0BDFH         LINE#         410
  C:0BE1H         LINE#         412
  C:0C0FH         LINE#         413
  C:0C0FH         LINE#         414
  C:0C11H         LINE#         416
  C:0C11H         LINE#         417
  C:0C3FH         LINE#         418
  C:0C3FH         LINE#         420
  C:0C4DH         LINE#         421
  C:0C53H         LINE#         422
  C:0C59H         LINE#         423
  C:0C75H         LINE#         424
  C:0DC3H         LINE#         425
  C:0DC5H         LINE#         426
  C:0DC5H         LINE#         427
  C:0DC5H         LINE#         429
  C:0DD4H         LINE#         430
  C:0DD4H         LINE#         431
  C:0DDAH         LINE#         432
  C:0DDCH         LINE#         433
  C:0DF4H         LINE#         434
  C:0DFAH         LINE#         435
  C:0E00H         LINE#         436
  C:0E1EH         LINE#         437
  C:0F6CH         LINE#         438
  C:0F6EH         LINE#         439
  C:0F6EH         LINE#         440
  C:0F6EH         LINE#         453
  C:0F6EH         LINE#         456
  C:0F7BH         LINE#         457
  C:0F7BH         LINE#         460
  C:0F80H         LINE#         476
  C:0F8CH         LINE#         477
  C:0F8CH         LINE#         478
  C:0F92H         LINE#         479
  C:0F94H         LINE#         480
  C:0F98H         LINE#         481
  C:0FA0H         LINE#         482
  C:0FB6H         LINE#         483
  C:0FB6H         LINE#         484
BL51 BANKED LINKER/LOCATER V6.05                                                      04/29/2011  15:22:16  PAGE 35


  C:0FCEH         LINE#         485
  C:0FDAH         LINE#         486
  C:1000H         LINE#         488
  C:1003H         LINE#         489
  C:1006H         LINE#         490
  C:101EH         LINE#         491
  C:1167H         LINE#         492
  C:1167H         LINE#         494
  C:1173H         LINE#         495
  C:1199H         LINE#         496
  C:119CH         LINE#         497
  C:119FH         LINE#         498
  C:11B7H         LINE#         499
  C:1300H         LINE#         500
  C:1300H         LINE#         501
  C:1309H         LINE#         502
  C:130BH         LINE#         503
  C:130BH         LINE#         504
  C:130BH         LINE#         506
  C:1314H         LINE#         507
  C:1314H         LINE#         508
  C:131BH         LINE#         509
  C:131BH         LINE#         538
  C:1336H         LINE#         539
  C:1336H         LINE#         540
  C:1354H         LINE#         541
  C:1361H         LINE#         542
  C:1361H         LINE#         543
  C:137AH         LINE#         544
  C:1397H         LINE#         545
  C:1397H         LINE#         547
  C:13AFH         LINE#         548
  C:13E3H         LINE#         549
  C:13E3H         LINE#         557
  C:13F4H         LINE#         558
  C:1405H         LINE#         559
  C:1416H         LINE#         560
  C:1427H         LINE#         562
  C:1427H         LINE#         564
  C:1430H         LINE#         565
  C:1430H         LINE#         566
  C:1445H         LINE#         567
  C:144BH         LINE#         568
  C:144BH         LINE#         570
  C:1454H         LINE#         571
  C:1454H         LINE#         573
  C:1460H         LINE#         574
  C:146AH         LINE#         577
  C:147FH         LINE#         578
  C:1494H         LINE#         580
  C:1494H         LINE#         582
  C:14A5H         LINE#         583
  C:14A5H         LINE#         587
  C:14A9H         LINE#         589
  C:14B1H         LINE#         590
  C:14C7H         LINE#         591
  C:14C7H         LINE#         592
BL51 BANKED LINKER/LOCATER V6.05                                                      04/29/2011  15:22:16  PAGE 36


  C:1533H         LINE#         593
  C:153EH         LINE#         594
  C:153EH         LINE#         595
  C:1547H         LINE#         597
  C:1553H         LINE#         598
  C:1553H         LINE#         600
  C:156CH         LINE#         601
  C:1595H         LINE#         602
  C:15AAH         LINE#         603
  C:15AAH         LINE#         604
  C:15AAH         LINE#         661
  C:15BBH         LINE#         662
  C:15BBH         LINE#         663
  C:15BFH         LINE#         664
  C:15C7H         LINE#         665
  C:15DAH         LINE#         666
  C:15DAH         LINE#         667
  C:15F7H         LINE#         668
  C:1602H         LINE#         669
  C:1602H         LINE#         670
  C:160AH         LINE#         672
  C:1619H         LINE#         673
  C:1619H         LINE#         676
  C:1632H         LINE#         677
  C:165DH         LINE#         678
  C:1672H         LINE#         689
  C:1687H         LINE#         690
  C:16A2H         LINE#         691
  C:16B7H         LINE#         694
  C:16D0H         LINE#         696
  C:16FDH         LINE#         697
  C:16FDH         LINE#         698
  C:1739H         LINE#         699
  C:174AH         LINE#         701
  C:1786H         LINE#         702
  C:1796H         LINE#         704
  C:17D2H         LINE#         705
  C:17E0H         LINE#         706
  C:17E0H         LINE#         707
  C:17E0H         LINE#         708
  C:17F5H         LINE#         709
  C:17F5H         LINE#         710
  C:17F5H         LINE#         713
  C:1806H         LINE#         714
  C:1806H         LINE#         715
[...]
  C:578BH         LINE#         1636
  C:578BH         LINE#         1638
  C:578DH         LINE#         1639
  C:579DH         LINE#         1641
  C:57B3H         LINE#         1642
  C:57B3H         LINE#         1644
  C:57B5H         LINE#         1645
  C:57C5H         LINE#         1647
  C:57DDH         LINE#         1648
  C:57EDH         LINE#         1650
  C:5805H         LINE#         1651
  C:5815H         LINE#         1652
  C:5815H         LINE#         1653
  C:5815H         LINE#         1654
  C:581BH         LINE#         1657
  C:581EH         LINE#         1659
  C:581EH         LINE#         1661
  C:5827H         LINE#         1663
  C:585EH         LINE#         1664
  C:585EH         LINE#         1718
  C:5875H         LINE#         1719
  C:5875H         LINE#         1720
  C:5884H         LINE#         1721
  C:589EH         LINE#         1722
  C:589EH         LINE#         1725
  C:58B9H         LINE#         1726
  C:58B9H         LINE#         1728
  C:58CCH         LINE#         1729
  C:58D8H         LINE#         1730
  C:58DAH         LINE#         1732
  C:58F8H         LINE#         1733
  C:5938H         LINE#         1734
  C:5938H         LINE#         1737
BL51 BANKED LINKER/LOCATER V6.05                                                      04/29/2011  15:22:16  PAGE 50


  C:597FH         LINE#         1738
  C:598BH         LINE#         1739
  C:59A6H         LINE#         1740
  C:59C1H         LINE#         1741
  C:59DCH         LINE#         1742
  C:59F7H         LINE#         1743
  C:5A12H         LINE#         1744
  C:5A2DH         LINE#         1746
  C:5A45H         LINE#         1747
  C:5A4BH         LINE#         1748
  C:5A4BH         LINE#         1749
  C:5A51H         LINE#         1750
  C:5A51H         LINE#         1752
  C:5A77H         LINE#         1754
  C:5A8FH         LINE#         1755
  C:5A95H         LINE#         1756
  C:5A95H         LINE#         1757
  C:5A9BH         LINE#         1758
  C:5A9BH         LINE#         1759
  C:5ADAH         LINE#         1760
  C:5AF5H         LINE#         1762
  C:5B10H         LINE#         1765
  C:5B1AH         LINE#         1767
  C:5B34H         LINE#         1768
  C:5B34H         LINE#         1770
  C:5B4FH         LINE#         1771
  C:5B4FH         LINE#         1772
  C:5B62H         LINE#         1773
  C:5B62H         LINE#         1774
  C:5B6EH         LINE#         1775
  C:5B70H         LINE#         1777
  C:5B70H         LINE#         1778
  C:5B8EH         LINE#         1779
  C:5BCEH         LINE#         1780
  C:5BCEH         LINE#         1783
  C:5BE3H         LINE#         1784
  C:5BEFH         LINE#         1785
  C:5C04H         LINE#         1786
  C:5C10H         LINE#         1788
  C:5C2BH         LINE#         1789
  C:5C46H         LINE#         1790
  C:5C61H         LINE#         1791
  C:5C7CH         LINE#         1792
  C:5C97H         LINE#         1793
  C:5CB2H         LINE#         1795
  C:5CCAH         LINE#         1796
  C:5CD0H         LINE#         1797
  C:5CD0H         LINE#         1798
  C:5CD6H         LINE#         1799
  C:5CD6H         LINE#         1801
  C:5CFCH         LINE#         1803
  C:5D14H         LINE#         1804
  C:5D1AH         LINE#         1805
  C:5D1AH         LINE#         1806
  C:5D20H         LINE#         1807
  C:5D20H         LINE#         1808
  C:5D5FH         LINE#         1809
BL51 BANKED LINKER/LOCATER V6.05                                                      04/29/2011  15:22:16  PAGE 51


  C:5D7AH         LINE#         1811
  C:5D95H         LINE#         1813
  C:5D9FH         LINE#         1814
  C:5DB9H         LINE#         1815
  C:5DB9H         LINE#         1818
  C:5DD4H         LINE#         1819
  C:5DD4H         LINE#         1820
  C:5DEBH         LINE#         1821
  C:5DF8H         LINE#         1822
  C:5E0BH         LINE#         1823
  C:5E0BH         LINE#         1824
  C:5E27H         LINE#         1825
  C:5E2FH         LINE#         1827
  C:5E3DH         LINE#         1828
  C:5E3DH         LINE#         1829
  C:5E60H         LINE#         1830
  C:5E7AH         LINE#         1831
  C:5E7AH         LINE#         1832
  C:5E7AH         LINE#         1836
  C:5E96H         LINE#         1837
  C:5EB8H         LINE#         1839
  C:5ED5H         LINE#         1841
  C:5EE9H         LINE#         1842
  C:5EE9H         LINE#         1843
  C:5F02H         LINE#         1844
  C:5F02H         LINE#         1845
  C:5F3BH         LINE#         1846
  C:5F3BH         LINE#         1847
  C:5F6EH         LINE#         1848
  C:5F76H         LINE#         1849
  C:5F79H         LINE#         1850
  C:5F93H         LINE#         1851
  C:5F96H         LINE#         1853
  C:5F9FH         LINE#         1854
  C:6014H         LINE#         1855
  C:601EH         LINE#         1856
  C:601EH         LINE#         1857
  C:6061H         LINE#         1858
  C:607CH         LINE#         1859
  C:608CH         LINE#         1860
  C:609FH         LINE#         1861
  C:60A8H         LINE#         1862
  C:60C2H         LINE#         1863
  C:60CEH         LINE#         1864
  C:60E8H         LINE#         1865
  C:6104H         LINE#         1866
  C:6106H         LINE#         1868
  C:6106H         LINE#         1869
  C:6131H         LINE#         1870
  C:614AH         LINE#         1871
  C:616EH         LINE#         1872
  C:616EH         LINE#         1878
  C:6189H         LINE#         1879
  C:6189H         LINE#         1880
  C:61A0H         LINE#         1882
  C:61ADH         LINE#         1883
  C:61C0H         LINE#         1884
BL51 BANKED LINKER/LOCATER V6.05                                                      04/29/2011  15:22:16  PAGE 52


  C:61C0H         LINE#         1885
  C:61DCH         LINE#         1886
  C:61E4H         LINE#         1888
  C:61F5H         LINE#         1889
  C:61F5H         LINE#         1890
  C:6217H         LINE#         1891
  C:6228H         LINE#         1892
  C:6228H         LINE#         1894
  C:6232H         LINE#         1895
  C:6232H         LINE#         1896
  C:62B3H         LINE#         1897
  C:630AH         LINE#         1898
  C:6310H         LINE#         1899
  C:6351H         LINE#         1901
  C:635DH         LINE#         1902
  C:635FH         LINE#         1904
  C:6372H         LINE#         1905
  C:638DH         LINE#         1906
  C:63A8H         LINE#         1907
  C:63BFH         LINE#         1908
  C:63DAH         LINE#         1909
  C:63F1H         LINE#         1910
  C:640CH         LINE#         1911
  C:6427H         LINE#         1912
  C:6437H         LINE#         1913
  C:644AH         LINE#         1914
  C:6453H         LINE#         1915
  C:645FH         LINE#         1917
  C:645FH         LINE#         1919
  C:645FH         LINE#         1922
  C:647AH         LINE#         1923
  C:647AH         LINE#         1924
  C:6491H         LINE#         1925
  C:64ADH         LINE#         1926
  C:64ADH         LINE#         1927
  C:64ADH         LINE#         1928
  C:64CDH         LINE#         1929
  C:64CFH         LINE#         1930
  C:64CFH         LINE#         1931
  C:64CFH         LINE#         1932
  C:64EEH         LINE#         1933
  C:64F0H         LINE#         1934
  C:64F0H         LINE#         1935
  C:64F0H         LINE#         1936
  C:650EH         LINE#         1937
  C:6510H         LINE#         1938
  C:6510H         LINE#         1939
  C:6510H         LINE#         1940
  C:652DH         LINE#         1941
  C:652DH         LINE#         1942
  C:652DH         LINE#         1943
  C:652DH         LINE#         1948
  C:652DH         LINE#         2006
  C:654CH         LINE#         2007
  C:654CH         LINE#         2008
  C:655FH         LINE#         2009
  C:655FH         LINE#         2010
BL51 BANKED LINKER/LOCATER V6.05                                                      04/29/2011  15:22:16  PAGE 53


  C:6569H         LINE#         2015
  C:6580H         LINE#         2016
  C:6598H         LINE#         2018
  C:65B7H         LINE#         2019
  C:662BH         LINE#         2020
  C:664CH         LINE#         2021
  C:669FH         LINE#         2023
  C:66BAH         LINE#         2024
  C:66CCH         LINE#         2025
  C:66D7H         LINE#         2026
  C:66D7H         LINE#         2027
  C:66D7H         LINE#         2029
  C:66F6H         LINE#         2030
  C:66F6H         LINE#         2031
  C:6709H         LINE#         2032
  C:6709H         LINE#         2033
  C:6713H         LINE#         2038
  C:672AH         LINE#         2039
  C:6742H         LINE#         2041
  C:6761H         LINE#         2042
  C:67D5H         LINE#         2043
  C:67F6H         LINE#         2044
  C:6849H         LINE#         2046
  C:6864H         LINE#         2047
  C:6876H         LINE#         2048
  C:6881H         LINE#         2049
  C:6881H         LINE#         2050
  C:6881H         LINE#         2052
  C:68A0H         LINE#         2053
  C:68A0H         LINE#         2054
  C:68B3H         LINE#         2055
  C:68B3H         LINE#         2056
  C:68BDH         LINE#         2061
  C:68D4H         LINE#         2062
  C:68ECH         LINE#         2064
  C:690BH         LINE#         2065
  C:697FH         LINE#         2066
  C:69A0H         LINE#         2067
  C:69F3H         LINE#         2069
  C:6A0EH         LINE#         2070
  C:6A20H         LINE#         2071
  C:6A2BH         LINE#         2072
  C:6A2BH         LINE#         2073
  C:6A2BH         LINE#         2075
  C:6A4AH         LINE#         2076
  C:6A4AH         LINE#         2077
  C:6A5DH         LINE#         2078
  C:6A5DH         LINE#         2079
  C:6A67H         LINE#         2084
  C:6A7EH         LINE#         2085
  C:6A96H         LINE#         2087
  C:6AB5H         LINE#         2088
  C:6B29H         LINE#         2089
  C:6B4AH         LINE#         2090
  C:6B9DH         LINE#         2092
  C:6BB8H         LINE#         2093
  C:6BCAH         LINE#         2094
BL51 BANKED LINKER/LOCATER V6.05                                                      04/29/2011  15:22:16  PAGE 54


  C:6BD5H         LINE#         2095
  C:6BD5H         LINE#         2096
  C:6BD5H         LINE#         2102
  C:6BEEH         LINE#         2103
  C:6BFEH         LINE#         2104
  C:6C05H         LINE#         2105
  C:6C47H         LINE#         2106
  C:6C47H         LINE#         2107
  C:6C4BH         LINE#         2108
  C:6C87H         LINE#         2109
  C:6C90H         LINE#         2110
  C:6CF0H         LINE#         2111
  C:6CF0H         LINE#         2112
  C:6CF4H         LINE#         2113
  C:6CF6H         LINE#         2114
  C:6D0BH         LINE#         2115
  C:6D41H         LINE#         2117
  C:6D41H         LINE#         2118
  C:6D7EH         LINE#         2119
  C:6D7EH         LINE#         2120
  C:6DE3H         LINE#         2121
  C:6E23H         LINE#         2122
  C:6E3AH         LINE#         2123
  C:6E9FH         LINE#         2124
  C:6EE0H         LINE#         2125
  C:6EFBH         LINE#         2126
  C:6F3FH         LINE#         2127
  C:6F41H         LINE#         2129
  C:6F74H         LINE#         2130
  C:6F74H         LINE#         2131
  C:6F76H         LINE#         2133
  C:6F76H         LINE#         2134
  C:6FA9H         LINE#         2135
  C:6FA9H         LINE#         2136
  C:6FABH         LINE#         2138
  C:6FBAH         LINE#         2144
  C:6FFFH         LINE#         2145
  C:6FFFH         LINE#         2146
  C:7017H         LINE#         2147
  C:701DH         LINE#         2148
  C:701DH         LINE#         2149
  C:7023H         LINE#         2150
  C:7023H         LINE#         2152
  C:706EH         LINE#         2154
  C:7086H         LINE#         2155
  C:708CH         LINE#         2156
  C:708CH         LINE#         2157
  C:7092H         LINE#         2158
  C:7092H         LINE#         2159
  C:70D1H         LINE#         2160
  C:70ECH         LINE#         2162
  C:7107H         LINE#         2163
  C:7111H         LINE#         2164
  C:7111H         LINE#         2166
  C:712BH         LINE#         2167
  C:7156H         LINE#         2168
  C:716FH         LINE#         2170
BL51 BANKED LINKER/LOCATER V6.05                                                      04/29/2011  15:22:16  PAGE 55


  C:718AH         LINE#         2171
  C:718AH         LINE#         2180
  C:7197H         LINE#         2181
  C:7197H         LINE#         2184
  C:71AEH         LINE#         2185
  C:71D0H         LINE#         2186
  C:71E7H         LINE#         2187
  C:7209H         LINE#         2189
  C:721CH         LINE#         2190
  C:7225H         LINE#         2194
  C:7240H         LINE#         2195
  C:7240H         LINE#         2196
  C:725CH         LINE#         2197
  C:7277H         LINE#         2198
  C:7287H         LINE#         2199
  C:729AH         LINE#         2200
  C:72A3H         LINE#         2201
  C:72AFH         LINE#         2202
  C:72B6H         LINE#         2203
  C:72C9H         LINE#         2204
  C:72D2H         LINE#         2205
  C:72D2H         LINE#         2210
  C:72EBH         LINE#         2211
  C:72EBH         LINE#         2213
  C:7306H         LINE#         2214
  C:731EH         LINE#         2215
  C:7331H         LINE#         2222
  C:7331H         LINE#         2223
  C:7331H         LINE#         2224
  C:7331H         LINE#         2225
  C:7331H         LINE#         2239
  C:7342H         LINE#         2240
  C:7342H         LINE#         2241
  C:735AH         LINE#         2242
  C:735AH         LINE#         2243
  C:738EH         LINE#         2244
  C:73BDH         LINE#         2246
  C:73BDH         LINE#         2247
  C:73C3H         LINE#         2249
  -------         ENDPROC       _TASK_3
  -------         ENDMOD        TASK3_BKCD

  -------         MODULE        ?C_STARTUP
  C:AF54H         SEGMENT       ?C_C51STARTUP
  C:0000H         PUBLIC        ?C_STARTUP
  D:00AFH         SYMBOL        CFG8XX
  N:0001H         SYMBOL        EXSP
  N:0000H         SYMBOL        IBPSTACK
  N:0100H         SYMBOL        IBPSTACKTOP
  N:0080H         SYMBOL        IDATALEN
  C:AF5AH         SYMBOL        IDATALOOP
  D:00A0H         SYMBOL        P2
  N:0000H         SYMBOL        PBPSTACK
  N:0000H         SYMBOL        PBPSTACKTOP
  N:0000H         SYMBOL        PDATALEN
  N:0000H         SYMBOL        PDATASTART
  N:0000H         SYMBOL        PPAGE
BL51 BANKED LINKER/LOCATER V6.05                                                      04/29/2011  15:22:16  PAGE 56


  N:0001H         SYMBOL        PPAGEENABLE
  D:0081H         SYMBOL        SP
  D:00B7H         SYMBOL        SPH
  N:00C0H         SYMBOL        STACKSIZE
  C:AF54H         SYMBOL        STARTUP1
  N:0000H         SYMBOL        XBPSTACK
  N:0000H         SYMBOL        XBPSTACKTOP
  N:0800H         SYMBOL        XDATALEN
  C:AF65H         SYMBOL        XDATALOOP
  N:0000H         SYMBOL        XDATASTART
  N:0001H         SYMBOL        XRAMEN
  N:0320H         SYMBOL        XSTACKSTART
  N:0081H         SYMBOL        _CFG8XX
  C:0000H         LINE#         167
  C:AF54H         LINE#         176
  C:AF57H         LINE#         180
  C:AF59H         LINE#         181
  C:AF5AH         LINE#         182
  C:AF5BH         LINE#         183
  C:AF5DH         LINE#         187
  C:AF60H         LINE#         188
  C:AF62H         LINE#         192
  C:AF64H         LINE#         194
  C:AF65H         LINE#         195
  C:AF66H         LINE#         196
  C:AF67H         LINE#         197
  C:AF69H         LINE#         198
  C:AF6BH         LINE#         202
  C:AF6EH         LINE#         233
  C:AF71H         LINE#         234
  C:AF74H         LINE#         248
  -------         ENDMOD        ?C_STARTUP

  -------         MODULE        ASSEMB
  C:0003H         SEGMENT       ?PR?LBUF_COP?ASSEMB
  C:0003H         PUBLIC        LBUF_COP
  C:000FH         SYMBOL        ?C0001
  N:0000H         SYMBOL        ASSEMB
  C:0009H         SYMBOL        L1
  C:0003H         LINE#         33
  C:0005H         LINE#         35
  C:0007H         LINE#         37
  C:0009H         LINE#         41
  C:000AH         LINE#         43
  C:000BH         LINE#         45
  C:000CH         LINE#         47
  C:000DH         LINE#         49
  C:000FH         LINE#         56
  -------         ENDMOD        ASSEMB

  -------         MODULE        ?C?FPADD
  C:9ADCH         PUBLIC        ?C?FPADD
  C:9AD8H         PUBLIC        ?C?FPSUB
  -------         ENDMOD        ?C?FPADD

  -------         MODULE        ?C?FPMUL
  C:9BCDH         PUBLIC        ?C?FPMUL
BL51 BANKED LINKER/LOCATER V6.05                                                      04/29/2011  15:22:16  PAGE 57


  -------         ENDMOD        ?C?FPMUL

  -------         MODULE        ?C?FPDIV
  C:9CD6H         PUBLIC        ?C?FPDIV
  -------         ENDMOD        ?C?FPDIV

  -------         MODULE        ?C?FPCMP
  C:9D75H         PUBLIC        ?C?FPCMP
  C:9D73H         PUBLIC        ?C?FPCMP3
  -------         ENDMOD        ?C?FPCMP

  -------         MODULE        ?C?FCAST
  C:9DEAH         PUBLIC        ?C?FCASTC
  C:9DE5H         PUBLIC        ?C?FCASTI
  C:9DE0H         PUBLIC        ?C?FCASTL
  -------         ENDMOD        ?C?FCAST

  -------         MODULE        ?C?CASTF
  C:9E1EH         PUBLIC        ?C?CASTF
  -------         ENDMOD        ?C?CASTF

  -------         MODULE        ?C?UIDIV
  C:9E9FH         PUBLIC        ?C?UIDIV
  -------         ENDMOD        ?C?UIDIV

  -------         MODULE        ?C?LMUL
  C:9EF4H         PUBLIC        ?C?LMUL
  -------         ENDMOD        ?C?LMUL

  -------         MODULE        ?C?ULDIV
  C:9F7FH         PUBLIC        ?C?ULDIV
  -------         ENDMOD        ?C?ULDIV

  -------         MODULE        ?C?SLDIV
  C:B03FH         PUBLIC        ?C?SLDIV
  -------         ENDMOD        ?C?SLDIV

  -------         MODULE        ?C?LNEG
  C:A011H         PUBLIC        ?C?LNEG
  -------         ENDMOD        ?C?LNEG

  -------         MODULE        ?C?SLCMP
  C:A01FH         PUBLIC        ?C?SLCMP
  -------         ENDMOD        ?C?SLCMP

  -------         MODULE        ?C?ULCMP
  C:A035H         PUBLIC        ?C?ULCMP
  -------         ENDMOD        ?C?ULCMP

  -------         MODULE        ?C?ULSHR
  C:A046H         PUBLIC        ?C?ULSHR
  -------         ENDMOD        ?C?ULSHR

  -------         MODULE        ?C?LSHL
  C:A059H         PUBLIC        ?C?LSHL
  -------         ENDMOD        ?C?LSHL

BL51 BANKED LINKER/LOCATER V6.05                                                      04/29/2011  15:22:16  PAGE 58


  -------         MODULE        ?C?LLDIDATA
  C:A06CH         PUBLIC        ?C?LLDIDATA
  -------         ENDMOD        ?C?LLDIDATA

  -------         MODULE        ?C?LLDIDATA0
  C:A078H         PUBLIC        ?C?LLDIDATA0
  -------         ENDMOD        ?C?LLDIDATA0

  -------         MODULE        ?C?LSTIDATA
  C:A085H         PUBLIC        ?C?LSTIDATA
  -------         ENDMOD        ?C?LSTIDATA

  -------         MODULE        ?C?LSTXDATA
  C:A091H         PUBLIC        ?C?LSTXDATA
  -------         ENDMOD        ?C?LSTXDATA

  -------         MODULE        ?C?LSTKIDATA
  C:A09DH         PUBLIC        ?C?LSTKIDATA
  -------         ENDMOD        ?C?LSTKIDATA

  -------         MODULE        ?C?LSTKXDATA
  C:A0B6H         PUBLIC        ?C?LSTKXDATA
  -------         ENDMOD        ?C?LSTKXDATA

  -------         MODULE        ?C?OFFXADD
  C:A0E7H         PUBLIC        ?C?OFFXADD
  -------         ENDMOD        ?C?OFFXADD

  -------         MODULE        ?C?CCASE
  C:A0F3H         PUBLIC        ?C?CCASE
  -------         ENDMOD        ?C?CCASE

Program Size: data=236.0 xdata=1646 code=45171
LINK/LOCATE RUN COMPLETE.  0 WARNING(S),  0 ERROR(S)
