BL51 BANKED LINKER/LOCATER V6.22                                                        06/09/2011  12:46:23  PAGE 1


BL51 BANKED LINKER/LOCATER V6.22, INVOKED BY:
D:\KEIL4\C51\BIN\BL51.EXE Main_bkcd.obj, Setup_ADC.obj, setup_bkcd.obj, task3_bkcd.obj, START_AD.obj, assemb.obj TO 4-56
>> _BKCD(rgr+hod_100ms+vrgr4b+1ms+akt+pult) RAMSIZE (256) XDATA (0X0000-0X07FF)


MEMORY MODEL: LARGE WITH FLOATING POINT ARITHMETIC


INPUT MODULES INCLUDED:
  Main_bkcd.obj (MAIN_BKCD)
  Setup_ADC.obj (SETUP_ADC)
  setup_bkcd.obj (SETUP_BKCD)
  task3_bkcd.obj (TASK3_BKCD)
  START_AD.obj (?C_STARTUP)
  assemb.obj (ASSEMB)
  D:\KEIL4\C51\LIB\C51FPL.LIB (?C?FPADD)
  D:\KEIL4\C51\LIB\C51FPL.LIB (?C?FPMUL)
  D:\KEIL4\C51\LIB\C51FPL.LIB (?C?FPDIV)
  D:\KEIL4\C51\LIB\C51FPL.LIB (?C?FPCMP)
  D:\KEIL4\C51\LIB\C51FPL.LIB (?C?FCAST)
  D:\KEIL4\C51\LIB\C51FPL.LIB (?C?CASTF)
  D:\KEIL4\C51\LIB\C51FPL.LIB (?C?FPGETOPN)
  D:\KEIL4\C51\LIB\C51L.LIB (?C_INIT)
  D:\KEIL4\C51\LIB\C51L.LIB (?C?UIDIV)
  D:\KEIL4\C51\LIB\C51L.LIB (?C?LMUL)
  D:\KEIL4\C51\LIB\C51L.LIB (?C?ULDIV)
  D:\KEIL4\C51\LIB\C51L.LIB (?C?SLDIV)
  D:\KEIL4\C51\LIB\C51L.LIB (?C?LNEG)
  D:\KEIL4\C51\LIB\C51L.LIB (?C?SLCMP)
  D:\KEIL4\C51\LIB\C51L.LIB (?C?ULCMP)
  D:\KEIL4\C51\LIB\C51L.LIB (?C?ULSHR)
  D:\KEIL4\C51\LIB\C51L.LIB (?C?LSHL)
  D:\KEIL4\C51\LIB\C51L.LIB (?C?LLDIDATA)
  D:\KEIL4\C51\LIB\C51L.LIB (?C?LLDIDATA0)
  D:\KEIL4\C51\LIB\C51L.LIB (?C?LSTIDATA)
  D:\KEIL4\C51\LIB\C51L.LIB (?C?LSTXDATA)
  D:\KEIL4\C51\LIB\C51L.LIB (?C?LSTKIDATA)
  D:\KEIL4\C51\LIB\C51L.LIB (?C?LSTKXDATA)
  D:\KEIL4\C51\LIB\C51L.LIB (?C?OFFXADD)
  D:\KEIL4\C51\LIB\C51L.LIB (?C?CCASE)


LINK MAP OF MODULE:  4-56_BKCD(rgr+hod_100ms+vrgr4b+1ms+akt+pult) (MAIN_BKCD)


            TYPE    BASE      LENGTH    RELOCATION   SEGMENT NAME
            -----------------------------------------------------

            * * * * * * *   D A T A   M E M O R Y   * * * * * * *
            REG     0000H     0008H     ABSOLUTE     "REG BANK 0"
            REG     0008H     0008H     ABSOLUTE     "REG BANK 1"
            REG     0010H     0008H     ABSOLUTE     "REG BANK 2"
            DATA    0018H     0002H     UNIT         ?DT?SETUP_ADC
            IDATA   001AH     0001H     UNIT         ?ID?SETUP_ADC?SETUP_ADC
                    001BH     0005H                  *** GAP ***
            BIT     0020H.0   0002H.6   UNIT         ?BI?MAIN_BKCD
            BIT     0022H.6   0000H.2   UNIT         ?BI?TASK3_BKCD
            DATA    0023H     0036H     UNIT         ?DT?MAIN_BKCD
BL51 BANKED LINKER/LOCATER V6.22                                                      06/09/2011  12:46:23  PAGE 2


            DATA    0059H     0021H     UNIT         ?DT?TASK3_BKCD
            IDATA   007AH     002DH     UNIT         ?ID?MAIN_BKCD
            IDATA   00A7H     002DH     UNIT         ?ID?_TASK_3?TASK3_BKCD
            IDATA   00D4H     001DH     UNIT         ?ID?TASK3_BKCD

            * * * * * * *  X D A T A   M E M O R Y  * * * * * * *
            XDATA   0000H     001CH     ABSOLUTE     
            XDATA   001CH     0020H     UNIT         ?XD?SETUP_ADC?SETUP_ADC
            XDATA   003CH     0002H     UNIT         ?XD?MAIN?MAIN_BKCD
            XDATA   003EH     0001H     UNIT         ?XD?KMD?MAIN_BKCD
                    003FH     0001H                  *** GAP ***
            XDATA   0040H     0022H     ABSOLUTE     
            XDATA   0062H     0010H     UNIT         ?XD?_TASK_3?TASK3_BKCD
            XDATA   0072H     0009H     UNIT         ?XD?SETUP?SETUP_BKCD
                    007BH     0005H                  *** GAP ***
            XDATA   0080H     0022H     ABSOLUTE     
                    00A2H     001EH                  *** GAP ***
            XDATA   00C0H     001CH     ABSOLUTE     
            XDATA   00DCH     001CH     ABSOLUTE     
            XDATA   00F8H     0007H     ABSOLUTE     
                    00FFH     0001H                  *** GAP ***
            XDATA   0100H     003CH     ABSOLUTE     
                    013CH     0004H                  *** GAP ***
            XDATA   0140H     003CH     ABSOLUTE     
                    017CH     0004H                  *** GAP ***
            XDATA   0180H     003CH     ABSOLUTE     
                    01BCH     0004H                  *** GAP ***
            XDATA   01C0H     003CH     ABSOLUTE     
                    01FCH     0004H                  *** GAP ***
            XDATA   0200H     001EH     ABSOLUTE     
            XDATA   021EH     0074H     UNIT         ?XD?TASK3_BKCD
            XDATA   0292H     0057H     UNIT         ?XD?MAIN_BKCD
                    02E9H     0037H                  *** GAP ***
            XDATA   0320H     00C0H     ABSOLUTE     
                    03E0H     0020H                  *** GAP ***
            XDATA   0400H     0180H     ABSOLUTE     
                    0580H     0060H                  *** GAP ***
            XDATA   05E0H     0080H     ABSOLUTE     
                    0660H     0020H                  *** GAP ***
            XDATA   0680H     00D0H     ABSOLUTE     
                    0750H     0060H                  *** GAP ***
            XDATA   07B0H     0004H     ABSOLUTE     
            XDATA   07B4H     0028H     ABSOLUTE     

            * * * * * * *   C O D E   M E M O R Y   * * * * * * *
            CODE    0000H     0003H     ABSOLUTE     
            CODE    0003H     000DH     UNIT         ?PR?LBUF_COP?ASSEMB
                    0010H     000BH                  *** GAP ***
            CODE    001BH     0003H     ABSOLUTE     
                    001EH     0005H                  *** GAP ***
            CODE    0023H     0003H     ABSOLUTE     
            CODE    0026H     6F6DH     UNIT         ?PR?_TASK_3?TASK3_BKCD
            CODE    6F93H     0C10H     UNIT         ?PR?SETUP_ADC?SETUP_ADC
            CODE    7BA3H     0BBBH     UNIT         ?PR?MAIN?MAIN_BKCD
            CODE    875EH     08A0H     UNIT         ?PR?KMD?MAIN_BKCD
            CODE    8FFEH     0790H     UNIT         ?PR?TIMER1INT?MAIN_BKCD
            CODE    978EH     0644H     UNIT         ?C?LIB_CODE
BL51 BANKED LINKER/LOCATER V6.22                                                      06/09/2011  12:46:23  PAGE 3


            CODE    9DD2H     0603H     UNIT         ?PR?SER_INT?MAIN_BKCD
            CODE    A3D5H     041FH     UNIT         ?PR?SETUP?SETUP_BKCD
            CODE    A7F4H     02A8H     UNIT         ?CO?MAIN_BKCD
            CODE    AA9CH     0177H     UNIT         ?C_INITSEG
            CODE    AC13H     00A3H     UNIT         ?C_C51STARTUP
            CODE    ACB6H     0048H     UNIT         ?CO?TASK3_BKCD
            CODE    ACFEH     0044H     UNIT         ?C?LDIV



OVERLAY MAP OF MODULE:   4-56_BKCD(rgr+hod_100ms+vrgr4b+1ms+akt+pult) (MAIN_BKCD)


SEGMENT
  +--> CALLED SEGMENT
---------------------
?PR?TIMER1INT?MAIN_BKCD
  +--> ?CO?TASK3_BKCD

*** NEW ROOT ***************************************************

?PR?SER_INT?MAIN_BKCD
  +--> ?CO?MAIN_BKCD
  +--> ?PR?KMD?MAIN_BKCD

?PR?KMD?MAIN_BKCD
  +--> ?CO?MAIN_BKCD

*** NEW ROOT ***************************************************

?C_C51STARTUP
  +--> ?PR?MAIN?MAIN_BKCD
  +--> ?C_INITSEG

?PR?MAIN?MAIN_BKCD
  +--> ?PR?SETUP?SETUP_BKCD
  +--> ?PR?SETUP_ADC?SETUP_ADC
  +--> ?PR?_TASK_3?TASK3_BKCD
  +--> ?PR?LBUF_COP?ASSEMB

?PR?_TASK_3?TASK3_BKCD
  +--> ?CO?TASK3_BKCD
  +--> ?CO?MAIN_BKCD



SYMBOL TABLE OF MODULE:  4-56_BKCD(rgr+hod_100ms+vrgr4b+1ms+akt+pult) (MAIN_BKCD)

  VALUE           TYPE          NAME
  ----------------------------------

  -------         MODULE        MAIN_BKCD
  C:0000H         SYMBOL        _ICE_DUMMY_
  B:0020H.0       PUBLIC        fl_rgr
  D:0080H         PUBLIC        P0
  D:0090H         PUBLIC        P1
  B:0020H.1       PUBLIC        FL_BLOK_EPROM
BL51 BANKED LINKER/LOCATER V6.22                                                      06/09/2011  12:46:23  PAGE 4


  D:00A0H         PUBLIC        P2
  D:00B0H         PUBLIC        P3
  B:00A8H.7       PUBLIC        EA
  D:00D8H         PUBLIC        ADCSTAT
  B:0020H.2       PUBLIC        ep2
  B:0020H.3       PUBLIC        fl_r11
  X:0292H         PUBLIC        mi1
  D:002AH         PUBLIC        ED
  B:0020H.4       PUBLIC        fl_r22
  I:007AH         PUBLIC        CNT_SEC_V1
  D:002CH         PUBLIC        kol_c
  I:007CH         PUBLIC        CNT_SEC_V2
  B:0020H.5       PUBLIC        fl_ds
  D:002EH         PUBLIC        r_crc
  D:00E6H         PUBLIC        ADC0CON2
  D:00A8H         PUBLIC        IE
  D:002FH         PUBLIC        copy_p
  D:0031H         PUBLIC        len_o
  X:0294H         PUBLIC        DL
  X:0080H         PUBLIC        xbufin
  X:0295H         PUBLIC        POR_R1_OFF
  D:00BCH         PUBLIC        EDATA1
  X:0296H         PUBLIC        POR_R2_OFF
  D:00BDH         PUBLIC        EDATA2
  I:007EH         PUBLIC        CNT_SEC_DL
  D:0032H         PUBLIC        st_ser
  D:00BEH         PUBLIC        EDATA3
  D:00BFH         PUBLIC        EDATA4
  X:0297H         PUBLIC        WKs
  X:0298H         PUBLIC        paket
  B:00A8H.4       PUBLIC        ES
  D:00D4H         PUBLIC        SF
  D:00B8H         PUBLIC        IP
  X:0040H         PUBLIC        bufout
  I:0082H         PUBLIC        MM
  D:0033H         PUBLIC        i1
  I:0089H         PUBLIC        j1
  B:0098H.0       PUBLIC        RI
  I:008AH         PUBLIC        j2
  B:0020H.6       PUBLIC        fl_sv
  B:0098H.1       PUBLIC        TI
  D:0034H         PUBLIC        cop_imp1
  D:0036H         PUBLIC        cop_imp2
  B:0020H.7       PUBLIC        fcnt_100
  B:00D8H.7       PUBLIC        RDY0
  D:00E8H         PUBLIC        I2CCON
  D:0038H         PUBLIC        priem
  B:0021H.0       PUBLIC        aktiv
  I:008BH         PUBLIC        CNT_SEC
  C:8FFEH         PUBLIC        timer1int
  B:0021H.1       PUBLIC        v_rgr
  D:0081H         PUBLIC        SP
  C:A878H         PUBLIC        TAB_NO_LINE_32
  D:00B9H         PUBLIC        ECON
  C:7BA3H         PUBLIC        main
  X:0299H         PUBLIC        BUF_vr
  C:A7F4H         PUBLIC        TAB_NO_LINE_25
BL51 BANKED LINKER/LOCATER V6.22                                                      06/09/2011  12:46:23  PAGE 5


  D:0039H         PUBLIC        status
  I:008DH         PUBLIC        crco
  B:00B0H.6       PUBLIC        WR
  C:A816H         PUBLIC        TAB_NO_LINE_36
  B:0021H.2       PUBLIC        FL_BLOK_EEPR
  C:A856H         PUBLIC        TAB_NO_LINE_28
  I:008FH         PUBLIC        TM_LINE
  X:0000H         PUBLIC        lbuf
  X:00F8H         PUBLIC        BUF_PIT
  B:0021H.3       PUBLIC        fcnt
  D:0099H         PUBLIC        SBUF
  D:003AH         PUBLIC        bufcht1
  B:0021H.4       PUBLIC        Eprom_ch
  B:0021H.5       PUBLIC        Eprom_zap
  X:02B5H         PUBLIC        WK_1
  D:0098H         PUBLIC        SCON
  D:0088H         PUBLIC        TCON
  D:003EH         PUBLIC        cmd
  D:003FH         PUBLIC        tdis
  D:0040H         PUBLIC        crc
  X:02B6H         PUBLIC        mi11
  X:02B7H         PUBLIC        zbuf
  X:02D9H         PUBLIC        b_err_pit
  X:02DAH         PUBLIC        chp
  C:875EH         PUBLIC        kmd
  X:02DBH         PUBLIC        b_err_cl
  D:00A5H         PUBLIC        HOUR
  D:0042H         PUBLIC        copy_p1
  D:0044H         PUBLIC        zad
  D:0045H         PUBLIC        dis
  D:00DBH         PUBLIC        ADC0H
  X:02DCH         PUBLIC        par
  B:00A0H.4       PUBLIC        svet
  B:00C0H.0       PUBLIC        WDWR
  D:0046H         PUBLIC        lineaddo
  D:00DAH         PUBLIC        ADC0M
  I:0090H         PUBLIC        rasx1_t
  I:0094H         PUBLIC        rasx2_t
  B:00A8H.3       PUBLIC        ET1
  D:00D7H         PUBLIC        PLLCON
  B:0088H.7       PUBLIC        TF1
  D:008DH         PUBLIC        TH1
  D:00F8H         PUBLIC        SPICON
  I:0098H         PUBLIC        nro
  B:0021H.6       PUBLIC        FCNT_SEC_V1
  I:0099H         PUBLIC        tmo
  B:0021H.7       PUBLIC        FCNT_SEC_V2
  D:0047H         PUBLIC        fk
  B:0022H.0       PUBLIC        fl_tadc
  D:008BH         PUBLIC        TL1
  B:0022H.1       PUBLIC        fl_m1
  I:009AH         PUBLIC        tmp
  B:0022H.2       PUBLIC        rez
  B:0022H.3       PUBLIC        fl_m2
  X:02DDH         PUBLIC        POR_R1_ON
  X:02DEH         PUBLIC        POR_R2_ON
  X:02DFH         PUBLIC        stat_byte
BL51 BANKED LINKER/LOCATER V6.22                                                      06/09/2011  12:46:23  PAGE 6


  D:0048H         PUBLIC        lineadd
  X:02E0H         PUBLIC        BUF_FP_100_0
  B:00E8H.6       PUBLIC        MDE
  D:0049H         PUBLIC        mi
  B:0088H.6       PUBLIC        TR1
  X:00DCH         PUBLIC        BUF_MN
  B:00E8H.4       PUBLIC        MDI
  D:00A3H         PUBLIC        SEC
  X:02E2H         PUBLIC        b_err_p
  X:00C0H         PUBLIC        lbuf_dn
  B:00E8H.5       PUBLIC        MCO
  B:00E8H.7       PUBLIC        MDO
  D:004BH         PUBLIC        nr
  D:00A4H         PUBLIC        MIN
  D:00C7H         PUBLIC        EADRH
  D:004CH         PUBLIC        KOL
  D:00C8H         PUBLIC        T2CON
  I:009BH         PUBLIC        cnt_dol
  I:009DH         PUBLIC        i
  I:009EH         PUBLIC        j
  D:00C6H         PUBLIC        EADRL
  D:00B7H         PUBLIC        SPH
  C:A89AH         PUBLIC        Crc16Table
  B:00C0H.2       PUBLIC        WDS
  D:00D1H         PUBLIC        ADCMODE
  C:AA9AH         PUBLIC        VER_PR
  D:004DH         PUBLIC        Len_p
  X:02E3H         PUBLIC        OGR_UR
  B:0022H.4       PUBLIC        fl_buf
  I:009FH         PUBLIC        rasx1
  I:00A3H         PUBLIC        rasx2
  B:0022H.5       PUBLIC        fl_rest
  D:004EH         PUBLIC        nas1
  D:004FH         PUBLIC        nas2
  D:00AFH         PUBLIC        CFG848
  X:02E5H         PUBLIC        ob_par
  C:9DD2H         PUBLIC        ser_int
  D:0050H         PUBLIC        H1
  X:02E7H         PUBLIC        fcnt_k
  D:0054H         PUBLIC        N_K
  D:0055H         PUBLIC        H2
  D:00D0H         PUBLIC        PSW
  B:00B0H.2       PUBLIC        int0
  D:00C0H         PUBLIC        WDCON
  -------         PROC          TIMER1INT
  -------         DO            
  D:0023H         SYMBOL        tmadc
  D:0025H         SYMBOL        tmadc1
  -------         ENDDO         
  C:8FFEH         LINE#         293
  C:900BH         LINE#         309
  C:900DH         LINE#         310
  C:9010H         LINE#         311
  C:9013H         LINE#         312
  C:9019H         LINE#         313
  C:9021H         LINE#         314
  C:903FH         LINE#         315
BL51 BANKED LINKER/LOCATER V6.22                                                      06/09/2011  12:46:23  PAGE 7


  C:905DH         LINE#         326
  C:9065H         LINE#         327
  C:906BH         LINE#         328
  C:906BH         LINE#         329
  C:907CH         LINE#         330
  C:907CH         LINE#         332
  C:90ADH         LINE#         333
  C:90B4H         LINE#         334
  C:90B4H         LINE#         335
  C:90B6H         LINE#         337
  C:90C6H         LINE#         338
  C:90CDH         LINE#         339
  C:90CFH         LINE#         340
  C:90CFH         LINE#         343
  C:90D7H         LINE#         344
  C:90DDH         LINE#         345
  C:90DDH         LINE#         346
  C:90EEH         LINE#         347
  C:90EEH         LINE#         349
  C:911FH         LINE#         350
  C:9126H         LINE#         351
  C:9126H         LINE#         352
  C:9128H         LINE#         354
  C:9138H         LINE#         355
  C:913FH         LINE#         356
  C:9141H         LINE#         357
  C:9141H         LINE#         359
  C:914BH         LINE#         360
  C:914BH         LINE#         362
  C:919CH         LINE#         363
  C:919CH         LINE#         365
  C:91A4H         LINE#         366
  C:91A7H         LINE#         367
  C:91A7H         LINE#         368
  C:91A9H         LINE#         369
  C:91C3H         LINE#         370
  C:91C3H         LINE#         372
  C:91D9H         LINE#         373
  C:91ECH         LINE#         374
  C:91ECH         LINE#         375
  C:91EEH         LINE#         376
  C:91F4H         LINE#         377
  C:91FEH         LINE#         378
  C:9207H         LINE#         379
  C:920DH         LINE#         380
  C:920FH         LINE#         382
  C:9212H         LINE#         383
  C:9212H         LINE#         384
  C:9218H         LINE#         385
  C:9222H         LINE#         386
  C:9222H         LINE#         388
  C:9224H         LINE#         390
  C:9224H         LINE#         391
  C:922AH         LINE#         392
  C:9234H         LINE#         393
  C:923DH         LINE#         394
  C:9243H         LINE#         396
BL51 BANKED LINKER/LOCATER V6.22                                                      06/09/2011  12:46:23  PAGE 8


  C:9243H         LINE#         397
  C:9243H         LINE#         400
  C:928AH         LINE#         401
  C:928AH         LINE#         402
  C:9294H         LINE#         403
  C:9294H         LINE#         405
  C:92A7H         LINE#         406
  C:92A7H         LINE#         407
  C:92ADH         LINE#         408
  C:92B3H         LINE#         409
  C:92BCH         LINE#         410
  C:92C5H         LINE#         411
  C:92C7H         LINE#         412
  C:92C7H         LINE#         413
  C:92C7H         LINE#         416
  C:92D1H         LINE#         417
  C:92D1H         LINE#         418
  C:9322H         LINE#         419
  C:9322H         LINE#         420
  C:932AH         LINE#         421
  C:932DH         LINE#         422
  C:932DH         LINE#         423
  C:932FH         LINE#         424
  C:9349H         LINE#         425
  C:9349H         LINE#         427
  C:935FH         LINE#         428
  C:935FH         LINE#         429
  C:9372H         LINE#         430
  C:9372H         LINE#         431
  C:9374H         LINE#         432
  C:937AH         LINE#         433
  C:9384H         LINE#         434
  C:938DH         LINE#         435
  C:9393H         LINE#         436
  C:9395H         LINE#         438
  C:9398H         LINE#         439
  C:939EH         LINE#         440
  C:93A8H         LINE#         441
  C:93A8H         LINE#         442
  C:93AAH         LINE#         444
  C:93AAH         LINE#         445
  C:93B0H         LINE#         446
  C:93BAH         LINE#         447
  C:93C3H         LINE#         448
  C:93C9H         LINE#         449
  C:93C9H         LINE#         450
  C:93C9H         LINE#         451
  C:9410H         LINE#         452
  C:9410H         LINE#         453
  C:941AH         LINE#         454
  C:941AH         LINE#         456
  C:942DH         LINE#         457
  C:942DH         LINE#         458
  C:9433H         LINE#         459
  C:9439H         LINE#         460
  C:9442H         LINE#         461
  C:944BH         LINE#         462
BL51 BANKED LINKER/LOCATER V6.22                                                      06/09/2011  12:46:23  PAGE 9


  C:944DH         LINE#         463
  C:944DH         LINE#         465
  C:944DH         LINE#         469
  C:9454H         LINE#         470
  C:9454H         LINE#         472
  C:9470H         LINE#         473
  C:9470H         LINE#         474
  C:9479H         LINE#         475
  C:947BH         LINE#         477
  C:947BH         LINE#         478
  C:947FH         LINE#         479
  C:947FH         LINE#         480
  C:9481H         LINE#         481
  C:9485H         LINE#         482
  C:9485H         LINE#         483
  C:94A1H         LINE#         484
  C:94A1H         LINE#         485
  C:94ACH         LINE#         486
  C:94B4H         LINE#         487
  C:94B6H         LINE#         489
  C:94BEH         LINE#         490
  C:94BEH         LINE#         491
  C:94BEH         LINE#         492
  C:94BEH         LINE#         493
  C:94BEH         LINE#         496
  C:94C6H         LINE#         497
  C:94C9H         LINE#         498
  C:94DAH         LINE#         499
  C:94DAH         LINE#         500
  C:94FBH         LINE#         502
  C:9502H         LINE#         503
  C:9502H         LINE#         504
  C:9504H         LINE#         506
  C:9514H         LINE#         507
  C:951BH         LINE#         508
  C:951DH         LINE#         509
  C:951DH         LINE#         514
  C:951FH         LINE#         515
  C:954BH         LINE#         516
  C:954BH         LINE#         517
  C:9555H         LINE#         519
  C:9555H         LINE#         523
  C:955DH         LINE#         542
  C:9568H         LINE#         543
  C:9568H         LINE#         544
  C:956EH         LINE#         546
  C:9573H         LINE#         547
  C:9576H         LINE#         548
  C:9579H         LINE#         549
  C:957DH         LINE#         551
  C:957FH         LINE#         552
  C:957FH         LINE#         558
  C:9583H         LINE#         559
  C:9587H         LINE#         561
  C:958DH         LINE#         564
  C:9595H         LINE#         565
  C:9595H         LINE#         566
BL51 BANKED LINKER/LOCATER V6.22                                                      06/09/2011  12:46:23  PAGE 10


  C:959AH         LINE#         567
  C:959AH         LINE#         569
  C:959DH         LINE#         570
  C:95A1H         LINE#         571
  C:95A4H         LINE#         572
  C:95A4H         LINE#         573
  C:95A6H         LINE#         575
  C:95A6H         LINE#         577
  C:95ABH         LINE#         578
  C:95AEH         LINE#         579
  C:95AEH         LINE#         582
  C:95B1H         LINE#         584
  C:95B7H         LINE#         585
  C:95B7H         LINE#         589
  C:95BAH         LINE#         590
  C:95BCH         LINE#         592
  C:95D0H         LINE#         593
  C:95D3H         LINE#         594
  C:95D6H         LINE#         595
  C:95DBH         LINE#         596
  C:95DBH         LINE#         597
  C:95DEH         LINE#         598
  C:95DEH         LINE#         599
  C:95EDH         LINE#         600
  C:9626H         LINE#         602
  C:9628H         LINE#         603
  C:9631H         LINE#         604
  C:9631H         LINE#         605
  C:9633H         LINE#         606
  C:9636H         LINE#         607
  C:963FH         LINE#         608
  C:963FH         LINE#         609
  C:9649H         LINE#         610
  C:9649H         LINE#         611
  C:9677H         LINE#         612
  C:968EH         LINE#         613
  C:9692H         LINE#         614
  C:9695H         LINE#         618
  C:969AH         LINE#         619
  C:96A4H         LINE#         620
  C:96A4H         LINE#         621
  C:96B2H         LINE#         622
  C:96B5H         LINE#         623
  C:96D1H         LINE#         624
  C:96F3H         LINE#         628
  C:970BH         LINE#         629
  C:970FH         LINE#         630
  C:971CH         LINE#         633
  C:971CH         LINE#         634
  C:971CH         LINE#         637
  C:972FH         LINE#         638
  C:9761H         LINE#         640
  C:9770H         LINE#         643
  C:9773H         LINE#         644
  C:977DH         LINE#         645
  C:9780H         LINE#         646
  C:9780H         LINE#         647
BL51 BANKED LINKER/LOCATER V6.22                                                      06/09/2011  12:46:23  PAGE 11


  C:9783H         LINE#         650
  -------         ENDPROC       TIMER1INT
  -------         PROC          SER_INT
  -------         DO            
  D:0026H         SYMBOL        i
  C:A3CAH         SYMBOL        kon
  -------         ENDDO         
  C:9DD2H         LINE#         653
  C:9DDFH         LINE#         676
  C:9DE5H         LINE#         677
  C:9DE5H         LINE#         678
  C:9DE9H         LINE#         679
  C:9DEBH         LINE#         682
  C:9DF1H         LINE#         683
  C:9DF1H         LINE#         685
  C:9DF1H         LINE#         686
  C:9DF1H         LINE#         689
  C:9DF4H         LINE#         691
  C:9DFDH         LINE#         692
  C:9DFDH         LINE#         696
  C:9DFFH         LINE#         697
  C:9E06H         LINE#         698
  C:9E06H         LINE#         699
  C:9E09H         LINE#         701
  C:9E0CH         LINE#         702
  C:9E0CH         LINE#         711
  C:9E12H         LINE#         712
  C:9E12H         LINE#         713
  C:9E38H         LINE#         714
  C:9E38H         LINE#         715
  C:9E3EH         LINE#         716
  C:9E40H         LINE#         718
  C:9E40H         LINE#         719
  C:9E43H         LINE#         720
  C:9E46H         LINE#         721
  C:9E46H         LINE#         722
  C:9E46H         LINE#         725
  C:9E4AH         LINE#         726
  C:9E4AH         LINE#         730
  C:9E4CH         LINE#         731
  C:9E55H         LINE#         732
  C:9E55H         LINE#         734
  C:9E58H         LINE#         735
  C:9E5BH         LINE#         736
  C:9E5BH         LINE#         738
  C:9E5BH         LINE#         740
  C:9E5BH         LINE#         741
  C:9E5BH         LINE#         743
  C:9E61H         LINE#         744
  C:9E61H         LINE#         745
  C:9E85H         LINE#         746
  C:9E85H         LINE#         747
  C:9E88H         LINE#         748
  C:9E8BH         LINE#         749
  C:9E8BH         LINE#         750
  C:9E8BH         LINE#         752
  C:9E9DH         LINE#         758
BL51 BANKED LINKER/LOCATER V6.22                                                      06/09/2011  12:46:23  PAGE 12


  C:9EBFH         LINE#         759
  C:9EBFH         LINE#         760
  C:9EC2H         LINE#         761
  C:9EEAH         LINE#         762
  C:9EEAH         LINE#         763
  C:9EF0H         LINE#         764
  C:9EF6H         LINE#         765
  C:9EF6H         LINE#         766
  C:9F03H         LINE#         767
  C:9F03H         LINE#         768
  C:9F0EH         LINE#         769
  C:9F28H         LINE#         770
  C:9F2CH         LINE#         771
  C:9F2EH         LINE#         773
  C:9F3BH         LINE#         774
  C:9F3BH         LINE#         776
  C:9F7CH         LINE#         777
  C:9F8BH         LINE#         778
  C:9F8FH         LINE#         780
  C:9FE3H         LINE#         781
  C:9FE3H         LINE#         784
  C:9FEAH         LINE#         785
  C:9FF1H         LINE#         786
  C:9FF7H         LINE#         787
  C:A001H         LINE#         788
  C:A001H         LINE#         789
  C:A01DH         LINE#         790
  C:A021H         LINE#         792
  C:A02FH         LINE#         793
  C:A039H         LINE#         796
  C:A048H         LINE#         797
  C:A048H         LINE#         798
  C:A04EH         LINE#         799
  C:A055H         LINE#         800
  C:A05BH         LINE#         801
  C:A067H         LINE#         802
  C:A06DH         LINE#         803
  C:A079H         LINE#         804
  C:A079H         LINE#         805
  C:A07FH         LINE#         806
  C:A07FH         LINE#         808
  C:A08EH         LINE#         809
  C:A09FH         LINE#         811
  C:A0B8H         LINE#         813
  C:A0D4H         LINE#         814
  C:A0D4H         LINE#         815
  C:A0F3H         LINE#         816
  C:A0F9H         LINE#         817
  C:A0FBH         LINE#         818
  C:A0FBH         LINE#         821
  C:A100H         LINE#         822
  C:A100H         LINE#         823
  C:A102H         LINE#         824
  C:A102H         LINE#         826
  C:A102H         LINE#         829
  C:A111H         LINE#         830
  C:A111H         LINE#         831
BL51 BANKED LINKER/LOCATER V6.22                                                      06/09/2011  12:46:23  PAGE 13


  C:A119H         LINE#         832
  C:A119H         LINE#         833
  C:A12FH         LINE#         834
  C:A139H         LINE#         835
  C:A139H         LINE#         837
  C:A155H         LINE#         838
  C:A159H         LINE#         840
  C:A161H         LINE#         841
  C:A170H         LINE#         842
  C:A173H         LINE#         843
  C:A17CH         LINE#         844
  C:A17CH         LINE#         845
  C:A17CH         LINE#         847
  C:A1C4H         LINE#         848
  C:A1C4H         LINE#         849
  C:A1CEH         LINE#         850
  C:A1CEH         LINE#         851
  C:A1D1H         LINE#         852
  C:A1D1H         LINE#         853
  C:A1D1H         LINE#         854
  C:A1D1H         LINE#         856
  C:A214H         LINE#         857
  C:A214H         LINE#         858
  C:A216H         LINE#         859
  C:A218H         LINE#         860
  C:A21DH         LINE#         861
  C:A21FH         LINE#         864
  C:A21FH         LINE#         866
  C:A239H         LINE#         867
  C:A23FH         LINE#         868
  C:A241H         LINE#         870
  C:A241H         LINE#         871
  C:A244H         LINE#         872
  C:A247H         LINE#         873
  C:A247H         LINE#         874
  C:A249H         LINE#         876
  C:A249H         LINE#         877
  C:A24CH         LINE#         878
  C:A24FH         LINE#         879
  C:A24FH         LINE#         880
  C:A24FH         LINE#         882
  C:A24FH         LINE#         884
  C:A255H         LINE#         885
  C:A257H         LINE#         886
  C:A25AH         LINE#         887
  C:A25AH         LINE#         888
  C:A260H         LINE#         889
  C:A260H         LINE#         892
  C:A269H         LINE#         893
  C:A269H         LINE#         894
  C:A273H         LINE#         895
  C:A27BH         LINE#         896
  C:A287H         LINE#         898
  C:A28FH         LINE#         899
  C:A28FH         LINE#         900
  C:A298H         LINE#         901
  C:A29FH         LINE#         902
BL51 BANKED LINKER/LOCATER V6.22                                                      06/09/2011  12:46:23  PAGE 14


  C:A2A8H         LINE#         903
  C:A2AFH         LINE#         904
  C:A2B2H         LINE#         906
  C:A2C6H         LINE#         907
  C:A2C9H         LINE#         909
  C:A2D2H         LINE#         910
  C:A2D2H         LINE#         911
  C:A2D7H         LINE#         912
  C:A2DBH         LINE#         913
  C:A2DDH         LINE#         915
  C:A2ECH         LINE#         916
  C:A2EEH         LINE#         918
  C:A308H         LINE#         919
  C:A315H         LINE#         921
  C:A334H         LINE#         922
  C:A334H         LINE#         923
  C:A33BH         LINE#         924
  C:A33EH         LINE#         925
  C:A341H         LINE#         926
  C:A343H         LINE#         928
  C:A357H         LINE#         929
  C:A35DH         LINE#         930
  C:A362H         LINE#         931
  C:A373H         LINE#         933
  C:A37CH         LINE#         934
  C:A3C2H         LINE#         936
  C:A3C5H         LINE#         937
  C:A3C7H         LINE#         939
  C:A3CAH         LINE#         942
  C:A3CAH         LINE#         944
  C:A3CAH         LINE#         950
  -------         ENDPROC       SER_INT
  -------         PROC          KMD
  -------         DO            
  X:003EH         SYMBOL        tmp_rw
  -------         DO            
  D:0027H         SYMBOL        t
  -------         ENDDO         
  -------         ENDDO         
  C:875EH         LINE#         954
  C:875EH         LINE#         955
  C:875EH         LINE#         970
  C:87A6H         LINE#         971
  C:87A6H         LINE#         973
  C:87A8H         LINE#         974
  C:87BCH         LINE#         975
  C:87BEH         LINE#         976
  C:87CDH         LINE#         977
  C:87D0H         LINE#         978
  C:87D0H         LINE#         980
  C:8809H         LINE#         981
  C:8809H         LINE#         982
  C:880CH         LINE#         993
  C:8813H         LINE#         1065
  C:8819H         LINE#         1066
  C:8819H         LINE#         1067
  C:8827H         LINE#         1068
BL51 BANKED LINKER/LOCATER V6.22                                                      06/09/2011  12:46:23  PAGE 15


  C:8827H         LINE#         1069
  C:883BH         LINE#         1070
  C:8848H         LINE#         1071
  C:8859H         LINE#         1072
  C:8859H         LINE#         1073
  C:8859H         LINE#         1075
  C:885FH         LINE#         1076
  C:885FH         LINE#         1077
  C:886DH         LINE#         1078
  C:886DH         LINE#         1079
  C:8881H         LINE#         1080
  C:888EH         LINE#         1081
  C:889FH         LINE#         1082
  C:889FH         LINE#         1083
  C:889FH         LINE#         1119
  C:889FH         LINE#         1135
  C:88C3H         LINE#         1136
  C:88C3H         LINE#         1138
  C:88D7H         LINE#         1139
  C:88FFH         LINE#         1140
  C:890BH         LINE#         1141
  C:891CH         LINE#         1142
  C:8922H         LINE#         1143
  C:8925H         LINE#         1144
  C:8925H         LINE#         1147
  C:895CH         LINE#         1148
  C:895CH         LINE#         1149
  C:8965H         LINE#         1150
  C:8973H         LINE#         1152
  C:897CH         LINE#         1153
  C:898AH         LINE#         1154
  C:898AH         LINE#         1156
  C:8993H         LINE#         1157
  C:89A1H         LINE#         1176
  C:89A1H         LINE#         1194
  C:89AEH         LINE#         1195
  C:89AEH         LINE#         1196
  C:89E3H         LINE#         1197
  C:89E3H         LINE#         1212
  C:89EAH         LINE#         1213
  C:89F1H         LINE#         1214
  C:89F8H         LINE#         1216
  C:89FEH         LINE#         1217
  C:8A03H         LINE#         1218
  C:8A05H         LINE#         1219
  C:8A1DH         LINE#         1220
  C:8A1FH         LINE#         1221
  C:8A30H         LINE#         1222
  C:8A30H         LINE#         1223
  C:8A3AH         LINE#         1224
  C:8A3AH         LINE#         1225
  C:8A4EH         LINE#         1226
  C:8A4EH         LINE#         1227
  C:8A50H         LINE#         1228
  C:8A52H         LINE#         1230
  C:8A52H         LINE#         1231
  C:8A54H         LINE#         1232
BL51 BANKED LINKER/LOCATER V6.22                                                      06/09/2011  12:46:23  PAGE 16


  C:8A54H         LINE#         1233
  C:8A6CH         LINE#         1234
  C:8A75H         LINE#         1235
  C:8A8DH         LINE#         1236
  C:8A8FH         LINE#         1237
  C:8AABH         LINE#         1238
  C:8AADH         LINE#         1239
  C:8AB1H         LINE#         1240
  C:8AC9H         LINE#         1241
  C:8AD6H         LINE#         1242
  C:8B03H         LINE#         1243
  C:8B11H         LINE#         1244
  C:8B15H         LINE#         1245
  C:8B1BH         LINE#         1246
  C:8B33H         LINE#         1247
  C:8B3CH         LINE#         1248
  C:8B54H         LINE#         1249
  C:8B56H         LINE#         1309
  C:8B5CH         LINE#         1310
  C:8B5FH         LINE#         1311
  C:8B65H         LINE#         1314
  C:8B65H         LINE#         1316
  C:8B9AH         LINE#         1317
  C:8B9AH         LINE#         1318
  C:8BBCH         LINE#         1319
  C:8BCDH         LINE#         1320
  C:8BD7H         LINE#         1321
  C:8BE0H         LINE#         1322
  C:8BE6H         LINE#         1323
  C:8C00H         LINE#         1324
  C:8C07H         LINE#         1325
  C:8C23H         LINE#         1326
  C:8C35H         LINE#         1327
  C:8C4DH         LINE#         1328
  C:8C5AH         LINE#         1329
  C:8C87H         LINE#         1330
  C:8C95H         LINE#         1333
  C:8C99H         LINE#         1334
  C:8CA4H         LINE#         1335
  C:8CBEH         LINE#         1336
  C:8CC5H         LINE#         1337
  C:8CDDH         LINE#         1338
  C:8CF7H         LINE#         1339
  C:8D15H         LINE#         1340
  C:8D2FH         LINE#         1341
  C:8D49H         LINE#         1342
  C:8D53H         LINE#         1343
  C:8D62H         LINE#         1344
  C:8D7AH         LINE#         1345
  C:8D9FH         LINE#         1346
  C:8DB1H         LINE#         1347
  C:8DC9H         LINE#         1348
  C:8DEEH         LINE#         1349
  C:8E1BH         LINE#         1350
  C:8E29H         LINE#         1353
  C:8E45H         LINE#         1354
  C:8E56H         LINE#         1355
BL51 BANKED LINKER/LOCATER V6.22                                                      06/09/2011  12:46:23  PAGE 17


  C:8E88H         LINE#         1356
  C:8E8BH         LINE#         1357
  C:8EB9H         LINE#         1359
  C:8ECFH         LINE#         1360
  C:8EE5H         LINE#         1361
  C:8F04H         LINE#         1362
  C:8F06H         LINE#         1363
  C:8F10H         LINE#         1364
  C:8F12H         LINE#         1365
  C:8F1BH         LINE#         1366
  C:8F33H         LINE#         1367
  C:8F55H         LINE#         1368
  C:8F6FH         LINE#         1369
  C:8F89H         LINE#         1370
  C:8FACH         LINE#         1379
  C:8FB6H         LINE#         1380
  C:8FD6H         LINE#         1386
  C:8FD8H         LINE#         1387
  C:8FE7H         LINE#         1388
  C:8FEAH         LINE#         1389
  C:8FEAH         LINE#         1391
  C:8FEAH         LINE#         1531
  C:8FF4H         LINE#         1532
  C:8FFDH         LINE#         1547
  -------         ENDPROC       KMD
  -------         PROC          MAIN
  -------         DO            
  X:003CH         SYMBOL        fl_kal
  X:003DH         SYMBOL        kol_cik
  C:7FAFH         SYMBOL        zz1
  C:85E5H         SYMBOL        kon1
  -------         DO            
  D:0028H         SYMBOL        j4
  D:0029H         SYMBOL        i1
  -------         ENDDO         
  -------         DO            
  D:0029H         SYMBOL        i1
  -------         ENDDO         
  -------         ENDDO         
  C:7BA3H         LINE#         1553
  C:7BA8H         LINE#         1555
  C:7BB2H         LINE#         1556
  C:7BB4H         LINE#         1557
  C:7BB6H         LINE#         1558
  C:7BB8H         LINE#         1561
  C:7BBBH         LINE#         1562
  C:7BBEH         LINE#         1564
  C:7BC1H         LINE#         1566
  C:7BC4H         LINE#         1567
  C:7BCAH         LINE#         1568
  C:7BCCH         LINE#         1570
  C:7BCFH         LINE#         1571
  C:7BD2H         LINE#         1573
  C:7BD4H         LINE#         1575
  C:7BD7H         LINE#         1576
  C:7BD7H         LINE#         1577
  C:7BD9H         LINE#         1578
BL51 BANKED LINKER/LOCATER V6.22                                                      06/09/2011  12:46:23  PAGE 18


  C:7BDBH         LINE#         1579
  C:7BDEH         LINE#         1580
  C:7BE0H         LINE#         1582
  C:7BE0H         LINE#         1585
  C:7BE2H         LINE#         1586
  C:7BEBH         LINE#         1587
  C:7BF4H         LINE#         1588
  C:7BFDH         LINE#         1589
  C:7C06H         LINE#         1590
  C:7C08H         LINE#         1591
  C:7C0AH         LINE#         1592
  C:7C10H         LINE#         1593
  C:7C16H         LINE#         1594
  C:7C1CH         LINE#         1595
  C:7C22H         LINE#         1596
  C:7C28H         LINE#         1597
  C:7C2EH         LINE#         1598
  C:7C30H         LINE#         1599
  C:7C32H         LINE#         1600
  C:7C34H         LINE#         1601
  C:7C36H         LINE#         1602
  C:7C3DH         LINE#         1603
  C:7C44H         LINE#         1604
  C:7C4BH         LINE#         1605
  C:7C51H         LINE#         1606
  C:7C56H         LINE#         1607
  C:7C59H         LINE#         1608
  C:7C5BH         LINE#         1609
  C:7C5DH         LINE#         1610
  C:7C65H         LINE#         1612
  C:7C69H         LINE#         1613
  C:7C6BH         LINE#         1616
  C:7C6EH         LINE#         1618
  C:7C7AH         LINE#         1620
  C:7C7EH         LINE#         1621
  C:7C88H         LINE#         1622
  C:7C8CH         LINE#         1624
  C:7C95H         LINE#         1626
  C:7C9CH         LINE#         1627
  C:7CA0H         LINE#         1629
  C:7CA5H         LINE#         1630
  C:7CAAH         LINE#         1632
  C:7CADH         LINE#         1634
  C:7CB2H         LINE#         1635
  C:7CB2H         LINE#         1636
  C:7CB8H         LINE#         1637
  C:7CBAH         LINE#         1639
  C:7CC0H         LINE#         1640
  C:7CC0H         LINE#         1642
  C:7CCCH         LINE#         1643
  C:7CCFH         LINE#         1644
  C:7CD4H         LINE#         1645
  C:7CD7H         LINE#         1648
  C:7CD9H         LINE#         1649
  C:7CDDH         LINE#         1650
  C:7CDFH         LINE#         1652
  C:7CE1H         LINE#         1661
BL51 BANKED LINKER/LOCATER V6.22                                                      06/09/2011  12:46:23  PAGE 19


  C:7CE3H         LINE#         1662
  C:7CE8H         LINE#         1663
  C:7CEAH         LINE#         1665
  C:7CF6H         LINE#         1667
  C:7CFCH         LINE#         1668
  C:7D02H         LINE#         1669
  C:7D11H         LINE#         1670
  C:7D1DH         LINE#         1673
  C:7D23H         LINE#         1674
  C:7D29H         LINE#         1675
  C:7D38H         LINE#         1676
  C:7D44H         LINE#         1679
  C:7D4CH         LINE#         1682
  C:7D4FH         LINE#         1683
  C:7D52H         LINE#         1685
  C:7D5AH         LINE#         1686
  C:7D67H         LINE#         1687
  C:7D67H         LINE#         1688
  C:7D80H         LINE#         1689
  C:7D80H         LINE#         1690
  C:7D95H         LINE#         1691
  C:7DB2H         LINE#         1692
  C:7DCDH         LINE#         1693
  C:7DD2H         LINE#         1694
  C:7DD5H         LINE#         1695
  C:7DD5H         LINE#         1697
  C:7DEAH         LINE#         1698
  C:7E07H         LINE#         1699
  C:7E22H         LINE#         1700
  C:7E27H         LINE#         1701
  C:7E2AH         LINE#         1702
  C:7E2AH         LINE#         1704
  C:7E3FH         LINE#         1705
  C:7E3FH         LINE#         1706
  C:7E5AH         LINE#         1707
  C:7E5AH         LINE#         1709
  C:7E73H         LINE#         1710
  C:7E88H         LINE#         1711
  C:7E8CH         LINE#         1713
  C:7E8EH         LINE#         1714
  C:7E8EH         LINE#         1715
  C:7E93H         LINE#         1719
  C:7E9DH         LINE#         1720
  C:7EAFH         LINE#         1721
  C:7EB3H         LINE#         1723
  C:7EB7H         LINE#         1724
  C:7EC4H         LINE#         1725
  C:7EDDH         LINE#         1726
  C:7EDDH         LINE#         1729
  C:7EEFH         LINE#         1730
  C:7EFDH         LINE#         1731
  C:7EFDH         LINE#         1732
  C:7F14H         LINE#         1733
  C:7F3BH         LINE#         1734
  C:7F3BH         LINE#         1735
  C:7F5EH         LINE#         1736
  C:7F60H         LINE#         1737
BL51 BANKED LINKER/LOCATER V6.22                                                      06/09/2011  12:46:23  PAGE 20


  C:7F60H         LINE#         1738
  C:7F65H         LINE#         1739
  C:7F65H         LINE#         1740
  C:7F6AH         LINE#         1742
  C:7F6DH         LINE#         1743
  C:7F6FH         LINE#         1744
  C:7F74H         LINE#         1745
  C:7F76H         LINE#         1746
  C:7F7BH         LINE#         1749
  C:7F7DH         LINE#         1750
  C:7F80H         LINE#         1751
  C:7F83H         LINE#         1752
  C:7F85H         LINE#         1753
  C:7F87H         LINE#         1754
  C:7F89H         LINE#         1755
  C:7F8BH         LINE#         1757
  C:7FA0H         LINE#         1758
  C:7FAAH         LINE#         1760
  C:7FADH         LINE#         1761
  C:7FAFH         LINE#         1774
  C:7FAFH         LINE#         1776
  C:7FB2H         LINE#         1777
  C:7FB2H         LINE#         1779
  C:7FC0H         LINE#         1780
  C:7FC6H         LINE#         1781
  C:7FC8H         LINE#         1782
  C:7FCDH         LINE#         1783
  C:7FCFH         LINE#         1785
  C:7FCFH         LINE#         1787
  C:7FDAH         LINE#         1788
  C:7FE0H         LINE#         1790
  C:7FEBH         LINE#         1791
  C:7FF1H         LINE#         1793
  C:7FFCH         LINE#         1794
  C:8001H         LINE#         1796
  C:800FH         LINE#         1797
  C:8025H         LINE#         1798
  C:8028H         LINE#         1799
  C:802BH         LINE#         1800
  C:8030H         LINE#         1801
  C:8038H         LINE#         1802
  C:8038H         LINE#         1857
  C:8045H         LINE#         1858
  C:8045H         LINE#         1860
  C:8048H         LINE#         1861
  C:8052H         LINE#         1862
  C:8052H         LINE#         1863
  C:807BH         LINE#         1864
  C:807BH         LINE#         1865
  C:80AEH         LINE#         1866
  C:80B0H         LINE#         1868
  C:80C7H         LINE#         1869
  C:80CBH         LINE#         1872
  C:80D5H         LINE#         1873
  C:80D5H         LINE#         1874
  C:80DAH         LINE#         1875
  C:80DEH         LINE#         1876
BL51 BANKED LINKER/LOCATER V6.22                                                      06/09/2011  12:46:23  PAGE 21


  C:80E0H         LINE#         1879
  C:80E3H         LINE#         1880
  C:80E6H         LINE#         1881
  C:80E6H         LINE#         1883
  C:80ECH         LINE#         1884
  C:80EEH         LINE#         1886
  C:80F4H         LINE#         1890
  C:80FAH         LINE#         1891
  C:80FAH         LINE#         1893
  C:80FCH         LINE#         1894
  C:8115H         LINE#         1895
  C:8115H         LINE#         1896
  C:8122H         LINE#         1897
  C:8122H         LINE#         1898
  C:812DH         LINE#         1899
  C:813DH         LINE#         1901
  C:8140H         LINE#         1904
  C:8164H         LINE#         1905
  C:817DH         LINE#         1907
  C:81A3H         LINE#         1908
  C:81BCH         LINE#         1910
  C:81E2H         LINE#         1911
  C:81FBH         LINE#         1913
  C:8221H         LINE#         1914
  C:823AH         LINE#         1915
  C:823CH         LINE#         1916
  C:8241H         LINE#         1917
  C:8247H         LINE#         1918
  C:8256H         LINE#         1919
  C:8258H         LINE#         1920
  C:825BH         LINE#         1921
  C:8264H         LINE#         1922
  C:8266H         LINE#         1924
  C:8269H         LINE#         1925
  C:826BH         LINE#         1926
  C:826DH         LINE#         1927
  C:826DH         LINE#         1929
  C:8273H         LINE#         1930
  C:8273H         LINE#         1932
  C:8275H         LINE#         1933
  C:828EH         LINE#         1934
  C:828EH         LINE#         1935
  C:8298H         LINE#         1936
  C:829EH         LINE#         1938
  C:82ABH         LINE#         1939
  C:82ABH         LINE#         1940
  C:82B6H         LINE#         1941
  C:82C6H         LINE#         1943
  C:82C9H         LINE#         1945
  C:82EDH         LINE#         1946
  C:8307H         LINE#         1947
  C:8307H         LINE#         1949
  C:832DH         LINE#         1950
  C:8347H         LINE#         1951
  C:8347H         LINE#         1953
  C:836DH         LINE#         1954
  C:8387H         LINE#         1955
BL51 BANKED LINKER/LOCATER V6.22                                                      06/09/2011  12:46:23  PAGE 22


  C:8387H         LINE#         1957
  C:83ADH         LINE#         1958
  C:83C7H         LINE#         1959
  C:83C7H         LINE#         1960
  C:83C9H         LINE#         1961
  C:83CBH         LINE#         1962
  C:83CEH         LINE#         1963
  C:83D0H         LINE#         1964
  C:83D2H         LINE#         1965
  C:83D5H         LINE#         1966
  C:83D7H         LINE#         1967
  C:83DCH         LINE#         1968
  C:83DFH         LINE#         1969
  C:83DFH         LINE#         1971
  C:83F8H         LINE#         1972
  C:83F8H         LINE#         1974
  C:8402H         LINE#         1975
  C:8408H         LINE#         1977
  C:8415H         LINE#         1978
  C:8415H         LINE#         1979
  C:8420H         LINE#         1980
  C:8430H         LINE#         1981
  C:8433H         LINE#         1982
  C:8457H         LINE#         1983
  C:848DH         LINE#         1985
  C:84B3H         LINE#         1986
  C:84E9H         LINE#         1988
  C:850FH         LINE#         1989
  C:8545H         LINE#         1991
  C:856BH         LINE#         1992
  C:85A1H         LINE#         1993
  C:85A3H         LINE#         1994
  C:85A5H         LINE#         1995
  C:85A8H         LINE#         1996
  C:85AAH         LINE#         1997
  C:85ACH         LINE#         1998
  C:85AFH         LINE#         1999
  C:85B1H         LINE#         2001
  C:85B6H         LINE#         2003
  C:85B9H         LINE#         2004
  C:85BDH         LINE#         2005
  C:85BDH         LINE#         2006
  C:85C3H         LINE#         2007
  C:85D2H         LINE#         2008
  C:85D4H         LINE#         2009
  C:85D7H         LINE#         2010
  C:85E0H         LINE#         2011
  C:85E2H         LINE#         2013
  C:85E5H         LINE#         2014
  C:85E5H         LINE#         2015
  C:85E5H         LINE#         2016
  C:85E7H         LINE#         2017
  C:85E9H         LINE#         2019
  C:85E9H         LINE#         2023
  C:85F6H         LINE#         2024
  C:85F6H         LINE#         2026
  C:85FBH         LINE#         2028
BL51 BANKED LINKER/LOCATER V6.22                                                      06/09/2011  12:46:23  PAGE 23


  C:8606H         LINE#         2029
  C:8606H         LINE#         2030
  C:860FH         LINE#         2031
  C:8615H         LINE#         2032
  C:8615H         LINE#         2033
  C:8621H         LINE#         2034
  C:8621H         LINE#         2035
  C:8629H         LINE#         2036
  C:862FH         LINE#         2037
  C:862FH         LINE#         2055
  C:8631H         LINE#         2056
  C:8634H         LINE#         2057
  C:8636H         LINE#         2058
  C:8638H         LINE#         2065
  C:863EH         LINE#         2067
  C:8668H         LINE#         2069
  C:8668H         LINE#         2077
  C:8671H         LINE#         2078
  C:8674H         LINE#         2079
  C:8676H         LINE#         2080
  C:8678H         LINE#         2082
  C:8681H         LINE#         2083
  C:8681H         LINE#         2084
  C:8683H         LINE#         2085
  C:8685H         LINE#         2086
  C:868AH         LINE#         2087
  C:868CH         LINE#         2088
  C:868CH         LINE#         2125
  C:8696H         LINE#         2127
  C:8696H         LINE#         2129
  C:86A4H         LINE#         2130
  C:86AAH         LINE#         2133
  C:86B3H         LINE#         2137
  C:86B6H         LINE#         2138
  C:86B6H         LINE#         2139
  C:86B9H         LINE#         2140
  C:86BBH         LINE#         2141
  C:86BEH         LINE#         2142
  C:86C1H         LINE#         2143
  C:86CFH         LINE#         2144
  C:86F4H         LINE#         2145
  C:86FAH         LINE#         2146
  C:8704H         LINE#         2148
  C:870AH         LINE#         2149
  C:8710H         LINE#         2150
  C:8715H         LINE#         2151
  C:871BH         LINE#         2153
  C:8721H         LINE#         2156
  C:872AH         LINE#         2157
  C:872EH         LINE#         2158
  C:8731H         LINE#         2159
  C:8731H         LINE#         2161
  C:8731H         LINE#         2162
  C:8731H         LINE#         2167
  C:873CH         LINE#         2168
  C:8742H         LINE#         2170
  C:874DH         LINE#         2171
BL51 BANKED LINKER/LOCATER V6.22                                                      06/09/2011  12:46:23  PAGE 24


  C:874FH         LINE#         2173
  C:874FH         LINE#         2174
  C:874FH         LINE#         2178
  C:8756H         LINE#         2179
  C:8756H         LINE#         2180
  C:8758H         LINE#         2185
  C:875BH         LINE#         2186
  -------         ENDPROC       MAIN
  -------         ENDMOD        MAIN_BKCD

  -------         MODULE        SETUP_ADC
  C:0000H         SYMBOL        _ICE_DUMMY_
  D:0080H         PUBLIC        P0
  D:0090H         PUBLIC        P1
  D:00B0H         PUBLIC        P3
  D:00D8H         PUBLIC        ADCSTAT
  D:00A8H         PUBLIC        IE
  D:00A1H         PUBLIC        TIMECON
  D:00B8H         PUBLIC        IP
  D:00E8H         PUBLIC        I2CCON
  D:0098H         PUBLIC        SCON
  D:0088H         PUBLIC        TCON
  D:00A5H         PUBLIC        HOUR
  D:00F8H         PUBLIC        SPICON
  B:00E8H.6       PUBLIC        MDE
  B:00E8H.4       PUBLIC        MDI
  D:00A3H         PUBLIC        SEC
  C:6F93H         PUBLIC        setup_ADC
  B:00E8H.5       PUBLIC        MCO
  B:00E8H.7       PUBLIC        MDO
  D:00A4H         PUBLIC        MIN
  D:00C8H         PUBLIC        T2CON
  D:00D0H         PUBLIC        PSW
  D:00C0H         PUBLIC        WDCON
  -------         PROC          SETUP_ADC
  -------         DO            
  X:001CH         SYMBOL        DL
  X:001DH         SYMBOL        tmp_rw
  X:001EH         SYMBOL        is
  X:001FH         SYMBOL        js
  X:0020H         SYMBOL        buf_ch
  X:0028H         SYMBOL        adcbuf
  D:0018H         SYMBOL        wadc
  I:001AH         SYMBOL        zadc
  D:0019H         SYMBOL        N_CH
  -------         ENDDO         
  C:6F93H         LINE#         71
  C:6F93H         LINE#         72
  C:6F93H         LINE#         103
  C:6F97H         LINE#         108
  C:6F9FH         LINE#         109
  C:6FA7H         LINE#         110
  C:6FBDH         LINE#         111
  C:6FBDH         LINE#         113
  C:6FC4H         LINE#         114
  C:6FD7H         LINE#         118
  C:6FECH         LINE#         119
BL51 BANKED LINKER/LOCATER V6.22                                                      06/09/2011  12:46:23  PAGE 25


  C:6FECH         LINE#         120
  C:6FF5H         LINE#         121
  C:6FFEH         LINE#         122
  C:7007H         LINE#         123
  C:7010H         LINE#         126
  C:7010H         LINE#         129
  C:7025H         LINE#         130
  C:7025H         LINE#         131
  C:702EH         LINE#         132
  C:7037H         LINE#         133
  C:7040H         LINE#         134
  C:7049H         LINE#         137
  C:7049H         LINE#         139
  C:705EH         LINE#         140
  C:705EH         LINE#         141
  C:706BH         LINE#         142
  C:7078H         LINE#         147
  C:7078H         LINE#         149
  C:7081H         LINE#         225
  C:70A3H         LINE#         226
  C:70B6H         LINE#         227
  C:70C6H         LINE#         228
  C:70CFH         LINE#         229
  C:70D5H         LINE#         230
  C:70EFH         LINE#         231
  C:70F6H         LINE#         232
  C:7112H         LINE#         233
  C:7128H         LINE#         234
  C:7140H         LINE#         235
  C:714DH         LINE#         236
  C:717AH         LINE#         237
  C:7188H         LINE#         240
  C:718CH         LINE#         241
  C:719BH         LINE#         242
  C:71B5H         LINE#         243
  C:71BCH         LINE#         244
  C:71D4H         LINE#         245
  C:71EEH         LINE#         246
  C:720CH         LINE#         247
  C:7226H         LINE#         248
  C:7240H         LINE#         249
  C:7250H         LINE#         250
  C:725FH         LINE#         251
  C:7277H         LINE#         252
  C:729CH         LINE#         253
  C:72B2H         LINE#         254
  C:72CAH         LINE#         255
  C:72EFH         LINE#         256
  C:731CH         LINE#         257
  C:732AH         LINE#         259
  C:7346H         LINE#         260
  C:7359H         LINE#         261
  C:7391H         LINE#         262
  C:7394H         LINE#         263
  C:73C4H         LINE#         265
  C:73DBH         LINE#         266
  C:73F2H         LINE#         267
BL51 BANKED LINKER/LOCATER V6.22                                                      06/09/2011  12:46:23  PAGE 26


  C:7415H         LINE#         268
  C:7417H         LINE#         269
  C:7422H         LINE#         270
  C:7424H         LINE#         271
  C:742DH         LINE#         272
  C:7445H         LINE#         273
  C:746AH         LINE#         274
  C:7484H         LINE#         275
  C:749EH         LINE#         276
  C:74C1H         LINE#         278
  C:74E0H         LINE#         280
  C:74EEH         LINE#         281
  C:74FDH         LINE#         282
  C:751CH         LINE#         283
  C:752BH         LINE#         284
  C:754AH         LINE#         285
  C:7559H         LINE#         286
  C:7578H         LINE#         290
  C:7586H         LINE#         291
  C:7595H         LINE#         292
  C:75B4H         LINE#         293
  C:75C3H         LINE#         294
  C:75E2H         LINE#         295
  C:75F1H         LINE#         296
  C:7610H         LINE#         297
  C:7630H         LINE#         298
  C:7650H         LINE#         300
  C:765EH         LINE#         301
  C:766DH         LINE#         302
  C:768CH         LINE#         303
  C:769BH         LINE#         304
  C:76BAH         LINE#         305
  C:76C9H         LINE#         306
  C:76E8H         LINE#         310
  C:770AH         LINE#         311
  C:771DH         LINE#         312
  C:772DH         LINE#         313
  C:7736H         LINE#         314
  C:773CH         LINE#         315
  C:7756H         LINE#         316
  C:775DH         LINE#         317
  C:7779H         LINE#         318
  C:778FH         LINE#         319
  C:77A7H         LINE#         320
  C:77B4H         LINE#         321
  C:77E1H         LINE#         322
  C:77EFH         LINE#         324
  C:77F3H         LINE#         325
  C:7801H         LINE#         326
  C:781BH         LINE#         327
  C:7822H         LINE#         328
  C:783AH         LINE#         329
  C:7854H         LINE#         330
  C:7872H         LINE#         331
  C:788CH         LINE#         332
  C:78A6H         LINE#         333
  C:78B6H         LINE#         334
BL51 BANKED LINKER/LOCATER V6.22                                                      06/09/2011  12:46:23  PAGE 27


  C:78C5H         LINE#         335
  C:78DDH         LINE#         336
  C:7902H         LINE#         337
  C:7918H         LINE#         338
  C:7930H         LINE#         339
  C:7955H         LINE#         340
  C:7982H         LINE#         341
  C:7990H         LINE#         343
  C:79ACH         LINE#         344
  C:79BFH         LINE#         345
  C:79F7H         LINE#         346
  C:79FAH         LINE#         347
  C:7A2AH         LINE#         349
  C:7A41H         LINE#         350
  C:7A58H         LINE#         351
  C:7A7BH         LINE#         352
  C:7A7DH         LINE#         353
  C:7A88H         LINE#         354
  C:7A8AH         LINE#         355
  C:7A93H         LINE#         356
  C:7AABH         LINE#         357
  C:7AD0H         LINE#         358
  C:7AEAH         LINE#         359
  C:7B04H         LINE#         360
  C:7B27H         LINE#         361
  C:7B48H         LINE#         362
  C:7B4FH         LINE#         363
  C:7B70H         LINE#         364
  C:7B77H         LINE#         365
  C:7B98H         LINE#         366
  C:7B9FH         LINE#         367
  C:7BA2H         LINE#         370
  -------         ENDPROC       SETUP_ADC
  -------         ENDMOD        SETUP_ADC

  -------         MODULE        SETUP_BKCD
  C:0000H         SYMBOL        _ICE_DUMMY_
  D:0080H         PUBLIC        P0
  D:0090H         PUBLIC        P1
  D:00B0H         PUBLIC        P3
  B:00A8H.7       PUBLIC        EA
  D:00D8H         PUBLIC        ADCSTAT
  B:00E8H.3       PUBLIC        I2CM
  D:00D2H         PUBLIC        ADC0CON1
  D:00E6H         PUBLIC        ADC0CON2
  B:00A8H.6       PUBLIC        EADC
  D:00A8H         PUBLIC        IE
  D:00BCH         PUBLIC        EDATA1
  D:009DH         PUBLIC        T3FD
  D:00BDH         PUBLIC        EDATA2
  D:00BEH         PUBLIC        EDATA3
  D:00BFH         PUBLIC        EDATA4
  B:00A8H.4       PUBLIC        ES
  D:00D4H         PUBLIC        SF
  D:00B8H         PUBLIC        IP
  B:00D8H.7       PUBLIC        RDY0
  D:00E8H         PUBLIC        I2CCON
BL51 BANKED LINKER/LOCATER V6.22                                                      06/09/2011  12:46:23  PAGE 28


  D:00B9H         PUBLIC        ECON
  D:00FDH         PUBLIC        DACCON
  D:0087H         PUBLIC        PCON
  C:A3D5H         PUBLIC        setup
  D:0098H         PUBLIC        SCON
  D:0089H         PUBLIC        TMOD
  D:0088H         PUBLIC        TCON
  B:00C0H.0       PUBLIC        WDWR
  D:00D7H         PUBLIC        PLLCON
  B:00A8H.5       PUBLIC        ET2
  D:00F8H         PUBLIC        SPICON
  B:00E8H.6       PUBLIC        MDE
  B:00C8H.2       PUBLIC        TR2
  B:00E8H.5       PUBLIC        MCO
  B:00E8H.7       PUBLIC        MDO
  D:00C7H         PUBLIC        EADRH
  D:00C8H         PUBLIC        T2CON
  D:009EH         PUBLIC        T3CON
  D:00C6H         PUBLIC        EADRL
  D:00D1H         PUBLIC        ADCMODE
  D:00D0H         PUBLIC        PSW
  D:00C0H         PUBLIC        WDCON
  -------         PROC          SETUP
  -------         DO            
  X:0072H         SYMBOL        i1
  X:0073H         SYMBOL        tmpadc
  X:0075H         SYMBOL        ADR_E
  X:0077H         SYMBOL        CM1
  X:0079H         SYMBOL        CM2
  -------         ENDDO         
  C:A3D5H         LINE#         38
  C:A3D5H         LINE#         39
  C:A3D5H         LINE#         69
  C:A3D8H         LINE#         70
  C:A3DBH         LINE#         71
  C:A3DDH         LINE#         72
  C:A3E2H         LINE#         73
  C:A3E4H         LINE#         75
  C:A3E9H         LINE#         77
  C:A3EEH         LINE#         80
  C:A3F1H         LINE#         83
  C:A3F9H         LINE#         84
  C:A3FCH         LINE#         85
  C:A3FEH         LINE#         86
  C:A400H         LINE#         87
  C:A402H         LINE#         88
  C:A404H         LINE#         89
  C:A407H         LINE#         90
  C:A40AH         LINE#         98
  C:A40DH         LINE#         99
  C:A410H         LINE#         121
  C:A502H         LINE#         122
  C:A5F4H         LINE#         123
  C:A6E7H         LINE#         124
  C:A7DAH         LINE#         132
  C:A7DDH         LINE#         134
  C:A7E0H         LINE#         135
BL51 BANKED LINKER/LOCATER V6.22                                                      06/09/2011  12:46:23  PAGE 29


  C:A7E3H         LINE#         136
  C:A7E6H         LINE#         137
  C:A7E9H         LINE#         138
  C:A7EBH         LINE#         139
  C:A7EEH         LINE#         140
  C:A7F1H         LINE#         141
  C:A7F3H         LINE#         153
  -------         ENDPROC       SETUP
  -------         ENDMOD        SETUP_BKCD

  -------         MODULE        TASK3_BKCD
  C:0000H         SYMBOL        _ICE_DUMMY_
  D:0080H         PUBLIC        P0
  C:ACB6H         PUBLIC        TAB_ADC
  D:0090H         PUBLIC        P1
  D:00A0H         PUBLIC        P2
  D:00B0H         PUBLIC        P3
  D:00D8H         PUBLIC        ADCSTAT
  X:0400H         PUBLIC        Str_BX1_A
  X:021EH         PUBLIC        st_dol
  X:0100H         PUBLIC        BUF_N
  D:00E6H         PUBLIC        ADC0CON2
  D:00A8H         PUBLIC        IE
  X:0200H         PUBLIC        BUF_S
  D:00FCH         PUBLIC        DACH
  X:01C0H         PUBLIC        BUF_T
  X:0220H         PUBLIC        REL1_ON
  X:0140H         PUBLIC        BUF_U
  X:0222H         PUBLIC        REL2_ON
  D:0078H         PUBLIC        new_zn
  D:00FBH         PUBLIC        DACL
  B:00B0H.7       PUBLIC        RD
  I:00D4H         PUBLIC        CMRX_K1
  I:00D8H         PUBLIC        CMRX_K2
  D:00D4H         PUBLIC        SF
  D:00B8H         PUBLIC        IP
  D:00E8H         PUBLIC        I2CCON
  B:0022H.6       PUBLIC        fl_n
  I:00DCH         PUBLIC        PNT_BUF_TD
  X:0224H         PUBLIC        z1
  X:0225H         PUBLIC        z2
  X:0226H         PUBLIC        z3
  X:0227H         PUBLIC        z4
  D:0098H         PUBLIC        SCON
  D:0088H         PUBLIC        TCON
  X:0228H         PUBLIC        BX_A
  X:0238H         PUBLIC        TABX_CH_A
  D:00A5H         PUBLIC        HOUR
  D:00A2H         PUBLIC        HTHSEC
  I:00E0H         PUBLIC        cmr
  X:0248H         PUBLIC        BUF_FP_100
  X:0680H         PUBLIC        Str_CH_A
  C:0026H         PUBLIC        _task_3
  I:00E4H         PUBLIC        CMRX1_K1
  X:07B4H         PUBLIC        Str_TDAT
  I:00E8H         PUBLIC        CMRX1_K2
  I:00ECH         PUBLIC        CMRX2_K1
BL51 BANKED LINKER/LOCATER V6.22                                                      06/09/2011  12:46:23  PAGE 30


  B:0022H.7       PUBLIC        fl_v_dol
  I:00EEH         PUBLIC        CMRX2_K2
  I:00F0H         PUBLIC        i11
  D:00F8H         PUBLIC        SPICON
  X:024CH         PUBLIC        REL1_OFF
  X:024EH         PUBLIC        REL2_OFF
  X:0180H         PUBLIC        BUF_FP
  X:05E0H         PUBLIC        Str_BX_A
  B:00E8H.6       PUBLIC        MDE
  X:0250H         PUBLIC        Ves_kol
  B:00E8H.4       PUBLIC        MDI
  B:0080H.3       PUBLIC        RELE1
  D:00A3H         PUBLIC        SEC
  X:0252H         PUBLIC        copy_dol
  B:00E8H.5       PUBLIC        MCO
  B:00E8H.7       PUBLIC        MDO
  D:00A4H         PUBLIC        MIN
  D:00C8H         PUBLIC        T2CON
  X:0256H         PUBLIC        vel_dol
  X:025AH         PUBLIC        TABX_DAT
  X:07B0H         PUBLIC        ZG_TABX_DAT
  X:025CH         PUBLIC        BX1_A
  X:028CH         PUBLIC        cnt_kol
  D:00D1H         PUBLIC        ADCMODE
  X:028EH         PUBLIC        Mom_tr
  X:0290H         PUBLIC        cnt_ves
  D:00D0H         PUBLIC        PSW
  D:00C0H         PUBLIC        WDCON
  -------         PROC          _TASK_3
  X:0062H         SYMBOL        kan
  -------         DO            
  X:0063H         SYMBOL        pods
  I:00BFH         SYMBOL        kan_sl
  I:00C0H         SYMBOL        BX_KPH
  I:00C4H         SYMBOL        BX_KOD
  D:0072H         SYMBOL        tmp2
  I:00C6H         SYMBOL        zadc
  D:0076H         SYMBOL        tmpadc
  I:00C7H         SYMBOL        TEMP_1
  X:0065H         SYMBOL        tmp_int
  I:00CBH         SYMBOL        i11
  X:0067H         SYMBOL        tmp_ch
  X:0068H         SYMBOL        tmp_ch2
  I:00CCH         SYMBOL        per
  I:00CEH         SYMBOL        wadc
  I:00CFH         SYMBOL        N_CH
  I:00D0H         SYMBOL        tm
  C:6F92H         SYMBOL        PPK
  C:4D8AH         SYMBOL        PR
  -------         DO            
  X:0069H         SYMBOL        tmadc
  X:006BH         SYMBOL        tmadc1
  -------         ENDDO         
  -------         DO            
  D:0063H         SYMBOL        g
  D:0064H         SYMBOL        g1
  X:0069H         SYMBOL        adcbuf
BL51 BANKED LINKER/LOCATER V6.22                                                      06/09/2011  12:46:23  PAGE 31


  -------         DO            
  D:0059H         SYMBOL        k
  D:005AH         SYMBOL        k1
  D:005BH         SYMBOL        P1
  D:005FH         SYMBOL        P2
  -------         DO            
  I:00A7H         SYMBOL        tmpadc_t
  -------         ENDDO         
  -------         ENDDO         
  -------         ENDDO         
  -------         DO            
  D:0069H         SYMBOL        g
  D:006AH         SYMBOL        g1
  D:006BH         SYMBOL        adcbuf
  -------         DO            
  X:0069H         SYMBOL        c_P0
  -------         ENDDO         
  -------         DO            
  I:00ABH         SYMBOL        temp2
  -------         ENDDO         
  -------         DO            
  D:0065H         SYMBOL        TEMP_l
  I:00ADH         SYMBOL        tmp_p
  -------         ENDDO         
  -------         DO            
  I:00B1H         SYMBOL        temp2
  I:00B3H         SYMBOL        CMRX2_K2
  -------         ENDDO         
  -------         ENDDO         
  -------         DO            
  I:00B7H         SYMBOL        tmpadc_t
  -------         ENDDO         
  -------         DO            
  X:0069H         SYMBOL        c_P0
  -------         ENDDO         
  -------         DO            
  X:0069H         SYMBOL        nol
  X:006BH         SYMBOL        bx
  X:006DH         SYMBOL        wadc1
  X:006EH         SYMBOL        vrem
  X:0069H         SYMBOL        nol
  X:006BH         SYMBOL        bx
  X:006DH         SYMBOL        wadc1
  X:006EH         SYMBOL        vrem
  X:0069H         SYMBOL        nol
  X:006BH         SYMBOL        bx
  X:006DH         SYMBOL        wadc1
  X:006EH         SYMBOL        vrem
  X:0069H         SYMBOL        nol
  X:006BH         SYMBOL        bx
  X:006DH         SYMBOL        wadc1
  X:006EH         SYMBOL        vrem
  I:00BBH         SYMBOL        tmpadc_t
  -------         ENDDO         
  -------         DO            
  X:0069H         SYMBOL        nol
  X:006BH         SYMBOL        bx
BL51 BANKED LINKER/LOCATER V6.22                                                      06/09/2011  12:46:23  PAGE 32


  X:006DH         SYMBOL        wadc1
  X:006EH         SYMBOL        vrem
  X:0069H         SYMBOL        nol
  X:006BH         SYMBOL        bx
  X:006DH         SYMBOL        wadc1
  X:006EH         SYMBOL        vrem
  X:0069H         SYMBOL        nol
  X:006BH         SYMBOL        bx
  X:006DH         SYMBOL        wadc1
  X:006EH         SYMBOL        vrem
  I:00BBH         SYMBOL        tmpadc_t
  -------         ENDDO         
  -------         DO            
  X:0069H         SYMBOL        nol
  X:006BH         SYMBOL        bx
  X:006DH         SYMBOL        wadc1
  X:006EH         SYMBOL        vrem
  X:0069H         SYMBOL        nol
  X:006BH         SYMBOL        bx
  X:006DH         SYMBOL        wadc1
  X:006EH         SYMBOL        vrem
  I:00BBH         SYMBOL        tmpadc_t
  -------         ENDDO         
  -------         DO            
  X:0069H         SYMBOL        nol
  X:006BH         SYMBOL        bx
  X:006DH         SYMBOL        wadc1
  X:006EH         SYMBOL        vrem
  I:00BBH         SYMBOL        tmpadc_t
  -------         ENDDO         
  -------         DO            
  I:00BBH         SYMBOL        tmpadc_t
  -------         ENDDO         
  -------         DO            
  D:0071H         SYMBOL        ind
  -------         ENDDO         
  -------         ENDDO         
  C:0026H         LINE#         99
  C:002BH         LINE#         100
  C:002BH         LINE#         102
  C:0033H         LINE#         104
  C:0037H         LINE#         105
  C:0040H         LINE#         106
  C:0047H         LINE#         107
  C:0053H         LINE#         108
  C:0057H         LINE#         109
  C:005DH         LINE#         114
  C:0066H         LINE#         115
  C:006EH         LINE#         117
  C:0073H         LINE#         118
  C:0078H         LINE#         119
  C:007FH         LINE#         121
  C:0083H         LINE#         122
  C:0087H         LINE#         123
  C:0090H         LINE#         149
  C:0096H         LINE#         150
  C:0096H         LINE#         191
BL51 BANKED LINKER/LOCATER V6.22                                                      06/09/2011  12:46:23  PAGE 33


  C:0099H         LINE#         192
  C:009BH         LINE#         193
  C:009EH         LINE#         196
  C:00B4H         LINE#         197
  C:00F4H         LINE#         199
  C:010DH         LINE#         200
  C:0114H         LINE#         202
  C:0117H         LINE#         203
  C:0128H         LINE#         204
  C:012BH         LINE#         209
  C:013EH         LINE#         210
  C:013EH         LINE#         211
  C:0185H         LINE#         212
  C:0185H         LINE#         213
  C:01D1H         LINE#         214
  C:020EH         LINE#         216
  C:0231H         LINE#         217
  C:023FH         LINE#         219
  C:027AH         LINE#         228
  C:0298H         LINE#         230
  C:0298H         LINE#         231
  C:02AEH         LINE#         232
  C:02C8H         LINE#         233
  C:02E2H         LINE#         234
  C:02FCH         LINE#         235
  C:0316H         LINE#         236
  C:031FH         LINE#         237
  C:0327H         LINE#         238
  C:0336H         LINE#         240
  C:0337H         LINE#         241
  C:0337H         LINE#         256
  C:0346H         LINE#         257
  C:0346H         LINE#         297
  C:0355H         LINE#         298
  C:0355H         LINE#         299
  C:035BH         LINE#         300
  C:035BH         LINE#         303
  C:035DH         LINE#         304
  C:038BH         LINE#         305
  C:0391H         LINE#         306
  C:0397H         LINE#         307
  C:03B5H         LINE#         308
  C:03CEH         LINE#         309
  C:051CH         LINE#         310
  C:051EH         LINE#         311
  C:0521H         LINE#         312
  C:0525H         LINE#         313
  C:0525H         LINE#         314
  C:0527H         LINE#         315
  C:0527H         LINE#         316
  C:0527H         LINE#         319
  C:0536H         LINE#         320
  C:0536H         LINE#         321
  C:053CH         LINE#         322
  C:053EH         LINE#         323
  C:055CH         LINE#         324
  C:0562H         LINE#         325
BL51 BANKED LINKER/LOCATER V6.22                                                      06/09/2011  12:46:23  PAGE 34


  C:0568H         LINE#         326
  C:0586H         LINE#         327
  C:059FH         LINE#         328
  C:06EDH         LINE#         329
  C:06EFH         LINE#         330
  C:06EFH         LINE#         331
  C:06EFH         LINE#         332
  C:06FEH         LINE#         333
  C:06FEH         LINE#         334
  C:0704H         LINE#         335
  C:0706H         LINE#         336
  C:0724H         LINE#         337
  C:072AH         LINE#         338
  C:0730H         LINE#         339
  C:074EH         LINE#         340
  C:0767H         LINE#         341
  C:08B5H         LINE#         342
  C:08B7H         LINE#         343
  C:08B7H         LINE#         344
  C:08B7H         LINE#         376
  C:08C6H         LINE#         377
  C:08C6H         LINE#         378
  C:08CCH         LINE#         379
  C:08CCH         LINE#         380
  C:08D2H         LINE#         381
  C:08EAH         LINE#         382
  C:08ECH         LINE#         383
  C:08F6H         LINE#         384
  C:090CH         LINE#         385
  C:0910H         LINE#         387
  C:091AH         LINE#         388
  C:094DH         LINE#         389
  C:0956H         LINE#         391
  C:096DH         LINE#         392
  C:09B9H         LINE#         393
  C:09B9H         LINE#         394
  C:09BDH         LINE#         395
  C:09BFH         LINE#         397
  C:09C9H         LINE#         398
  C:09FCH         LINE#         400
  C:09FCH         LINE#         401
  C:0A30H         LINE#         402
  C:0A30H         LINE#         403
  C:0A90H         LINE#         404
  C:0ACBH         LINE#         405
  C:0AE6H         LINE#         406
  C:0B43H         LINE#         407
  C:0B87H         LINE#         408
  C:0BA5H         LINE#         409
  C:0BDDH         LINE#         410
  C:0BDFH         LINE#         412
  C:0C0DH         LINE#         413
  C:0C0DH         LINE#         414
  C:0C0FH         LINE#         416
  C:0C0FH         LINE#         417
  C:0C3DH         LINE#         418
  C:0C3DH         LINE#         420
BL51 BANKED LINKER/LOCATER V6.22                                                      06/09/2011  12:46:23  PAGE 35


  C:0C4BH         LINE#         421
  C:0C51H         LINE#         422
  C:0C57H         LINE#         423
  C:0C73H         LINE#         424
  C:0DC1H         LINE#         425
  C:0DC3H         LINE#         426
  C:0DC3H         LINE#         427
  C:0DC3H         LINE#         429
  C:0DD2H         LINE#         430
  C:0DD2H         LINE#         431
  C:0DD8H         LINE#         432
  C:0DDAH         LINE#         433
  C:0DF2H         LINE#         434
  C:0DF8H         LINE#         435
  C:0DFEH         LINE#         436
  C:0E1CH         LINE#         437
  C:0F6AH         LINE#         438
  C:0F6CH         LINE#         439
  C:0F6CH         LINE#         440
  C:0F6CH         LINE#         453
  C:0F6CH         LINE#         456
  C:0F79H         LINE#         457
  C:0F79H         LINE#         460
  C:0F7EH         LINE#         538
  C:0F99H         LINE#         539
  C:0F99H         LINE#         540
  C:0FB7H         LINE#         541
  C:0FC4H         LINE#         542
  C:0FC4H         LINE#         543
  C:0FDDH         LINE#         544
  C:0FFAH         LINE#         545
  C:0FFAH         LINE#         547
  C:1012H         LINE#         548
  C:1046H         LINE#         549
  C:1046H         LINE#         557
  C:1057H         LINE#         558
  C:1068H         LINE#         559
  C:1079H         LINE#         560
  C:108AH         LINE#         562
  C:108AH         LINE#         564
  C:1093H         LINE#         565
  C:1093H         LINE#         566
  C:10A8H         LINE#         567
  C:10AEH         LINE#         568
  C:10AEH         LINE#         570
  C:10B7H         LINE#         571
  C:10B7H         LINE#         573
  C:10C3H         LINE#         574
  C:10CDH         LINE#         577
  C:10E2H         LINE#         578
  C:10F7H         LINE#         580
  C:10F7H         LINE#         582
  C:1108H         LINE#         583
  C:1108H         LINE#         587
  C:110CH         LINE#         589
  C:1114H         LINE#         590
  C:112AH         LINE#         591
BL51 BANKED LINKER/LOCATER V6.22                                                      06/09/2011  12:46:23  PAGE 36


  C:112AH         LINE#         592
  C:1196H         LINE#         593
  C:11A1H         LINE#         594
  C:11A1H         LINE#         595
  C:11AAH         LINE#         597
  C:11B6H         LINE#         598
  C:11B6H         LINE#         600
  C:11CFH         LINE#         601
  C:11F8H         LINE#         602
  C:120DH         LINE#         603
  C:120DH         LINE#         604
  C:120DH         LINE#         661
  C:121EH         LINE#         662
  C:121EH         LINE#         663
  C:1222H         LINE#         664
  C:122AH         LINE#         665
  C:123DH         LINE#         666
  C:123DH         LINE#         667
  C:125AH         LINE#         668
  C:1265H         LINE#         669
  C:1265H         LINE#         670
  C:126DH         LINE#         672
  C:127CH         LINE#         673
  C:127CH         LINE#         676
  C:1295H         LINE#         677
  C:12C0H         LINE#         678
  C:12D5H         LINE#         689
  C:12EAH         LINE#         690
  C:1305H         LINE#         691
  C:131AH         LINE#         694
  C:1333H         LINE#         696
  C:1360H         LINE#         697
  C:1360H         LINE#         698
  C:139CH         LINE#         699
  C:13ADH         LINE#         701
  C:13E9H         LINE#         702
  C:13F9H         LINE#         704
  C:1435H         LINE#         705
  C:1443H         LINE#         706
  C:1443H         LINE#         707
  C:1443H         LINE#         708
  C:1458H         LINE#         709
  C:1458H         LINE#         710
[...]
  C:5327H         LINE#         1627
  C:5342H         LINE#         1628
  C:5342H         LINE#         1629
  C:537FH         LINE#         1630
  C:538DH         LINE#         1631
  C:53CAH         LINE#         1632
  C:53D8H         LINE#         1633
  C:53D8H         LINE#         1635
  C:53EEH         LINE#         1636
  C:53EEH         LINE#         1638
  C:53F0H         LINE#         1639
  C:5400H         LINE#         1641
  C:5416H         LINE#         1642
  C:5416H         LINE#         1644
  C:5418H         LINE#         1645
  C:5428H         LINE#         1647
  C:5440H         LINE#         1648
  C:5450H         LINE#         1650
  C:5468H         LINE#         1651
  C:5478H         LINE#         1652
  C:5478H         LINE#         1653
  C:5478H         LINE#         1654
  C:547EH         LINE#         1657
  C:547FH         LINE#         1659
  C:547FH         LINE#         1661
  C:5488H         LINE#         1663
  C:54BFH         LINE#         1664
  C:54BFH         LINE#         1718
  C:54D6H         LINE#         1719
  C:54D6H         LINE#         1720
  C:54E5H         LINE#         1721
  C:54FFH         LINE#         1722
  C:54FFH         LINE#         1725
  C:551AH         LINE#         1726
  C:551AH         LINE#         1728
  C:552DH         LINE#         1729
  C:5539H         LINE#         1730
  C:553BH         LINE#         1732
  C:5559H         LINE#         1733
  C:5599H         LINE#         1734
BL51 BANKED LINKER/LOCATER V6.22                                                      06/09/2011  12:46:23  PAGE 50


  C:5599H         LINE#         1737
  C:55E0H         LINE#         1738
  C:55ECH         LINE#         1739
  C:5607H         LINE#         1740
  C:5622H         LINE#         1741
  C:563DH         LINE#         1742
  C:5658H         LINE#         1743
  C:5673H         LINE#         1744
  C:568EH         LINE#         1746
  C:56A6H         LINE#         1747
  C:56ACH         LINE#         1748
  C:56ACH         LINE#         1749
  C:56B2H         LINE#         1750
  C:56B2H         LINE#         1752
  C:56D8H         LINE#         1754
  C:56F0H         LINE#         1755
  C:56F6H         LINE#         1756
  C:56F6H         LINE#         1757
  C:56FCH         LINE#         1758
  C:56FCH         LINE#         1759
  C:573BH         LINE#         1760
  C:5756H         LINE#         1762
  C:5771H         LINE#         1765
  C:577BH         LINE#         1767
  C:5795H         LINE#         1768
  C:5795H         LINE#         1770
  C:57B0H         LINE#         1771
  C:57B0H         LINE#         1772
  C:57C3H         LINE#         1773
  C:57C3H         LINE#         1774
  C:57CFH         LINE#         1775
  C:57D1H         LINE#         1777
  C:57D1H         LINE#         1778
  C:57EFH         LINE#         1779
  C:582FH         LINE#         1780
  C:582FH         LINE#         1783
  C:5844H         LINE#         1784
  C:5850H         LINE#         1785
  C:5865H         LINE#         1786
  C:5871H         LINE#         1788
  C:588CH         LINE#         1789
  C:58A7H         LINE#         1790
  C:58C2H         LINE#         1791
  C:58DDH         LINE#         1792
  C:58F8H         LINE#         1793
  C:5913H         LINE#         1795
  C:592BH         LINE#         1796
  C:5931H         LINE#         1797
  C:5931H         LINE#         1798
  C:5937H         LINE#         1799
  C:5937H         LINE#         1801
  C:595DH         LINE#         1803
  C:5975H         LINE#         1804
  C:597BH         LINE#         1805
  C:597BH         LINE#         1806
  C:5981H         LINE#         1807
  C:5981H         LINE#         1808
BL51 BANKED LINKER/LOCATER V6.22                                                      06/09/2011  12:46:23  PAGE 51


  C:59C0H         LINE#         1809
  C:59DBH         LINE#         1811
  C:59F6H         LINE#         1813
  C:5A00H         LINE#         1814
  C:5A1AH         LINE#         1815
  C:5A1AH         LINE#         1818
  C:5A35H         LINE#         1819
  C:5A35H         LINE#         1820
  C:5A4CH         LINE#         1821
  C:5A59H         LINE#         1822
  C:5A6CH         LINE#         1823
  C:5A6CH         LINE#         1824
  C:5A88H         LINE#         1825
  C:5A90H         LINE#         1827
  C:5A9EH         LINE#         1828
  C:5A9EH         LINE#         1829
  C:5AC1H         LINE#         1830
  C:5ADBH         LINE#         1831
  C:5ADBH         LINE#         1832
  C:5ADBH         LINE#         1836
  C:5AF7H         LINE#         1837
  C:5B19H         LINE#         1839
  C:5B36H         LINE#         1841
  C:5B4AH         LINE#         1842
  C:5B4AH         LINE#         1843
  C:5B63H         LINE#         1844
  C:5B63H         LINE#         1845
  C:5B9CH         LINE#         1846
  C:5B9CH         LINE#         1847
  C:5BCFH         LINE#         1848
  C:5BD7H         LINE#         1849
  C:5BDAH         LINE#         1850
  C:5BF4H         LINE#         1851
  C:5BF7H         LINE#         1853
  C:5C00H         LINE#         1854
  C:5C75H         LINE#         1855
  C:5C7FH         LINE#         1856
  C:5C7FH         LINE#         1857
  C:5CC2H         LINE#         1858
  C:5CDDH         LINE#         1859
  C:5CEDH         LINE#         1860
  C:5D00H         LINE#         1861
  C:5D09H         LINE#         1862
  C:5D23H         LINE#         1863
  C:5D2FH         LINE#         1864
  C:5D49H         LINE#         1865
  C:5D65H         LINE#         1866
  C:5D67H         LINE#         1868
  C:5D67H         LINE#         1869
  C:5D92H         LINE#         1870
  C:5DABH         LINE#         1871
  C:5DCFH         LINE#         1872
  C:5DCFH         LINE#         1878
  C:5DEAH         LINE#         1879
  C:5DEAH         LINE#         1880
  C:5E01H         LINE#         1882
  C:5E0EH         LINE#         1883
BL51 BANKED LINKER/LOCATER V6.22                                                      06/09/2011  12:46:23  PAGE 52


  C:5E21H         LINE#         1884
  C:5E21H         LINE#         1885
  C:5E3DH         LINE#         1886
  C:5E45H         LINE#         1888
  C:5E56H         LINE#         1889
  C:5E56H         LINE#         1890
  C:5E78H         LINE#         1891
  C:5E89H         LINE#         1892
  C:5E89H         LINE#         1894
  C:5E93H         LINE#         1895
  C:5E93H         LINE#         1896
  C:5F14H         LINE#         1897
  C:5F6BH         LINE#         1898
  C:5F71H         LINE#         1899
  C:5FB2H         LINE#         1901
  C:5FBEH         LINE#         1902
  C:5FC0H         LINE#         1904
  C:5FD3H         LINE#         1905
  C:5FEEH         LINE#         1906
  C:6009H         LINE#         1907
  C:6020H         LINE#         1908
  C:603BH         LINE#         1909
  C:6052H         LINE#         1910
  C:606DH         LINE#         1911
  C:6088H         LINE#         1912
  C:6098H         LINE#         1913
  C:60ABH         LINE#         1914
  C:60B4H         LINE#         1915
  C:60C0H         LINE#         1917
  C:60C0H         LINE#         1919
  C:60C0H         LINE#         1922
  C:60DBH         LINE#         1923
  C:60DBH         LINE#         1924
  C:60F2H         LINE#         1925
  C:610EH         LINE#         1926
  C:610EH         LINE#         1927
  C:610EH         LINE#         1928
  C:612EH         LINE#         1929
  C:6130H         LINE#         1930
  C:6130H         LINE#         1931
  C:6130H         LINE#         1932
  C:614FH         LINE#         1933
  C:6151H         LINE#         1934
  C:6151H         LINE#         1935
  C:6151H         LINE#         1936
  C:616FH         LINE#         1937
  C:6171H         LINE#         1938
  C:6171H         LINE#         1939
  C:6171H         LINE#         1940
  C:618EH         LINE#         1941
  C:618EH         LINE#         1942
  C:618EH         LINE#         1943
  C:618EH         LINE#         1948
  C:618EH         LINE#         2006
  C:61ADH         LINE#         2007
  C:61ADH         LINE#         2008
  C:61C0H         LINE#         2009
BL51 BANKED LINKER/LOCATER V6.22                                                      06/09/2011  12:46:23  PAGE 53


  C:61C0H         LINE#         2010
  C:61CAH         LINE#         2015
  C:61E1H         LINE#         2016
  C:61F9H         LINE#         2018
  C:6218H         LINE#         2019
  C:628CH         LINE#         2020
  C:62ADH         LINE#         2021
  C:6300H         LINE#         2023
  C:631BH         LINE#         2024
  C:632DH         LINE#         2025
  C:6338H         LINE#         2026
  C:6338H         LINE#         2027
  C:6338H         LINE#         2029
  C:6357H         LINE#         2030
  C:6357H         LINE#         2031
  C:636AH         LINE#         2032
  C:636AH         LINE#         2033
  C:6374H         LINE#         2038
  C:638BH         LINE#         2039
  C:63A3H         LINE#         2041
  C:63C2H         LINE#         2042
  C:6436H         LINE#         2043
  C:6457H         LINE#         2044
  C:64AAH         LINE#         2046
  C:64C5H         LINE#         2047
  C:64D7H         LINE#         2048
  C:64E2H         LINE#         2049
  C:64E2H         LINE#         2050
  C:64E2H         LINE#         2052
  C:6501H         LINE#         2053
  C:6501H         LINE#         2054
  C:6514H         LINE#         2055
  C:6514H         LINE#         2056
  C:651EH         LINE#         2061
  C:6535H         LINE#         2062
  C:654DH         LINE#         2064
  C:656CH         LINE#         2065
  C:65E0H         LINE#         2066
  C:6601H         LINE#         2067
  C:6654H         LINE#         2069
  C:666FH         LINE#         2070
  C:6681H         LINE#         2071
  C:668CH         LINE#         2072
  C:668CH         LINE#         2073
  C:668CH         LINE#         2075
  C:66ABH         LINE#         2076
  C:66ABH         LINE#         2077
  C:66BEH         LINE#         2078
  C:66BEH         LINE#         2079
  C:66C8H         LINE#         2084
  C:66DFH         LINE#         2085
  C:66F7H         LINE#         2087
  C:6716H         LINE#         2088
  C:678AH         LINE#         2089
  C:67ABH         LINE#         2090
  C:67FEH         LINE#         2092
  C:6819H         LINE#         2093
BL51 BANKED LINKER/LOCATER V6.22                                                      06/09/2011  12:46:23  PAGE 54


  C:682BH         LINE#         2094
  C:6836H         LINE#         2095
  C:6836H         LINE#         2096
  C:6836H         LINE#         2102
  C:684FH         LINE#         2103
  C:685FH         LINE#         2104
  C:6866H         LINE#         2105
  C:68A8H         LINE#         2106
  C:68A8H         LINE#         2107
  C:68ACH         LINE#         2108
  C:68E8H         LINE#         2109
  C:68F1H         LINE#         2110
  C:6951H         LINE#         2111
  C:6951H         LINE#         2112
  C:6955H         LINE#         2113
  C:6957H         LINE#         2114
  C:696CH         LINE#         2115
  C:69A2H         LINE#         2117
  C:69A2H         LINE#         2118
  C:69DFH         LINE#         2119
  C:69DFH         LINE#         2120
  C:6A44H         LINE#         2121
  C:6A84H         LINE#         2122
  C:6A9BH         LINE#         2123
  C:6B00H         LINE#         2124
  C:6B41H         LINE#         2125
  C:6B5CH         LINE#         2126
  C:6BA0H         LINE#         2127
  C:6BA2H         LINE#         2129
  C:6BD5H         LINE#         2130
  C:6BD5H         LINE#         2131
  C:6BD7H         LINE#         2133
  C:6BD7H         LINE#         2134
  C:6C0AH         LINE#         2135
  C:6C0AH         LINE#         2136
  C:6C0CH         LINE#         2138
  C:6C1BH         LINE#         2144
  C:6C60H         LINE#         2145
  C:6C60H         LINE#         2146
  C:6C78H         LINE#         2147
  C:6C7EH         LINE#         2148
  C:6C7EH         LINE#         2149
  C:6C84H         LINE#         2150
  C:6C84H         LINE#         2152
  C:6CCFH         LINE#         2154
  C:6CE7H         LINE#         2155
  C:6CEDH         LINE#         2156
  C:6CEDH         LINE#         2157
  C:6CF3H         LINE#         2158
  C:6CF3H         LINE#         2159
  C:6D32H         LINE#         2160
  C:6D4DH         LINE#         2162
  C:6D68H         LINE#         2163
  C:6D72H         LINE#         2164
  C:6D72H         LINE#         2166
  C:6D8CH         LINE#         2167
  C:6DB7H         LINE#         2168
BL51 BANKED LINKER/LOCATER V6.22                                                      06/09/2011  12:46:23  PAGE 55


  C:6DD0H         LINE#         2170
  C:6DEBH         LINE#         2171
  C:6DEBH         LINE#         2180
  C:6DF8H         LINE#         2181
  C:6DF8H         LINE#         2184
  C:6E0FH         LINE#         2185
  C:6E31H         LINE#         2186
  C:6E48H         LINE#         2187
  C:6E6AH         LINE#         2189
  C:6E7DH         LINE#         2190
  C:6E86H         LINE#         2194
  C:6EA1H         LINE#         2195
  C:6EA1H         LINE#         2196
  C:6EBDH         LINE#         2197
  C:6ED8H         LINE#         2198
  C:6EE8H         LINE#         2199
  C:6EFBH         LINE#         2200
  C:6F04H         LINE#         2201
  C:6F10H         LINE#         2202
  C:6F17H         LINE#         2203
  C:6F2AH         LINE#         2204
  C:6F33H         LINE#         2205
  C:6F33H         LINE#         2210
  C:6F4CH         LINE#         2211
  C:6F4CH         LINE#         2213
  C:6F67H         LINE#         2214
  C:6F7FH         LINE#         2215
  C:6F92H         LINE#         2222
  C:6F92H         LINE#         2223
  C:6F92H         LINE#         2224
  C:6F92H         LINE#         2225
  C:6F92H         LINE#         2254
  -------         ENDPROC       _TASK_3
  -------         ENDMOD        TASK3_BKCD

  -------         MODULE        ?C_STARTUP
  C:AC13H         SEGMENT       ?C_C51STARTUP
  C:0000H         PUBLIC        ?C_STARTUP
  D:00AFH         SYMBOL        CFG8XX
  N:0001H         SYMBOL        EXSP
  N:0000H         SYMBOL        IBPSTACK
  N:0100H         SYMBOL        IBPSTACKTOP
  N:0080H         SYMBOL        IDATALEN
  C:AC19H         SYMBOL        IDATALOOP
  D:00A0H         SYMBOL        P2
  N:0000H         SYMBOL        PBPSTACK
  N:0000H         SYMBOL        PBPSTACKTOP
  N:0000H         SYMBOL        PDATALEN
  N:0000H         SYMBOL        PDATASTART
  N:0000H         SYMBOL        PPAGE
  N:0001H         SYMBOL        PPAGEENABLE
  D:0081H         SYMBOL        SP
  D:00B7H         SYMBOL        SPH
  N:00C0H         SYMBOL        STACKSIZE
  C:AC13H         SYMBOL        STARTUP1
  N:0000H         SYMBOL        XBPSTACK
  N:0000H         SYMBOL        XBPSTACKTOP
BL51 BANKED LINKER/LOCATER V6.22                                                      06/09/2011  12:46:23  PAGE 56


  N:0800H         SYMBOL        XDATALEN
  C:AC24H         SYMBOL        XDATALOOP
  N:0000H         SYMBOL        XDATASTART
  N:0001H         SYMBOL        XRAMEN
  N:0320H         SYMBOL        XSTACKSTART
  N:0081H         SYMBOL        _CFG8XX
  C:0000H         LINE#         167
  C:AC13H         LINE#         176
  C:AC16H         LINE#         180
  C:AC18H         LINE#         181
  C:AC19H         LINE#         182
  C:AC1AH         LINE#         183
  C:AC1CH         LINE#         187
  C:AC1FH         LINE#         188
  C:AC21H         LINE#         192
  C:AC23H         LINE#         194
  C:AC24H         LINE#         195
  C:AC25H         LINE#         196
  C:AC26H         LINE#         197
  C:AC28H         LINE#         198
  C:AC2AH         LINE#         202
  C:AC2DH         LINE#         233
  C:AC30H         LINE#         234
  C:AC33H         LINE#         248
  -------         ENDMOD        ?C_STARTUP

  -------         MODULE        ASSEMB
  C:0003H         SEGMENT       ?PR?LBUF_COP?ASSEMB
  C:0003H         PUBLIC        LBUF_COP
  C:000FH         SYMBOL        ?C0001
  N:0000H         SYMBOL        ASSEMB
  C:0009H         SYMBOL        L1
  C:0003H         LINE#         34
  C:0005H         LINE#         36
  C:0007H         LINE#         38
  C:0009H         LINE#         42
  C:000AH         LINE#         44
  C:000BH         LINE#         46
  C:000CH         LINE#         48
  C:000DH         LINE#         50
  C:000FH         LINE#         57
  -------         ENDMOD        ASSEMB

  -------         MODULE        ?C?FPADD
  C:9795H         PUBLIC        ?C?FPADD
  C:9791H         PUBLIC        ?C?FPSUB
  -------         ENDMOD        ?C?FPADD

  -------         MODULE        ?C?FPMUL
  C:9886H         PUBLIC        ?C?FPMUL
  -------         ENDMOD        ?C?FPMUL

  -------         MODULE        ?C?FPDIV
  C:998FH         PUBLIC        ?C?FPDIV
  -------         ENDMOD        ?C?FPDIV

  -------         MODULE        ?C?FPCMP
BL51 BANKED LINKER/LOCATER V6.22                                                      06/09/2011  12:46:23  PAGE 57


  C:9A2EH         PUBLIC        ?C?FPCMP
  C:9A2CH         PUBLIC        ?C?FPCMP3
  -------         ENDMOD        ?C?FPCMP

  -------         MODULE        ?C?FCAST
  C:9AA3H         PUBLIC        ?C?FCASTC
  C:9A9EH         PUBLIC        ?C?FCASTI
  C:9A99H         PUBLIC        ?C?FCASTL
  -------         ENDMOD        ?C?FCAST

  -------         MODULE        ?C?CASTF
  C:9AD7H         PUBLIC        ?C?CASTF
  -------         ENDMOD        ?C?CASTF

  -------         MODULE        ?C?UIDIV
  C:9B58H         PUBLIC        ?C?UIDIV
  -------         ENDMOD        ?C?UIDIV

  -------         MODULE        ?C?LMUL
  C:9BADH         PUBLIC        ?C?LMUL
  -------         ENDMOD        ?C?LMUL

  -------         MODULE        ?C?ULDIV
  C:9C38H         PUBLIC        ?C?ULDIV
  -------         ENDMOD        ?C?ULDIV

  -------         MODULE        ?C?SLDIV
  C:ACFEH         PUBLIC        ?C?SLDIV
  -------         ENDMOD        ?C?SLDIV

  -------         MODULE        ?C?LNEG
  C:9CCAH         PUBLIC        ?C?LNEG
  -------         ENDMOD        ?C?LNEG

  -------         MODULE        ?C?SLCMP
  C:9CD8H         PUBLIC        ?C?SLCMP
  -------         ENDMOD        ?C?SLCMP

  -------         MODULE        ?C?ULCMP
  C:9CEEH         PUBLIC        ?C?ULCMP
  -------         ENDMOD        ?C?ULCMP

  -------         MODULE        ?C?ULSHR
  C:9CFFH         PUBLIC        ?C?ULSHR
  -------         ENDMOD        ?C?ULSHR

  -------         MODULE        ?C?LSHL
  C:9D12H         PUBLIC        ?C?LSHL
  -------         ENDMOD        ?C?LSHL

  -------         MODULE        ?C?LLDIDATA
  C:9D25H         PUBLIC        ?C?LLDIDATA
  -------         ENDMOD        ?C?LLDIDATA

  -------         MODULE        ?C?LLDIDATA0
  C:9D31H         PUBLIC        ?C?LLDIDATA0
  -------         ENDMOD        ?C?LLDIDATA0
BL51 BANKED LINKER/LOCATER V6.22                                                      06/09/2011  12:46:23  PAGE 58



  -------         MODULE        ?C?LSTIDATA
  C:9D3EH         PUBLIC        ?C?LSTIDATA
  -------         ENDMOD        ?C?LSTIDATA

  -------         MODULE        ?C?LSTXDATA
  C:9D4AH         PUBLIC        ?C?LSTXDATA
  -------         ENDMOD        ?C?LSTXDATA

  -------         MODULE        ?C?LSTKIDATA
  C:9D56H         PUBLIC        ?C?LSTKIDATA
  -------         ENDMOD        ?C?LSTKIDATA

  -------         MODULE        ?C?LSTKXDATA
  C:9D6FH         PUBLIC        ?C?LSTKXDATA
  -------         ENDMOD        ?C?LSTKXDATA

  -------         MODULE        ?C?OFFXADD
  C:9DA0H         PUBLIC        ?C?OFFXADD
  -------         ENDMOD        ?C?OFFXADD

  -------         MODULE        ?C?CCASE
  C:9DACH         PUBLIC        ?C?CCASE
  -------         ENDMOD        ?C?CCASE

Program Size: data=236.0 xdata=1648 code=44338
LINK/LOCATE RUN COMPLETE.  0 WARNING(S),  0 ERROR(S)
