BL51 BANKED LINKER/LOCATER V6.22                                                        05/21/2013  15:05:07  PAGE 1


BL51 BANKED LINKER/LOCATER V6.22, INVOKED BY:
D:\KEIL4\C51\BIN\BL51.EXE Main_bkcd.obj, Setup_ADC.obj, setup_bkcd.obj, task3_bkcd.obj, START_AD.obj, assemb.obj TO 5-1_
>> new_sgt RAMSIZE (256) XDATA (0X0000-0X07FF)


MEMORY MODEL: LARGE WITH FLOATING POINT ARITHMETIC


INPUT MODULES INCLUDED:
  Main_bkcd.obj (MAIN_BKCD)
  Setup_ADC.obj (SETUP_ADC)
  setup_bkcd.obj (SETUP_BKCD)
  task3_bkcd.obj (TASK3_BKCD)
  START_AD.obj (?C_STARTUP)
  assemb.obj (ASSEMB)
  D:\KEIL4\C51\LIB\C51FPL.LIB (?C?FPADD)
  D:\KEIL4\C51\LIB\C51FPL.LIB (?C?FPMUL)
  D:\KEIL4\C51\LIB\C51FPL.LIB (?C?FPDIV)
  D:\KEIL4\C51\LIB\C51FPL.LIB (?C?FPCMP)
  D:\KEIL4\C51\LIB\C51FPL.LIB (?C?FCAST)
  D:\KEIL4\C51\LIB\C51FPL.LIB (?C?CASTF)
  D:\KEIL4\C51\LIB\C51FPL.LIB (?C?FPGETOPN)
  D:\KEIL4\C51\LIB\C51L.LIB (?C_INIT)
  D:\KEIL4\C51\LIB\C51L.LIB (?C?UIDIV)
  D:\KEIL4\C51\LIB\C51L.LIB (?C?IILDX)
  D:\KEIL4\C51\LIB\C51L.LIB (?C?LMUL)
  D:\KEIL4\C51\LIB\C51L.LIB (?C?ULDIV)
  D:\KEIL4\C51\LIB\C51L.LIB (?C?SLDIV)
  D:\KEIL4\C51\LIB\C51L.LIB (?C?LNEG)
  D:\KEIL4\C51\LIB\C51L.LIB (?C?SLCMP)
  D:\KEIL4\C51\LIB\C51L.LIB (?C?ULCMP)
  D:\KEIL4\C51\LIB\C51L.LIB (?C?ULSHR)
  D:\KEIL4\C51\LIB\C51L.LIB (?C?LSHL)
  D:\KEIL4\C51\LIB\C51L.LIB (?C?LLDIDATA)
  D:\KEIL4\C51\LIB\C51L.LIB (?C?LLDIDATA0)
  D:\KEIL4\C51\LIB\C51L.LIB (?C?LSTIDATA)
  D:\KEIL4\C51\LIB\C51L.LIB (?C?LSTXDATA)
  D:\KEIL4\C51\LIB\C51L.LIB (?C?LSTKIDATA)
  D:\KEIL4\C51\LIB\C51L.LIB (?C?LSTKXDATA)
  D:\KEIL4\C51\LIB\C51L.LIB (?C?OFFXADD)
  D:\KEIL4\C51\LIB\C51L.LIB (?C?CCASE)


LINK MAP OF MODULE:  5-1_new_sgt (MAIN_BKCD)


            TYPE    BASE      LENGTH    RELOCATION   SEGMENT NAME
            -----------------------------------------------------

            * * * * * * *   D A T A   M E M O R Y   * * * * * * *
            REG     0000H     0008H     ABSOLUTE     "REG BANK 0"
            REG     0008H     0008H     ABSOLUTE     "REG BANK 1"
            REG     0010H     0008H     ABSOLUTE     "REG BANK 2"
            DATA    0018H     0002H     UNIT         ?DT?SETUP_ADC
            IDATA   001AH     0001H     UNIT         ?ID?SETUP_ADC?SETUP_ADC
                    001BH     0005H                  *** GAP ***
            BIT     0020H.0   0003H.3   UNIT         ?BI?MAIN_BKCD
            BIT     0023H.3   0000H.2   UNIT         ?BI?_TASK_3?TASK3_BKCD
BL51 BANKED LINKER/LOCATER V6.22                                                      05/21/2013  15:05:07  PAGE 2


            BIT     0023H.5   0000H.2   UNIT         ?BI?TASK3_BKCD
            BIT     0023H.7   0000H.1   UNIT         ?BI?SER_INT?MAIN_BKCD
            DATA    0024H     0034H     UNIT         ?DT?MAIN_BKCD
            DATA    0058H     0027H     UNIT         ?DT?TASK3_BKCD
            IDATA   007FH     002EH     UNIT         ?ID?MAIN_BKCD
            IDATA   00ADH     002DH     UNIT         ?ID?_TASK_3?TASK3_BKCD
            IDATA   00DAH     001DH     UNIT         ?ID?TASK3_BKCD

            * * * * * * *  X D A T A   M E M O R Y  * * * * * * *
            XDATA   0000H     001CH     ABSOLUTE     
            XDATA   001CH     0020H     UNIT         ?XD?SETUP_ADC?SETUP_ADC
            XDATA   003CH     0003H     UNIT         ?XD?MAIN?MAIN_BKCD
            XDATA   003FH     0001H     UNIT         ?XD?KMD?MAIN_BKCD
            XDATA   0040H     0022H     ABSOLUTE     
            XDATA   0062H     0010H     UNIT         ?XD?_TASK_3?TASK3_BKCD
            XDATA   0072H     0009H     UNIT         ?XD?SETUP?SETUP_BKCD
            XDATA   007BH     0002H     UNIT         ?XD?SER_INT?MAIN_BKCD
                    007DH     0003H                  *** GAP ***
            XDATA   0080H     0022H     ABSOLUTE     
                    00A2H     001EH                  *** GAP ***
            XDATA   00C0H     001CH     ABSOLUTE     
            XDATA   00DCH     001CH     ABSOLUTE     
            XDATA   00F8H     0007H     ABSOLUTE     
                    00FFH     0001H                  *** GAP ***
            XDATA   0100H     003CH     ABSOLUTE     
                    013CH     0004H                  *** GAP ***
            XDATA   0140H     003CH     ABSOLUTE     
                    017CH     0004H                  *** GAP ***
            XDATA   0180H     003CH     ABSOLUTE     
                    01BCH     0004H                  *** GAP ***
            XDATA   01C0H     003CH     ABSOLUTE     
                    01FCH     0004H                  *** GAP ***
            XDATA   0200H     001EH     ABSOLUTE     
            XDATA   021EH     0086H     UNIT         ?XD?MAIN_BKCD
            XDATA   02A4H     0077H     UNIT         ?XD?TASK3_BKCD
                    031BH     0005H                  *** GAP ***
            XDATA   0320H     00C0H     ABSOLUTE     
                    03E0H     0020H                  *** GAP ***
            XDATA   0400H     0180H     ABSOLUTE     
                    0580H     0060H                  *** GAP ***
            XDATA   05E0H     0080H     ABSOLUTE     
                    0660H     0020H                  *** GAP ***
            XDATA   0680H     00D0H     ABSOLUTE     
                    0750H     0060H                  *** GAP ***
            XDATA   07B0H     0004H     ABSOLUTE     
            XDATA   07B4H     0028H     ABSOLUTE     

            * * * * * * *   C O D E   M E M O R Y   * * * * * * *
            CODE    0000H     0003H     ABSOLUTE     
            CODE    0003H     000DH     UNIT         ?PR?LBUF_COP?ASSEMB
                    0010H     000BH                  *** GAP ***
            CODE    001BH     0003H     ABSOLUTE     
                    001EH     0005H                  *** GAP ***
            CODE    0023H     0003H     ABSOLUTE     
                    0026H     000DH                  *** GAP ***
            CODE    0033H     0003H     ABSOLUTE     
            CODE    0036H     7A3DH     UNIT         ?PR?_TASK_3?TASK3_BKCD
BL51 BANKED LINKER/LOCATER V6.22                                                      05/21/2013  15:05:07  PAGE 3


            CODE    7A73H     10E1H     UNIT         ?PR?SETUP_ADC?SETUP_ADC
            CODE    8B54H     0E56H     UNIT         ?PR?MAIN?MAIN_BKCD
            CODE    99AAH     0BF9H     UNIT         ?PR?SER_INT?MAIN_BKCD
            CODE    A5A3H     08B7H     UNIT         ?PR?KMD?MAIN_BKCD
            CODE    AE5AH     07F0H     UNIT         ?PR?TIMER1INT?MAIN_BKCD
            CODE    B64AH     065AH     UNIT         ?C?LIB_CODE
            CODE    BCA4H     041FH     UNIT         ?PR?SETUP?SETUP_BKCD
            CODE    C0C3H     02B6H     UNIT         ?CO?MAIN_BKCD
            CODE    C379H     021EH     UNIT         ?PR?INT_ADC?MAIN_BKCD
            CODE    C597H     017CH     UNIT         ?C_INITSEG
            CODE    C713H     00A3H     UNIT         ?C_C51STARTUP
            CODE    C7B6H     0048H     UNIT         ?CO?TASK3_BKCD
            CODE    C7FEH     0044H     UNIT         ?C?LDIV



OVERLAY MAP OF MODULE:   5-1_new_sgt (MAIN_BKCD)


SEGMENT
  +--> CALLED SEGMENT
---------------------
?PR?INT_ADC?MAIN_BKCD
  +--> ?CO?TASK3_BKCD

*** NEW ROOT ***************************************************

?PR?SER_INT?MAIN_BKCD
  +--> ?CO?MAIN_BKCD
  +--> ?PR?KMD?MAIN_BKCD

?PR?KMD?MAIN_BKCD
  +--> ?CO?MAIN_BKCD

*** NEW ROOT ***************************************************

?C_C51STARTUP
  +--> ?PR?MAIN?MAIN_BKCD
  +--> ?C_INITSEG

?PR?MAIN?MAIN_BKCD
  +--> ?PR?SETUP?SETUP_BKCD
  +--> ?PR?SETUP_ADC?SETUP_ADC
  +--> ?PR?_TASK_3?TASK3_BKCD
  +--> ?PR?LBUF_COP?ASSEMB

?PR?_TASK_3?TASK3_BKCD
  +--> ?CO?TASK3_BKCD
  +--> ?CO?MAIN_BKCD



SYMBOL TABLE OF MODULE:  5-1_new_sgt (MAIN_BKCD)

  VALUE           TYPE          NAME
  ----------------------------------

BL51 BANKED LINKER/LOCATER V6.22                                                      05/21/2013  15:05:07  PAGE 4


  -------         MODULE        MAIN_BKCD
  C:0000H         SYMBOL        _ICE_DUMMY_
  B:0020H.0       PUBLIC        fl_rgr
  D:0080H         PUBLIC        P0
  D:0090H         PUBLIC        P1
  B:0020H.1       PUBLIC        FL_BLOK_EPROM
  D:00A0H         PUBLIC        P2
  X:021EH         PUBLIC        str_rele_prin
  D:00B0H         PUBLIC        P3
  B:00A8H.7       PUBLIC        EA
  D:00D8H         PUBLIC        ADCSTAT
  B:0020H.2       PUBLIC        ep2
  B:0020H.3       PUBLIC        fl_r11
  X:0224H         PUBLIC        mi1
  D:002CH         PUBLIC        ED
  B:0020H.4       PUBLIC        fl_r22
  X:0226H         PUBLIC        paket_BO
  C:C169H         PUBLIC        kanal
  I:007FH         PUBLIC        CNT_SEC_V1
  D:002EH         PUBLIC        kol_c
  I:0081H         PUBLIC        CNT_SEC_V2
  B:0020H.5       PUBLIC        fl_ds
  D:0030H         PUBLIC        r_crc
  D:00E6H         PUBLIC        ADC0CON2
  B:00A8H.6       PUBLIC        EADC
  D:00A8H         PUBLIC        IE
  D:0031H         PUBLIC        copy_p
  D:0033H         PUBLIC        len_o
  X:022BH         PUBLIC        DL
  X:0080H         PUBLIC        xbufin
  X:022CH         PUBLIC        POR_R1_OFF
  D:00BCH         PUBLIC        EDATA1
  X:022DH         PUBLIC        POR_R2_OFF
  D:00BDH         PUBLIC        EDATA2
  I:0083H         PUBLIC        CNT_SEC_DL
  D:0034H         PUBLIC        st_ser
  D:00BEH         PUBLIC        EDATA3
  B:0020H.6       PUBLIC        d1
  D:00BFH         PUBLIC        EDATA4
  X:022EH         PUBLIC        WKs
  B:0020H.7       PUBLIC        d2
  B:00B0H.7       PUBLIC        RD
  X:022FH         PUBLIC        paket
  B:00A8H.4       PUBLIC        ES
  D:00D4H         PUBLIC        SF
  D:00B8H         PUBLIC        IP
  X:0040H         PUBLIC        bufout
  I:0087H         PUBLIC        MM
  D:0035H         PUBLIC        i1
  I:008EH         PUBLIC        j1
  B:0098H.0       PUBLIC        RI
  I:008FH         PUBLIC        j2
  B:0021H.0       PUBLIC        fl_sv
  B:0098H.1       PUBLIC        TI
  D:0036H         PUBLIC        cop_imp1
  D:0038H         PUBLIC        cop_imp2
  B:0021H.1       PUBLIC        fcnt_100
BL51 BANKED LINKER/LOCATER V6.22                                                      05/21/2013  15:05:07  PAGE 5


  B:00D8H.7       PUBLIC        RDY0
  D:00E8H         PUBLIC        I2CCON
  D:003AH         PUBLIC        priem
  B:0021H.2       PUBLIC        aktiv
  I:0090H         PUBLIC        CNT_SEC
  C:AE5AH         PUBLIC        timer1int
  B:0021H.3       PUBLIC        v_rgr
  B:00B8H.4       PUBLIC        PS
  D:0081H         PUBLIC        SP
  C:C147H         PUBLIC        TAB_NO_LINE_32
  D:00B9H         PUBLIC        ECON
  C:8B54H         PUBLIC        main
  X:0230H         PUBLIC        BUF_vr
  C:C0C3H         PUBLIC        TAB_NO_LINE_25
  D:003BH         PUBLIC        status
  I:0092H         PUBLIC        crco
  B:00B0H.6       PUBLIC        WR
  C:C0E5H         PUBLIC        TAB_NO_LINE_36
  B:0021H.4       PUBLIC        FL_BLOK_EEPR
  C:C125H         PUBLIC        TAB_NO_LINE_28
  I:0094H         PUBLIC        TM_LINE
  X:0000H         PUBLIC        lbuf
  X:00F8H         PUBLIC        BUF_PIT
  B:0021H.5       PUBLIC        fcnt
  D:0099H         PUBLIC        SBUF
  D:003CH         PUBLIC        bufcht1
  B:0021H.6       PUBLIC        Eprom_ch
  B:0021H.7       PUBLIC        Eprom_zap
  X:024CH         PUBLIC        WK_1
  B:0022H.0       PUBLIC        napr
  D:0098H         PUBLIC        SCON
  D:0088H         PUBLIC        TCON
  D:0040H         PUBLIC        cmd
  D:0041H         PUBLIC        crc
  X:024DH         PUBLIC        mi11
  X:024EH         PUBLIC        zbuf
  X:0270H         PUBLIC        b_err_pit
  X:0271H         PUBLIC        chp
  C:A5A3H         PUBLIC        kmd
  X:0272H         PUBLIC        b_err_cl
  D:00A5H         PUBLIC        HOUR
  D:0043H         PUBLIC        copy_p1
  D:0045H         PUBLIC        zad
  D:00DBH         PUBLIC        ADC0H
  X:0273H         PUBLIC        par
  B:00A0H.4       PUBLIC        svet
  B:00C0H.0       PUBLIC        WDWR
  X:0274H         PUBLIC        str_paket_BO
  B:0022H.1       PUBLIC        d11
  D:00DAH         PUBLIC        ADC0M
  X:0279H         PUBLIC        rele_prin
  I:0095H         PUBLIC        rasx1_t
  I:0099H         PUBLIC        rasx2_t
  B:0022H.2       PUBLIC        d22
  B:00A8H.3       PUBLIC        ET1
  D:00D7H         PUBLIC        PLLCON
  B:0088H.7       PUBLIC        TF1
BL51 BANKED LINKER/LOCATER V6.22                                                      05/21/2013  15:05:07  PAGE 6


  D:008DH         PUBLIC        TH1
  D:00F8H         PUBLIC        SPICON
  I:009DH         PUBLIC        nro
  B:0022H.3       PUBLIC        FCNT_SEC_V1
  I:009EH         PUBLIC        tmo
  B:0022H.4       PUBLIC        FCNT_SEC_V2
  B:0022H.5       PUBLIC        fl_tadc
  D:008BH         PUBLIC        TL1
  B:0022H.6       PUBLIC        fl_m1
  I:009FH         PUBLIC        tmp
  B:0022H.7       PUBLIC        rez
  B:0023H.0       PUBLIC        fl_m2
  X:0297H         PUBLIC        POR_R1_ON
  X:0298H         PUBLIC        POR_R2_ON
  X:0299H         PUBLIC        stat_byte
  D:0046H         PUBLIC        lineadd
  C:C379H         PUBLIC        int_adc
  X:029AH         PUBLIC        BUF_FP_100_0
  B:00E8H.6       PUBLIC        MDE
  D:0047H         PUBLIC        mi
  B:0088H.6       PUBLIC        TR1
  D:0049H         PUBLIC        kn
  X:00DCH         PUBLIC        BUF_MN
  B:00E8H.4       PUBLIC        MDI
  B:0080H.3       PUBLIC        RELE1
  D:00A3H         PUBLIC        SEC
  X:029CH         PUBLIC        b_err_p
  X:00C0H         PUBLIC        lbuf_dn
  B:00E8H.5       PUBLIC        MCO
  B:00E8H.7       PUBLIC        MDO
  D:004AH         PUBLIC        nr
  D:00A4H         PUBLIC        MIN
  D:00C7H         PUBLIC        EADRH
  D:004BH         PUBLIC        KOL
  D:00C8H         PUBLIC        T2CON
  I:00A0H         PUBLIC        cnt_dol
  I:00A2H         PUBLIC        i
  I:00A3H         PUBLIC        j
  D:00C6H         PUBLIC        EADRL
  D:00B7H         PUBLIC        SPH
  C:C177H         PUBLIC        Crc16Table
  B:00C0H.2       PUBLIC        WDS
  D:00D1H         PUBLIC        ADCMODE
  C:C377H         PUBLIC        VER_PR
  D:004CH         PUBLIC        Len_p
  X:029DH         PUBLIC        OGR_UR
  B:0023H.1       PUBLIC        fl_buf
  I:00A4H         PUBLIC        rasx1
  I:00A8H         PUBLIC        rasx2
  B:0023H.2       PUBLIC        fl_rest
  D:004DH         PUBLIC        nas1
  D:004EH         PUBLIC        nas2
  D:00AFH         PUBLIC        CFG848
  X:029FH         PUBLIC        ob_par
  C:99AAH         PUBLIC        ser_int
  D:004FH         PUBLIC        H1
  X:02A1H         PUBLIC        fcnt_k
BL51 BANKED LINKER/LOCATER V6.22                                                      05/21/2013  15:05:07  PAGE 7


  D:0053H         PUBLIC        N_K
  D:0054H         PUBLIC        H2
  D:00D0H         PUBLIC        PSW
  I:00ACH         PUBLIC        lineadd_dop
  B:00B0H.2       PUBLIC        int0
  D:00C0H         PUBLIC        WDCON
  X:02A3H         PUBLIC        tm_kan
  -------         PROC          TIMER1INT
  C:AE5AH         LINE#         303
  C:AE67H         LINE#         319
  C:AE69H         LINE#         320
  C:AE6CH         LINE#         321
  C:AE6FH         LINE#         323
  C:AE75H         LINE#         324
  C:AE7DH         LINE#         325
  C:AE9BH         LINE#         326
  C:AEB9H         LINE#         337
  C:AEC1H         LINE#         338
  C:AEC7H         LINE#         339
  C:AEC7H         LINE#         340
  C:AED8H         LINE#         341
  C:AED8H         LINE#         343
  C:AF09H         LINE#         344
  C:AF10H         LINE#         345
  C:AF10H         LINE#         346
  C:AF12H         LINE#         348
  C:AF22H         LINE#         349
  C:AF29H         LINE#         350
  C:AF2BH         LINE#         351
  C:AF2BH         LINE#         354
  C:AF33H         LINE#         355
  C:AF39H         LINE#         356
  C:AF39H         LINE#         357
  C:AF4AH         LINE#         358
  C:AF4AH         LINE#         360
  C:AF7BH         LINE#         361
  C:AF82H         LINE#         362
  C:AF82H         LINE#         363
  C:AF84H         LINE#         365
  C:AF94H         LINE#         366
  C:AF9BH         LINE#         367
  C:AF9DH         LINE#         368
  C:AF9DH         LINE#         370
  C:AFA7H         LINE#         371
  C:AFA7H         LINE#         373
  C:AFF8H         LINE#         374
  C:AFF8H         LINE#         376
  C:B000H         LINE#         377
  C:B003H         LINE#         378
  C:B003H         LINE#         379
  C:B005H         LINE#         380
  C:B01FH         LINE#         381
  C:B01FH         LINE#         383
  C:B035H         LINE#         384
  C:B048H         LINE#         385
  C:B048H         LINE#         386
  C:B04AH         LINE#         387
BL51 BANKED LINKER/LOCATER V6.22                                                      05/21/2013  15:05:07  PAGE 8


  C:B050H         LINE#         388
  C:B05AH         LINE#         389
  C:B063H         LINE#         390
  C:B069H         LINE#         391
  C:B06BH         LINE#         393
  C:B06EH         LINE#         394
  C:B06EH         LINE#         395
  C:B074H         LINE#         396
  C:B07EH         LINE#         397
  C:B07EH         LINE#         399
  C:B080H         LINE#         401
  C:B080H         LINE#         402
  C:B086H         LINE#         403
  C:B090H         LINE#         404
  C:B099H         LINE#         405
  C:B09FH         LINE#         407
  C:B09FH         LINE#         408
  C:B09FH         LINE#         411
  C:B0E6H         LINE#         412
  C:B0E6H         LINE#         413
  C:B0F0H         LINE#         414
  C:B0F0H         LINE#         416
  C:B103H         LINE#         417
  C:B103H         LINE#         418
  C:B109H         LINE#         419
  C:B10FH         LINE#         420
  C:B118H         LINE#         421
  C:B121H         LINE#         422
  C:B123H         LINE#         423
  C:B123H         LINE#         424
  C:B123H         LINE#         427
  C:B12DH         LINE#         428
  C:B12DH         LINE#         429
  C:B17EH         LINE#         430
  C:B17EH         LINE#         431
  C:B186H         LINE#         432
  C:B189H         LINE#         433
  C:B189H         LINE#         434
  C:B18BH         LINE#         435
  C:B1A5H         LINE#         436
  C:B1A5H         LINE#         438
  C:B1BBH         LINE#         439
  C:B1BBH         LINE#         440
  C:B1CEH         LINE#         441
  C:B1CEH         LINE#         442
  C:B1D0H         LINE#         443
  C:B1D6H         LINE#         444
  C:B1E0H         LINE#         445
  C:B1E9H         LINE#         446
  C:B1EFH         LINE#         447
  C:B1F1H         LINE#         449
  C:B1F4H         LINE#         450
  C:B1FAH         LINE#         451
  C:B204H         LINE#         452
  C:B204H         LINE#         453
  C:B206H         LINE#         455
  C:B206H         LINE#         456
BL51 BANKED LINKER/LOCATER V6.22                                                      05/21/2013  15:05:07  PAGE 9


  C:B20CH         LINE#         457
  C:B216H         LINE#         458
  C:B21FH         LINE#         459
  C:B225H         LINE#         460
  C:B225H         LINE#         461
  C:B225H         LINE#         462
  C:B26CH         LINE#         463
  C:B26CH         LINE#         464
  C:B276H         LINE#         465
  C:B276H         LINE#         467
  C:B289H         LINE#         468
  C:B289H         LINE#         469
  C:B28FH         LINE#         470
  C:B295H         LINE#         471
  C:B29EH         LINE#         472
  C:B2A7H         LINE#         473
  C:B2A9H         LINE#         474
  C:B2A9H         LINE#         476
  C:B2A9H         LINE#         480
  C:B2B3H         LINE#         481
  C:B2B3H         LINE#         483
  C:B2D5H         LINE#         484
  C:B2F7H         LINE#         486
  C:B312H         LINE#         487
  C:B354H         LINE#         488
  C:B391H         LINE#         490
  C:B3ACH         LINE#         491
  C:B3EEH         LINE#         492
  C:B43BH         LINE#         496
  C:B456H         LINE#         497
  C:B498H         LINE#         498
  C:B4D5H         LINE#         500
  C:B4F0H         LINE#         501
  C:B532H         LINE#         502
  C:B56FH         LINE#         504
  C:B573H         LINE#         505
  C:B577H         LINE#         506
  C:B577H         LINE#         509
  C:B57FH         LINE#         510
  C:B582H         LINE#         511
  C:B593H         LINE#         512
  C:B593H         LINE#         513
  C:B5B4H         LINE#         515
  C:B5BBH         LINE#         516
  C:B5BBH         LINE#         517
  C:B5BDH         LINE#         519
  C:B5CDH         LINE#         520
  C:B5D4H         LINE#         521
  C:B5D6H         LINE#         522
  C:B5D6H         LINE#         526
  C:B5DAH         LINE#         527
  C:B5DEH         LINE#         529
  C:B5E4H         LINE#         533
  C:B5E6H         LINE#         535
  C:B612H         LINE#         536
  C:B612H         LINE#         537
  C:B61CH         LINE#         538
BL51 BANKED LINKER/LOCATER V6.22                                                      05/21/2013  15:05:07  PAGE 10


  C:B61CH         LINE#         541
  C:B626H         LINE#         542
  C:B626H         LINE#         543
  C:B62BH         LINE#         544
  C:B62BH         LINE#         546
  C:B62EH         LINE#         547
  C:B632H         LINE#         548
  C:B635H         LINE#         549
  C:B635H         LINE#         550
  C:B637H         LINE#         552
  C:B637H         LINE#         553
  C:B63CH         LINE#         554
  C:B63FH         LINE#         555
  C:B63FH         LINE#         558
  -------         ENDPROC       TIMER1INT
  -------         PROC          INT_ADC
  -------         DO            
  D:0024H         SYMBOL        tmadc
  -------         ENDDO         
  C:C379H         LINE#         561
  C:C39BH         LINE#         565
  C:C3A3H         LINE#         567
  C:C3AEH         LINE#         568
  C:C3AEH         LINE#         569
  C:C3B4H         LINE#         570
  C:C3B9H         LINE#         571
  C:C3BCH         LINE#         572
  C:C3BFH         LINE#         573
  C:C3C3H         LINE#         575
  C:C3C5H         LINE#         576
  C:C3C5H         LINE#         592
  C:C3CBH         LINE#         593
  C:C3CBH         LINE#         594
  C:C3CDH         LINE#         596
  C:C3E2H         LINE#         597
  C:C3EAH         LINE#         599
  C:C3FEH         LINE#         601
  C:C401H         LINE#         602
  C:C404H         LINE#         604
  C:C43DH         LINE#         606
  C:C442H         LINE#         607
  C:C442H         LINE#         608
  C:C470H         LINE#         609
  C:C487H         LINE#         610
  C:C487H         LINE#         612
  C:C489H         LINE#         613
  C:C48FH         LINE#         614
  C:C48FH         LINE#         615
  C:C492H         LINE#         616
  C:C498H         LINE#         617
  C:C498H         LINE#         618
  C:C49BH         LINE#         620
  C:C4A0H         LINE#         621
  C:C4AAH         LINE#         622
  C:C4AAH         LINE#         623
  C:C4B8H         LINE#         624
  C:C4DAH         LINE#         625
BL51 BANKED LINKER/LOCATER V6.22                                                      05/21/2013  15:05:07  PAGE 11


  C:C4F2H         LINE#         626
  C:C4F6H         LINE#         627
  C:C503H         LINE#         628
  C:C503H         LINE#         629
  C:C505H         LINE#         630
  C:C505H         LINE#         632
  C:C51BH         LINE#         633
  C:C524H         LINE#         634
  C:C52AH         LINE#         657
  C:C564H         LINE#         658
  C:C567H         LINE#         659
  C:C571H         LINE#         662
  C:C574H         LINE#         663
  C:C574H         LINE#         689
  -------         ENDPROC       INT_ADC
  -------         PROC          SER_INT
  -------         DO            
  D:0028H         SYMBOL        i
  C:A598H         SYMBOL        kon
  -------         DO            
  D:0026H         SYMBOL        tmpbait
  -------         ENDDO         
  -------         DO            
  B:0023H.7       SYMBOL        bRELE
  -------         ENDDO         
  -------         DO            
  X:007BH         SYMBOL        temp_pr_rel
  X:007BH         SYMBOL        temp_pr_rel
  X:007BH         SYMBOL        temp_pr_rel
  X:007BH         SYMBOL        temp_pr_rel
  X:007BH         SYMBOL        temp_pr_rel
  -------         ENDDO         
  -------         DO            
  X:007BH         SYMBOL        temp_pr_rel
  X:007BH         SYMBOL        temp_pr_rel
  X:007BH         SYMBOL        temp_pr_rel
  X:007BH         SYMBOL        temp_pr_rel
  -------         ENDDO         
  -------         DO            
  X:007BH         SYMBOL        temp_pr_rel
  X:007BH         SYMBOL        temp_pr_rel
  X:007BH         SYMBOL        temp_pr_rel
  -------         ENDDO         
  -------         DO            
  X:007BH         SYMBOL        temp_pr_rel
  X:007BH         SYMBOL        temp_pr_rel
  -------         ENDDO         
  -------         DO            
  X:007BH         SYMBOL        temp_pr_rel
  -------         ENDDO         
  -------         ENDDO         
  C:99AAH         LINE#         692
  C:99B7H         LINE#         697
  C:99BDH         LINE#         698
  C:99BDH         LINE#         699
  C:99C1H         LINE#         700
  C:99C3H         LINE#         703
BL51 BANKED LINKER/LOCATER V6.22                                                      05/21/2013  15:05:07  PAGE 12


  C:99C9H         LINE#         704
  C:99C9H         LINE#         705
  C:99C9H         LINE#         706
  C:99C9H         LINE#         708
  C:99CCH         LINE#         710
  C:99D5H         LINE#         711
  C:99D5H         LINE#         713
  C:99D7H         LINE#         714
  C:99DEH         LINE#         715
  C:99DEH         LINE#         716
  C:99E1H         LINE#         717
  C:99E4H         LINE#         718
  C:99E4H         LINE#         720
  C:99EAH         LINE#         721
  C:99EAH         LINE#         722
  C:9A10H         LINE#         723
  C:9A10H         LINE#         724
  C:9A16H         LINE#         725
  C:9A18H         LINE#         727
  C:9A18H         LINE#         728
  C:9A1BH         LINE#         729
  C:9A1EH         LINE#         730
  C:9A1EH         LINE#         731
  C:9A1EH         LINE#         734
  C:9A22H         LINE#         735
  C:9A22H         LINE#         736
  C:9A2BH         LINE#         737
  C:9A2BH         LINE#         738
  C:9A2EH         LINE#         739
  C:9A31H         LINE#         740
  C:9A31H         LINE#         741
  C:9A31H         LINE#         743
  C:9A3AH         LINE#         744
  C:9A3AH         LINE#         745
  C:9A76H         LINE#         746
  C:9A76H         LINE#         747
  C:9A7EH         LINE#         748
  C:9A7EH         LINE#         749
  C:9A81H         LINE#         750
  C:9A84H         LINE#         751
  C:9A84H         LINE#         752
  C:9AF2H         LINE#         753
  C:9AF2H         LINE#         754
  C:9AF5H         LINE#         755
  C:9AF8H         LINE#         756
  C:9AF8H         LINE#         757
  C:9AF8H         LINE#         758
  C:9AF8H         LINE#         760
  C:9B0AH         LINE#         762
  C:9B2CH         LINE#         763
  C:9B2CH         LINE#         764
  C:9B2FH         LINE#         769
  C:9B35H         LINE#         770
  C:9B3BH         LINE#         771
  C:9B3BH         LINE#         772
  C:9B48H         LINE#         773
  C:9B48H         LINE#         774
BL51 BANKED LINKER/LOCATER V6.22                                                      05/21/2013  15:05:07  PAGE 13


  C:9B53H         LINE#         775
  C:9B6DH         LINE#         776
  C:9B71H         LINE#         777
  C:9B73H         LINE#         779
  C:9B80H         LINE#         780
  C:9B80H         LINE#         781
  C:9B94H         LINE#         782
  C:9BCFH         LINE#         784
  C:9BD3H         LINE#         786
  C:9C27H         LINE#         787
  C:9C27H         LINE#         788
  C:9C2EH         LINE#         789
  C:9C35H         LINE#         790
  C:9C3BH         LINE#         795
  C:9C66H         LINE#         796
  C:9C66H         LINE#         799
  C:9C66H         LINE#         803
  C:9C80H         LINE#         804
  C:9C87H         LINE#         805
  C:9CA7H         LINE#         807
  C:9CC1H         LINE#         809
  C:9CDBH         LINE#         848
  C:9CDBH         LINE#         850
  C:9CE1H         LINE#         851
  C:9CE4H         LINE#         853
  C:9CE4H         LINE#         855
  C:9D0CH         LINE#         856
  C:9D0CH         LINE#         857
  C:9D16H         LINE#         858
  C:9D36H         LINE#         860
  C:9D44H         LINE#         861
  C:9D4EH         LINE#         863
  C:9D5DH         LINE#         864
  C:9D5DH         LINE#         865
  C:9D63H         LINE#         866
  C:9D6AH         LINE#         867
  C:9D70H         LINE#         868
  C:9D7CH         LINE#         869
  C:9D82H         LINE#         870
  C:9D8EH         LINE#         871
  C:9D94H         LINE#         873
  C:9DA3H         LINE#         874
  C:9DB4H         LINE#         875
  C:9DCDH         LINE#         878
  C:9DE9H         LINE#         879
  C:9DE9H         LINE#         880
  C:9E08H         LINE#         881
  C:9E0EH         LINE#         882
  C:9E10H         LINE#         883
  C:9E10H         LINE#         886
  C:9E15H         LINE#         887
  C:9E15H         LINE#         888
  C:9E17H         LINE#         889
  C:9E17H         LINE#         891
  C:9E17H         LINE#         894
  C:9E26H         LINE#         895
  C:9E26H         LINE#         896
BL51 BANKED LINKER/LOCATER V6.22                                                      05/21/2013  15:05:07  PAGE 14


  C:9E2EH         LINE#         897
  C:9E2EH         LINE#         898
  C:9E44H         LINE#         899
  C:9E44H         LINE#         900
  C:9E4EH         LINE#         901
  C:9E4EH         LINE#         902
  C:9E6AH         LINE#         903
  C:9E6EH         LINE#         904
  C:9E76H         LINE#         905
  C:9E85H         LINE#         906
  C:9E88H         LINE#         907
  C:9E91H         LINE#         908
  C:9E91H         LINE#         909
  C:9E91H         LINE#         911
  C:9ED9H         LINE#         912
  C:9ED9H         LINE#         913
  C:9EE3H         LINE#         914
  C:9EE6H         LINE#         915
  C:9EE6H         LINE#         916
  C:9EE6H         LINE#         918
  C:9F29H         LINE#         919
  C:9F29H         LINE#         920
  C:9F2BH         LINE#         921
  C:9F2DH         LINE#         922
  C:9F32H         LINE#         923
  C:9F34H         LINE#         924
  C:9F34H         LINE#         926
  C:9F51H         LINE#         927
  C:9F57H         LINE#         929
  C:9F5AH         LINE#         931
  C:9F5AH         LINE#         933
  C:9F6BH         LINE#         934
  C:9F6BH         LINE#         935
  C:9F73H         LINE#         936
  C:9F8EH         LINE#         937
  C:9FA2H         LINE#         938
  C:9FC1H         LINE#         940
  C:9FD8H         LINE#         941
  C:9FE8H         LINE#         943
  C:9FF6H         LINE#         945
  C:A00DH         LINE#         946
  C:A01DH         LINE#         948
  C:A02BH         LINE#         949
  C:A02BH         LINE#         951
  C:A03CH         LINE#         952
  C:A03CH         LINE#         953
  C:A044H         LINE#         954
  C:A05FH         LINE#         955
  C:A073H         LINE#         956
  C:A092H         LINE#         958
  C:A0A9H         LINE#         959
  C:A0B9H         LINE#         961
  C:A0C7H         LINE#         963
  C:A0DEH         LINE#         964
  C:A0EEH         LINE#         966
  C:A0FCH         LINE#         967
  C:A0FCH         LINE#         969
BL51 BANKED LINKER/LOCATER V6.22                                                      05/21/2013  15:05:07  PAGE 15


  C:A10DH         LINE#         970
  C:A10DH         LINE#         971
  C:A115H         LINE#         972
  C:A130H         LINE#         973
  C:A144H         LINE#         974
  C:A163H         LINE#         976
  C:A17AH         LINE#         977
  C:A18AH         LINE#         979
  C:A198H         LINE#         981
  C:A1AFH         LINE#         982
  C:A1BFH         LINE#         984
  C:A1CDH         LINE#         985
  C:A1CDH         LINE#         987
  C:A1DEH         LINE#         988
  C:A1DEH         LINE#         989
  C:A1E6H         LINE#         990
  C:A201H         LINE#         991
  C:A215H         LINE#         992
  C:A234H         LINE#         994
  C:A24BH         LINE#         995
  C:A25BH         LINE#         997
  C:A269H         LINE#         999
  C:A280H         LINE#         1000
  C:A290H         LINE#         1002
  C:A29EH         LINE#         1003
  C:A29EH         LINE#         1005
  C:A2AFH         LINE#         1006
  C:A2AFH         LINE#         1007
  C:A2B7H         LINE#         1008
  C:A2D2H         LINE#         1009
  C:A2E6H         LINE#         1010
  C:A305H         LINE#         1012
  C:A31CH         LINE#         1013
  C:A32CH         LINE#         1015
  C:A33AH         LINE#         1017
  C:A351H         LINE#         1018
  C:A361H         LINE#         1020
  C:A36FH         LINE#         1021
  C:A36FH         LINE#         1024
  C:A385H         LINE#         1025
  C:A397H         LINE#         1027
  C:A3ADH         LINE#         1028
  C:A3BFH         LINE#         1030
  C:A3D5H         LINE#         1031
  C:A3E7H         LINE#         1033
  C:A3FDH         LINE#         1034
  C:A40FH         LINE#         1035
  C:A415H         LINE#         1036
  C:A415H         LINE#         1037
  C:A415H         LINE#         1038
  C:A417H         LINE#         1040
  C:A417H         LINE#         1041
  C:A41AH         LINE#         1042
  C:A41DH         LINE#         1043
  C:A41DH         LINE#         1052
  C:A41DH         LINE#         1053
  C:A41DH         LINE#         1056
BL51 BANKED LINKER/LOCATER V6.22                                                      05/21/2013  15:05:07  PAGE 16


  C:A423H         LINE#         1057
  C:A423H         LINE#         1058
  C:A425H         LINE#         1059
  C:A428H         LINE#         1060
  C:A42EH         LINE#         1062
  C:A437H         LINE#         1063
  C:A437H         LINE#         1064
  C:A441H         LINE#         1065
  C:A441H         LINE#         1066
  C:A449H         LINE#         1067
  C:A455H         LINE#         1069
  C:A45DH         LINE#         1070
  C:A45DH         LINE#         1071
  C:A466H         LINE#         1072
  C:A46DH         LINE#         1073
  C:A476H         LINE#         1074
  C:A47DH         LINE#         1075
  C:A480H         LINE#         1077
  C:A494H         LINE#         1078
  C:A497H         LINE#         1080
  C:A4A0H         LINE#         1081
  C:A4A0H         LINE#         1082
  C:A4A5H         LINE#         1083
  C:A4ABH         LINE#         1085
  C:A4BAH         LINE#         1086
  C:A4BCH         LINE#         1088
  C:A4D6H         LINE#         1089
  C:A4E3H         LINE#         1091
  C:A502H         LINE#         1092
  C:A502H         LINE#         1093
  C:A509H         LINE#         1094
  C:A50CH         LINE#         1095
  C:A50FH         LINE#         1096
  C:A511H         LINE#         1098
  C:A525H         LINE#         1099
  C:A52BH         LINE#         1100
  C:A530H         LINE#         1101
  C:A541H         LINE#         1103
  C:A54AH         LINE#         1104
  C:A590H         LINE#         1106
  C:A593H         LINE#         1107
  C:A595H         LINE#         1109
  C:A598H         LINE#         1110
  C:A598H         LINE#         1113
  C:A598H         LINE#         1115
  -------         ENDPROC       SER_INT
  -------         PROC          KMD
  -------         DO            
  X:003FH         SYMBOL        tmp_rw
  -------         DO            
  D:0029H         SYMBOL        t
  -------         ENDDO         
  -------         ENDDO         
  C:A5A3H         LINE#         1119
  C:A5A3H         LINE#         1120
  C:A5A3H         LINE#         1124
  C:A5EBH         LINE#         1125
BL51 BANKED LINKER/LOCATER V6.22                                                      05/21/2013  15:05:07  PAGE 17


  C:A5EBH         LINE#         1126
  C:A5EDH         LINE#         1127
  C:A601H         LINE#         1128
  C:A603H         LINE#         1129
  C:A612H         LINE#         1130
  C:A615H         LINE#         1131
  C:A615H         LINE#         1134
  C:A64EH         LINE#         1135
  C:A64EH         LINE#         1137
  C:A651H         LINE#         1139
  C:A658H         LINE#         1211
  C:A65EH         LINE#         1212
  C:A65EH         LINE#         1213
  C:A66CH         LINE#         1214
  C:A66CH         LINE#         1215
  C:A680H         LINE#         1216
  C:A68DH         LINE#         1217
  C:A69EH         LINE#         1218
  C:A69EH         LINE#         1219
  C:A69EH         LINE#         1221
  C:A6A4H         LINE#         1222
  C:A6A4H         LINE#         1223
  C:A6B2H         LINE#         1224
  C:A6B2H         LINE#         1225
  C:A6C6H         LINE#         1226
  C:A6D3H         LINE#         1227
  C:A6E4H         LINE#         1228
  C:A6E4H         LINE#         1229
  C:A6E4H         LINE#         1265
  C:A6E4H         LINE#         1281
  C:A708H         LINE#         1282
  C:A708H         LINE#         1284
  C:A71CH         LINE#         1285
  C:A744H         LINE#         1286
  C:A750H         LINE#         1287
  C:A761H         LINE#         1288
  C:A767H         LINE#         1289
  C:A76AH         LINE#         1290
  C:A76AH         LINE#         1293
  C:A7A1H         LINE#         1294
  C:A7A1H         LINE#         1295
  C:A7AAH         LINE#         1296
  C:A7B8H         LINE#         1298
  C:A7C1H         LINE#         1299
  C:A7CFH         LINE#         1300
  C:A7CFH         LINE#         1302
  C:A7D8H         LINE#         1303
  C:A7E6H         LINE#         1305
  C:A7EFH         LINE#         1306
  C:A7FDH         LINE#         1325
  C:A7FDH         LINE#         1343
  C:A80AH         LINE#         1344
  C:A80AH         LINE#         1345
  C:A83FH         LINE#         1346
  C:A83FH         LINE#         1361
  C:A846H         LINE#         1362
  C:A84DH         LINE#         1363
BL51 BANKED LINKER/LOCATER V6.22                                                      05/21/2013  15:05:07  PAGE 18


  C:A854H         LINE#         1365
  C:A85AH         LINE#         1366
  C:A85FH         LINE#         1367
  C:A861H         LINE#         1368
  C:A879H         LINE#         1369
  C:A87BH         LINE#         1370
  C:A88CH         LINE#         1371
  C:A88CH         LINE#         1372
  C:A896H         LINE#         1373
  C:A896H         LINE#         1374
  C:A8AAH         LINE#         1375
  C:A8AAH         LINE#         1376
  C:A8ACH         LINE#         1377
  C:A8AEH         LINE#         1379
  C:A8AEH         LINE#         1380
  C:A8B0H         LINE#         1381
  C:A8B0H         LINE#         1382
  C:A8C8H         LINE#         1383
  C:A8D1H         LINE#         1384
  C:A8E9H         LINE#         1385
  C:A8EBH         LINE#         1386
  C:A907H         LINE#         1387
  C:A909H         LINE#         1388
  C:A90DH         LINE#         1389
  C:A925H         LINE#         1390
  C:A932H         LINE#         1391
  C:A95FH         LINE#         1392
  C:A96DH         LINE#         1393
  C:A971H         LINE#         1394
  C:A977H         LINE#         1395
  C:A98FH         LINE#         1396
  C:A998H         LINE#         1397
  C:A9B0H         LINE#         1398
  C:A9B2H         LINE#         1458
  C:A9B8H         LINE#         1459
  C:A9BBH         LINE#         1460
  C:A9C1H         LINE#         1463
  C:A9C1H         LINE#         1465
  C:A9F6H         LINE#         1466
  C:A9F6H         LINE#         1467
  C:AA18H         LINE#         1468
  C:AA29H         LINE#         1469
  C:AA33H         LINE#         1470
  C:AA3CH         LINE#         1471
  C:AA42H         LINE#         1472
  C:AA5CH         LINE#         1473
  C:AA63H         LINE#         1474
  C:AA7FH         LINE#         1475
  C:AA91H         LINE#         1476
  C:AAA9H         LINE#         1477
  C:AAB6H         LINE#         1478
  C:AAE3H         LINE#         1479
  C:AAF1H         LINE#         1482
  C:AAF5H         LINE#         1483
  C:AB00H         LINE#         1484
  C:AB1AH         LINE#         1485
  C:AB21H         LINE#         1486
BL51 BANKED LINKER/LOCATER V6.22                                                      05/21/2013  15:05:07  PAGE 19


  C:AB39H         LINE#         1487
  C:AB53H         LINE#         1488
  C:AB71H         LINE#         1489
  C:AB8BH         LINE#         1490
  C:ABA5H         LINE#         1491
  C:ABAFH         LINE#         1492
  C:ABBEH         LINE#         1493
  C:ABD6H         LINE#         1494
  C:ABFBH         LINE#         1495
  C:AC0DH         LINE#         1496
  C:AC25H         LINE#         1497
  C:AC4AH         LINE#         1498
  C:AC77H         LINE#         1499
  C:AC85H         LINE#         1502
  C:ACA1H         LINE#         1503
  C:ACB2H         LINE#         1504
  C:ACE4H         LINE#         1505
  C:ACE7H         LINE#         1506
  C:AD15H         LINE#         1508
  C:AD2BH         LINE#         1509
  C:AD41H         LINE#         1510
  C:AD60H         LINE#         1511
  C:AD62H         LINE#         1512
  C:AD6CH         LINE#         1513
  C:AD6EH         LINE#         1514
  C:AD77H         LINE#         1515
  C:AD8FH         LINE#         1516
  C:ADB1H         LINE#         1517
  C:ADCBH         LINE#         1518
  C:ADE5H         LINE#         1519
  C:AE08H         LINE#         1528
  C:AE12H         LINE#         1529
  C:AE32H         LINE#         1535
  C:AE34H         LINE#         1536
  C:AE43H         LINE#         1537
  C:AE46H         LINE#         1538
  C:AE46H         LINE#         1540
  C:AE46H         LINE#         1680
  C:AE50H         LINE#         1681
  C:AE59H         LINE#         1696
  -------         ENDPROC       KMD
  -------         PROC          MAIN
  -------         DO            
  X:003CH         SYMBOL        fl_kal
  X:003DH         SYMBOL        kol_cik
  C:9253H         SYMBOL        zz1
  C:9889H         SYMBOL        kon1
  -------         DO            
  X:003EH         SYMBOL        off
  D:002AH         SYMBOL        j4
  D:002BH         SYMBOL        i1
  -------         ENDDO         
  -------         DO            
  D:002AH         SYMBOL        j4
  D:002BH         SYMBOL        i1
  -------         ENDDO         
  -------         DO            
BL51 BANKED LINKER/LOCATER V6.22                                                      05/21/2013  15:05:07  PAGE 20


  D:002BH         SYMBOL        i1
  -------         ENDDO         
  -------         ENDDO         
  C:8B54H         LINE#         1702
  C:8B59H         LINE#         1704
  C:8B63H         LINE#         1706
  C:8B65H         LINE#         1707
  C:8B67H         LINE#         1708
  C:8B69H         LINE#         1711
  C:8B6CH         LINE#         1712
  C:8B6FH         LINE#         1713
  C:8B75H         LINE#         1716
  C:8B78H         LINE#         1718
  C:8B7BH         LINE#         1719
  C:8B81H         LINE#         1720
  C:8B83H         LINE#         1722
  C:8B86H         LINE#         1723
  C:8B89H         LINE#         1725
  C:8B8BH         LINE#         1727
  C:8B8EH         LINE#         1728
  C:8B8EH         LINE#         1729
  C:8B90H         LINE#         1730
  C:8B92H         LINE#         1731
  C:8B95H         LINE#         1732
  C:8B97H         LINE#         1734
  C:8B97H         LINE#         1737
  C:8B99H         LINE#         1738
  C:8BA2H         LINE#         1739
  C:8BABH         LINE#         1740
  C:8BB4H         LINE#         1741
  C:8BBDH         LINE#         1742
  C:8BBFH         LINE#         1743
  C:8BC1H         LINE#         1744
  C:8BC7H         LINE#         1745
  C:8BCDH         LINE#         1746
  C:8BD3H         LINE#         1747
  C:8BD9H         LINE#         1748
  C:8BDFH         LINE#         1749
  C:8BE5H         LINE#         1750
  C:8BE7H         LINE#         1751
  C:8BE9H         LINE#         1752
  C:8BEBH         LINE#         1753
  C:8BEDH         LINE#         1754
  C:8BF4H         LINE#         1755
  C:8BFBH         LINE#         1756
  C:8C02H         LINE#         1757
  C:8C08H         LINE#         1758
  C:8C0DH         LINE#         1759
  C:8C10H         LINE#         1760
  C:8C12H         LINE#         1761
  C:8C14H         LINE#         1762
  C:8C1CH         LINE#         1764
  C:8C20H         LINE#         1765
  C:8C22H         LINE#         1768
  C:8C25H         LINE#         1770
  C:8C31H         LINE#         1772
  C:8C35H         LINE#         1773
BL51 BANKED LINKER/LOCATER V6.22                                                      05/21/2013  15:05:07  PAGE 21


  C:8C3FH         LINE#         1774
  C:8C43H         LINE#         1776
  C:8C4CH         LINE#         1778
  C:8C53H         LINE#         1779
  C:8C57H         LINE#         1781
  C:8C5CH         LINE#         1782
  C:8C61H         LINE#         1784
  C:8C64H         LINE#         1788
  C:8C69H         LINE#         1789
  C:8C69H         LINE#         1790
  C:8C6FH         LINE#         1791
  C:8C71H         LINE#         1793
  C:8C77H         LINE#         1794
  C:8C77H         LINE#         1796
  C:8C83H         LINE#         1797
  C:8C86H         LINE#         1798
  C:8C8BH         LINE#         1799
  C:8C8EH         LINE#         1800
  C:8C91H         LINE#         1801
  C:8C91H         LINE#         1805
  C:8C93H         LINE#         1806
  C:8C97H         LINE#         1807
  C:8C99H         LINE#         1818
  C:8C9BH         LINE#         1819
  C:8CA0H         LINE#         1820
  C:8CA2H         LINE#         1823
  C:8CAEH         LINE#         1825
  C:8CB4H         LINE#         1826
  C:8CBAH         LINE#         1827
  C:8CC9H         LINE#         1828
  C:8CD5H         LINE#         1831
  C:8CDBH         LINE#         1832
  C:8CE1H         LINE#         1833
  C:8CF0H         LINE#         1834
  C:8CFCH         LINE#         1838
  C:8D08H         LINE#         1840
  C:8D0EH         LINE#         1842
  C:8D1BH         LINE#         1843
  C:8D1BH         LINE#         1844
  C:8D20H         LINE#         1845
  C:8D29H         LINE#         1847
  C:8D3DH         LINE#         1848
  C:8D3DH         LINE#         1849
  C:8D90H         LINE#         1850
  C:8DA3H         LINE#         1851
  C:8DA3H         LINE#         1852
  C:8DA3H         LINE#         1853
  C:8DA3H         LINE#         1854
  C:8DB4H         LINE#         1855
  C:8DB6H         LINE#         1856
  C:8DB6H         LINE#         1857
  C:8DB6H         LINE#         1858
  C:8DB6H         LINE#         1859
  C:8DC7H         LINE#         1860
  C:8DC9H         LINE#         1861
  C:8DC9H         LINE#         1862
  C:8DC9H         LINE#         1863
BL51 BANKED LINKER/LOCATER V6.22                                                      05/21/2013  15:05:07  PAGE 22


  C:8DC9H         LINE#         1864
  C:8DE3H         LINE#         1865
  C:8DE3H         LINE#         1866
  C:8DE3H         LINE#         1867
  C:8DE3H         LINE#         1868
  C:8DECH         LINE#         1869
  C:8DECH         LINE#         1873
  C:8DF9H         LINE#         1874
  C:8DF9H         LINE#         1875
  C:8E46H         LINE#         1876
  C:8E4FH         LINE#         1877
  C:8E4FH         LINE#         1878
  C:8E62H         LINE#         1879
  C:8E75H         LINE#         1880
  C:8E8EH         LINE#         1881
  C:8EB4H         LINE#         1882
  C:8ECEH         LINE#         1885
  C:8F1BH         LINE#         1886
  C:8F34H         LINE#         1887
  C:8F5AH         LINE#         1888
  C:8F74H         LINE#         1890
  C:8F74H         LINE#         1891
  C:8F79H         LINE#         1893
  C:8F81H         LINE#         1895
  C:8F84H         LINE#         1896
  C:8F87H         LINE#         1898
  C:8F8FH         LINE#         1899
  C:8F9CH         LINE#         1900
  C:8F9CH         LINE#         1901
  C:8FB5H         LINE#         1902
  C:8FB5H         LINE#         1903
  C:8FCAH         LINE#         1904
  C:8FE7H         LINE#         1905
  C:9002H         LINE#         1906
  C:9007H         LINE#         1907
  C:900AH         LINE#         1908
  C:900AH         LINE#         1910
  C:901FH         LINE#         1911
  C:903CH         LINE#         1912
  C:9057H         LINE#         1913
  C:905CH         LINE#         1914
  C:905FH         LINE#         1915
  C:905FH         LINE#         1917
  C:9074H         LINE#         1918
  C:9074H         LINE#         1919
  C:908FH         LINE#         1920
  C:908FH         LINE#         1922
  C:90A8H         LINE#         1923
  C:90BDH         LINE#         1924
  C:90C1H         LINE#         1926
  C:90C3H         LINE#         1927
  C:90C3H         LINE#         1928
  C:90C8H         LINE#         1932
  C:90D2H         LINE#         1933
  C:90E4H         LINE#         1934
  C:90E8H         LINE#         1936
  C:90ECH         LINE#         1937
BL51 BANKED LINKER/LOCATER V6.22                                                      05/21/2013  15:05:07  PAGE 23


  C:90F9H         LINE#         1938
  C:9112H         LINE#         1939
  C:9112H         LINE#         1942
  C:9124H         LINE#         1943
  C:9132H         LINE#         1944
  C:9132H         LINE#         1945
  C:9149H         LINE#         1946
  C:9170H         LINE#         1947
  C:9170H         LINE#         1948
  C:9193H         LINE#         1949
  C:9195H         LINE#         1950
  C:9195H         LINE#         1951
  C:919AH         LINE#         1952
  C:919AH         LINE#         1953
  C:919FH         LINE#         1955
  C:91A1H         LINE#         1957
  C:91A4H         LINE#         1959
  C:91ACH         LINE#         1960
  C:91CEH         LINE#         1961
  C:91F0H         LINE#         1962
  C:91F4H         LINE#         1963
  C:91F8H         LINE#         1969
  C:91FAH         LINE#         1970
  C:91FFH         LINE#         1971
  C:9201H         LINE#         1972
  C:9206H         LINE#         1973
  C:920BH         LINE#         1974
  C:921BH         LINE#         1977
  C:921DH         LINE#         1978
  C:9220H         LINE#         1979
  C:9223H         LINE#         1980
  C:9225H         LINE#         1981
  C:9227H         LINE#         1982
  C:9229H         LINE#         1983
  C:922BH         LINE#         1984
  C:922DH         LINE#         1985
  C:922FH         LINE#         1987
  C:9244H         LINE#         1988
  C:924EH         LINE#         1990
  C:9251H         LINE#         1991
  C:9253H         LINE#         2004
  C:9253H         LINE#         2006
  C:9256H         LINE#         2007
  C:9256H         LINE#         2009
  C:9264H         LINE#         2010
  C:926AH         LINE#         2011
  C:926CH         LINE#         2012
  C:9271H         LINE#         2013
  C:9273H         LINE#         2015
  C:9273H         LINE#         2017
  C:927EH         LINE#         2018
  C:9284H         LINE#         2020
  C:928FH         LINE#         2021
  C:9295H         LINE#         2023
  C:92A0H         LINE#         2024
  C:92A5H         LINE#         2026
  C:92B3H         LINE#         2027
BL51 BANKED LINKER/LOCATER V6.22                                                      05/21/2013  15:05:07  PAGE 24


  C:92C9H         LINE#         2028
  C:92CCH         LINE#         2029
  C:92CFH         LINE#         2030
  C:92D4H         LINE#         2031
  C:92DCH         LINE#         2032
  C:92DCH         LINE#         2087
  C:92E9H         LINE#         2088
  C:92E9H         LINE#         2090
  C:92ECH         LINE#         2092
  C:92F6H         LINE#         2093
  C:92F6H         LINE#         2094
  C:931FH         LINE#         2095
  C:931FH         LINE#         2097
  C:9352H         LINE#         2098
  C:9354H         LINE#         2100
  C:936BH         LINE#         2101
  C:936FH         LINE#         2104
  C:9379H         LINE#         2105
  C:9379H         LINE#         2106
  C:937EH         LINE#         2107
  C:9382H         LINE#         2108
  C:9384H         LINE#         2111
  C:9387H         LINE#         2112
  C:938AH         LINE#         2113
  C:938AH         LINE#         2115
  C:9390H         LINE#         2116
  C:9392H         LINE#         2118
  C:9398H         LINE#         2122
  C:939EH         LINE#         2123
  C:939EH         LINE#         2125
  C:93A0H         LINE#         2126
  C:93B9H         LINE#         2127
  C:93B9H         LINE#         2128
  C:93C6H         LINE#         2129
  C:93C6H         LINE#         2130
  C:93D1H         LINE#         2131
  C:93E1H         LINE#         2133
  C:93E4H         LINE#         2136
  C:9408H         LINE#         2137
  C:9421H         LINE#         2139
  C:9447H         LINE#         2140
  C:9460H         LINE#         2142
  C:9486H         LINE#         2143
  C:949FH         LINE#         2145
  C:94C5H         LINE#         2146
  C:94DEH         LINE#         2147
  C:94E0H         LINE#         2148
  C:94E5H         LINE#         2149
  C:94EBH         LINE#         2150
  C:94FAH         LINE#         2151
  C:94FCH         LINE#         2152
  C:94FFH         LINE#         2153
  C:9508H         LINE#         2154
  C:950AH         LINE#         2156
  C:950DH         LINE#         2157
  C:950FH         LINE#         2158
  C:9511H         LINE#         2159
BL51 BANKED LINKER/LOCATER V6.22                                                      05/21/2013  15:05:07  PAGE 25


  C:9511H         LINE#         2161
  C:9517H         LINE#         2162
  C:9517H         LINE#         2164
  C:9519H         LINE#         2165
  C:9532H         LINE#         2166
  C:9532H         LINE#         2167
  C:953CH         LINE#         2168
  C:9542H         LINE#         2170
  C:954FH         LINE#         2171
  C:954FH         LINE#         2172
  C:955AH         LINE#         2173
  C:956AH         LINE#         2175
  C:956DH         LINE#         2177
  C:9591H         LINE#         2178
  C:95ABH         LINE#         2179
  C:95ABH         LINE#         2181
  C:95D1H         LINE#         2182
  C:95EBH         LINE#         2183
  C:95EBH         LINE#         2185
  C:9611H         LINE#         2186
  C:962BH         LINE#         2187
  C:962BH         LINE#         2189
  C:9651H         LINE#         2190
  C:966BH         LINE#         2191
  C:966BH         LINE#         2192
  C:966DH         LINE#         2193
  C:966FH         LINE#         2194
  C:9672H         LINE#         2195
  C:9674H         LINE#         2196
  C:9676H         LINE#         2197
  C:9679H         LINE#         2198
  C:967BH         LINE#         2199
  C:9680H         LINE#         2200
  C:9683H         LINE#         2201
  C:9683H         LINE#         2203
  C:969CH         LINE#         2204
  C:969CH         LINE#         2206
  C:96A6H         LINE#         2207
  C:96ACH         LINE#         2209
  C:96B9H         LINE#         2210
  C:96B9H         LINE#         2211
  C:96C4H         LINE#         2212
  C:96D4H         LINE#         2213
  C:96D7H         LINE#         2214
  C:96FBH         LINE#         2215
  C:9731H         LINE#         2217
  C:9757H         LINE#         2218
  C:978DH         LINE#         2220
  C:97B3H         LINE#         2221
  C:97E9H         LINE#         2223
  C:980FH         LINE#         2224
  C:9845H         LINE#         2225
  C:9847H         LINE#         2226
  C:9849H         LINE#         2227
  C:984CH         LINE#         2228
  C:984EH         LINE#         2229
  C:9850H         LINE#         2230
BL51 BANKED LINKER/LOCATER V6.22                                                      05/21/2013  15:05:07  PAGE 26


  C:9853H         LINE#         2231
  C:9855H         LINE#         2233
  C:985AH         LINE#         2235
  C:985DH         LINE#         2236
  C:9861H         LINE#         2237
  C:9861H         LINE#         2238
  C:9867H         LINE#         2239
  C:9876H         LINE#         2240
  C:9878H         LINE#         2241
  C:987BH         LINE#         2242
  C:9884H         LINE#         2243
  C:9886H         LINE#         2245
  C:9889H         LINE#         2246
  C:9889H         LINE#         2247
  C:9889H         LINE#         2248
  C:988BH         LINE#         2249
  C:988DH         LINE#         2251
  C:988DH         LINE#         2255
  C:989AH         LINE#         2256
  C:989AH         LINE#         2258
  C:989FH         LINE#         2260
  C:98AAH         LINE#         2261
  C:98AAH         LINE#         2262
  C:98B3H         LINE#         2263
  C:98B9H         LINE#         2264
  C:98B9H         LINE#         2265
  C:98C5H         LINE#         2266
  C:98C5H         LINE#         2267
  C:98CDH         LINE#         2268
  C:98D3H         LINE#         2269
  C:98D3H         LINE#         2287
  C:98D5H         LINE#         2288
  C:98D8H         LINE#         2289
  C:98DAH         LINE#         2290
  C:98DCH         LINE#         2297
  C:98E2H         LINE#         2301
  C:98F0H         LINE#         2302
  C:98F6H         LINE#         2305
  C:98FFH         LINE#         2309
  C:9902H         LINE#         2310
  C:9902H         LINE#         2311
  C:9905H         LINE#         2312
  C:9907H         LINE#         2313
  C:990AH         LINE#         2314
  C:990DH         LINE#         2315
  C:991BH         LINE#         2316
  C:9940H         LINE#         2317
  C:9946H         LINE#         2318
  C:9950H         LINE#         2320
  C:9956H         LINE#         2321
  C:995CH         LINE#         2322
  C:9961H         LINE#         2323
  C:9967H         LINE#         2325
  C:996DH         LINE#         2328
  C:9976H         LINE#         2329
  C:997AH         LINE#         2330
  C:997DH         LINE#         2331
BL51 BANKED LINKER/LOCATER V6.22                                                      05/21/2013  15:05:07  PAGE 27


  C:997DH         LINE#         2333
  C:997DH         LINE#         2334
  C:997DH         LINE#         2339
  C:9988H         LINE#         2340
  C:998EH         LINE#         2342
  C:9999H         LINE#         2343
  C:999BH         LINE#         2345
  C:999BH         LINE#         2346
  C:999BH         LINE#         2350
  C:99A2H         LINE#         2351
  C:99A2H         LINE#         2352
  C:99A4H         LINE#         2355
  C:99A7H         LINE#         2356
  -------         ENDPROC       MAIN
  -------         ENDMOD        MAIN_BKCD

  -------         MODULE        SETUP_ADC
  C:0000H         SYMBOL        _ICE_DUMMY_
  D:0080H         PUBLIC        P0
  D:0090H         PUBLIC        P1
  D:00B0H         PUBLIC        P3
  D:00D8H         PUBLIC        ADCSTAT
  D:00A8H         PUBLIC        IE
  D:00A1H         PUBLIC        TIMECON
  D:00B8H         PUBLIC        IP
  D:00E8H         PUBLIC        I2CCON
  D:0098H         PUBLIC        SCON
  D:0088H         PUBLIC        TCON
  D:00A5H         PUBLIC        HOUR
  D:00F8H         PUBLIC        SPICON
  B:00E8H.6       PUBLIC        MDE
  B:00E8H.4       PUBLIC        MDI
  D:00A3H         PUBLIC        SEC
  C:7A73H         PUBLIC        setup_ADC
  B:00E8H.5       PUBLIC        MCO
  B:00E8H.7       PUBLIC        MDO
  D:00A4H         PUBLIC        MIN
  D:00C8H         PUBLIC        T2CON
  D:00D0H         PUBLIC        PSW
  D:00C0H         PUBLIC        WDCON
  -------         PROC          SETUP_ADC
  -------         DO            
  X:001CH         SYMBOL        DL
  X:001DH         SYMBOL        tmp_rw
  X:001EH         SYMBOL        is
  X:001FH         SYMBOL        js
  X:0020H         SYMBOL        buf_ch
  X:0028H         SYMBOL        adcbuf
  D:0018H         SYMBOL        wadc
  I:001AH         SYMBOL        zadc
  D:0019H         SYMBOL        N_CH
  -------         ENDDO         
  C:7A73H         LINE#         71
  C:7A73H         LINE#         72
  C:7A73H         LINE#         106
  C:7A77H         LINE#         112
  C:7A7FH         LINE#         113
BL51 BANKED LINKER/LOCATER V6.22                                                      05/21/2013  15:05:07  PAGE 28


  C:7A87H         LINE#         114
  C:7A9DH         LINE#         115
  C:7A9DH         LINE#         117
  C:7AA4H         LINE#         118
  C:7AB7H         LINE#         119
  C:7ACCH         LINE#         120
  C:7ACCH         LINE#         121
  C:7AD5H         LINE#         122
  C:7ADEH         LINE#         123
  C:7AE7H         LINE#         124
  C:7AF0H         LINE#         126
  C:7AF0H         LINE#         129
  C:7B05H         LINE#         130
  C:7B05H         LINE#         131
  C:7B0EH         LINE#         132
  C:7B17H         LINE#         133
  C:7B20H         LINE#         134
  C:7B29H         LINE#         135
  C:7B29H         LINE#         137
  C:7B3EH         LINE#         138
  C:7B3EH         LINE#         139
  C:7B50H         LINE#         140
  C:7B52H         LINE#         141
  C:7B52H         LINE#         143
  C:7B67H         LINE#         144
  C:7B67H         LINE#         145
  C:7B74H         LINE#         146
  C:7B81H         LINE#         147
  C:7B81H         LINE#         148
  C:7B8AH         LINE#         155
  C:7BACH         LINE#         156
  C:7BBFH         LINE#         157
  C:7BCFH         LINE#         158
  C:7BD8H         LINE#         159
  C:7BDEH         LINE#         160
  C:7BF8H         LINE#         161
  C:7BFFH         LINE#         162
  C:7C1BH         LINE#         163
  C:7C31H         LINE#         164
  C:7C49H         LINE#         165
  C:7C56H         LINE#         166
  C:7C83H         LINE#         167
  C:7C91H         LINE#         170
  C:7C95H         LINE#         171
  C:7CA4H         LINE#         172
  C:7CBEH         LINE#         173
  C:7CC5H         LINE#         174
  C:7CDDH         LINE#         175
  C:7CF7H         LINE#         176
  C:7D15H         LINE#         177
  C:7D2FH         LINE#         178
  C:7D49H         LINE#         179
  C:7D59H         LINE#         180
  C:7D68H         LINE#         181
  C:7D80H         LINE#         182
  C:7DA5H         LINE#         183
  C:7DBBH         LINE#         184
BL51 BANKED LINKER/LOCATER V6.22                                                      05/21/2013  15:05:07  PAGE 29


  C:7DD3H         LINE#         185
  C:7DF8H         LINE#         186
  C:7E25H         LINE#         187
  C:7E33H         LINE#         189
  C:7E4FH         LINE#         190
  C:7E62H         LINE#         191
  C:7E9AH         LINE#         192
  C:7E9DH         LINE#         193
  C:7ECDH         LINE#         195
  C:7EE4H         LINE#         196
  C:7EFBH         LINE#         197
  C:7F1EH         LINE#         198
  C:7F20H         LINE#         199
  C:7F2BH         LINE#         200
  C:7F2DH         LINE#         201
  C:7F36H         LINE#         202
  C:7F4EH         LINE#         203
  C:7F73H         LINE#         204
  C:7F8DH         LINE#         205
  C:7FA7H         LINE#         206
  C:7FCAH         LINE#         208
  C:7FE9H         LINE#         210
  C:7FF7H         LINE#         211
  C:8006H         LINE#         212
  C:8025H         LINE#         213
  C:8034H         LINE#         214
  C:8053H         LINE#         215
  C:8062H         LINE#         216
  C:8081H         LINE#         220
  C:808FH         LINE#         221
  C:809EH         LINE#         222
  C:80BDH         LINE#         223
  C:80CCH         LINE#         224
  C:80EBH         LINE#         225
  C:80FAH         LINE#         226
  C:8119H         LINE#         227
  C:8139H         LINE#         228
  C:8159H         LINE#         230
  C:8167H         LINE#         231
  C:8176H         LINE#         232
  C:8195H         LINE#         233
  C:81A4H         LINE#         234
  C:81C3H         LINE#         235
  C:81D2H         LINE#         236
  C:81F1H         LINE#         241
  C:8213H         LINE#         242
  C:8226H         LINE#         243
  C:8236H         LINE#         244
  C:823FH         LINE#         245
  C:8245H         LINE#         246
  C:825FH         LINE#         247
  C:8266H         LINE#         248
  C:8282H         LINE#         249
  C:8298H         LINE#         250
  C:82B0H         LINE#         251
  C:82BDH         LINE#         252
  C:82EAH         LINE#         253
BL51 BANKED LINKER/LOCATER V6.22                                                      05/21/2013  15:05:07  PAGE 30


  C:82F8H         LINE#         256
  C:82FCH         LINE#         257
  C:830BH         LINE#         258
  C:8325H         LINE#         259
  C:832CH         LINE#         260
  C:8344H         LINE#         261
  C:835EH         LINE#         262
  C:837CH         LINE#         263
  C:8396H         LINE#         264
  C:83B0H         LINE#         265
  C:83C0H         LINE#         266
  C:83CFH         LINE#         267
  C:83E7H         LINE#         268
  C:840CH         LINE#         269
  C:8422H         LINE#         270
  C:843AH         LINE#         271
  C:845FH         LINE#         272
  C:848CH         LINE#         273
  C:849AH         LINE#         275
  C:84B6H         LINE#         276
  C:84C9H         LINE#         277
  C:8501H         LINE#         278
  C:8504H         LINE#         279
  C:8534H         LINE#         281
  C:854BH         LINE#         282
  C:8562H         LINE#         283
  C:8585H         LINE#         284
  C:8587H         LINE#         285
  C:8592H         LINE#         286
  C:8594H         LINE#         287
  C:859DH         LINE#         288
  C:85B5H         LINE#         289
  C:85DAH         LINE#         290
  C:85F4H         LINE#         291
  C:860EH         LINE#         292
  C:8631H         LINE#         296
  C:8651H         LINE#         297
  C:865BH         LINE#         298
  C:8693H         LINE#         299
  C:8693H         LINE#         300
  C:8699H         LINE#         301
  C:8699H         LINE#         305
  C:86BBH         LINE#         306
  C:86CEH         LINE#         307
  C:86DEH         LINE#         308
  C:86E7H         LINE#         309
  C:86EDH         LINE#         310
  C:8707H         LINE#         311
  C:870EH         LINE#         312
  C:872AH         LINE#         313
  C:8740H         LINE#         314
  C:8758H         LINE#         315
  C:8765H         LINE#         316
  C:8792H         LINE#         317
  C:87A0H         LINE#         319
  C:87A4H         LINE#         320
  C:87B2H         LINE#         321
BL51 BANKED LINKER/LOCATER V6.22                                                      05/21/2013  15:05:07  PAGE 31


  C:87CCH         LINE#         322
  C:87D3H         LINE#         323
  C:87EBH         LINE#         324
  C:8805H         LINE#         325
  C:8823H         LINE#         326
  C:883DH         LINE#         327
  C:8857H         LINE#         328
  C:8867H         LINE#         329
  C:8876H         LINE#         330
  C:888EH         LINE#         331
  C:88B3H         LINE#         332
  C:88C9H         LINE#         333
  C:88E1H         LINE#         334
  C:8906H         LINE#         335
  C:8933H         LINE#         336
  C:8941H         LINE#         338
  C:895DH         LINE#         339
  C:8970H         LINE#         340
  C:89A8H         LINE#         341
  C:89ABH         LINE#         342
  C:89DBH         LINE#         344
  C:89F2H         LINE#         345
  C:8A09H         LINE#         346
  C:8A2CH         LINE#         347
  C:8A2EH         LINE#         348
  C:8A39H         LINE#         349
  C:8A3BH         LINE#         350
  C:8A44H         LINE#         351
  C:8A5CH         LINE#         352
  C:8A81H         LINE#         353
  C:8A9BH         LINE#         354
  C:8AB5H         LINE#         355
  C:8AD8H         LINE#         356
  C:8AF9H         LINE#         357
  C:8B00H         LINE#         358
  C:8B21H         LINE#         359
  C:8B28H         LINE#         360
  C:8B49H         LINE#         361
  C:8B50H         LINE#         362
  C:8B53H         LINE#         365
  -------         ENDPROC       SETUP_ADC
  -------         ENDMOD        SETUP_ADC

  -------         MODULE        SETUP_BKCD
  C:0000H         SYMBOL        _ICE_DUMMY_
  D:0080H         PUBLIC        P0
  D:0090H         PUBLIC        P1
  D:00B0H         PUBLIC        P3
  B:00A8H.7       PUBLIC        EA
  D:00D8H         PUBLIC        ADCSTAT
  B:00E8H.3       PUBLIC        I2CM
  D:00D2H         PUBLIC        ADC0CON1
  D:00E6H         PUBLIC        ADC0CON2
  B:00A8H.6       PUBLIC        EADC
  D:00A8H         PUBLIC        IE
  D:00BCH         PUBLIC        EDATA1
  D:009DH         PUBLIC        T3FD
BL51 BANKED LINKER/LOCATER V6.22                                                      05/21/2013  15:05:07  PAGE 32


  D:00BDH         PUBLIC        EDATA2
  D:00BEH         PUBLIC        EDATA3
  D:00BFH         PUBLIC        EDATA4
  B:00A8H.4       PUBLIC        ES
  D:00D4H         PUBLIC        SF
  D:00B8H         PUBLIC        IP
  B:00D8H.7       PUBLIC        RDY0
  D:00E8H         PUBLIC        I2CCON
  D:00B9H         PUBLIC        ECON
  D:00FDH         PUBLIC        DACCON
  D:0087H         PUBLIC        PCON
  C:BCA4H         PUBLIC        setup
  D:0098H         PUBLIC        SCON
  D:0089H         PUBLIC        TMOD
  D:0088H         PUBLIC        TCON
  B:00C0H.0       PUBLIC        WDWR
  D:00D7H         PUBLIC        PLLCON
  B:00A8H.5       PUBLIC        ET2
  D:00F8H         PUBLIC        SPICON
  B:00E8H.6       PUBLIC        MDE
  B:00C8H.2       PUBLIC        TR2
  B:00E8H.5       PUBLIC        MCO
  B:00E8H.7       PUBLIC        MDO
  D:00C7H         PUBLIC        EADRH
  D:00C8H         PUBLIC        T2CON
  D:009EH         PUBLIC        T3CON
  D:00C6H         PUBLIC        EADRL
  D:00D1H         PUBLIC        ADCMODE
  D:00D0H         PUBLIC        PSW
  D:00C0H         PUBLIC        WDCON
  -------         PROC          SETUP
  -------         DO            
  X:0072H         SYMBOL        i1
  X:0073H         SYMBOL        tmpadc
  X:0075H         SYMBOL        ADR_E
  X:0077H         SYMBOL        CM1
  X:0079H         SYMBOL        CM2
  -------         ENDDO         
  C:BCA4H         LINE#         38
  C:BCA4H         LINE#         39
  C:BCA4H         LINE#         69
  C:BCA7H         LINE#         70
  C:BCAAH         LINE#         71
  C:BCACH         LINE#         72
  C:BCB1H         LINE#         73
  C:BCB3H         LINE#         75
  C:BCB8H         LINE#         77
  C:BCBDH         LINE#         80
  C:BCC0H         LINE#         83
  C:BCC8H         LINE#         84
  C:BCCBH         LINE#         85
  C:BCCDH         LINE#         86
  C:BCCFH         LINE#         87
  C:BCD1H         LINE#         88
  C:BCD3H         LINE#         89
  C:BCD6H         LINE#         90
  C:BCD9H         LINE#         98
BL51 BANKED LINKER/LOCATER V6.22                                                      05/21/2013  15:05:07  PAGE 33


  C:BCDCH         LINE#         99
  C:BCDFH         LINE#         121
  C:BDD1H         LINE#         122
  C:BEC3H         LINE#         123
  C:BFB6H         LINE#         124
  C:C0A9H         LINE#         132
  C:C0ACH         LINE#         134
  C:C0AFH         LINE#         135
  C:C0B2H         LINE#         136
  C:C0B5H         LINE#         137
  C:C0B8H         LINE#         138
  C:C0BAH         LINE#         139
  C:C0BDH         LINE#         140
  C:C0C0H         LINE#         141
  C:C0C2H         LINE#         153
  -------         ENDPROC       SETUP
  -------         ENDMOD        SETUP_BKCD

  -------         MODULE        TASK3_BKCD
  C:0000H         SYMBOL        _ICE_DUMMY_
  D:0080H         PUBLIC        P0
  C:C7B6H         PUBLIC        TAB_ADC
  D:0090H         PUBLIC        P1
  D:00A0H         PUBLIC        P2
  D:00B0H         PUBLIC        P3
  D:00D8H         PUBLIC        ADCSTAT
  X:0400H         PUBLIC        Str_BX1_A
  X:02A4H         PUBLIC        st_dol
  X:0100H         PUBLIC        BUF_N
  D:00E6H         PUBLIC        ADC0CON2
  D:00A8H         PUBLIC        IE
  X:0200H         PUBLIC        BUF_S
  D:00FCH         PUBLIC        DACH
  X:01C0H         PUBLIC        BUF_T
  X:02A6H         PUBLIC        REL1_ON
  X:0140H         PUBLIC        BUF_U
  X:02A8H         PUBLIC        REL2_ON
  X:02AAH         PUBLIC        ekran
  D:007BH         PUBLIC        new_zn
  D:00FBH         PUBLIC        DACL
  B:00B0H.7       PUBLIC        RD
  I:00DAH         PUBLIC        CMRX_K1
  I:00DEH         PUBLIC        CMRX_K2
  D:00D4H         PUBLIC        SF
  D:00B8H         PUBLIC        IP
  D:00E8H         PUBLIC        I2CCON
  B:0023H.5       PUBLIC        fl_n
  I:00E2H         PUBLIC        PNT_BUF_TD
  X:02ABH         PUBLIC        z1
  X:02ACH         PUBLIC        z2
  X:02ADH         PUBLIC        z3
  X:02AEH         PUBLIC        z4
  D:0098H         PUBLIC        SCON
  D:0088H         PUBLIC        TCON
  X:02AFH         PUBLIC        BX_A
  X:02BFH         PUBLIC        TABX_CH_A
  D:00A5H         PUBLIC        HOUR
BL51 BANKED LINKER/LOCATER V6.22                                                      05/21/2013  15:05:07  PAGE 34


  D:00A2H         PUBLIC        HTHSEC
  I:00E6H         PUBLIC        cmr
  X:02CFH         PUBLIC        BUF_FP_100
  X:0680H         PUBLIC        Str_CH_A
  C:0036H         PUBLIC        _task_3
  I:00EAH         PUBLIC        CMRX1_K1
  X:07B4H         PUBLIC        Str_TDAT
  I:00EEH         PUBLIC        CMRX1_K2
  I:00F2H         PUBLIC        CMRX2_K1
  B:0023H.6       PUBLIC        fl_v_dol
  I:00F4H         PUBLIC        CMRX2_K2
  I:00F6H         PUBLIC        i11
  D:00F8H         PUBLIC        SPICON
  X:02D3H         PUBLIC        REL1_OFF
  X:02D5H         PUBLIC        REL2_OFF
  X:0180H         PUBLIC        BUF_FP
  X:05E0H         PUBLIC        Str_BX_A
  B:00E8H.6       PUBLIC        MDE
  X:02D7H         PUBLIC        Ves_kol
  B:00E8H.4       PUBLIC        MDI
  B:0080H.3       PUBLIC        RELE1
  D:00A3H         PUBLIC        SEC
  X:02D9H         PUBLIC        copy_dol
  B:00E8H.5       PUBLIC        MCO
  B:00E8H.7       PUBLIC        MDO
  D:007DH         PUBLIC        DAC_PRIN
  D:00A4H         PUBLIC        MIN
  D:00C8H         PUBLIC        T2CON
  X:02DDH         PUBLIC        vel_dol
  X:02E1H         PUBLIC        TABX_DAT
  X:07B0H         PUBLIC        ZG_TABX_DAT
  X:02E3H         PUBLIC        BX1_A
  X:0313H         PUBLIC        cnt_kol
  D:00D1H         PUBLIC        ADCMODE
  X:0315H         PUBLIC        lopatka
  X:0317H         PUBLIC        Mom_tr
  X:0319H         PUBLIC        cnt_ves
  D:00D0H         PUBLIC        PSW
  D:00C0H         PUBLIC        WDCON
  -------         PROC          _TASK_3
  X:0062H         SYMBOL        kan
  -------         DO            
  X:0063H         SYMBOL        pods
  I:00C5H         SYMBOL        kan_sl
  I:00C6H         SYMBOL        BX_KPH
  I:00CAH         SYMBOL        BX_KOD
  D:0075H         SYMBOL        tmp2
  I:00CCH         SYMBOL        zadc
  D:0079H         SYMBOL        tmpadc
  I:00CDH         SYMBOL        TEMP_1
  X:0065H         SYMBOL        tmp_int
  I:00D1H         SYMBOL        i11
  X:0067H         SYMBOL        tmp_ch
  X:0068H         SYMBOL        tmp_ch2
  I:00D2H         SYMBOL        per
  I:00D4H         SYMBOL        wadc
  I:00D5H         SYMBOL        N_CH
BL51 BANKED LINKER/LOCATER V6.22                                                      05/21/2013  15:05:07  PAGE 35


  I:00D6H         SYMBOL        tm
  C:7A72H         SYMBOL        PPK
  C:574AH         SYMBOL        PR
  -------         DO            
  X:0069H         SYMBOL        tmadc
  X:006BH         SYMBOL        tmadc1
  -------         ENDDO         
  -------         DO            
  D:0062H         SYMBOL        g
  D:0063H         SYMBOL        g1
  X:0069H         SYMBOL        adcbuf
  -------         DO            
  D:0058H         SYMBOL        k
  D:0059H         SYMBOL        k1
  D:005AH         SYMBOL        P1
  D:005EH         SYMBOL        P2
  -------         DO            
  I:00ADH         SYMBOL        tmpadc_t
  -------         ENDDO         
  -------         ENDDO         
  -------         ENDDO         
  -------         DO            
  D:006CH         SYMBOL        g
  D:006DH         SYMBOL        g1
  D:006EH         SYMBOL        adcbuf
  -------         DO            
  D:0064H         SYMBOL        g
  D:0065H         SYMBOL        g1
  X:0069H         SYMBOL        adcbuf
  X:006FH         SYMBOL        tmp_ch
  B:0023H.3       SYMBOL        l1
  B:0023H.4       SYMBOL        l2
  D:0066H         SYMBOL        g
  D:0067H         SYMBOL        g1
  X:0069H         SYMBOL        adcbuf
  X:006FH         SYMBOL        tmp_ch
  B:0023H.3       SYMBOL        l1
  B:0023H.4       SYMBOL        l2
  X:0069H         SYMBOL        c_P0
  -------         ENDDO         
  -------         DO            
  D:0066H         SYMBOL        g
  D:0067H         SYMBOL        g1
  X:0069H         SYMBOL        adcbuf
  X:006FH         SYMBOL        tmp_ch
  B:0023H.3       SYMBOL        l1
  B:0023H.4       SYMBOL        l2
  X:0069H         SYMBOL        c_P0
  -------         ENDDO         
  -------         DO            
  X:0069H         SYMBOL        c_P0
  -------         ENDDO         
  -------         DO            
  I:00B1H         SYMBOL        temp2
  -------         ENDDO         
  -------         DO            
  D:0068H         SYMBOL        TEMP_l
BL51 BANKED LINKER/LOCATER V6.22                                                      05/21/2013  15:05:07  PAGE 36


  I:00B3H         SYMBOL        tmp_p
  -------         ENDDO         
  -------         DO            
  I:00B7H         SYMBOL        temp2
  I:00B9H         SYMBOL        CMRX2_K2
  X:0069H         SYMBOL        temp2
  -------         ENDDO         
  -------         DO            
  X:0069H         SYMBOL        temp2
  -------         ENDDO         
  -------         ENDDO         
  -------         DO            
  I:00BDH         SYMBOL        tmpadc_t
  -------         ENDDO         
  -------         DO            
  X:0069H         SYMBOL        c_P0
  -------         ENDDO         
  -------         DO            
  X:0069H         SYMBOL        nol
  X:006BH         SYMBOL        bx
  X:006DH         SYMBOL        wadc1
  X:006EH         SYMBOL        vrem
  X:0069H         SYMBOL        nol
  X:006BH         SYMBOL        bx
  X:006DH         SYMBOL        wadc1
  X:006EH         SYMBOL        vrem
  X:0069H         SYMBOL        nol
  X:006BH         SYMBOL        bx
  X:006DH         SYMBOL        wadc1
  X:006EH         SYMBOL        vrem
  X:0069H         SYMBOL        nol
  X:006BH         SYMBOL        bx
  X:006DH         SYMBOL        wadc1
  X:006EH         SYMBOL        vrem
[...]
  C:5E7EH         LINE#         1793
  C:5E7EH         LINE#         1847
  C:5E95H         LINE#         1848
  C:5E95H         LINE#         1849
  C:5EA4H         LINE#         1850
  C:5EBEH         LINE#         1851
  C:5EBEH         LINE#         1854
  C:5ED9H         LINE#         1855
  C:5ED9H         LINE#         1857
  C:5EECH         LINE#         1858
  C:5EF8H         LINE#         1859
  C:5EFAH         LINE#         1861
  C:5F18H         LINE#         1862
  C:5F58H         LINE#         1863
  C:5F58H         LINE#         1866
  C:5F9FH         LINE#         1867
  C:5FABH         LINE#         1868
  C:5FC6H         LINE#         1869
  C:5FE1H         LINE#         1870
  C:5FFCH         LINE#         1871
  C:6017H         LINE#         1872
  C:6032H         LINE#         1873
  C:604DH         LINE#         1875
  C:6065H         LINE#         1876
  C:606BH         LINE#         1877
  C:606BH         LINE#         1878
  C:6071H         LINE#         1879
  C:6071H         LINE#         1881
  C:6097H         LINE#         1883
  C:60AFH         LINE#         1884
  C:60B5H         LINE#         1885
  C:60B5H         LINE#         1886
  C:60BBH         LINE#         1887
  C:60BBH         LINE#         1888
  C:60FAH         LINE#         1889
  C:6115H         LINE#         1891
  C:6130H         LINE#         1894
  C:613AH         LINE#         1896
  C:6154H         LINE#         1897
  C:6154H         LINE#         1899
  C:616FH         LINE#         1900
  C:616FH         LINE#         1901
  C:6182H         LINE#         1902
  C:6182H         LINE#         1903
  C:618EH         LINE#         1904
  C:6190H         LINE#         1906
  C:6190H         LINE#         1907
  C:61AEH         LINE#         1908
  C:61EEH         LINE#         1909
  C:61EEH         LINE#         1912
  C:6203H         LINE#         1913
BL51 BANKED LINKER/LOCATER V6.22                                                      05/21/2013  15:05:07  PAGE 57


  C:620FH         LINE#         1914
  C:6224H         LINE#         1915
  C:6230H         LINE#         1917
  C:624BH         LINE#         1918
  C:6266H         LINE#         1919
  C:6281H         LINE#         1920
  C:629CH         LINE#         1921
  C:62B7H         LINE#         1922
  C:62D2H         LINE#         1924
  C:62EAH         LINE#         1925
  C:62F0H         LINE#         1926
  C:62F0H         LINE#         1927
  C:62F6H         LINE#         1928
  C:62F6H         LINE#         1930
  C:631CH         LINE#         1932
  C:6334H         LINE#         1933
  C:633AH         LINE#         1934
  C:633AH         LINE#         1935
  C:6340H         LINE#         1936
  C:6340H         LINE#         1937
  C:637FH         LINE#         1938
  C:639AH         LINE#         1940
  C:63B5H         LINE#         1942
  C:63BFH         LINE#         1943
  C:63D9H         LINE#         1944
  C:63D9H         LINE#         1947
  C:63F4H         LINE#         1948
  C:63F4H         LINE#         1949
  C:640BH         LINE#         1952
  C:6413H         LINE#         1953
  C:6413H         LINE#         1955
  C:641FH         LINE#         1956
  C:6439H         LINE#         1957
  C:643CH         LINE#         1959
  C:643CH         LINE#         1960
  C:644CH         LINE#         1961
  C:644CH         LINE#         1962
  C:6468H         LINE#         1963
  C:6470H         LINE#         1965
  C:647BH         LINE#         1966
  C:647BH         LINE#         1967
  C:649EH         LINE#         1968
  C:64B8H         LINE#         1969
  C:64BAH         LINE#         1971
  C:64BAH         LINE#         1973
  C:6517H         LINE#         1974
  C:6531H         LINE#         1975
  C:6531H         LINE#         1976
  C:6531H         LINE#         1981
  C:6531H         LINE#         1983
  C:6547H         LINE#         1984
  C:6547H         LINE#         1985
  C:6550H         LINE#         1986
  C:6569H         LINE#         1987
  C:657DH         LINE#         1988
  C:6594H         LINE#         1989
  C:6594H         LINE#         1990
BL51 BANKED LINKER/LOCATER V6.22                                                      05/21/2013  15:05:07  PAGE 58


  C:65A8H         LINE#         1991
  C:65BBH         LINE#         1992
  C:65BBH         LINE#         1993
  C:65BBH         LINE#         1995
  C:65D7H         LINE#         1996
  C:65F9H         LINE#         1998
  C:6616H         LINE#         2000
  C:662AH         LINE#         2001
  C:662AH         LINE#         2002
  C:6643H         LINE#         2003
  C:6643H         LINE#         2004
  C:667CH         LINE#         2005
  C:667CH         LINE#         2006
  C:66AFH         LINE#         2007
  C:66B7H         LINE#         2008
  C:66BAH         LINE#         2009
  C:66D4H         LINE#         2010
  C:66D7H         LINE#         2012
  C:66D7H         LINE#         2013
  C:66E0H         LINE#         2014
  C:6755H         LINE#         2015
  C:675FH         LINE#         2016
  C:675FH         LINE#         2017
  C:67A2H         LINE#         2018
  C:67BDH         LINE#         2019
  C:67CDH         LINE#         2020
  C:67E0H         LINE#         2021
  C:67E9H         LINE#         2022
  C:6803H         LINE#         2023
  C:680FH         LINE#         2024
  C:6829H         LINE#         2025
  C:6845H         LINE#         2026
  C:6847H         LINE#         2028
  C:6847H         LINE#         2029
  C:6872H         LINE#         2030
  C:688BH         LINE#         2031
  C:68AFH         LINE#         2032
  C:68AFH         LINE#         2038
  C:68CAH         LINE#         2039
  C:68CAH         LINE#         2040
  C:68E1H         LINE#         2042
  C:68EEH         LINE#         2043
  C:6901H         LINE#         2044
  C:6901H         LINE#         2045
  C:691DH         LINE#         2046
  C:6925H         LINE#         2048
  C:6936H         LINE#         2049
  C:6936H         LINE#         2050
  C:6958H         LINE#         2051
  C:6969H         LINE#         2052
  C:6969H         LINE#         2054
  C:6973H         LINE#         2055
  C:6973H         LINE#         2056
  C:69F4H         LINE#         2057
  C:69F4H         LINE#         2058
  C:6A4BH         LINE#         2059
  C:6A51H         LINE#         2060
BL51 BANKED LINKER/LOCATER V6.22                                                      05/21/2013  15:05:07  PAGE 59


  C:6A92H         LINE#         2062
  C:6A9EH         LINE#         2063
  C:6AA0H         LINE#         2065
  C:6AB3H         LINE#         2066
  C:6ACEH         LINE#         2067
  C:6AE9H         LINE#         2068
  C:6B00H         LINE#         2069
  C:6B1BH         LINE#         2070
  C:6B32H         LINE#         2071
  C:6B4DH         LINE#         2072
  C:6B68H         LINE#         2073
  C:6B78H         LINE#         2074
  C:6B8BH         LINE#         2075
  C:6B94H         LINE#         2076
  C:6BA0H         LINE#         2078
  C:6BA0H         LINE#         2080
  C:6BA0H         LINE#         2083
  C:6BBBH         LINE#         2084
  C:6BBBH         LINE#         2086
  C:6BD2H         LINE#         2087
  C:6BEEH         LINE#         2088
  C:6BEEH         LINE#         2089
  C:6BEEH         LINE#         2090
  C:6C0EH         LINE#         2091
  C:6C10H         LINE#         2092
  C:6C10H         LINE#         2093
  C:6C10H         LINE#         2094
  C:6C2FH         LINE#         2095
  C:6C31H         LINE#         2096
  C:6C31H         LINE#         2097
  C:6C31H         LINE#         2098
  C:6C4FH         LINE#         2099
  C:6C51H         LINE#         2100
  C:6C51H         LINE#         2101
  C:6C51H         LINE#         2102
  C:6C6EH         LINE#         2103
  C:6C6EH         LINE#         2104
  C:6C6EH         LINE#         2105
  C:6C6EH         LINE#         2106
  C:6C6EH         LINE#         2164
  C:6C8DH         LINE#         2165
  C:6C8DH         LINE#         2166
  C:6CA0H         LINE#         2167
  C:6CA0H         LINE#         2168
  C:6CAAH         LINE#         2173
  C:6CC1H         LINE#         2174
  C:6CD9H         LINE#         2176
  C:6CF8H         LINE#         2177
  C:6D6CH         LINE#         2178
  C:6D8DH         LINE#         2179
  C:6DE0H         LINE#         2181
  C:6DFBH         LINE#         2182
  C:6E0DH         LINE#         2183
  C:6E18H         LINE#         2184
  C:6E18H         LINE#         2185
  C:6E18H         LINE#         2187
  C:6E37H         LINE#         2188
BL51 BANKED LINKER/LOCATER V6.22                                                      05/21/2013  15:05:07  PAGE 60


  C:6E37H         LINE#         2189
  C:6E4AH         LINE#         2190
  C:6E4AH         LINE#         2191
  C:6E54H         LINE#         2196
  C:6E6BH         LINE#         2197
  C:6E83H         LINE#         2199
  C:6EA2H         LINE#         2200
  C:6F16H         LINE#         2201
  C:6F37H         LINE#         2202
  C:6F8AH         LINE#         2204
  C:6FA5H         LINE#         2205
  C:6FB7H         LINE#         2206
  C:6FC2H         LINE#         2207
  C:6FC2H         LINE#         2208
  C:6FC2H         LINE#         2210
  C:6FE1H         LINE#         2211
  C:6FE1H         LINE#         2212
  C:6FF4H         LINE#         2213
  C:6FF4H         LINE#         2214
  C:6FFEH         LINE#         2219
  C:7015H         LINE#         2220
  C:702DH         LINE#         2222
  C:704CH         LINE#         2223
  C:70C0H         LINE#         2224
  C:70E1H         LINE#         2225
  C:7134H         LINE#         2227
  C:714FH         LINE#         2228
  C:7161H         LINE#         2229
  C:716CH         LINE#         2230
  C:716CH         LINE#         2231
  C:716CH         LINE#         2233
  C:718BH         LINE#         2234
  C:718BH         LINE#         2235
  C:719EH         LINE#         2236
  C:719EH         LINE#         2237
  C:71A8H         LINE#         2242
  C:71BFH         LINE#         2243
  C:71D7H         LINE#         2245
  C:71F6H         LINE#         2246
  C:726AH         LINE#         2247
  C:728BH         LINE#         2248
  C:72DEH         LINE#         2250
  C:72F9H         LINE#         2251
  C:730BH         LINE#         2252
  C:7316H         LINE#         2253
  C:7316H         LINE#         2254
  C:7316H         LINE#         2261
  C:732FH         LINE#         2262
  C:733FH         LINE#         2263
  C:7346H         LINE#         2264
  C:7388H         LINE#         2265
  C:7388H         LINE#         2266
  C:738CH         LINE#         2267
  C:73C8H         LINE#         2268
  C:73D1H         LINE#         2269
  C:7431H         LINE#         2270
  C:7431H         LINE#         2271
BL51 BANKED LINKER/LOCATER V6.22                                                      05/21/2013  15:05:07  PAGE 61


  C:7435H         LINE#         2272
  C:7437H         LINE#         2273
  C:744CH         LINE#         2274
  C:7482H         LINE#         2276
  C:7482H         LINE#         2277
  C:74BFH         LINE#         2278
  C:74BFH         LINE#         2279
  C:7524H         LINE#         2280
  C:7564H         LINE#         2281
  C:757BH         LINE#         2282
  C:75E0H         LINE#         2283
  C:7621H         LINE#         2284
  C:763CH         LINE#         2285
  C:7680H         LINE#         2286
  C:7682H         LINE#         2288
  C:76B5H         LINE#         2289
  C:76B5H         LINE#         2290
  C:76B7H         LINE#         2292
  C:76B7H         LINE#         2293
  C:76EAH         LINE#         2294
  C:76EAH         LINE#         2295
  C:76ECH         LINE#         2297
  C:76FBH         LINE#         2304
  C:7740H         LINE#         2305
  C:7740H         LINE#         2306
  C:7758H         LINE#         2307
  C:775EH         LINE#         2308
  C:775EH         LINE#         2309
  C:7764H         LINE#         2310
  C:7764H         LINE#         2312
  C:77AFH         LINE#         2314
  C:77C7H         LINE#         2315
  C:77CDH         LINE#         2316
  C:77CDH         LINE#         2317
  C:77D3H         LINE#         2318
  C:77D3H         LINE#         2319
  C:7812H         LINE#         2320
  C:782DH         LINE#         2322
  C:7848H         LINE#         2323
  C:7852H         LINE#         2324
  C:7852H         LINE#         2326
  C:786CH         LINE#         2327
  C:7897H         LINE#         2328
  C:78B0H         LINE#         2330
  C:78CBH         LINE#         2331
  C:78CBH         LINE#         2333
  C:78D8H         LINE#         2334
  C:78D8H         LINE#         2337
  C:78EFH         LINE#         2338
  C:7911H         LINE#         2339
  C:7928H         LINE#         2340
  C:794AH         LINE#         2342
  C:795DH         LINE#         2343
  C:7966H         LINE#         2347
  C:7981H         LINE#         2348
  C:7981H         LINE#         2349
  C:799DH         LINE#         2350
BL51 BANKED LINKER/LOCATER V6.22                                                      05/21/2013  15:05:07  PAGE 62


  C:79B8H         LINE#         2351
  C:79C8H         LINE#         2352
  C:79DBH         LINE#         2353
  C:79E4H         LINE#         2354
  C:79F0H         LINE#         2355
  C:79F7H         LINE#         2356
  C:7A0AH         LINE#         2357
  C:7A13H         LINE#         2358
  C:7A13H         LINE#         2361
  C:7A2CH         LINE#         2362
  C:7A2CH         LINE#         2364
  C:7A47H         LINE#         2365
  C:7A5FH         LINE#         2366
  C:7A72H         LINE#         2367
  C:7A72H         LINE#         2368
  C:7A72H         LINE#         2369
  C:7A72H         LINE#         2370
  C:7A72H         LINE#         2373
  -------         ENDPROC       _TASK_3
  -------         ENDMOD        TASK3_BKCD

  -------         MODULE        ?C_STARTUP
  C:C713H         SEGMENT       ?C_C51STARTUP
  C:0000H         PUBLIC        ?C_STARTUP
  D:00AFH         SYMBOL        CFG8XX
  N:0001H         SYMBOL        EXSP
  N:0000H         SYMBOL        IBPSTACK
  N:0100H         SYMBOL        IBPSTACKTOP
  N:0080H         SYMBOL        IDATALEN
  C:C719H         SYMBOL        IDATALOOP
  D:00A0H         SYMBOL        P2
  N:0000H         SYMBOL        PBPSTACK
  N:0000H         SYMBOL        PBPSTACKTOP
  N:0000H         SYMBOL        PDATALEN
  N:0000H         SYMBOL        PDATASTART
  N:0000H         SYMBOL        PPAGE
  N:0001H         SYMBOL        PPAGEENABLE
  D:0081H         SYMBOL        SP
  D:00B7H         SYMBOL        SPH
  N:00C0H         SYMBOL        STACKSIZE
  C:C713H         SYMBOL        STARTUP1
  N:0000H         SYMBOL        XBPSTACK
  N:0000H         SYMBOL        XBPSTACKTOP
  N:0800H         SYMBOL        XDATALEN
  C:C724H         SYMBOL        XDATALOOP
  N:0000H         SYMBOL        XDATASTART
  N:0001H         SYMBOL        XRAMEN
  N:0320H         SYMBOL        XSTACKSTART
  N:0081H         SYMBOL        _CFG8XX
  C:0000H         LINE#         167
  C:C713H         LINE#         176
  C:C716H         LINE#         180
  C:C718H         LINE#         181
  C:C719H         LINE#         182
  C:C71AH         LINE#         183
  C:C71CH         LINE#         187
  C:C71FH         LINE#         188
BL51 BANKED LINKER/LOCATER V6.22                                                      05/21/2013  15:05:07  PAGE 63


  C:C721H         LINE#         192
  C:C723H         LINE#         194
  C:C724H         LINE#         195
  C:C725H         LINE#         196
  C:C726H         LINE#         197
  C:C728H         LINE#         198
  C:C72AH         LINE#         202
  C:C72DH         LINE#         233
  C:C730H         LINE#         234
  C:C733H         LINE#         248
  -------         ENDMOD        ?C_STARTUP

  -------         MODULE        ASSEMB
  C:0003H         SEGMENT       ?PR?LBUF_COP?ASSEMB
  C:0003H         PUBLIC        LBUF_COP
  C:000FH         SYMBOL        ?C0001
  N:0000H         SYMBOL        ASSEMB
  C:0009H         SYMBOL        L1
  C:0003H         LINE#         34
  C:0005H         LINE#         36
  C:0007H         LINE#         38
  C:0009H         LINE#         42
  C:000AH         LINE#         44
  C:000BH         LINE#         46
  C:000CH         LINE#         48
  C:000DH         LINE#         50
  C:000FH         LINE#         58
  -------         ENDMOD        ASSEMB

  -------         MODULE        ?C?FPADD
  C:B651H         PUBLIC        ?C?FPADD
  C:B64DH         PUBLIC        ?C?FPSUB
  -------         ENDMOD        ?C?FPADD

  -------         MODULE        ?C?FPMUL
  C:B742H         PUBLIC        ?C?FPMUL
  -------         ENDMOD        ?C?FPMUL

  -------         MODULE        ?C?FPDIV
  C:B84BH         PUBLIC        ?C?FPDIV
  -------         ENDMOD        ?C?FPDIV

  -------         MODULE        ?C?FPCMP
  C:B8EAH         PUBLIC        ?C?FPCMP
  C:B8E8H         PUBLIC        ?C?FPCMP3
  -------         ENDMOD        ?C?FPCMP

  -------         MODULE        ?C?FCAST
  C:B95FH         PUBLIC        ?C?FCASTC
  C:B95AH         PUBLIC        ?C?FCASTI
  C:B955H         PUBLIC        ?C?FCASTL
  -------         ENDMOD        ?C?FCAST

  -------         MODULE        ?C?CASTF
  C:B993H         PUBLIC        ?C?CASTF
  -------         ENDMOD        ?C?CASTF

BL51 BANKED LINKER/LOCATER V6.22                                                      05/21/2013  15:05:07  PAGE 64


  -------         MODULE        ?C?UIDIV
  C:BA14H         PUBLIC        ?C?UIDIV
  -------         ENDMOD        ?C?UIDIV

  -------         MODULE        ?C?IILDX
  C:BA69H         PUBLIC        ?C?IILDX
  -------         ENDMOD        ?C?IILDX

  -------         MODULE        ?C?LMUL
  C:BA7FH         PUBLIC        ?C?LMUL
  -------         ENDMOD        ?C?LMUL

  -------         MODULE        ?C?ULDIV
  C:BB0AH         PUBLIC        ?C?ULDIV
  -------         ENDMOD        ?C?ULDIV

  -------         MODULE        ?C?SLDIV
  C:C7FEH         PUBLIC        ?C?SLDIV
  -------         ENDMOD        ?C?SLDIV

  -------         MODULE        ?C?LNEG
  C:BB9CH         PUBLIC        ?C?LNEG
  -------         ENDMOD        ?C?LNEG

  -------         MODULE        ?C?SLCMP
  C:BBAAH         PUBLIC        ?C?SLCMP
  -------         ENDMOD        ?C?SLCMP

  -------         MODULE        ?C?ULCMP
  C:BBC0H         PUBLIC        ?C?ULCMP
  -------         ENDMOD        ?C?ULCMP

  -------         MODULE        ?C?ULSHR
  C:BBD1H         PUBLIC        ?C?ULSHR
  -------         ENDMOD        ?C?ULSHR

  -------         MODULE        ?C?LSHL
  C:BBE4H         PUBLIC        ?C?LSHL
  -------         ENDMOD        ?C?LSHL

  -------         MODULE        ?C?LLDIDATA
  C:BBF7H         PUBLIC        ?C?LLDIDATA
  -------         ENDMOD        ?C?LLDIDATA

  -------         MODULE        ?C?LLDIDATA0
  C:BC03H         PUBLIC        ?C?LLDIDATA0
  -------         ENDMOD        ?C?LLDIDATA0

  -------         MODULE        ?C?LSTIDATA
  C:BC10H         PUBLIC        ?C?LSTIDATA
  -------         ENDMOD        ?C?LSTIDATA

  -------         MODULE        ?C?LSTXDATA
  C:BC1CH         PUBLIC        ?C?LSTXDATA
  -------         ENDMOD        ?C?LSTXDATA

  -------         MODULE        ?C?LSTKIDATA
BL51 BANKED LINKER/LOCATER V6.22                                                      05/21/2013  15:05:07  PAGE 65


  C:BC28H         PUBLIC        ?C?LSTKIDATA
  -------         ENDMOD        ?C?LSTKIDATA

  -------         MODULE        ?C?LSTKXDATA
  C:BC41H         PUBLIC        ?C?LSTKXDATA
  -------         ENDMOD        ?C?LSTKXDATA

  -------         MODULE        ?C?OFFXADD
  C:BC72H         PUBLIC        ?C?OFFXADD
  -------         ENDMOD        ?C?OFFXADD

  -------         MODULE        ?C?CCASE
  C:BC7EH         PUBLIC        ?C?CCASE
  -------         ENDMOD        ?C?CCASE

Program Size: data=242.0 xdata=1701 code=51237
LINK/LOCATE RUN COMPLETE.  0 WARNING(S),  0 ERROR(S)
